66.249.72.87 - - [20/Feb/2011:03:37:21 +0000] "GET /2011/02/09" 200 - - "Mozilla/5.0 (compatible; Googlebot/2.1; +http://www.google.com/bot.html)"
66.249.72.87 - - [20/Feb/2011:04:25:39 +0000] "GET /2011/02/19" 200 - - "Mozilla/5.0 (compatible; Googlebot/2.1; +http://www.google.com/bot.html)"
66.249.72.43 - - [20/Feb/2011:05:10:40 +0000] "GET /" 200 - - "Mozilla/5.0 (compatible; Googlebot/2.1; +http://www.google.com/bot.html)"
66.249.72.43 - - [20/Feb/2011:05:31:54 +0000] "GET /2011/02/15" 200 - - "Mozilla/5.0 (compatible; Googlebot/2.1; +http://www.google.com/bot.html)"
66.249.72.43 - - [20/Feb/2011:05:51:37 +0000] "GET /2011/02/15" 200 - - "Mozilla/5.0 (compatible; Googlebot/2.1; +http://www.google.com/bot.html)"
66.249.72.87 - - [20/Feb/2011:05:56:37 +0000] "GET /2011/02/20" 200 - - "Mozilla/5.0 (compatible; Googlebot/2.1; +http://www.google.com/bot.html)"
218.213.130.199 - - [20/Feb/2011:06:26:49 +0000] "GET /replyToBlogEntry.action?entry=1296569940000" 200 - - "ichiro/4.0 (http://help.goo.ne.jp/door/crawler.html)"
66.249.72.43 - - [20/Feb/2011:06:40:54 +0000] "GET /replyToBlogEntry.action?entry=1296569940000" 200 - - "Mozilla/5.0 (compatible; Googlebot/2.1; +http://www.google.com/bot.html)"
66.249.72.43 - - [20/Feb/2011:06:51:31 +0000] "GET /search.action" 200 - - "Mozilla/5.0 (compatible; Googlebot/2.1; +http://www.google.com/bot.html)"
218.213.130.199 - - [20/Feb/2011:07:01:06 +0000] "GET /authors/heow/" 200 - - "DoCoMo/2.0 P901i(c100;TB;W24H11) (compatible; ichiro/mobile goo; +http://help.goo.ne.jp/door/crawler.html)"
66.249.72.43 - - [20/Feb/2011:07:02:08 +0000] "GET /2011/02/01" 200 - - "Mozilla/5.0 (compatible; Googlebot/2.1; +http://www.google.com/bot.html)"
218.213.130.199 - - [20/Feb/2011:07:33:01 +0000] "GET /generateTrackBackLink.action?entry=1296569940000" 200 - - "ichiro/4.0 (http://help.goo.ne.jp/door/crawler.html)"
66.249.72.43 - - [20/Feb/2011:07:44:26 +0000] "GET /replyToBlogEntry.action?entry=1296569940000" 200 - - "Mozilla/5.0 (compatible; Googlebot/2.1; +http://www.google.com/bot.html)"
195.42.102.25 - - [20/Feb/2011:09:35:14 +0000] "GET /welcome-to-the-new-website" 200 - - "Mozilla/5.0 (compatible; Purebot/1.1; +http://www.puritysearch.net/)"
195.42.102.25 - - [20/Feb/2011:09:36:13 +0000] "GET /" 200 - - "Mozilla/5.0 (compatible; Purebot/1.1; +http://www.puritysearch.net/)"
195.42.102.25 - - [20/Feb/2011:09:36:16 +0000] "GET /authors/heow/" 200 - - "Mozilla/5.0 (compatible; Purebot/1.1; +http://www.puritysearch.net/)"
195.42.102.25 - - [20/Feb/2011:09:36:23 +0000] "GET /generateTrackBackLink.action?entry=1296569940000" 200 - - "Mozilla/5.0 (compatible; Purebot/1.1; +http://www.puritysearch.net/)"
195.42.102.25 - - [20/Feb/2011:09:36:24 +0000] "GET /subscribe.action" 200 - - "Mozilla/5.0 (compatible; Purebot/1.1; +http://www.puritysearch.net/)"
195.42.102.25 - - [20/Feb/2011:09:36:34 +0000] "GET /atom.xml" 200 - - "Mozilla/5.0 (compatible; Purebot/1.1; +http://www.puritysearch.net/)"
195.42.102.25 - - [20/Feb/2011:09:36:40 +0000] "GET /"http://www.lispnyc.org:80/blog/default/welcome-to-the-new-website">Read" 404 - - "Mozilla/5.0 (compatible; Purebot/1.1; +http://www.puritysearch.net/)"
195.42.102.25 - - [20/Feb/2011:09:38:50 +0000] "GET /responses/rss.xml?entry=1296569940000" 200 - - "Mozilla/5.0 (compatible; Purebot/1.1; +http://www.puritysearch.net/)"
195.42.102.25 - - [20/Feb/2011:09:39:07 +0000] "GET /replyToBlogEntry.action?entry=1296569940000" 200 - - "Mozilla/5.0 (compatible; Purebot/1.1; +http://www.puritysearch.net/)"
195.42.102.25 - - [20/Feb/2011:09:39:34 +0000] "GET /"http://www.lispnyc.org:80/blog/default/search.action" 200 - - "Mozilla/5.0 (compatible; Purebot/1.1; +http://www.puritysearch.net/)"
195.42.102.25 - - [20/Feb/2011:09:40:31 +0000] "GET /search.action" 200 - - "Mozilla/5.0 (compatible; Purebot/1.1; +http://www.puritysearch.net/)"
195.42.102.25 - - [20/Feb/2011:09:54:29 +0000] "GET /"http://www.lispnyc.org:80/blog/default/rss.xml" 404 - - "Mozilla/5.0 (compatible; Purebot/1.1; +http://www.puritysearch.net/)"
195.42.102.25 - - [20/Feb/2011:09:54:45 +0000] "GET /2011/02" 200 - - "Mozilla/5.0 (compatible; Purebot/1.1; +http://www.puritysearch.net/)"
195.42.102.25 - - [20/Feb/2011:09:55:07 +0000] "GET /welcome-to-the-new-website" 200 - - "Mozilla/5.0 (compatible; Purebot/1.1; +http://www.puritysearch.net/)"
195.42.102.25 - - [20/Feb/2011:09:56:14 +0000] "GET /2011/authors/heow/" 404 - - "Mozilla/5.0 (compatible; Purebot/1.1; +http://www.puritysearch.net/)"
195.42.102.25 - - [20/Feb/2011:09:56:41 +0000] "GET /authors/heow/search.action" 404 - - "Mozilla/5.0 (compatible; Purebot/1.1; +http://www.puritysearch.net/)"
195.42.102.25 - - [20/Feb/2011:09:56:41 +0000] "GET /authors/heow/search.action" 404 - - "Mozilla/5.0 (compatible; Purebot/1.1; +http://www.puritysearch.net/)"
195.42.102.25 - - [20/Feb/2011:09:58:38 +0000] "GET /2011/02/20" 200 - - "Mozilla/5.0 (compatible; Purebot/1.1; +http://www.puritysearch.net/)"
195.42.102.25 - - [20/Feb/2011:09:59:49 +0000] "GET /search.action" 200 - - "Mozilla/5.0 (compatible; Purebot/1.1; +http://www.puritysearch.net/)"
195.42.102.25 - - [20/Feb/2011:09:59:53 +0000] "GET /2011/authors/heow/search.action" 200 - - "Mozilla/5.0 (compatible; Purebot/1.1; +http://www.puritysearch.net/)"
195.42.102.25 - - [20/Feb/2011:10:00:35 +0000] "GET /authors/heow/authors/heow/rss.xml" 200 - - "Mozilla/5.0 (compatible; Purebot/1.1; +http://www.puritysearch.net/)"
195.42.102.25 - - [20/Feb/2011:10:01:35 +0000] "GET /rdf.xml" 200 - - "Mozilla/5.0 (compatible; Purebot/1.1; +http://www.puritysearch.net/)"
195.42.102.25 - - [20/Feb/2011:10:01:38 +0000] "GET /2011/02/search.action" 200 - - "Mozilla/5.0 (compatible; Purebot/1.1; +http://www.puritysearch.net/)"
195.42.102.25 - - [20/Feb/2011:10:01:44 +0000] "GET /rss.xml" 200 - - "Mozilla/5.0 (compatible; Purebot/1.1; +http://www.puritysearch.net/)"
195.42.102.25 - - [20/Feb/2011:10:01:46 +0000] "GET /"http://lispnyc.org/blog-signup">blogs" 404 - - "Mozilla/5.0 (compatible; Purebot/1.1; +http://www.puritysearch.net/)"
66.249.72.43 - - [20/Feb/2011:10:02:35 +0000] "GET /2011/02/17" 200 - - "Mozilla/5.0 (compatible; Googlebot/2.1; +http://www.google.com/bot.html)"
195.42.102.25 - - [20/Feb/2011:10:05:16 +0000] "GET /authors/heow/" 200 - - "Mozilla/5.0 (compatible; Purebot/1.1; +http://www.puritysearch.net/)"
195.42.102.25 - - [20/Feb/2011:10:05:37 +0000] "GET /authors/heow/rss.xml" 200 - - "Mozilla/5.0 (compatible; Purebot/1.1; +http://www.puritysearch.net/)"
195.42.102.25 - - [20/Feb/2011:10:06:26 +0000] "GET /rss.xml" 200 - - "Mozilla/5.0 (compatible; Purebot/1.1; +http://www.puritysearch.net/)"
195.42.102.25 - - [20/Feb/2011:10:06:48 +0000] "GET /authors/heow/"http://www.lispnyc.org:80/blog/default/welcome-to-the-new-website">Read" 404 - - "Mozilla/5.0 (compatible; Purebot/1.1; +http://www.puritysearch.net/)"
195.42.102.25 - - [20/Feb/2011:10:06:48 +0000] "GET /authors/heow/"http://www.lispnyc.org:80/blog/default/welcome-to-the-new-website">Read" 404 - - "Mozilla/5.0 (compatible; Purebot/1.1; +http://www.puritysearch.net/)"
195.42.102.25 - - [20/Feb/2011:10:09:24 +0000] "GET /2011/02/19" 200 - - "Mozilla/5.0 (compatible; Purebot/1.1; +http://www.puritysearch.net/)"
195.42.102.25 - - [20/Feb/2011:10:09:46 +0000] "GET /2011/search.action" 200 - - "Mozilla/5.0 (compatible; Purebot/1.1; +http://www.puritysearch.net/)"
195.42.102.25 - - [20/Feb/2011:10:10:10 +0000] "GET /2011/02/rss.xml" 404 - - "Mozilla/5.0 (compatible; Purebot/1.1; +http://www.puritysearch.net/)"
66.249.72.43 - - [20/Feb/2011:11:24:42 +0000] "GET /2011/02/18" 200 - - "Mozilla/5.0 (compatible; Googlebot/2.1; +http://www.google.com/bot.html)"
66.249.72.43 - - [20/Feb/2011:16:21:12 +0000] "GET /welcome-to-the-new-website" 200 - - "Mozilla/5.0 (compatible; Googlebot/2.1; +http://www.google.com/bot.html)"
67.195.112.43 - - [20/Feb/2011:19:22:57 +0000] "GET /welcome-to-the-new-website" 200 - - "Mozilla/5.0 (compatible; Yahoo! Slurp; http://help.yahoo.com/help/us/ysearch/slurp)"
66.249.72.87 - - [20/Feb/2011:19:30:32 +0000] "GET /generateTrackBackLink.action?entry=1296569940000" 200 - - "Mozilla/5.0 (compatible; Googlebot/2.1; +http://www.google.com/bot.html)"
67.195.112.43 - - [20/Feb/2011:19:45:14 +0000] "GET /rdf.xml" 200 - - "Mozilla/5.0 (compatible; Yahoo! Slurp; http://help.yahoo.com/help/us/ysearch/slurp)"
67.195.112.43 - - [20/Feb/2011:20:33:59 +0000] "GET /rss.xml" 200 - - "Mozilla/5.0 (compatible; Yahoo! Slurp; http://help.yahoo.com/help/us/ysearch/slurp)"
67.195.112.43 - - [20/Feb/2011:20:53:55 +0000] "GET /authors/heow/" 200 - - "Mozilla/5.0 (compatible; Yahoo! Slurp; http://help.yahoo.com/help/us/ysearch/slurp)"
67.195.112.43 - - [20/Feb/2011:21:02:28 +0000] "GET /subscribe.action" 200 - - "Mozilla/5.0 (compatible; Yahoo! Slurp; http://help.yahoo.com/help/us/ysearch/slurp)"
67.195.112.43 - - [20/Feb/2011:21:08:49 +0000] "GET /2011/02" 200 - - "Mozilla/5.0 (compatible; Yahoo! Slurp; http://help.yahoo.com/help/us/ysearch/slurp)"
67.195.112.43 - - [20/Feb/2011:21:20:40 +0000] "GET /responses/rss.xml?entry=1296569940000" 200 - - "Mozilla/5.0 (compatible; Yahoo! Slurp; http://help.yahoo.com/help/us/ysearch/slurp)"
67.195.112.43 - - [20/Feb/2011:21:26:04 +0000] "GET /generateTrackBackLink.action?entry=1296569940000" 200 - - "Mozilla/5.0 (compatible; Yahoo! Slurp; http://help.yahoo.com/help/us/ysearch/slurp)"
67.195.112.43 - - [20/Feb/2011:21:33:11 +0000] "GET /2011/02/01" 200 - - "Mozilla/5.0 (compatible; Yahoo! Slurp; http://help.yahoo.com/help/us/ysearch/slurp)"
67.195.112.43 - - [20/Feb/2011:22:00:45 +0000] "GET /replyToBlogEntry.action?entry=1296569940000" 200 - - "Mozilla/5.0 (compatible; Yahoo! Slurp; http://help.yahoo.com/help/us/ysearch/slurp)"
