66.249.72.43 - - [22/Feb/2011:00:53:43 +0000] "GET /welcome-to-the-new-website" 200 - - "Mozilla/5.0 (compatible; Googlebot/2.1; +http://www.google.com/bot.html)"
67.195.114.220 - - [22/Feb/2011:01:05:35 +0000] "GET /welcome-to-the-new-website" 200 - - "Mozilla/5.0 (compatible; Yahoo! Slurp; http://help.yahoo.com/help/us/ysearch/slurp)"
79.142.79.11 - - [22/Feb/2011:01:15:29 +0000] "GET /replyToBlogEntry.action?entry=1294763160000" 404 - - "Mozilla/4.0 (compatible; MSIE 6.0; Windows NT 5.1; SV1)"
79.142.79.11 - - [22/Feb/2011:01:15:29 +0000] "GET /replyToBlogEntry.action?entry=1294763160000" 404 - - "Mozilla/4.0 (compatible; MSIE 6.0; Windows NT 5.1; SV1)"
66.249.72.87 - - [22/Feb/2011:01:58:43 +0000] "GET /2011/02/22" 200 - - "Mozilla/5.0 (compatible; Googlebot/2.1; +http://www.google.com/bot.html)"
66.249.72.43 - - [22/Feb/2011:03:25:49 +0000] "GET /2011/02/13" 200 - - "Mozilla/5.0 (compatible; Googlebot/2.1; +http://www.google.com/bot.html)"
67.195.114.220 - - [22/Feb/2011:03:48:24 +0000] "GET /2011/02/15" 200 - - "Mozilla/5.0 (compatible; Yahoo! Slurp; http://help.yahoo.com/help/us/ysearch/slurp)"
67.195.114.220 - - [22/Feb/2011:04:23:09 +0000] "GET /rss.xml" 200 - - "Mozilla/5.0 (compatible; Yahoo! Slurp; http://help.yahoo.com/help/us/ysearch/slurp)"
67.195.114.220 - - [22/Feb/2011:05:54:22 +0000] "GET /2011/02/01" 200 - - "Mozilla/5.0 (compatible; Yahoo! Slurp; http://help.yahoo.com/help/us/ysearch/slurp)"
67.195.112.43 - - [22/Feb/2011:05:55:51 +0000] "GET /2011/02/02" 200 - - "Mozilla/5.0 (compatible; Yahoo! Slurp; http://help.yahoo.com/help/us/ysearch/slurp)"
66.249.72.87 - - [22/Feb/2011:06:56:24 +0000] "GET /2011/02/19" 200 - - "Mozilla/5.0 (compatible; Googlebot/2.1; +http://www.google.com/bot.html)"
218.213.130.199 - - [22/Feb/2011:08:33:19 +0000] "GET /welcome-to-the-new-website" 200 - - "ichiro/4.0 (http://help.goo.ne.jp/door/crawler.html)"
218.213.130.199 - - [22/Feb/2011:09:10:38 +0000] "GET /welcome-to-the-new-website" 200 - - "ichiro/4.0 (http://help.goo.ne.jp/door/crawler.html)"
66.249.72.43 - - [22/Feb/2011:12:06:38 +0000] "GET /2011/02/15" 200 - - "Mozilla/5.0 (compatible; Googlebot/2.1; +http://www.google.com/bot.html)"
77.244.212.231 - - [22/Feb/2011:12:49:52 +0000] "GET /replyToBlogEntry.action?entry=1296569940000" 200 - "http://genericdrugsaving.com/buy-deltasone-usa.html" "Mozilla/4.7 (compatible; OffByOne; Windows 2000) Webster Pro V3.4"
77.244.212.231 - - [22/Feb/2011:12:49:53 +0000] "POST /saveComment.action" 200 - "http://lispnyc.org/blog/default/replyToBlogEntry.action?entry=1296569940000" "Mozilla/4.7 (compatible; OffByOne; Windows 2000) Webster Pro V3.4"
77.244.212.231 - - [22/Feb/2011:12:49:54 +0000] "GET /replyToBlogEntry.action?entry=1296569940000" 200 - "http://lispnyc.org/blog/default/replyToBlogEntry.action?entry=1296569940000" "Mozilla/4.7 (compatible; OffByOne; Windows 2000) Webster Pro V3.4"
66.249.72.43 - - [22/Feb/2011:13:22:29 +0000] "GET /replyToBlogEntry.action?entry=1296569940000" 200 - - "Mozilla/5.0 (compatible; Googlebot/2.1; +http://www.google.com/bot.html)"
67.195.112.43 - - [22/Feb/2011:13:35:15 +0000] "GET /expected-blog-contents" 404 - - "Mozilla/5.0 (compatible; Yahoo! Slurp; http://help.yahoo.com/help/us/ysearch/slurp)"
66.249.72.43 - - [22/Feb/2011:14:11:06 +0000] "GET /2011/02" 200 - - "Mozilla/5.0 (compatible; Googlebot/2.1; +http://www.google.com/bot.html)"
66.249.72.43 - - [22/Feb/2011:14:43:44 +0000] "GET /generateTrackBackLink.action?entry=1296569940000" 200 - - "Mozilla/5.0 (compatible; Googlebot/2.1; +http://www.google.com/bot.html)"
66.249.72.43 - - [22/Feb/2011:15:07:10 +0000] "GET /authors/heow/" 200 - - "Mozilla/5.0 (compatible; Googlebot/2.1; +http://www.google.com/bot.html)"
66.249.72.43 - - [22/Feb/2011:15:07:37 +0000] "GET /subscribe.action" 200 - - "Mozilla/5.0 (compatible; Googlebot/2.1; +http://www.google.com/bot.html)"
67.195.112.43 - - [22/Feb/2011:15:19:57 +0000] "GET /the-inverse-of-a-famous-equation" 404 - - "Mozilla/5.0 (compatible; Yahoo! Slurp; http://help.yahoo.com/help/us/ysearch/slurp)"
66.249.71.244 - - [22/Feb/2011:16:04:11 +0000] "GET /2011/02/20" 200 - - "Mozilla/5.0 (compatible; Googlebot/2.1; +http://www.google.com/bot.html)"
218.213.130.199 - - [22/Feb/2011:18:57:21 +0000] "GET /generateTrackBackLink.action?entry=1296569940000" 200 - - "ichiro/4.0 (http://help.goo.ne.jp/door/crawler.html)"
218.213.130.199 - - [22/Feb/2011:19:06:01 +0000] "GET /authors/heow/" 200 - - "DoCoMo/2.0 P901i(c100;TB;W24H11) (compatible; ichiro/mobile goo; +http://help.goo.ne.jp/door/crawler.html)"
218.213.130.199 - - [22/Feb/2011:19:14:44 +0000] "GET /replyToBlogEntry.action?entry=1296569940000" 200 - - "ichiro/4.0 (http://help.goo.ne.jp/door/crawler.html)"
218.213.130.199 - - [22/Feb/2011:19:21:30 +0000] "GET /rss.xml" 200 - - "DoCoMo/2.0 P901i(c100;TB;W24H11) (compatible; ichiro/mobile goo; +http://help.goo.ne.jp/door/crawler.html)"
66.249.71.247 - - [22/Feb/2011:19:24:54 +0000] "GET /2011/02/17" 200 - - "Mozilla/5.0 (compatible; Googlebot/2.1; +http://www.google.com/bot.html)"
218.213.130.199 - - [22/Feb/2011:19:30:13 +0000] "GET /2011/02" 200 - - "ichiro/4.0 (http://help.goo.ne.jp/door/crawler.html)"
218.213.130.199 - - [22/Feb/2011:19:38:20 +0000] "GET /search.action" 200 - - "ichiro/4.0 (http://help.goo.ne.jp/door/crawler.html)"
218.213.130.199 - - [22/Feb/2011:19:46:12 +0000] "GET /2011/02/22" 200 - - "ichiro/4.0 (http://help.goo.ne.jp/door/crawler.html)"
218.213.130.199 - - [22/Feb/2011:19:54:32 +0000] "GET /2011/02/01" 200 - - "ichiro/4.0 (http://help.goo.ne.jp/door/crawler.html)"
218.213.130.199 - - [22/Feb/2011:20:03:01 +0000] "GET /subscribe.action" 200 - - "ichiro/4.0 (http://help.goo.ne.jp/door/crawler.html)"
218.213.130.199 - - [22/Feb/2011:20:10:53 +0000] "GET /atom.xml" 200 - - "DoCoMo/2.0 P901i(c100;TB;W24H11) (compatible; ichiro/mobile goo; +http://help.goo.ne.jp/door/crawler.html)"
218.213.130.199 - - [22/Feb/2011:20:20:18 +0000] "GET /" 200 - - "DoCoMo/2.0 P901i(c100;TB;W24H11) (compatible; ichiro/mobile goo; +http://help.goo.ne.jp/door/crawler.html)"
66.249.71.247 - - [22/Feb/2011:20:23:30 +0000] "GET /2011/02/18" 200 - - "Mozilla/5.0 (compatible; Googlebot/2.1; +http://www.google.com/bot.html)"
218.213.130.199 - - [22/Feb/2011:20:50:02 +0000] "GET /themes/_pebble/handheld.css" 500 - - "ichiro/4.0 (http://help.goo.ne.jp/door/crawler.html)"
68.175.66.95 - - [22/Feb/2011:20:59:32 +0000] "GET /" 200 - "http://lispnyc.org/blog/viewBlogs.secureaction" "Mozilla/5.0 (X11; U; Linux x86_64; en-US; rv:1.9.2.13) Gecko/20101206 Ubuntu/10.04 (lucid) Firefox/3.6.13"
68.175.66.95 - - [22/Feb/2011:20:59:33 +0000] "GET /pebble.css" 500 - "http://lispnyc.org/blog/default/" "Mozilla/5.0 (X11; U; Linux x86_64; en-US; rv:1.9.2.13) Gecko/20101206 Ubuntu/10.04 (lucid) Firefox/3.6.13"
68.175.66.95 - - [22/Feb/2011:20:59:33 +0000] "GET /themes/_pebble/handheld.css" 500 - "http://lispnyc.org/blog/default/" "Mozilla/5.0 (X11; U; Linux x86_64; en-US; rv:1.9.2.13) Gecko/20101206 Ubuntu/10.04 (lucid) Firefox/3.6.13"
68.175.66.95 - - [22/Feb/2011:20:59:54 +0000] "GET /viewBlogSecurity.secureaction" 200 - "http://lispnyc.org/blog/default/" "Mozilla/5.0 (X11; U; Linux x86_64; en-US; rv:1.9.2.13) Gecko/20101206 Ubuntu/10.04 (lucid) Firefox/3.6.13"
68.175.66.95 - - [22/Feb/2011:20:59:54 +0000] "GET /themes/_pebble/handheld.css" 500 - "http://lispnyc.org/blog/default/viewBlogSecurity.secureaction" "Mozilla/5.0 (X11; U; Linux x86_64; en-US; rv:1.9.2.13) Gecko/20101206 Ubuntu/10.04 (lucid) Firefox/3.6.13"
68.175.66.95 - - [22/Feb/2011:20:59:54 +0000] "GET /pebble.css" 500 - "http://lispnyc.org/blog/default/viewBlogSecurity.secureaction" "Mozilla/5.0 (X11; U; Linux x86_64; en-US; rv:1.9.2.13) Gecko/20101206 Ubuntu/10.04 (lucid) Firefox/3.6.13"
68.175.66.95 - - [22/Feb/2011:21:00:13 +0000] "GET /" 200 - "http://lispnyc.org/blog/default/viewBlogSecurity.secureaction" "Mozilla/5.0 (X11; U; Linux x86_64; en-US; rv:1.9.2.13) Gecko/20101206 Ubuntu/10.04 (lucid) Firefox/3.6.13"
68.175.66.95 - - [22/Feb/2011:21:00:13 +0000] "GET /pebble.css" 500 - "http://lispnyc.org/blog/default/" "Mozilla/5.0 (X11; U; Linux x86_64; en-US; rv:1.9.2.13) Gecko/20101206 Ubuntu/10.04 (lucid) Firefox/3.6.13"
68.175.66.95 - - [22/Feb/2011:21:00:13 +0000] "GET /themes/_pebble/handheld.css" 500 - "http://lispnyc.org/blog/default/" "Mozilla/5.0 (X11; U; Linux x86_64; en-US; rv:1.9.2.13) Gecko/20101206 Ubuntu/10.04 (lucid) Firefox/3.6.13"
218.213.130.199 - - [22/Feb/2011:21:06:54 +0000] "GET /themes/lisp-nyc/screen.css" 500 - - "ichiro/4.0 (http://help.goo.ne.jp/door/crawler.html)"
218.213.130.199 - - [22/Feb/2011:21:17:11 +0000] "GET /rdf.xml" 200 - - "DoCoMo/2.0 P901i(c100;TB;W24H11) (compatible; ichiro/mobile goo; +http://help.goo.ne.jp/door/crawler.html)"
