66.249.72.43 - - [15/Feb/2011:00:38:29 +0000] "GET /authors/brian/" 200 - - "Mozilla/5.0 (compatible; Googlebot/2.1; +http://www.google.com/bot.html)"
128.59.13.84 - - [15/Feb/2011:00:41:00 +0000] "GET /welcome-to-the-new-website" 200 - "http://lispnyc.org/home" "Mozilla/5.0 (Macintosh; U; Intel Mac OS X 10_6_6; en-US) AppleWebKit/534.16 (KHTML, like Gecko) Chrome/10.0.648.45 Safari/534.16"
66.249.72.43 - - [15/Feb/2011:01:16:44 +0000] "GET /authors/brian/" 200 - - "Mozilla/5.0 (compatible; Googlebot/2.1; +http://www.google.com/bot.html)"
67.195.114.220 - - [15/Feb/2011:03:23:58 +0000] "GET /2011/02/08" 200 - - "Mozilla/5.0 (compatible; Yahoo! Slurp; http://help.yahoo.com/help/us/ysearch/slurp)"
66.249.72.43 - - [15/Feb/2011:03:28:18 +0000] "GET /2011/02/15" 200 - - "Mozilla/5.0 (compatible; Googlebot/2.1; +http://www.google.com/bot.html)"
218.213.130.199 - - [15/Feb/2011:03:30:40 +0000] "GET /welcome-to-the-new-website" 200 - - "ichiro/4.0 (http://help.goo.ne.jp/door/crawler.html)"
67.195.112.43 - - [15/Feb/2011:03:41:51 +0000] "GET /welcome-to-the-new-website" 200 - - "Mozilla/5.0 (compatible; Yahoo! Slurp; http://help.yahoo.com/help/us/ysearch/slurp)"
67.195.114.220 - - [15/Feb/2011:03:47:30 +0000] "GET /2011/02/15" 200 - - "Mozilla/5.0 (compatible; Yahoo! Slurp; http://help.yahoo.com/help/us/ysearch/slurp)"
206.83.86.2 - - [15/Feb/2011:03:56:07 +0000] "GET /welcome-to-the-new-website" 200 - - "NextGenSearchBot 1 (for information visit http://www.zoominfo.com/About/misc/NextGenSearchBot.aspx)"
67.195.114.220 - - [15/Feb/2011:04:18:43 +0000] "GET /rss.xml" 200 - - "Mozilla/5.0 (compatible; Yahoo! Slurp; http://help.yahoo.com/help/us/ysearch/slurp)"
66.249.72.87 - - [15/Feb/2011:04:51:44 +0000] "GET /what-if-lisp-was-invented-by-the-japanese" 404 - - "Mozilla/5.0 (compatible; Googlebot/2.1; +http://www.google.com/bot.html)"
67.195.114.220 - - [15/Feb/2011:05:19:07 +0000] "GET /2011/02/01" 200 - - "Mozilla/5.0 (compatible; Yahoo! Slurp; http://help.yahoo.com/help/us/ysearch/slurp)"
67.195.114.220 - - [15/Feb/2011:05:20:25 +0000] "GET /2011/02/02" 200 - - "Mozilla/5.0 (compatible; Yahoo! Slurp; http://help.yahoo.com/help/us/ysearch/slurp)"
66.249.72.43 - - [15/Feb/2011:05:32:55 +0000] "GET /welcome-to-the-new-website" 200 - - "Mozilla/5.0 (compatible; Googlebot/2.1; +http://www.google.com/bot.html)"
66.249.72.43 - - [15/Feb/2011:06:05:06 +0000] "GET /welcome-to-the-new-website" 200 - - "Mozilla/5.0 (compatible; Googlebot/2.1; +http://www.google.com/bot.html)"
66.249.72.43 - - [15/Feb/2011:06:19:49 +0000] "GET /" 200 - - "Mozilla/5.0 (compatible; Googlebot/2.1; +http://www.google.com/bot.html)"
66.249.72.87 - - [15/Feb/2011:07:48:45 +0000] "GET /what-if-lisp-was-invented-by-the-japanese" 404 - - "Mozilla/5.0 (compatible; Googlebot/2.1; +http://www.google.com/bot.html)"
66.249.72.43 - - [15/Feb/2011:08:02:30 +0000] "GET /authors/heow/" 200 - - "Mozilla/5.0 (compatible; Googlebot/2.1; +http://www.google.com/bot.html)"
66.249.72.43 - - [15/Feb/2011:08:17:08 +0000] "GET /subscribe.action" 200 - - "Mozilla/5.0 (compatible; Googlebot/2.1; +http://www.google.com/bot.html)"
66.249.72.43 - - [15/Feb/2011:08:31:51 +0000] "GET /2011/02/01" 200 - - "Mozilla/5.0 (compatible; Googlebot/2.1; +http://www.google.com/bot.html)"
79.142.65.199 - - [15/Feb/2011:08:43:07 +0000] "GET /replyToBlogEntry.action?entry=1294763160000" 404 - - "Mozilla/4.0 (compatible; MSIE 6.0; Windows NT 5.1; SV1)"
79.142.65.199 - - [15/Feb/2011:08:43:07 +0000] "GET /replyToBlogEntry.action?entry=1294763160000" 404 - - "Mozilla/4.0 (compatible; MSIE 6.0; Windows NT 5.1; SV1)"
66.249.72.43 - - [15/Feb/2011:10:14:31 +0000] "GET /generateTrackBackLink.action?entry=1296569940000" 200 - - "Mozilla/5.0 (compatible; Googlebot/2.1; +http://www.google.com/bot.html)"
218.213.130.199 - - [15/Feb/2011:11:19:49 +0000] "GET /welcome-to-the-new-website" 200 - - "ichiro/4.0 (http://help.goo.ne.jp/door/crawler.html)"
66.249.72.43 - - [15/Feb/2011:11:27:57 +0000] "GET /2011/02/13" 200 - - "Mozilla/5.0 (compatible; Googlebot/2.1; +http://www.google.com/bot.html)"
66.249.72.43 - - [15/Feb/2011:12:18:52 +0000] "GET /authors/heow/" 200 - - "Mozilla/5.0 (compatible; Googlebot/2.1; +http://www.google.com/bot.html)"
99.233.2.20 - - [15/Feb/2011:13:38:18 +0000] "GET /welcome-to-the-new-website" 200 - "http://www.lispnyc.org/" "Mozilla/5.0 (X11; U; Linux i686; en-US; rv:1.9.2.13) Gecko/20101229 Mandriva Linux/1.9.2.13-0.2mdv2010.0 (2010.0) Firefox/3.6.13"
218.213.130.199 - - [15/Feb/2011:14:58:47 +0000] "GET /welcome-to-the-new-website" 200 - - "ichiro/4.0 (http://help.goo.ne.jp/door/crawler.html)"
218.213.130.199 - - [15/Feb/2011:15:56:12 +0000] "GET /welcome-to-the-new-website" 200 - - "ichiro/4.0 (http://help.goo.ne.jp/door/crawler.html)"
66.249.72.43 - - [15/Feb/2011:16:36:08 +0000] "GET /2011/02/09" 200 - - "Mozilla/5.0 (compatible; Googlebot/2.1; +http://www.google.com/bot.html)"
66.249.67.196 - - [15/Feb/2011:18:15:09 +0000] "GET /2011/02/09" 200 - - "Mozilla/5.0 (compatible; Googlebot/2.1; +http://www.google.com/bot.html)"
66.249.67.196 - - [15/Feb/2011:19:02:56 +0000] "GET /2011/02/08" 200 - - "Mozilla/5.0 (compatible; Googlebot/2.1; +http://www.google.com/bot.html)"
66.249.67.196 - - [15/Feb/2011:19:17:33 +0000] "GET /2011/02/02" 200 - - "Mozilla/5.0 (compatible; Googlebot/2.1; +http://www.google.com/bot.html)"
67.195.114.220 - - [15/Feb/2011:19:31:32 +0000] "GET /welcome-to-the-new-website" 200 - - "Mozilla/5.0 (compatible; Yahoo! Slurp; http://help.yahoo.com/help/us/ysearch/slurp)"
66.249.67.196 - - [15/Feb/2011:21:15:00 +0000] "GET /responses/rss.xml?entry=1296569940000" 200 - - "Mozilla/5.0 (compatible; Googlebot/2.1; +http://www.google.com/bot.html)"
66.249.67.196 - - [15/Feb/2011:21:58:57 +0000] "GET /rss.xml" 200 - - "Mozilla/5.0 (compatible; Googlebot/2.1; +http://www.google.com/bot.html)"
66.249.67.196 - - [15/Feb/2011:22:13:49 +0000] "GET /atom.xml" 200 - - "Mozilla/5.0 (compatible; Googlebot/2.1; +http://www.google.com/bot.html)"
66.249.67.196 - - [15/Feb/2011:22:32:11 +0000] "GET /rss.xml" 200 - - "Mozilla/5.0 (compatible; Googlebot/2.1; +http://www.google.com/bot.html)"
