67.195.114.224 - - [01/Feb/2011:03:19:12 +0000] "GET /" 200 - - "Mozilla/5.0 (compatible; Yahoo! Slurp; http://help.yahoo.com/help/us/ysearch/slurp)"
67.195.114.224 - - [01/Feb/2011:03:21:19 +0000] "GET /replyToBlogEntry.action?entry=1294763160000" 200 - - "Mozilla/5.0 (compatible; Yahoo! Slurp; http://help.yahoo.com/help/us/ysearch/slurp)"
67.195.114.224 - - [01/Feb/2011:03:25:18 +0000] "GET /rss.xml" 200 - - "Mozilla/5.0 (compatible; Yahoo! Slurp; http://help.yahoo.com/help/us/ysearch/slurp)"
66.249.72.43 - - [01/Feb/2011:08:55:17 +0000] "GET /" 200 - - "Mozilla/5.0 (compatible; Googlebot/2.1; +http://www.google.com/bot.html)"
66.249.72.43 - - [01/Feb/2011:09:07:13 +0000] "GET /rss.xml" 200 - - "Mozilla/5.0 (compatible; Googlebot/2.1; +http://www.google.com/bot.html)"
67.195.114.224 - - [01/Feb/2011:09:37:28 +0000] "GET /last-meeting" 200 - - "Mozilla/5.0 (compatible; Yahoo! Slurp; http://help.yahoo.com/help/us/ysearch/slurp)"
66.249.72.43 - - [01/Feb/2011:12:46:49 +0000] "GET /responses/rss.xml?entry=1294763160000" 200 - - "Mozilla/5.0 (compatible; Googlebot/2.1; +http://www.google.com/bot.html)"
66.249.72.43 - - [01/Feb/2011:12:46:51 +0000] "GET /search.action" 200 - - "Mozilla/5.0 (compatible; Googlebot/2.1; +http://www.google.com/bot.html)"
66.249.72.43 - - [01/Feb/2011:12:46:51 +0000] "GET /last-meeting" 200 - - "Mozilla/5.0 (compatible; Googlebot/2.1; +http://www.google.com/bot.html)"
66.249.72.43 - - [01/Feb/2011:12:46:53 +0000] "GET /2011/01" 200 - - "Mozilla/5.0 (compatible; Googlebot/2.1; +http://www.google.com/bot.html)"
66.249.72.43 - - [01/Feb/2011:12:48:51 +0000] "GET /atom.xml" 200 - - "Mozilla/5.0 (compatible; Googlebot/2.1; +http://www.google.com/bot.html)"
66.249.72.43 - - [01/Feb/2011:12:56:11 +0000] "GET /subscribe.action" 200 - - "Mozilla/5.0 (compatible; Googlebot/2.1; +http://www.google.com/bot.html)"
66.249.72.43 - - [01/Feb/2011:13:06:00 +0000] "GET /2011/02" 200 - - "Mozilla/5.0 (compatible; Googlebot/2.1; +http://www.google.com/bot.html)"
66.249.72.43 - - [01/Feb/2011:13:15:49 +0000] "GET /2011/02/01" 200 - - "Mozilla/5.0 (compatible; Googlebot/2.1; +http://www.google.com/bot.html)"
66.249.72.43 - - [01/Feb/2011:13:19:29 +0000] "GET /authors/brian/" 200 - - "Mozilla/5.0 (compatible; Googlebot/2.1; +http://www.google.com/bot.html)"
66.249.72.43 - - [01/Feb/2011:13:22:05 +0000] "GET /replyToBlogEntry.action?entry=1294763160000" 200 - - "Mozilla/5.0 (compatible; Googlebot/2.1; +http://www.google.com/bot.html)"
68.175.66.95 - - [01/Feb/2011:13:58:02 +0000] "GET /viewPlugins.secureaction" 200 - "http://lispnyc.org/blog/viewBlogs.secureaction" "Mozilla/5.0 (X11; U; Linux x86_64; en-US; rv:1.9.2.13) Gecko/20101206 Ubuntu/10.04 (lucid) Firefox/3.6.13"
68.175.66.95 - - [01/Feb/2011:13:58:06 +0000] "GET /viewPlugins.secureaction" 200 - "http://lispnyc.org/blog/viewBlogs.secureaction" "Mozilla/5.0 (X11; U; Linux x86_64; en-US; rv:1.9.2.13) Gecko/20101206 Ubuntu/10.04 (lucid) Firefox/3.6.13"
68.175.66.95 - - [01/Feb/2011:14:18:50 +0000] "GET /" 200 - "http://lispnyc.org/blog/viewBlogs.secureaction" "Mozilla/5.0 (X11; U; Linux x86_64; en-US; rv:1.9.2.13) Gecko/20101206 Ubuntu/10.04 (lucid) Firefox/3.6.13"
68.175.66.95 - - [01/Feb/2011:14:18:53 +0000] "POST /manageBlogEntry.secureaction" 200 - "http://lispnyc.org/blog/default/" "Mozilla/5.0 (X11; U; Linux x86_64; en-US; rv:1.9.2.13) Gecko/20101206 Ubuntu/10.04 (lucid) Firefox/3.6.13"
68.175.66.95 - - [01/Feb/2011:14:19:02 +0000] "GET /last-meeting" 200 - "http://lispnyc.org/blog/default/manageBlogEntry.secureaction" "Mozilla/5.0 (X11; U; Linux x86_64; en-US; rv:1.9.2.13) Gecko/20101206 Ubuntu/10.04 (lucid) Firefox/3.6.13"
68.175.66.95 - - [01/Feb/2011:14:19:05 +0000] "POST /manageBlogEntry.secureaction" 200 - "http://lispnyc.org/blog/default/last-meeting" "Mozilla/5.0 (X11; U; Linux x86_64; en-US; rv:1.9.2.13) Gecko/20101206 Ubuntu/10.04 (lucid) Firefox/3.6.13"
68.175.66.95 - - [01/Feb/2011:14:19:09 +0000] "GET /welcome" 200 - "http://lispnyc.org/blog/default/manageBlogEntry.secureaction" "Mozilla/5.0 (X11; U; Linux x86_64; en-US; rv:1.9.2.13) Gecko/20101206 Ubuntu/10.04 (lucid) Firefox/3.6.13"
68.175.66.95 - - [01/Feb/2011:14:19:14 +0000] "POST /manageBlogEntry.secureaction" 200 - "http://lispnyc.org/blog/default/welcome" "Mozilla/5.0 (X11; U; Linux x86_64; en-US; rv:1.9.2.13) Gecko/20101206 Ubuntu/10.04 (lucid) Firefox/3.6.13"
68.175.66.95 - - [01/Feb/2011:14:19:18 +0000] "GET /addBlogEntry.secureaction" 200 - "http://lispnyc.org/blog/default/manageBlogEntry.secureaction" "Mozilla/5.0 (X11; U; Linux x86_64; en-US; rv:1.9.2.13) Gecko/20101206 Ubuntu/10.04 (lucid) Firefox/3.6.13"
68.175.66.95 - - [01/Feb/2011:14:30:45 +0000] "POST /saveBlogEntry.secureaction" 200 - "http://lispnyc.org/blog/default/addBlogEntry.secureaction" "Mozilla/5.0 (X11; U; Linux x86_64; en-US; rv:1.9.2.13) Gecko/20101206 Ubuntu/10.04 (lucid) Firefox/3.6.13"
68.175.66.95 - - [01/Feb/2011:14:33:47 +0000] "POST /saveBlogEntry.secureaction" 200 - "http://lispnyc.org/blog/default/saveBlogEntry.secureaction" "Mozilla/5.0 (X11; U; Linux x86_64; en-US; rv:1.9.2.13) Gecko/20101206 Ubuntu/10.04 (lucid) Firefox/3.6.13"
68.175.66.95 - - [01/Feb/2011:14:34:37 +0000] "GET /welcome-to-the-new-website" 200 - "http://lispnyc.org/blog/default/saveBlogEntry.secureaction" "Mozilla/5.0 (X11; U; Linux x86_64; en-US; rv:1.9.2.13) Gecko/20101206 Ubuntu/10.04 (lucid) Firefox/3.6.13"
68.175.66.95 - - [01/Feb/2011:14:34:39 +0000] "POST /manageBlogEntry.secureaction" 200 - "http://lispnyc.org/blog/default/welcome-to-the-new-website" "Mozilla/5.0 (X11; U; Linux x86_64; en-US; rv:1.9.2.13) Gecko/20101206 Ubuntu/10.04 (lucid) Firefox/3.6.13"
68.175.66.95 - - [01/Feb/2011:14:34:45 +0000] "GET /welcome-to-the-new-website" 200 - "http://lispnyc.org/blog/default/manageBlogEntry.secureaction" "Mozilla/5.0 (X11; U; Linux x86_64; en-US; rv:1.9.2.13) Gecko/20101206 Ubuntu/10.04 (lucid) Firefox/3.6.13"
68.175.66.95 - - [01/Feb/2011:14:35:17 +0000] "GET /welcome-to-the-new-website" 200 - "http://lispnyc.org/blog/" "Mozilla/5.0 (X11; U; Linux x86_64; en-US; rv:1.9.2.13) Gecko/20101206 Ubuntu/10.04 (lucid) Firefox/3.6.13"
68.175.66.95 - - [01/Feb/2011:14:35:19 +0000] "POST /manageBlogEntry.secureaction" 200 - "http://lispnyc.org/blog/default/welcome-to-the-new-website" "Mozilla/5.0 (X11; U; Linux x86_64; en-US; rv:1.9.2.13) Gecko/20101206 Ubuntu/10.04 (lucid) Firefox/3.6.13"
68.175.66.95 - - [01/Feb/2011:14:36:04 +0000] "GET /welcome-to-the-new-website" 200 - "http://lispnyc.org/blog/default/manageBlogEntry.secureaction" "Mozilla/5.0 (X11; U; Linux x86_64; en-US; rv:1.9.2.13) Gecko/20101206 Ubuntu/10.04 (lucid) Firefox/3.6.13"
68.175.66.95 - - [01/Feb/2011:14:38:21 +0000] "GET /viewBlogProperties.secureaction" 200 - "http://lispnyc.org/blog/viewBlogs.secureaction" "Mozilla/5.0 (X11; U; Linux x86_64; en-US; rv:1.9.2.13) Gecko/20101206 Ubuntu/10.04 (lucid) Firefox/3.6.13"
68.175.66.95 - - [01/Feb/2011:14:38:46 +0000] "GET /viewPlugins.secureaction" 200 - "http://lispnyc.org/blog/viewBlogs.secureaction" "Mozilla/5.0 (X11; U; Linux x86_64; en-US; rv:1.9.2.13) Gecko/20101206 Ubuntu/10.04 (lucid) Firefox/3.6.13"
68.175.66.95 - - [01/Feb/2011:14:43:44 +0000] "GET /welcome-to-the-new-website" 200 - "http://lispnyc.org/home" "Mozilla/5.0 (X11; U; Linux x86_64; en-US; rv:1.9.2.13) Gecko/20101206 Ubuntu/10.04 (lucid) Firefox/3.6.13"
68.175.66.95 - - [01/Feb/2011:15:16:49 +0000] "GET /welcome-to-the-new-website" 200 - "http://lispnyc.org/home" "Mozilla/5.0 (X11; U; Linux x86_64; en-US; rv:1.9.2.13) Gecko/20101206 Ubuntu/10.04 (lucid) Firefox/3.6.13"
68.175.66.95 - - [01/Feb/2011:15:17:10 +0000] "GET /" 200 - "http://lispnyc.org/blog/default/welcome-to-the-new-website" "Mozilla/5.0 (X11; U; Linux x86_64; en-US; rv:1.9.2.13) Gecko/20101206 Ubuntu/10.04 (lucid) Firefox/3.6.13"
68.175.66.95 - - [01/Feb/2011:15:17:14 +0000] "POST /manageBlogEntry.secureaction" 200 - "http://lispnyc.org/blog/default/" "Mozilla/5.0 (X11; U; Linux x86_64; en-US; rv:1.9.2.13) Gecko/20101206 Ubuntu/10.04 (lucid) Firefox/3.6.13"
68.175.66.95 - - [01/Feb/2011:15:21:58 +0000] "GET /welcome-to-the-new-website" 200 - "http://lispnyc.org/blog/default/manageBlogEntry.secureaction" "Mozilla/5.0 (X11; U; Linux x86_64; en-US; rv:1.9.2.13) Gecko/20101206 Ubuntu/10.04 (lucid) Firefox/3.6.13"
68.175.66.95 - - [01/Feb/2011:15:22:02 +0000] "GET /" 200 - "http://lispnyc.org/blog/default/welcome-to-the-new-website" "Mozilla/5.0 (X11; U; Linux x86_64; en-US; rv:1.9.2.13) Gecko/20101206 Ubuntu/10.04 (lucid) Firefox/3.6.13"
68.175.66.95 - - [01/Feb/2011:15:22:06 +0000] "GET /welcome-to-the-new-website" 200 - "http://lispnyc.org/blog/default/" "Mozilla/5.0 (X11; U; Linux x86_64; en-US; rv:1.9.2.13) Gecko/20101206 Ubuntu/10.04 (lucid) Firefox/3.6.13"
68.175.66.95 - - [01/Feb/2011:15:22:41 +0000] "GET /" 200 - "http://lispnyc.org/blog/default/welcome-to-the-new-website" "Mozilla/5.0 (X11; U; Linux x86_64; en-US; rv:1.9.2.13) Gecko/20101206 Ubuntu/10.04 (lucid) Firefox/3.6.13"
68.175.66.95 - - [01/Feb/2011:15:22:44 +0000] "POST /manageBlogEntry.secureaction" 200 - "http://lispnyc.org/blog/default/" "Mozilla/5.0 (X11; U; Linux x86_64; en-US; rv:1.9.2.13) Gecko/20101206 Ubuntu/10.04 (lucid) Firefox/3.6.13"
68.175.66.95 - - [01/Feb/2011:15:23:22 +0000] "GET /welcome-to-the-new-website" 200 - "http://lispnyc.org/blog/default/manageBlogEntry.secureaction" "Mozilla/5.0 (X11; U; Linux x86_64; en-US; rv:1.9.2.13) Gecko/20101206 Ubuntu/10.04 (lucid) Firefox/3.6.13"
68.175.66.95 - - [01/Feb/2011:15:23:35 +0000] "GET /" 200 - "http://lispnyc.org/blog/default/welcome-to-the-new-website" "Mozilla/5.0 (X11; U; Linux x86_64; en-US; rv:1.9.2.13) Gecko/20101206 Ubuntu/10.04 (lucid) Firefox/3.6.13"
68.175.66.95 - - [01/Feb/2011:15:24:13 +0000] "GET /welcome-to-the-new-website" 200 - "http://lispnyc.org/home" "Mozilla/5.0 (X11; U; Linux x86_64; en-US; rv:1.9.2.13) Gecko/20101206 Ubuntu/10.04 (lucid) Firefox/3.6.13"
66.249.72.43 - - [01/Feb/2011:15:24:33 +0000] "GET /2011/01/11" 200 - - "Mozilla/5.0 (compatible; Googlebot/2.1; +http://www.google.com/bot.html)"
68.175.66.95 - - [01/Feb/2011:15:24:43 +0000] "GET /welcome-to-the-new-website" 200 - "http://lispnyc.org/blog/" "Mozilla/5.0 (X11; U; Linux x86_64; en-US; rv:1.9.2.13) Gecko/20101206 Ubuntu/10.04 (lucid) Firefox/3.6.13"
68.175.66.95 - - [01/Feb/2011:15:24:44 +0000] "POST /manageBlogEntry.secureaction" 200 - "http://lispnyc.org/blog/default/welcome-to-the-new-website" "Mozilla/5.0 (X11; U; Linux x86_64; en-US; rv:1.9.2.13) Gecko/20101206 Ubuntu/10.04 (lucid) Firefox/3.6.13"
68.175.66.95 - - [01/Feb/2011:15:26:37 +0000] "GET /welcome-to-the-new-website" 200 - "http://lispnyc.org/blog/default/manageBlogEntry.secureaction" "Mozilla/5.0 (X11; U; Linux x86_64; en-US; rv:1.9.2.13) Gecko/20101206 Ubuntu/10.04 (lucid) Firefox/3.6.13"
68.175.66.95 - - [01/Feb/2011:15:26:40 +0000] "POST /manageBlogEntry.secureaction" 200 - "http://lispnyc.org/blog/default/welcome-to-the-new-website" "Mozilla/5.0 (X11; U; Linux x86_64; en-US; rv:1.9.2.13) Gecko/20101206 Ubuntu/10.04 (lucid) Firefox/3.6.13"
68.175.66.95 - - [01/Feb/2011:15:30:02 +0000] "GET /welcome-to-the-new-website" 200 - "http://lispnyc.org/blog/" "Mozilla/5.0 (X11; U; Linux x86_64; en-US; rv:1.9.2.13) Gecko/20101206 Ubuntu/10.04 (lucid) Firefox/3.6.13"
68.175.66.95 - - [01/Feb/2011:15:30:06 +0000] "GET /" 200 - "http://lispnyc.org/blog/default/welcome-to-the-new-website" "Mozilla/5.0 (X11; U; Linux x86_64; en-US; rv:1.9.2.13) Gecko/20101206 Ubuntu/10.04 (lucid) Firefox/3.6.13"
68.175.66.95 - - [01/Feb/2011:15:30:09 +0000] "POST /manageBlogEntry.secureaction" 200 - "http://lispnyc.org/blog/default/" "Mozilla/5.0 (X11; U; Linux x86_64; en-US; rv:1.9.2.13) Gecko/20101206 Ubuntu/10.04 (lucid) Firefox/3.6.13"
68.175.66.95 - - [01/Feb/2011:15:30:48 +0000] "GET /welcome-to-the-new-website" 200 - "http://lispnyc.org/blog/default/manageBlogEntry.secureaction" "Mozilla/5.0 (X11; U; Linux x86_64; en-US; rv:1.9.2.13) Gecko/20101206 Ubuntu/10.04 (lucid) Firefox/3.6.13"
68.175.66.95 - - [01/Feb/2011:15:30:59 +0000] "GET /" 200 - "http://lispnyc.org/blog/default/welcome-to-the-new-website" "Mozilla/5.0 (X11; U; Linux x86_64; en-US; rv:1.9.2.13) Gecko/20101206 Ubuntu/10.04 (lucid) Firefox/3.6.13"
68.175.66.95 - - [01/Feb/2011:15:33:10 +0000] "GET /" 200 - "http://lispnyc.org/blog/viewBlogs.secureaction" "Mozilla/5.0 (X11; U; Linux x86_64; en-US; rv:1.9.2.13) Gecko/20101206 Ubuntu/10.04 (lucid) Firefox/3.6.13"
68.175.66.95 - - [01/Feb/2011:15:34:36 +0000] "GET /viewBlogProperties.secureaction" 200 - "http://lispnyc.org/blog/viewBlogs.secureaction" "Mozilla/5.0 (X11; U; Linux x86_64; en-US; rv:1.9.2.13) Gecko/20101206 Ubuntu/10.04 (lucid) Firefox/3.6.13"
68.175.66.95 - - [01/Feb/2011:15:35:15 +0000] "GET /viewBlogSecurity.secureaction" 200 - "http://lispnyc.org/blog/default/viewBlogProperties.secureaction" "Mozilla/5.0 (X11; U; Linux x86_64; en-US; rv:1.9.2.13) Gecko/20101206 Ubuntu/10.04 (lucid) Firefox/3.6.13"
68.175.66.95 - - [01/Feb/2011:15:35:40 +0000] "GET /viewBlogSecurity.secureaction" 200 - "http://lispnyc.org/blog/default/viewBlogSecurity.secureaction" "Mozilla/5.0 (X11; U; Linux x86_64; en-US; rv:1.9.2.13) Gecko/20101206 Ubuntu/10.04 (lucid) Firefox/3.6.13"
68.175.66.95 - - [01/Feb/2011:15:43:40 +0000] "GET /welcome-to-the-new-website" 200 - "http://lispnyc.org/home" "Mozilla/5.0 (X11; U; Linux x86_64; en-US; rv:1.9.2.13) Gecko/20101206 Ubuntu/10.04 (lucid) Firefox/3.6.13"
68.175.66.95 - - [01/Feb/2011:15:44:07 +0000] "GET /welcome-to-the-new-website" 200 - "http://lispnyc.org/home" "Mozilla/5.0 (X11; U; Linux x86_64; en-US; rv:1.9.2.13) Gecko/20101206 Ubuntu/10.04 (lucid) Firefox/3.6.13"
68.175.66.95 - - [01/Feb/2011:15:55:06 +0000] "GET /welcome-to-the-new-website" 200 - "http://lispnyc.org/home" "Mozilla/5.0 (X11; U; Linux x86_64; en-US; rv:1.9.2.13) Gecko/20101206 Ubuntu/10.04 (lucid) Firefox/3.6.13"
66.249.72.43 - - [01/Feb/2011:15:56:08 +0000] "GET /generateTrackBackLink.action?entry=1294763160000" 404 - - "Mozilla/5.0 (compatible; Googlebot/2.1; +http://www.google.com/bot.html)"
66.249.72.43 - - [01/Feb/2011:15:56:08 +0000] "GET /generateTrackBackLink.action?entry=1294763160000" 404 - - "Mozilla/5.0 (compatible; Googlebot/2.1; +http://www.google.com/bot.html)"
123.125.71.95 - - [01/Feb/2011:16:17:16 +0000] "GET /welcome-to-the-new-website" 200 - - "Baiduspider+(+http://www.baidu.com/search/spider.htm)"
66.249.72.43 - - [01/Feb/2011:17:26:38 +0000] "GET /authors/brian/rss.xml" 200 - - "Mozilla/5.0 (compatible; Googlebot/2.1; +http://www.google.com/bot.html)"
66.249.72.43 - - [01/Feb/2011:17:41:23 +0000] "GET /authors/brian/" 200 - - "Mozilla/5.0 (compatible; Googlebot/2.1; +http://www.google.com/bot.html)"
66.249.72.43 - - [01/Feb/2011:17:41:31 +0000] "GET /2011/02/01" 200 - - "Mozilla/5.0 (compatible; Googlebot/2.1; +http://www.google.com/bot.html)"
74.70.206.82 - - [01/Feb/2011:17:58:19 +0000] "GET /welcome-to-the-new-website" 200 - "http://lispnyc.org/" "Mozilla/5.0 (Macintosh; U; Intel Mac OS X 10.5; en-US; rv:1.9.2.13) Gecko/20101203 Firefox/3.6.13"
66.249.72.43 - - [01/Feb/2011:18:08:23 +0000] "GET /welcome-to-the-new-website" 200 - - "Mozilla/5.0 (compatible; Googlebot/2.1; +http://www.google.com/bot.html)"
66.249.72.43 - - [01/Feb/2011:18:32:51 +0000] "GET /replyToBlogEntry.action?entry=1296569940000" 200 - - "Mozilla/5.0 (compatible; Googlebot/2.1; +http://www.google.com/bot.html)"
66.249.72.43 - - [01/Feb/2011:18:32:55 +0000] "GET /authors/heow/" 200 - - "Mozilla/5.0 (compatible; Googlebot/2.1; +http://www.google.com/bot.html)"
66.249.72.43 - - [01/Feb/2011:18:32:55 +0000] "GET /responses/rss.xml?entry=1296569940000" 200 - - "Mozilla/5.0 (compatible; Googlebot/2.1; +http://www.google.com/bot.html)"
66.249.72.43 - - [01/Feb/2011:19:26:37 +0000] "GET /generateTrackBackLink.action?entry=1296569940000" 200 - - "Mozilla/5.0 (compatible; Googlebot/2.1; +http://www.google.com/bot.html)"
208.115.138.254 - - [01/Feb/2011:20:06:22 +0000] "GET /welcome-to-the-new-website" 200 - - "Mozilla/4.0 (compatible; MSIE 7.0; Windows NT 5.1; InfoPath.1; .NET CLR 2.0.50727; .NET CLR 1.1.4322; MS-RTC LM 8; .NET CLR 3.0.4506.2152; .NET CLR 3.5.30729)"
64.20.175.3 - - [01/Feb/2011:20:06:23 +0000] "GET /welcome-to-the-new-website" 200 - "http://www.lispnyc.org/home" "Mozilla/5.0 (Windows; U; Windows NT 5.1; en-US; rv:1.9.2.10) Gecko/20100914 Firefox/3.6.10 ( .NET CLR 3.5.30729; .NET4.0E)"
64.20.175.3 - - [01/Feb/2011:20:06:23 +0000] "GET /rss.xml" 200 - "http://www.lispnyc.org/blog/default/welcome-to-the-new-website" "Mozilla/5.0 (Windows; U; Windows NT 5.1; en-US; rv:1.9.2.10) Gecko/20100914 Firefox/3.6.10 ( .NET CLR 3.5.30729; .NET4.0E)"
64.20.175.3 - - [01/Feb/2011:20:06:23 +0000] "GET /rdf.xml" 200 - "http://www.lispnyc.org/blog/default/welcome-to-the-new-website" "Mozilla/5.0 (Windows; U; Windows NT 5.1; en-US; rv:1.9.2.10) Gecko/20100914 Firefox/3.6.10 ( .NET CLR 3.5.30729; .NET4.0E)"
64.20.175.3 - - [01/Feb/2011:20:06:23 +0000] "GET /atom.xml" 200 - "http://www.lispnyc.org/blog/default/welcome-to-the-new-website" "Mozilla/5.0 (Windows; U; Windows NT 5.1; en-US; rv:1.9.2.10) Gecko/20100914 Firefox/3.6.10 ( .NET CLR 3.5.30729; .NET4.0E)"
66.249.72.43 - - [01/Feb/2011:20:11:33 +0000] "GET /authors/heow/rss.xml" 200 - - "Mozilla/5.0 (compatible; Googlebot/2.1; +http://www.google.com/bot.html)"
68.175.66.95 - - [01/Feb/2011:21:14:13 +0000] "GET /welcome-to-the-new-website" 200 - "http://lispnyc.org/home" "Mozilla/5.0 (X11; U; Linux x86_64; en-US; rv:1.9.2.13) Gecko/20101206 Ubuntu/10.04 (lucid) Firefox/3.6.13"
66.249.72.43 - - [01/Feb/2011:21:17:06 +0000] "GET /replyToBlogEntry.action?entry=1296569940000" 200 - - "Mozilla/5.0 (compatible; Googlebot/2.1; +http://www.google.com/bot.html)"
68.175.66.95 - - [01/Feb/2011:21:48:17 +0000] "GET /welcome-to-the-new-website" 200 - "http://lispnyc.org/home" "Mozilla/5.0 (X11; U; Linux x86_64; en-US; rv:1.9.2.13) Gecko/20101206 Ubuntu/10.04 (lucid) Firefox/3.6.13"
68.175.66.95 - - [01/Feb/2011:23:28:26 +0000] "GET /welcome-to-the-new-website" 200 - "http://lispnyc.org/home" "Mozilla/5.0 (X11; U; Linux x86_64; en-US; rv:1.9.2.13) Gecko/20101206 Ubuntu/10.04 (lucid) Firefox/3.6.13"
