68.175.66.95 - - [31/Jan/2011:17:54:44 +0000] "GET /" 200 - "http://lispnyc.org/blog/viewBlogs.secureaction" "Mozilla/5.0 (X11; U; Linux x86_64; en-US; rv:1.9.2.13) Gecko/20101206 Ubuntu/10.04 (lucid) Firefox/3.6.13"
68.175.66.95 - - [31/Jan/2011:17:54:53 +0000] "GET /viewBlogSecurity.secureaction" 200 - "http://lispnyc.org/blog/arthur/" "Mozilla/5.0 (X11; U; Linux x86_64; en-US; rv:1.9.2.13) Gecko/20101206 Ubuntu/10.04 (lucid) Firefox/3.6.13"
68.175.66.95 - - [31/Jan/2011:17:55:49 +0000] "GET /" 200 - "http://lispnyc.org/blog/viewBlogs.secureaction" "Mozilla/5.0 (X11; U; Linux x86_64; en-US; rv:1.9.2.13) Gecko/20101206 Ubuntu/10.04 (lucid) Firefox/3.6.13"
68.175.66.95 - - [31/Jan/2011:17:55:57 +0000] "GET /viewBlogSecurity.secureaction" 200 - "http://lispnyc.org/blog/arthur/" "Mozilla/5.0 (X11; U; Linux x86_64; en-US; rv:1.9.2.13) Gecko/20101206 Ubuntu/10.04 (lucid) Firefox/3.6.13"
68.175.66.95 - - [31/Jan/2011:17:56:05 +0000] "GET /viewBlogSecurity.secureaction" 200 - "http://lispnyc.org/blog/arthur/viewBlogSecurity.secureaction" "Mozilla/5.0 (X11; U; Linux x86_64; en-US; rv:1.9.2.13) Gecko/20101206 Ubuntu/10.04 (lucid) Firefox/3.6.13"
68.175.66.95 - - [31/Jan/2011:17:56:48 +0000] "GET /" 200 - "http://lispnyc.org/blog/viewBlogs.secureaction" "Mozilla/5.0 (X11; U; Linux x86_64; en-US; rv:1.9.2.13) Gecko/20101206 Ubuntu/10.04 (lucid) Firefox/3.6.13"
68.175.66.95 - - [31/Jan/2011:17:56:58 +0000] "GET /viewBlogProperties.secureaction" 200 - "http://lispnyc.org/blog/arthur/" "Mozilla/5.0 (X11; U; Linux x86_64; en-US; rv:1.9.2.13) Gecko/20101206 Ubuntu/10.04 (lucid) Firefox/3.6.13"
68.175.66.95 - - [31/Jan/2011:17:58:09 +0000] "GET /" 200 - "http://lispnyc.org/blog/viewBlogs.secureaction" "Mozilla/5.0 (X11; U; Linux x86_64; en-US; rv:1.9.2.13) Gecko/20101206 Ubuntu/10.04 (lucid) Firefox/3.6.13"
68.175.66.95 - - [31/Jan/2011:17:58:28 +0000] "GET /" 200 - "http://lispnyc.org/blog/viewBlogs.secureaction" "Mozilla/5.0 (X11; U; Linux x86_64; en-US; rv:1.9.2.13) Gecko/20101206 Ubuntu/10.04 (lucid) Firefox/3.6.13"
108.14.227.120 - - [31/Jan/2011:17:58:29 +0000] "GET /" 200 - "http://lispnyc.org/blog/viewBlogs.secureaction" "Mozilla/5.0 (Macintosh; U; Intel Mac OS X 10.6; en-US; rv:1.9.2.13) Gecko/20101203 Firefox/3.6.13"
68.175.66.95 - - [31/Jan/2011:17:58:40 +0000] "GET /viewBlogProperties.secureaction" 200 - "http://lispnyc.org/blog/arthur/" "Mozilla/5.0 (X11; U; Linux x86_64; en-US; rv:1.9.2.13) Gecko/20101206 Ubuntu/10.04 (lucid) Firefox/3.6.13"
108.14.227.120 - - [31/Jan/2011:17:58:44 +0000] "GET /viewBlogProperties.secureaction" 200 - "http://lispnyc.org/blog/arthur/" "Mozilla/5.0 (Macintosh; U; Intel Mac OS X 10.6; en-US; rv:1.9.2.13) Gecko/20101203 Firefox/3.6.13"
108.14.227.120 - - [31/Jan/2011:17:59:24 +0000] "GET /viewBlogProperties.secureaction" 200 - "http://lispnyc.org/blog/arthur/viewBlogProperties.secureaction" "Mozilla/5.0 (Macintosh; U; Intel Mac OS X 10.6; en-US; rv:1.9.2.13) Gecko/20101203 Firefox/3.6.13"
68.175.66.95 - - [31/Jan/2011:18:00:26 +0000] "GET /" 200 - "http://lispnyc.org/blog/" "Mozilla/5.0 (X11; U; Linux x86_64; en-US; rv:1.9.2.13) Gecko/20101206 Ubuntu/10.04 (lucid) Firefox/3.6.13"
108.14.227.120 - - [31/Jan/2011:18:00:43 +0000] "GET /viewBlogProperties.secureaction" 200 - "http://lispnyc.org/blog/arthur/viewBlogProperties.secureaction" "Mozilla/5.0 (Macintosh; U; Intel Mac OS X 10.6; en-US; rv:1.9.2.13) Gecko/20101203 Firefox/3.6.13"
108.14.227.120 - - [31/Jan/2011:13:00:55 -0500] "GET /" 200 - "http://lispnyc.org/blog/arthur/viewBlogProperties.secureaction" "Mozilla/5.0 (Macintosh; U; Intel Mac OS X 10.6; en-US; rv:1.9.2.13) Gecko/20101203 Firefox/3.6.13"
108.14.227.120 - - [31/Jan/2011:13:01:10 -0500] "GET /theme/" 200 - "http://lispnyc.org/blog/arthur/" "Mozilla/5.0 (Macintosh; U; Intel Mac OS X 10.6; en-US; rv:1.9.2.13) Gecko/20101203 Firefox/3.6.13"
108.14.227.120 - - [31/Jan/2011:13:01:19 -0500] "GET /" 200 - "http://lispnyc.org/blog/viewBlogs.secureaction" "Mozilla/5.0 (Macintosh; U; Intel Mac OS X 10.6; en-US; rv:1.9.2.13) Gecko/20101203 Firefox/3.6.13"
108.14.227.120 - - [31/Jan/2011:13:01:28 -0500] "GET /viewBlogProperties.secureaction" 200 - "http://lispnyc.org/blog/arthur/" "Mozilla/5.0 (Macintosh; U; Intel Mac OS X 10.6; en-US; rv:1.9.2.13) Gecko/20101203 Firefox/3.6.13"
68.175.66.95 - - [31/Jan/2011:13:01:32 -0500] "GET /" 200 - "http://lispnyc.org/blog/arthur/" "Mozilla/5.0 (X11; U; Linux x86_64; en-US; rv:1.9.2.13) Gecko/20101206 Ubuntu/10.04 (lucid) Firefox/3.6.13"
108.14.227.120 - - [31/Jan/2011:13:02:36 -0500] "GET /viewBlogProperties.secureaction" 200 - "http://lispnyc.org/blog/arthur/viewBlogProperties.secureaction" "Mozilla/5.0 (Macintosh; U; Intel Mac OS X 10.6; en-US; rv:1.9.2.13) Gecko/20101203 Firefox/3.6.13"
108.14.227.120 - - [31/Jan/2011:13:03:02 -0500] "GET /" 200 - "http://lispnyc.org/blog/arthur/viewBlogProperties.secureaction" "Mozilla/5.0 (Macintosh; U; Intel Mac OS X 10.6; en-US; rv:1.9.2.13) Gecko/20101203 Firefox/3.6.13"
108.14.227.120 - - [31/Jan/2011:13:03:33 -0500] "GET /" 200 - "http://lispnyc.org/blog/" "Mozilla/5.0 (Macintosh; U; Intel Mac OS X 10.6; en-US; rv:1.9.2.13) Gecko/20101203 Firefox/3.6.13"
108.14.227.120 - - [31/Jan/2011:13:04:30 -0500] "GET /" 200 - "http://lispnyc.org/blog/viewBlogs.secureaction" "Mozilla/5.0 (Macintosh; U; Intel Mac OS X 10.6; en-US; rv:1.9.2.13) Gecko/20101203 Firefox/3.6.13"
108.14.227.120 - - [31/Jan/2011:13:04:35 -0500] "GET /viewBlogProperties.secureaction" 200 - "http://lispnyc.org/blog/arthur/" "Mozilla/5.0 (Macintosh; U; Intel Mac OS X 10.6; en-US; rv:1.9.2.13) Gecko/20101203 Firefox/3.6.13"
108.14.227.120 - - [31/Jan/2011:13:04:47 -0500] "GET /viewBlogProperties.secureaction" 200 - "http://lispnyc.org/blog/arthur/viewBlogProperties.secureaction" "Mozilla/5.0 (Macintosh; U; Intel Mac OS X 10.6; en-US; rv:1.9.2.13) Gecko/20101203 Firefox/3.6.13"
108.14.227.120 - - [31/Jan/2011:13:05:43 -0500] "GET /viewBlogProperties.secureaction" 200 - "http://lispnyc.org/blog/arthur/viewBlogProperties.secureaction" "Mozilla/5.0 (Macintosh; U; Intel Mac OS X 10.6; en-US; rv:1.9.2.13) Gecko/20101203 Firefox/3.6.13"
68.175.66.95 - - [31/Jan/2011:13:06:20 -0500] "GET /" 200 - "http://lispnyc.org/blog/" "Mozilla/5.0 (X11; U; Linux x86_64; en-US; rv:1.9.2.13) Gecko/20101206 Ubuntu/10.04 (lucid) Firefox/3.6.13"
108.14.227.120 - - [31/Jan/2011:13:06:29 -0500] "GET /viewBlogProperties.secureaction" 200 - "http://lispnyc.org/blog/arthur/viewBlogProperties.secureaction" "Mozilla/5.0 (Macintosh; U; Intel Mac OS X 10.6; en-US; rv:1.9.2.13) Gecko/20101203 Firefox/3.6.13"
68.175.66.95 - - [31/Jan/2011:13:08:01 -0500] "GET /" 200 - "http://lispnyc.org/blog/" "Mozilla/5.0 (X11; U; Linux x86_64; en-US; rv:1.9.2.13) Gecko/20101206 Ubuntu/10.04 (lucid) Firefox/3.6.13"
68.175.66.95 - - [31/Jan/2011:13:08:37 -0500] "GET /" 200 - "http://lispnyc.org/blog/" "Mozilla/5.0 (X11; U; Linux x86_64; en-US; rv:1.9.2.13) Gecko/20101206 Ubuntu/10.04 (lucid) Firefox/3.6.13"
68.175.66.95 - - [31/Jan/2011:13:08:44 -0500] "GET /" 200 - "http://lispnyc.org/blog/arthur/" "Mozilla/5.0 (X11; U; Linux x86_64; en-US; rv:1.9.2.13) Gecko/20101206 Ubuntu/10.04 (lucid) Firefox/3.6.13"
108.14.227.120 - - [31/Jan/2011:13:09:55 -0500] "GET /" 200 - "http://lispnyc.org/blog/" "Mozilla/5.0 (Macintosh; U; Intel Mac OS X 10.6; en-US; rv:1.9.2.13) Gecko/20101203 Firefox/3.6.13"
68.175.66.95 - - [31/Jan/2011:13:12:23 -0500] "GET /" 200 - "http://lispnyc.org/blog/arthur/" "Mozilla/5.0 (X11; U; Linux x86_64; en-US; rv:1.9.2.13) Gecko/20101206 Ubuntu/10.04 (lucid) Firefox/3.6.13"
68.175.66.95 - - [31/Jan/2011:13:12:30 -0500] "GET /" 200 - "http://lispnyc.org/blog/arthur/" "Mozilla/5.0 (X11; U; Linux x86_64; en-US; rv:1.9.2.13) Gecko/20101206 Ubuntu/10.04 (lucid) Firefox/3.6.13"
68.175.66.95 - - [31/Jan/2011:13:12:47 -0500] "GET /" 200 - "http://lispnyc.org/blog/arthur/" "Mozilla/5.0 (X11; U; Linux x86_64; en-US; rv:1.9.2.13) Gecko/20101206 Ubuntu/10.04 (lucid) Firefox/3.6.13"
68.175.66.95 - - [31/Jan/2011:13:12:52 -0500] "GET /" 200 - "http://lispnyc.org/blog/arthur/" "Mozilla/5.0 (X11; U; Linux x86_64; en-US; rv:1.9.2.13) Gecko/20101206 Ubuntu/10.04 (lucid) Firefox/3.6.13"
68.175.66.95 - - [31/Jan/2011:13:12:59 -0500] "GET /" 200 - "http://lispnyc.org/blog/arthur/" "Mozilla/5.0 (X11; U; Linux x86_64; en-US; rv:1.9.2.13) Gecko/20101206 Ubuntu/10.04 (lucid) Firefox/3.6.13"
68.175.66.95 - - [31/Jan/2011:13:14:12 -0500] "GET /" 200 - "http://lispnyc.org/blog/heow/" "Mozilla/5.0 (X11; U; Linux x86_64; en-US; rv:1.9.2.13) Gecko/20101206 Ubuntu/10.04 (lucid) Firefox/3.6.13"
68.175.66.95 - - [31/Jan/2011:13:15:08 -0500] "GET /" 200 - "http://lispnyc.org/blog/" "Mozilla/4.0 (compatible; MSIE 6.0; Windows NT 5.1; SV1)"
108.14.227.120 - - [31/Jan/2011:13:56:57 -0500] "GET /" 200 - "http://lispnyc.org/blog/" "Mozilla/5.0 (Macintosh; U; Intel Mac OS X 10.6; en-US; rv:1.9.2.13) Gecko/20101203 Firefox/3.6.13"
108.14.227.120 - - [31/Jan/2011:13:56:59 -0500] "GET /" 200 - "http://lispnyc.org/blog/" "Mozilla/5.0 (Macintosh; U; Intel Mac OS X 10.6; en-US; rv:1.9.2.13) Gecko/20101203 Firefox/3.6.13"
108.14.227.120 - - [31/Jan/2011:13:57:36 -0500] "GET /" 200 - "http://lispnyc.org/blog/" "Mozilla/5.0 (Macintosh; U; Intel Mac OS X 10.6; en-US; rv:1.9.2.13) Gecko/20101203 Firefox/3.6.13"
108.14.227.120 - - [31/Jan/2011:14:01:43 -0500] "GET /" 200 - "http://lispnyc.org/blog/viewBlogs.secureaction" "Mozilla/5.0 (Macintosh; U; Intel Mac OS X 10.6; en-US; rv:1.9.2.13) Gecko/20101203 Firefox/3.6.13"
108.14.227.120 - - [31/Jan/2011:14:01:51 -0500] "GET /viewBlogProperties.secureaction" 200 - "http://lispnyc.org/blog/arthur/" "Mozilla/5.0 (Macintosh; U; Intel Mac OS X 10.6; en-US; rv:1.9.2.13) Gecko/20101203 Firefox/3.6.13"
108.14.227.120 - - [31/Jan/2011:14:02:03 -0500] "GET /viewBlogProperties.secureaction" 200 - "http://lispnyc.org/blog/arthur/viewBlogProperties.secureaction" "Mozilla/5.0 (Macintosh; U; Intel Mac OS X 10.6; en-US; rv:1.9.2.13) Gecko/20101203 Firefox/3.6.13"
108.14.227.120 - - [31/Jan/2011:14:02:10 -0500] "GET /viewBlogProperties.secureaction" 200 - "http://lispnyc.org/blog/arthur/viewBlogProperties.secureaction" "Mozilla/5.0 (Macintosh; U; Intel Mac OS X 10.6; en-US; rv:1.9.2.13) Gecko/20101203 Firefox/3.6.13"
108.14.227.120 - - [31/Jan/2011:14:02:29 -0500] "GET /viewBlogSecurity.secureaction" 200 - "http://lispnyc.org/blog/arthur/viewBlogProperties.secureaction" "Mozilla/5.0 (Macintosh; U; Intel Mac OS X 10.6; en-US; rv:1.9.2.13) Gecko/20101203 Firefox/3.6.13"
108.14.227.120 - - [31/Jan/2011:14:02:58 -0500] "GET /viewPlugins.secureaction" 200 - "http://lispnyc.org/blog/arthur/viewBlogSecurity.secureaction" "Mozilla/5.0 (Macintosh; U; Intel Mac OS X 10.6; en-US; rv:1.9.2.13) Gecko/20101203 Firefox/3.6.13"
108.14.227.120 - - [31/Jan/2011:14:03:23 -0500] "GET /viewMessages.secureaction" 200 - "http://lispnyc.org/blog/arthur/viewPlugins.secureaction" "Mozilla/5.0 (Macintosh; U; Intel Mac OS X 10.6; en-US; rv:1.9.2.13) Gecko/20101203 Firefox/3.6.13"
108.14.227.120 - - [31/Jan/2011:14:03:27 -0500] "GET /utilities.secureaction" 200 - "http://lispnyc.org/blog/arthur/viewMessages.secureaction" "Mozilla/5.0 (Macintosh; U; Intel Mac OS X 10.6; en-US; rv:1.9.2.13) Gecko/20101203 Firefox/3.6.13"
68.175.66.95 - - [31/Jan/2011:19:14:28 -0500] "GET /" 200 - "http://lispnyc.org/blog/" "Mozilla/5.0 (X11; U; Linux x86_64; en-US; rv:1.9.2.13) Gecko/20101206 Ubuntu/10.04 (lucid) Firefox/3.6.13"
68.175.66.95 - - [31/Jan/2011:20:29:26 -0500] "GET /viewBlogProperties.secureaction" 200 - "http://lispnyc.org/blog/viewBlogs.secureaction" "Mozilla/5.0 (X11; U; Linux x86_64; en-US; rv:1.9.2.13) Gecko/20101206 Ubuntu/10.04 (lucid) Firefox/3.6.13"
68.175.66.95 - - [31/Jan/2011:20:30:12 -0500] "GET /editUserPreferences.secureaction" 200 - "http://lispnyc.org/blog/arthur/viewBlogProperties.secureaction" "Mozilla/5.0 (X11; U; Linux x86_64; en-US; rv:1.9.2.13) Gecko/20101206 Ubuntu/10.04 (lucid) Firefox/3.6.13"
68.175.66.95 - - [31/Jan/2011:20:30:19 -0500] "GET /viewBlogSecurity.secureaction" 200 - "http://lispnyc.org/blog/arthur/editUserPreferences.secureaction" "Mozilla/5.0 (X11; U; Linux x86_64; en-US; rv:1.9.2.13) Gecko/20101206 Ubuntu/10.04 (lucid) Firefox/3.6.13"
68.175.66.95 - - [31/Jan/2011:20:30:27 -0500] "GET /" 200 - "http://lispnyc.org/blog/arthur/viewBlogSecurity.secureaction" "Mozilla/5.0 (X11; U; Linux x86_64; en-US; rv:1.9.2.13) Gecko/20101206 Ubuntu/10.04 (lucid) Firefox/3.6.13"
68.175.66.95 - - [31/Jan/2011:20:30:30 -0500] "GET /" 200 - "http://lispnyc.org/blog/arthur/" "Mozilla/5.0 (X11; U; Linux x86_64; en-US; rv:1.9.2.13) Gecko/20101206 Ubuntu/10.04 (lucid) Firefox/3.6.13"
68.175.66.95 - - [31/Jan/2011:20:30:41 -0500] "GET /editUserPreferences.secureaction" 200 - "http://lispnyc.org/blog/arthur/" "Mozilla/5.0 (X11; U; Linux x86_64; en-US; rv:1.9.2.13) Gecko/20101206 Ubuntu/10.04 (lucid) Firefox/3.6.13"
67.195.114.224 - - [31/Jan/2011:22:19:24 -0500] "GET /" 200 - - "Mozilla/5.0 (compatible; Yahoo! Slurp; http://help.yahoo.com/help/us/ysearch/slurp)"
