68.175.66.95 - - [04/Feb/2011:00:06:41 +0900] "GET /" 200 - "http://lispnyc.org/blog/" "Mozilla/5.0 (X11; U; Linux x86_64; en-US; rv:1.9.2.13) Gecko/20101206 Ubuntu/10.04 (lucid) Firefox/3.6.13"
68.175.66.95 - - [04/Feb/2011:00:06:53 +0900] "GET /" 200 - "http://lispnyc.org/blog/euske/" "Mozilla/5.0 (X11; U; Linux x86_64; en-US; rv:1.9.2.13) Gecko/20101206 Ubuntu/10.04 (lucid) Firefox/3.6.13"
68.175.66.95 - - [04/Feb/2011:00:07:10 +0900] "GET /viewBlogSecurity.secureaction" 200 - "http://lispnyc.org/blog/euske/" "Mozilla/5.0 (X11; U; Linux x86_64; en-US; rv:1.9.2.13) Gecko/20101206 Ubuntu/10.04 (lucid) Firefox/3.6.13"
58.93.34.139 - - [04/Feb/2011:00:07:17 +0900] "GET /" 200 - - "Mozilla/5.0 (X11; U; Linux i686; en-US; rv:1.9.2.13) Gecko/20101230 Firefox/3.6.13"
58.93.34.139 - - [04/Feb/2011:00:07:36 +0900] "GET /" 200 - "http://lispnyc.org/blog/euske/" "Mozilla/5.0 (X11; U; Linux i686; en-US; rv:1.9.2.13) Gecko/20101230 Firefox/3.6.13"
68.175.66.95 - - [04/Feb/2011:00:07:51 +0900] "GET /help/securityRoles.html" 200 - "http://lispnyc.org/blog/euske/viewBlogSecurity.secureaction" "Mozilla/5.0 (X11; U; Linux x86_64; en-US; rv:1.9.2.13) Gecko/20101206 Ubuntu/10.04 (lucid) Firefox/3.6.13"
58.93.34.139 - - [04/Feb/2011:00:08:04 +0900] "GET /viewMessages.secureaction" 200 - "http://lispnyc.org/blog/euske/" "Mozilla/5.0 (X11; U; Linux i686; en-US; rv:1.9.2.13) Gecko/20101230 Firefox/3.6.13"
58.93.34.139 - - [04/Feb/2011:00:08:14 +0900] "GET /viewBlogProperties.secureaction" 200 - "http://lispnyc.org/blog/euske/viewMessages.secureaction" "Mozilla/5.0 (X11; U; Linux i686; en-US; rv:1.9.2.13) Gecko/20101230 Firefox/3.6.13"
68.175.66.95 - - [04/Feb/2011:00:08:35 +0900] "GET /" 200 - "http://lispnyc.org/blog/" "Mozilla/5.0 (X11; U; Linux x86_64; en-US; rv:1.9.2.13) Gecko/20101206 Ubuntu/10.04 (lucid) Firefox/3.6.13"
68.175.66.95 - - [04/Feb/2011:00:08:41 +0900] "GET /viewBlogSecurity.secureaction" 200 - "http://lispnyc.org/blog/euske/" "Mozilla/5.0 (X11; U; Linux x86_64; en-US; rv:1.9.2.13) Gecko/20101206 Ubuntu/10.04 (lucid) Firefox/3.6.13"
68.175.66.95 - - [04/Feb/2011:00:08:53 +0900] "GET /viewBlogSecurity.secureaction" 200 - "http://lispnyc.org/blog/euske/viewBlogSecurity.secureaction" "Mozilla/5.0 (X11; U; Linux x86_64; en-US; rv:1.9.2.13) Gecko/20101206 Ubuntu/10.04 (lucid) Firefox/3.6.13"
58.93.34.139 - - [04/Feb/2011:00:09:04 +0900] "GET /viewBlogProperties.secureaction" 200 - "http://lispnyc.org/blog/euske/viewBlogProperties.secureaction" "Mozilla/5.0 (X11; U; Linux i686; en-US; rv:1.9.2.13) Gecko/20101230 Firefox/3.6.13"
58.93.34.139 - - [04/Feb/2011:00:09:08 +0900] "GET /viewBlogSecurity.secureaction" 200 - "http://lispnyc.org/blog/euske/viewBlogProperties.secureaction" "Mozilla/5.0 (X11; U; Linux i686; en-US; rv:1.9.2.13) Gecko/20101230 Firefox/3.6.13"
58.93.34.139 - - [04/Feb/2011:00:09:23 +0900] "GET /viewPlugins.secureaction" 200 - "http://lispnyc.org/blog/euske/viewBlogSecurity.secureaction" "Mozilla/5.0 (X11; U; Linux i686; en-US; rv:1.9.2.13) Gecko/20101230 Firefox/3.6.13"
58.93.34.139 - - [04/Feb/2011:00:09:25 +0900] "GET /viewMessages.secureaction" 200 - "http://lispnyc.org/blog/euske/viewPlugins.secureaction" "Mozilla/5.0 (X11; U; Linux i686; en-US; rv:1.9.2.13) Gecko/20101230 Firefox/3.6.13"
58.93.34.139 - - [04/Feb/2011:00:09:31 +0900] "GET /theme/" 200 - "http://lispnyc.org/blog/euske/viewMessages.secureaction" "Mozilla/5.0 (X11; U; Linux i686; en-US; rv:1.9.2.13) Gecko/20101230 Firefox/3.6.13"
58.93.34.139 - - [04/Feb/2011:00:09:36 +0900] "GET /viewBlogSecurity.secureaction" 200 - "http://lispnyc.org/blog/euske/theme/" "Mozilla/5.0 (X11; U; Linux i686; en-US; rv:1.9.2.13) Gecko/20101230 Firefox/3.6.13"
58.93.34.139 - - [04/Feb/2011:00:09:40 +0900] "GET /theme/" 200 - "http://lispnyc.org/blog/euske/viewBlogSecurity.secureaction" "Mozilla/5.0 (X11; U; Linux i686; en-US; rv:1.9.2.13) Gecko/20101230 Firefox/3.6.13"
58.93.34.139 - - [04/Feb/2011:00:09:43 +0900] "GET /viewPlugins.secureaction" 200 - "http://lispnyc.org/blog/euske/theme/" "Mozilla/5.0 (X11; U; Linux i686; en-US; rv:1.9.2.13) Gecko/20101230 Firefox/3.6.13"
58.93.34.139 - - [04/Feb/2011:00:09:59 +0900] "GET /editUserDetails.secureaction" 200 - "http://lispnyc.org/blog/euske/viewPlugins.secureaction" "Mozilla/5.0 (X11; U; Linux i686; en-US; rv:1.9.2.13) Gecko/20101230 Firefox/3.6.13"
58.93.34.139 - - [04/Feb/2011:00:11:03 +0900] "GET /" 200 - "http://lispnyc.org/blog/" "Mozilla/5.0 (X11; U; Linux i686; en-US; rv:1.9.2.13) Gecko/20101230 Firefox/3.6.13"
58.93.34.139 - - [04/Feb/2011:00:11:20 +0900] "GET /utilities.secureaction" 200 - "http://lispnyc.org/blog/euske/" "Mozilla/5.0 (X11; U; Linux i686; en-US; rv:1.9.2.13) Gecko/20101230 Firefox/3.6.13"
58.93.34.139 - - [04/Feb/2011:00:11:35 +0900] "GET /" 200 - "http://lispnyc.org/blog/euske/utilities.secureaction" "Mozilla/5.0 (X11; U; Linux i686; en-US; rv:1.9.2.13) Gecko/20101230 Firefox/3.6.13"
58.93.34.139 - - [04/Feb/2011:00:12:02 +0900] "GET /" 200 - "http://lispnyc.org/blog/" "Mozilla/5.0 (X11; U; Linux i686; en-US; rv:1.9.2.13) Gecko/20101230 Firefox/3.6.13"
58.93.34.139 - - [04/Feb/2011:00:18:20 +0900] "GET /" 200 - "http://lispnyc.org/blog/" "Mozilla/5.0 (X11; U; Linux i686; en-US; rv:1.9.2.13) Gecko/20101230 Firefox/3.6.13"
58.93.34.139 - - [04/Feb/2011:00:18:33 +0900] "GET /viewMessages.secureaction" 200 - "http://lispnyc.org/blog/euske/" "Mozilla/5.0 (X11; U; Linux i686; en-US; rv:1.9.2.13) Gecko/20101230 Firefox/3.6.13"
58.93.34.139 - - [04/Feb/2011:00:18:53 +0900] "GET /" 200 - "http://lispnyc.org/blog/" "Mozilla/5.0 (X11; U; Linux i686; en-US; rv:1.9.2.13) Gecko/20101230 Firefox/3.6.13"
58.93.34.139 - - [04/Feb/2011:00:19:04 +0900] "GET /utilities.secureaction" 200 - "http://lispnyc.org/blog/euske/" "Mozilla/5.0 (X11; U; Linux i686; en-US; rv:1.9.2.13) Gecko/20101230 Firefox/3.6.13"
58.93.34.139 - - [04/Feb/2011:00:19:09 +0900] "GET /aboutBlog.secureaction" 200 - "http://lispnyc.org/blog/euske/utilities.secureaction" "Mozilla/5.0 (X11; U; Linux i686; en-US; rv:1.9.2.13) Gecko/20101230 Firefox/3.6.13"
58.93.34.139 - - [04/Feb/2011:00:19:30 +0900] "GET /utilities.secureaction" 200 - "http://lispnyc.org/blog/euske/aboutBlog.secureaction" "Mozilla/5.0 (X11; U; Linux i686; en-US; rv:1.9.2.13) Gecko/20101230 Firefox/3.6.13"
58.93.34.139 - - [04/Feb/2011:00:19:56 +0900] "GET /viewBlogProperties.secureaction" 200 - "http://lispnyc.org/blog/euske/utilities.secureaction" "Mozilla/5.0 (X11; U; Linux i686; en-US; rv:1.9.2.13) Gecko/20101230 Firefox/3.6.13"
58.93.34.139 - - [04/Feb/2011:00:20:07 +0900] "GET /help/index.html" 200 - "http://lispnyc.org/blog/euske/viewBlogProperties.secureaction" "Mozilla/5.0 (X11; U; Linux i686; en-US; rv:1.9.2.13) Gecko/20101230 Firefox/3.6.13"
58.93.34.139 - - [04/Feb/2011:00:20:12 +0900] "GET /help/blogEntries.html" 200 - "http://lispnyc.org/blog/euske/help/index.html" "Mozilla/5.0 (X11; U; Linux i686; en-US; rv:1.9.2.13) Gecko/20101230 Firefox/3.6.13"
58.93.34.139 - - [04/Feb/2011:00:20:24 +0900] "GET /addBlogEntry.secureaction" 403 - "http://lispnyc.org/blog/euske/help/blogEntries.html" "Mozilla/5.0 (X11; U; Linux i686; en-US; rv:1.9.2.13) Gecko/20101230 Firefox/3.6.13"
58.93.34.139 - - [04/Feb/2011:00:20:42 +0900] "GET /viewMessages.secureaction" 200 - "http://lispnyc.org/blog/euske/addBlogEntry.secureaction" "Mozilla/5.0 (X11; U; Linux i686; en-US; rv:1.9.2.13) Gecko/20101230 Firefox/3.6.13"
58.93.34.139 - - [04/Feb/2011:00:21:02 +0900] "GET /" 200 - "http://lispnyc.org/blog/viewPebbleProperties.secureaction" "Mozilla/5.0 (X11; U; Linux i686; en-US; rv:1.9.2.13) Gecko/20101230 Firefox/3.6.13"
58.93.34.139 - - [04/Feb/2011:00:21:04 +0900] "GET /viewBlogProperties.secureaction" 200 - "http://lispnyc.org/blog/euske/" "Mozilla/5.0 (X11; U; Linux i686; en-US; rv:1.9.2.13) Gecko/20101230 Firefox/3.6.13"
58.93.34.139 - - [04/Feb/2011:00:21:20 +0900] "GET /viewBlogSecurity.secureaction" 200 - "http://lispnyc.org/blog/euske/viewBlogProperties.secureaction" "Mozilla/5.0 (X11; U; Linux i686; en-US; rv:1.9.2.13) Gecko/20101230 Firefox/3.6.13"
58.93.34.139 - - [04/Feb/2011:00:22:36 +0900] "GET /help/index.html" 200 - "http://lispnyc.org/blog/euske/viewBlogSecurity.secureaction" "Mozilla/5.0 (X11; U; Linux i686; en-US; rv:1.9.2.13) Gecko/20101230 Firefox/3.6.13"
58.93.34.139 - - [04/Feb/2011:00:22:38 +0900] "GET /help/blogEntries.html" 200 - "http://lispnyc.org/blog/euske/help/index.html" "Mozilla/5.0 (X11; U; Linux i686; en-US; rv:1.9.2.13) Gecko/20101230 Firefox/3.6.13"
58.93.34.139 - - [04/Feb/2011:00:22:42 +0900] "GET /addBlogEntry.secureaction" 403 - "http://lispnyc.org/blog/euske/help/blogEntries.html" "Mozilla/5.0 (X11; U; Linux i686; en-US; rv:1.9.2.13) Gecko/20101230 Firefox/3.6.13"
68.175.66.95 - - [04/Feb/2011:02:06:42 +0900] "GET /welcome" 200 - "http://lispnyc.org/blog/" "Mozilla/5.0 (X11; U; Linux x86_64; en-US; rv:1.9.2.13) Gecko/20101206 Ubuntu/10.04 (lucid) Firefox/3.6.13"
68.175.66.95 - - [04/Feb/2011:02:06:50 +0900] "GET /" 200 - "http://lispnyc.org/blog/euske/welcome" "Mozilla/5.0 (X11; U; Linux x86_64; en-US; rv:1.9.2.13) Gecko/20101206 Ubuntu/10.04 (lucid) Firefox/3.6.13"
68.175.66.95 - - [04/Feb/2011:02:06:57 +0900] "POST /manageBlogEntry.secureaction" 200 - "http://lispnyc.org/blog/euske/" "Mozilla/5.0 (X11; U; Linux x86_64; en-US; rv:1.9.2.13) Gecko/20101206 Ubuntu/10.04 (lucid) Firefox/3.6.13"
68.175.66.95 - - [04/Feb/2011:02:07:00 +0900] "GET /welcome" 200 - "http://lispnyc.org/blog/euske/manageBlogEntry.secureaction" "Mozilla/5.0 (X11; U; Linux x86_64; en-US; rv:1.9.2.13) Gecko/20101206 Ubuntu/10.04 (lucid) Firefox/3.6.13"
68.175.66.95 - - [04/Feb/2011:02:32:51 +0900] "GET /" 200 - "http://lispnyc.org/blog/" "Mozilla/5.0 (X11; U; Linux x86_64; en-US; rv:1.9.2.13) Gecko/20101206 Ubuntu/10.04 (lucid) Firefox/3.6.13"
68.175.66.95 - - [04/Feb/2011:02:32:56 +0900] "GET /welcome" 200 - "http://lispnyc.org/blog/euske/" "Mozilla/5.0 (X11; U; Linux x86_64; en-US; rv:1.9.2.13) Gecko/20101206 Ubuntu/10.04 (lucid) Firefox/3.6.13"
68.175.66.95 - - [04/Feb/2011:02:33:05 +0900] "GET /" 200 - "http://lispnyc.org/blog/euske/welcome" "Mozilla/5.0 (X11; U; Linux x86_64; en-US; rv:1.9.2.13) Gecko/20101206 Ubuntu/10.04 (lucid) Firefox/3.6.13"
68.175.66.95 - - [04/Feb/2011:02:33:19 +0900] "GET /" 200 - "http://lispnyc.org/blog/euske/" "Mozilla/5.0 (X11; U; Linux x86_64; en-US; rv:1.9.2.13) Gecko/20101206 Ubuntu/10.04 (lucid) Firefox/3.6.13"
68.175.66.95 - - [04/Feb/2011:02:33:29 +0900] "GET /viewBlogSecurity.secureaction" 200 - "http://lispnyc.org/blog/euske/" "Mozilla/5.0 (X11; U; Linux x86_64; en-US; rv:1.9.2.13) Gecko/20101206 Ubuntu/10.04 (lucid) Firefox/3.6.13"
68.175.66.95 - - [04/Feb/2011:02:41:49 +0900] "GET /viewBlogProperties.secureaction" 200 - "http://lispnyc.org/blog/viewBlogs.secureaction" "Mozilla/5.0 (X11; U; Linux x86_64; en-US; rv:1.9.2.13) Gecko/20101206 Ubuntu/10.04 (lucid) Firefox/3.6.13"
68.175.66.95 - - [04/Feb/2011:02:41:52 +0900] "GET /viewBlogSecurity.secureaction" 200 - "http://lispnyc.org/blog/euske/viewBlogProperties.secureaction" "Mozilla/5.0 (X11; U; Linux x86_64; en-US; rv:1.9.2.13) Gecko/20101206 Ubuntu/10.04 (lucid) Firefox/3.6.13"
68.175.66.95 - - [04/Feb/2011:02:41:57 +0900] "GET /viewBlogSecurity.secureaction" 200 - "http://lispnyc.org/blog/euske/viewBlogSecurity.secureaction" "Mozilla/5.0 (X11; U; Linux x86_64; en-US; rv:1.9.2.13) Gecko/20101206 Ubuntu/10.04 (lucid) Firefox/3.6.13"
68.175.66.95 - - [04/Feb/2011:02:42:02 +0900] "GET /" 200 - "http://lispnyc.org/blog/euske/viewBlogSecurity.secureaction" "Mozilla/5.0 (X11; U; Linux x86_64; en-US; rv:1.9.2.13) Gecko/20101206 Ubuntu/10.04 (lucid) Firefox/3.6.13"
68.175.66.95 - - [04/Feb/2011:02:42:15 +0900] "GET /" 200 - "http://lispnyc.org/blog/euske/" "Mozilla/5.0 (X11; U; Linux x86_64; en-US; rv:1.9.2.13) Gecko/20101206 Ubuntu/10.04 (lucid) Firefox/3.6.13"
68.175.66.95 - - [04/Feb/2011:02:44:00 +0900] "GET /" 200 - "http://lispnyc.org/blog/euske/" "Mozilla/5.0 (X11; U; Linux x86_64; en-US; rv:1.9.2.13) Gecko/20101206 Ubuntu/10.04 (lucid) Firefox/3.6.13"
66.249.72.43 - - [04/Feb/2011:04:37:02 +0900] "GET /rss.xml" 200 - - "Mozilla/5.0 (compatible; Googlebot/2.1; +http://www.google.com/bot.html)"
66.249.72.43 - - [04/Feb/2011:04:37:09 +0900] "GET /" 200 - - "Mozilla/5.0 (compatible; Googlebot/2.1; +http://www.google.com/bot.html)"
66.249.72.43 - - [04/Feb/2011:04:47:56 +0900] "GET /" 200 - - "Mozilla/5.0 (compatible; Googlebot/2.1; +http://www.google.com/bot.html)"
66.249.72.43 - - [04/Feb/2011:05:41:07 +0900] "GET /search.action" 200 - - "Mozilla/5.0 (compatible; Googlebot/2.1; +http://www.google.com/bot.html)"
66.249.72.43 - - [04/Feb/2011:05:41:08 +0900] "GET /atom.xml" 200 - - "Mozilla/5.0 (compatible; Googlebot/2.1; +http://www.google.com/bot.html)"
66.249.72.43 - - [04/Feb/2011:05:41:08 +0900] "GET /2011/02" 200 - - "Mozilla/5.0 (compatible; Googlebot/2.1; +http://www.google.com/bot.html)"
66.249.72.43 - - [04/Feb/2011:05:41:09 +0900] "GET /subscribe.action" 200 - - "Mozilla/5.0 (compatible; Googlebot/2.1; +http://www.google.com/bot.html)"
66.249.72.43 - - [04/Feb/2011:05:41:09 +0900] "GET /2011/02/04" 200 - - "Mozilla/5.0 (compatible; Googlebot/2.1; +http://www.google.com/bot.html)"
66.249.72.43 - - [04/Feb/2011:06:42:52 +0900] "GET /2011/02/03" 200 - - "Mozilla/5.0 (compatible; Googlebot/2.1; +http://www.google.com/bot.html)"
66.249.72.43 - - [04/Feb/2011:07:30:48 +0900] "GET /2011/02/04" 200 - - "Mozilla/5.0 (compatible; Googlebot/2.1; +http://www.google.com/bot.html)"
66.249.72.43 - - [04/Feb/2011:07:46:37 +0900] "GET /2011/02/02" 200 - - "Mozilla/5.0 (compatible; Googlebot/2.1; +http://www.google.com/bot.html)"
68.175.66.95 - - [04/Feb/2011:07:46:50 +0900] "GET /" 200 - "http://lispnyc.org/blog/" "Mozilla/5.0 (X11; U; Linux x86_64; en-US; rv:1.9.2.13) Gecko/20101206 Ubuntu/10.04 (lucid) Firefox/3.6.13"
71.179.82.48 - - [04/Feb/2011:07:49:03 +0900] "GET /" 200 - "http://lispnyc.org/blog/" "Mozilla/5.0 (Macintosh; U; Intel Mac OS X 10_5_8; en-US) AppleWebKit/534.10 (KHTML, like Gecko) Chrome/8.0.552.237 Safari/534.10"
58.93.34.139 - - [04/Feb/2011:07:52:52 +0900] "GET /" 200 - "http://www.lispnyc.org/blog/" "Mozilla/5.0 (X11; U; Linux i686; en-US; rv:1.9.2.13) Gecko/20101230 Firefox/3.6.13"
58.93.34.139 - - [04/Feb/2011:07:53:09 +0900] "GET /" 200 - "http://lispnyc.org/blog/euske/" "Mozilla/5.0 (X11; U; Linux i686; en-US; rv:1.9.2.13) Gecko/20101230 Firefox/3.6.13"
58.93.34.139 - - [04/Feb/2011:07:53:55 +0900] "POST /manageBlogEntry.secureaction" 200 - "http://lispnyc.org/blog/euske/" "Mozilla/5.0 (X11; U; Linux i686; en-US; rv:1.9.2.13) Gecko/20101230 Firefox/3.6.13"
58.93.34.139 - - [04/Feb/2011:07:54:43 +0900] "GET /viewMessages.secureaction" 200 - "http://lispnyc.org/blog/euske/manageBlogEntry.secureaction" "Mozilla/5.0 (X11; U; Linux i686; en-US; rv:1.9.2.13) Gecko/20101230 Firefox/3.6.13"
58.93.34.139 - - [04/Feb/2011:07:54:47 +0900] "GET /addBlogEntry.secureaction" 200 - "http://lispnyc.org/blog/euske/viewMessages.secureaction" "Mozilla/5.0 (X11; U; Linux i686; en-US; rv:1.9.2.13) Gecko/20101230 Firefox/3.6.13"
58.93.34.139 - - [04/Feb/2011:07:54:55 +0900] "GET /viewBlogProperties.secureaction" 200 - "http://lispnyc.org/blog/euske/addBlogEntry.secureaction" "Mozilla/5.0 (X11; U; Linux i686; en-US; rv:1.9.2.13) Gecko/20101230 Firefox/3.6.13"
58.93.34.139 - - [04/Feb/2011:07:55:10 +0900] "GET /viewPlugins.secureaction" 200 - "http://lispnyc.org/blog/euske/viewBlogProperties.secureaction" "Mozilla/5.0 (X11; U; Linux i686; en-US; rv:1.9.2.13) Gecko/20101230 Firefox/3.6.13"
58.93.34.139 - - [04/Feb/2011:07:56:04 +0900] "GET /viewMessages.secureaction" 200 - "http://lispnyc.org/blog/euske/manageBlogEntry.secureaction" "Mozilla/5.0 (X11; U; Linux i686; en-US; rv:1.9.2.13) Gecko/20101230 Firefox/3.6.13"
58.93.34.139 - - [04/Feb/2011:07:56:12 +0900] "GET /viewUnpublishedBlogEntries.secureaction" 200 - "http://lispnyc.org/blog/euske/viewMessages.secureaction" "Mozilla/5.0 (X11; U; Linux i686; en-US; rv:1.9.2.13) Gecko/20101230 Firefox/3.6.13"
58.93.34.139 - - [04/Feb/2011:07:56:15 +0900] "GET /editBlogEntry.secureaction?entry=1296752763650" 200 - "http://lispnyc.org/blog/euske/viewUnpublishedBlogEntries.secureaction" "Mozilla/5.0 (X11; U; Linux i686; en-US; rv:1.9.2.13) Gecko/20101230 Firefox/3.6.13"
58.93.34.139 - - [04/Feb/2011:08:01:22 +0900] "GET /welcome" 200 - "http://lispnyc.org/blog/euske/editBlogEntry.secureaction?entry=1296752763650" "Mozilla/5.0 (X11; U; Linux i686; en-US; rv:1.9.2.13) Gecko/20101230 Firefox/3.6.13"
210.173.180.160 - - [04/Feb/2011:08:55:58 +0900] "GET /" 200 - - "ichiro/3.0 (http://help.goo.ne.jp/door/crawler.html)"
210.173.180.160 - - [04/Feb/2011:08:56:08 +0900] "GET /rss.xml" 200 - - "ichiro/3.0 (http://help.goo.ne.jp/door/crawler.html)"
66.249.72.43 - - [04/Feb/2011:09:44:53 +0900] "GET /2011/02/01" 200 - - "Mozilla/5.0 (compatible; Googlebot/2.1; +http://www.google.com/bot.html)"
66.249.72.43 - - [04/Feb/2011:10:25:28 +0900] "GET /2011/02/03" 200 - - "Mozilla/5.0 (compatible; Googlebot/2.1; +http://www.google.com/bot.html)"
67.195.114.224 - - [04/Feb/2011:12:23:16 +0900] "GET /" 200 - - "Mozilla/5.0 (compatible; Yahoo! Slurp; http://help.yahoo.com/help/us/ysearch/slurp)"
67.195.114.224 - - [04/Feb/2011:12:24:57 +0900] "GET /atom.xml" 200 - - "Mozilla/5.0 (compatible; Yahoo! Slurp; http://help.yahoo.com/help/us/ysearch/slurp)"
67.195.114.224 - - [04/Feb/2011:12:42:57 +0900] "GET /subscribe.action" 200 - - "Mozilla/5.0 (compatible; Yahoo! Slurp; http://help.yahoo.com/help/us/ysearch/slurp)"
210.173.180.160 - - [04/Feb/2011:14:14:59 +0900] "GET /rdf.xml" 200 - - "ichiro/3.0 (http://help.goo.ne.jp/door/crawler.html)"
210.173.180.160 - - [04/Feb/2011:14:15:09 +0900] "GET /atom.xml" 200 - - "ichiro/3.0 (http://help.goo.ne.jp/door/crawler.html)"
210.173.180.160 - - [04/Feb/2011:14:15:30 +0900] "GET /subscribe.action" 200 - - "ichiro/3.0 (http://help.goo.ne.jp/door/crawler.html)"
210.173.180.160 - - [04/Feb/2011:14:15:45 +0900] "GET /2011/02" 200 - - "ichiro/3.0 (http://help.goo.ne.jp/door/crawler.html)"
210.173.180.160 - - [04/Feb/2011:14:15:58 +0900] "GET /2011/02/04" 200 - - "ichiro/3.0 (http://help.goo.ne.jp/door/crawler.html)"
210.173.180.160 - - [04/Feb/2011:14:16:39 +0900] "GET /search.action" 200 - - "ichiro/3.0 (http://help.goo.ne.jp/door/crawler.html)"
67.195.114.224 - - [04/Feb/2011:14:48:48 +0900] "GET /2011/02/04" 200 - - "Mozilla/5.0 (compatible; Yahoo! Slurp; http://help.yahoo.com/help/us/ysearch/slurp)"
210.173.180.160 - - [04/Feb/2011:14:49:19 +0900] "GET /2011/02/03" 200 - - "ichiro/3.0 (http://help.goo.ne.jp/door/crawler.html)"
210.173.180.160 - - [04/Feb/2011:14:55:13 +0900] "GET /2011/02/02" 200 - - "ichiro/3.0 (http://help.goo.ne.jp/door/crawler.html)"
210.173.180.160 - - [04/Feb/2011:14:58:19 +0900] "GET /2011/02/01" 200 - - "ichiro/3.0 (http://help.goo.ne.jp/door/crawler.html)"
67.195.114.224 - - [04/Feb/2011:16:33:10 +0900] "GET /rdf.xml" 200 - - "Mozilla/5.0 (compatible; Yahoo! Slurp; http://help.yahoo.com/help/us/ysearch/slurp)"
67.195.114.224 - - [04/Feb/2011:16:49:04 +0900] "GET /search.action" 200 - - "Mozilla/5.0 (compatible; Yahoo! Slurp; http://help.yahoo.com/help/us/ysearch/slurp)"
58.93.34.139 - - [04/Feb/2011:19:05:34 +0900] "GET /" 200 - - "Mozilla/5.0 (X11; U; Linux i686; en-US; rv:1.9.2.13) Gecko/20101230 Firefox/3.6.13"
58.93.34.139 - - [04/Feb/2011:19:05:58 +0900] "GET /" 200 - "http://lispnyc.org/blog/euske/" "Mozilla/5.0 (X11; U; Linux i686; en-US; rv:1.9.2.13) Gecko/20101230 Firefox/3.6.13"
58.93.34.139 - - [04/Feb/2011:19:06:04 +0900] "GET /viewMessages.secureaction" 200 - "http://lispnyc.org/blog/euske/" "Mozilla/5.0 (X11; U; Linux i686; en-US; rv:1.9.2.13) Gecko/20101230 Firefox/3.6.13"
58.93.34.139 - - [04/Feb/2011:19:06:08 +0900] "GET /help/index.html" 200 - "http://lispnyc.org/blog/euske/viewMessages.secureaction" "Mozilla/5.0 (X11; U; Linux i686; en-US; rv:1.9.2.13) Gecko/20101230 Firefox/3.6.13"
58.93.34.139 - - [04/Feb/2011:19:06:20 +0900] "GET /help/configuration.html" 200 - "http://lispnyc.org/blog/euske/help/index.html" "Mozilla/5.0 (X11; U; Linux i686; en-US; rv:1.9.2.13) Gecko/20101230 Firefox/3.6.13"
58.93.34.139 - - [04/Feb/2011:19:06:23 +0900] "GET /help/blogEntries.html" 200 - "http://lispnyc.org/blog/euske/help/index.html" "Mozilla/5.0 (X11; U; Linux i686; en-US; rv:1.9.2.13) Gecko/20101230 Firefox/3.6.13"
58.93.34.139 - - [04/Feb/2011:19:07:01 +0900] "GET /help/index.html" 200 - "http://lispnyc.org/blog/euske/viewMessages.secureaction" "Mozilla/5.0 (X11; U; Linux i686; en-US; rv:1.9.2.13) Gecko/20101230 Firefox/3.6.13"
58.93.34.139 - - [04/Feb/2011:19:07:10 +0900] "GET /help/contentDecorators.html" 200 - "http://lispnyc.org/blog/euske/help/index.html" "Mozilla/5.0 (X11; U; Linux i686; en-US; rv:1.9.2.13) Gecko/20101230 Firefox/3.6.13"
58.93.34.139 - - [04/Feb/2011:19:07:28 +0900] "GET /viewPlugins.secureaction" 200 - "http://lispnyc.org/blog/euske/help/contentDecorators.html" "Mozilla/5.0 (X11; U; Linux i686; en-US; rv:1.9.2.13) Gecko/20101230 Firefox/3.6.13"
58.93.34.139 - - [04/Feb/2011:19:08:40 +0900] "GET /aboutBlog.secureaction" 200 - "http://lispnyc.org/blog/euske/viewPlugins.secureaction" "Mozilla/5.0 (X11; U; Linux i686; en-US; rv:1.9.2.13) Gecko/20101230 Firefox/3.6.13"
58.93.34.139 - - [04/Feb/2011:19:08:59 +0900] "GET /" 200 - - "Mozilla/5.0 (X11; U; Linux i686; en-US; rv:1.9.2.13) Gecko/20101230 Firefox/3.6.13"
58.93.34.139 - - [04/Feb/2011:19:09:09 +0900] "POST /manageBlogEntry.secureaction" 200 - "http://lispnyc.org/blog/euske/" "Mozilla/5.0 (X11; U; Linux i686; en-US; rv:1.9.2.13) Gecko/20101230 Firefox/3.6.13"
58.93.34.139 - - [04/Feb/2011:19:09:25 +0900] "GET /viewPlugins.secureaction" 200 - "http://lispnyc.org/blog/euske/manageBlogEntry.secureaction" "Mozilla/5.0 (X11; U; Linux i686; en-US; rv:1.9.2.13) Gecko/20101230 Firefox/3.6.13"
58.93.34.139 - - [04/Feb/2011:19:09:51 +0900] "GET /" 200 - - "Mozilla/5.0 (X11; U; Linux i686; en-US; rv:1.9.2.13) Gecko/20101230 Firefox/3.6.13"
58.93.34.139 - - [04/Feb/2011:19:09:54 +0900] "POST /manageBlogEntry.secureaction" 200 - "http://lispnyc.org/blog/euske/" "Mozilla/5.0 (X11; U; Linux i686; en-US; rv:1.9.2.13) Gecko/20101230 Firefox/3.6.13"
58.93.34.139 - - [04/Feb/2011:19:41:17 +0900] "POST /saveBlogEntry.secureaction" 200 - "http://lispnyc.org/blog/euske/manageBlogEntry.secureaction" "Mozilla/5.0 (X11; U; Linux i686; en-US; rv:1.9.2.13) Gecko/20101230 Firefox/3.6.13"
58.93.34.139 - - [04/Feb/2011:19:42:29 +0900] "POST /saveBlogEntry.secureaction" 200 - "http://lispnyc.org/blog/euske/saveBlogEntry.secureaction" "Mozilla/5.0 (X11; U; Linux i686; en-US; rv:1.9.2.13) Gecko/20101230 Firefox/3.6.13"
58.93.34.139 - - [04/Feb/2011:20:23:51 +0900] "GET /secret-alien-technology-ftw" 200 - "http://lispnyc.org/blog/euske/saveBlogEntry.secureaction" "Mozilla/5.0 (X11; U; Linux i686; en-US; rv:1.9.2.13) Gecko/20101230 Firefox/3.6.13"
58.93.34.139 - - [04/Feb/2011:20:31:44 +0900] "POST /manageBlogEntry.secureaction" 200 - "http://lispnyc.org/blog/euske/secret-alien-technology-ftw" "Mozilla/5.0 (X11; U; Linux i686; en-US; rv:1.9.2.13) Gecko/20101230 Firefox/3.6.13"
58.93.34.139 - - [04/Feb/2011:20:56:47 +0900] "POST /saveBlogEntry.secureaction" 200 - "http://lispnyc.org/blog/euske/manageBlogEntry.secureaction" "Mozilla/5.0 (X11; U; Linux i686; en-US; rv:1.9.2.13) Gecko/20101230 Firefox/3.6.13"
58.93.34.139 - - [04/Feb/2011:21:00:20 +0900] "GET /secret-alien-technology-ftw" 200 - "http://lispnyc.org/blog/euske/saveBlogEntry.secureaction" "Mozilla/5.0 (X11; U; Linux i686; en-US; rv:1.9.2.13) Gecko/20101230 Firefox/3.6.13"
58.93.34.139 - - [04/Feb/2011:21:04:30 +0900] "POST /manageBlogEntry.secureaction" 200 - "http://lispnyc.org/blog/euske/secret-alien-technology-ftw" "Mozilla/5.0 (X11; U; Linux i686; en-US; rv:1.9.2.13) Gecko/20101230 Firefox/3.6.13"
58.93.34.139 - - [04/Feb/2011:21:06:40 +0900] "GET /secret-alien-technology-ftw" 200 - "http://lispnyc.org/blog/euske/manageBlogEntry.secureaction" "Mozilla/5.0 (X11; U; Linux i686; en-US; rv:1.9.2.13) Gecko/20101230 Firefox/3.6.13"
58.93.34.139 - - [04/Feb/2011:21:08:52 +0900] "GET /" 200 - "http://lispnyc.org/blog/" "Mozilla/5.0 (X11; U; Linux i686; en-US; rv:1.9.2.13) Gecko/20101230 Firefox/3.6.13"
58.93.34.139 - - [04/Feb/2011:21:09:25 +0900] "POST /manageBlogEntry.secureaction" 200 - "http://lispnyc.org/blog/euske/" "Mozilla/5.0 (X11; U; Linux i686; en-US; rv:1.9.2.13) Gecko/20101230 Firefox/3.6.13"
58.93.34.139 - - [04/Feb/2011:21:09:40 +0900] "GET /viewMessages.secureaction" 200 - "http://lispnyc.org/blog/euske/manageBlogEntry.secureaction" "Mozilla/5.0 (X11; U; Linux i686; en-US; rv:1.9.2.13) Gecko/20101230 Firefox/3.6.13"
58.93.34.139 - - [04/Feb/2011:21:43:44 +0900] "GET /viewUnpublishedBlogEntries.secureaction" 200 - "http://lispnyc.org/blog/euske/viewMessages.secureaction" "Mozilla/5.0 (X11; U; Linux i686; en-US; rv:1.9.2.13) Gecko/20101230 Firefox/3.6.13"
58.93.34.139 - - [04/Feb/2011:21:43:56 +0900] "GET /addBlogEntry.secureaction" 200 - "http://lispnyc.org/blog/euske/viewUnpublishedBlogEntries.secureaction" "Mozilla/5.0 (X11; U; Linux i686; en-US; rv:1.9.2.13) Gecko/20101230 Firefox/3.6.13"
58.93.34.139 - - [04/Feb/2011:21:44:20 +0900] "GET /viewUnpublishedBlogEntries.secureaction" 200 - "http://lispnyc.org/blog/euske/addBlogEntry.secureaction" "Mozilla/5.0 (X11; U; Linux i686; en-US; rv:1.9.2.13) Gecko/20101230 Firefox/3.6.13"
58.93.34.139 - - [04/Feb/2011:21:44:32 +0900] "GET /editBlogEntry.secureaction?entry=1296752763650" 200 - "http://lispnyc.org/blog/euske/viewUnpublishedBlogEntries.secureaction" "Mozilla/5.0 (X11; U; Linux i686; en-US; rv:1.9.2.13) Gecko/20101230 Firefox/3.6.13"
58.93.34.139 - - [04/Feb/2011:21:44:59 +0900] "GET /addBlogEntry.secureaction" 200 - "http://lispnyc.org/blog/euske/editBlogEntry.secureaction?entry=1296752763650" "Mozilla/5.0 (X11; U; Linux i686; en-US; rv:1.9.2.13) Gecko/20101230 Firefox/3.6.13"
58.93.34.139 - - [04/Feb/2011:21:45:21 +0900] "GET /secret-alien-technology-ftw_1296823440000" 200 - "http://lispnyc.org/blog/euske/addBlogEntry.secureaction" "Mozilla/5.0 (X11; U; Linux i686; en-US; rv:1.9.2.13) Gecko/20101230 Firefox/3.6.13"
58.93.34.139 - - [04/Feb/2011:21:45:42 +0900] "POST /manageBlogEntry.secureaction" 200 - "http://lispnyc.org/blog/euske/secret-alien-technology-ftw_1296823440000" "Mozilla/5.0 (X11; U; Linux i686; en-US; rv:1.9.2.13) Gecko/20101230 Firefox/3.6.13"
58.93.34.139 - - [04/Feb/2011:21:45:59 +0900] "GET /secret-alien-technology-ftw_1296823440000" 200 - "http://lispnyc.org/blog/euske/manageBlogEntry.secureaction" "Mozilla/5.0 (X11; U; Linux i686; en-US; rv:1.9.2.13) Gecko/20101230 Firefox/3.6.13"
58.93.34.139 - - [04/Feb/2011:21:46:09 +0900] "GET /viewUnpublishedBlogEntries.secureaction" 200 - "http://lispnyc.org/blog/euske/secret-alien-technology-ftw_1296823440000" "Mozilla/5.0 (X11; U; Linux i686; en-US; rv:1.9.2.13) Gecko/20101230 Firefox/3.6.13"
58.93.34.139 - - [04/Feb/2011:21:46:15 +0900] "GET /viewUnpublishedBlogEntries.secureaction" 200 - "http://lispnyc.org/blog/euske/viewUnpublishedBlogEntries.secureaction" "Mozilla/5.0 (X11; U; Linux i686; en-US; rv:1.9.2.13) Gecko/20101230 Firefox/3.6.13"
58.93.34.139 - - [04/Feb/2011:21:51:30 +0900] "GET /secret-alien-technology-ftw_1296823440000" 404 - "http://lispnyc.org/blog/euske/manageBlogEntry.secureaction" "Mozilla/5.0 (X11; U; Linux i686; en-US; rv:1.9.2.13) Gecko/20101230 Firefox/3.6.13"
58.93.34.139 - - [04/Feb/2011:21:51:33 +0900] "GET /secret-alien-technology-ftw_1296823440000" 404 - "http://lispnyc.org/blog/euske/manageBlogEntry.secureaction" "Mozilla/5.0 (X11; U; Linux i686; en-US; rv:1.9.2.13) Gecko/20101230 Firefox/3.6.13"
58.93.34.139 - - [04/Feb/2011:21:51:39 +0900] "GET /addBlogEntry.secureaction" 200 - "http://lispnyc.org/blog/euske/editBlogEntry.secureaction?entry=1296752763650" "Mozilla/5.0 (X11; U; Linux i686; en-US; rv:1.9.2.13) Gecko/20101230 Firefox/3.6.13"
58.93.34.139 - - [04/Feb/2011:21:51:43 +0900] "GET /" 200 - "http://lispnyc.org/blog/euske/addBlogEntry.secureaction" "Mozilla/5.0 (X11; U; Linux i686; en-US; rv:1.9.2.13) Gecko/20101230 Firefox/3.6.13"
58.93.34.139 - - [04/Feb/2011:21:51:46 +0900] "GET /authors/euske/" 200 - "http://lispnyc.org/blog/euske/" "Mozilla/5.0 (X11; U; Linux i686; en-US; rv:1.9.2.13) Gecko/20101230 Firefox/3.6.13"
58.93.34.139 - - [04/Feb/2011:21:52:18 +0900] "GET /viewMessages.secureaction" 200 - "http://lispnyc.org/blog/euske/authors/euske/" "Mozilla/5.0 (X11; U; Linux i686; en-US; rv:1.9.2.13) Gecko/20101230 Firefox/3.6.13"
58.93.34.139 - - [04/Feb/2011:21:52:35 +0900] "GET /viewReferers.secureaction" 200 - "http://lispnyc.org/blog/euske/viewMessages.secureaction" "Mozilla/5.0 (X11; U; Linux i686; en-US; rv:1.9.2.13) Gecko/20101230 Firefox/3.6.13"
58.93.34.139 - - [04/Feb/2011:21:53:04 +0900] "GET /" 200 - "http://lispnyc.org/blog/euske/viewReferers.secureaction" "Mozilla/5.0 (X11; U; Linux i686; en-US; rv:1.9.2.13) Gecko/20101230 Firefox/3.6.13"
58.93.34.139 - - [04/Feb/2011:21:53:41 +0900] "GET /" 200 - - "Mozilla/5.0 (X11; U; Linux i686; en-US; rv:1.9.2.13) Gecko/20101230 Firefox/3.6.13"
58.93.34.139 - - [04/Feb/2011:21:53:52 +0900] "GET /" 200 - "http://lispnyc.org/blog/euske/" "Mozilla/5.0 (X11; U; Linux i686; en-US; rv:1.9.2.13) Gecko/20101230 Firefox/3.6.13"
58.93.34.139 - - [04/Feb/2011:21:53:58 +0900] "POST /manageBlogEntry.secureaction" 200 - "http://lispnyc.org/blog/euske/" "Mozilla/5.0 (X11; U; Linux i686; en-US; rv:1.9.2.13) Gecko/20101230 Firefox/3.6.13"
58.93.34.139 - - [04/Feb/2011:21:54:13 +0900] "GET /secret-alien-technology-ftw" 200 - "http://lispnyc.org/blog/euske/manageBlogEntry.secureaction" "Mozilla/5.0 (X11; U; Linux i686; en-US; rv:1.9.2.13) Gecko/20101230 Firefox/3.6.13"
58.93.34.139 - - [04/Feb/2011:21:54:19 +0900] "GET /viewMessages.secureaction" 200 - "http://lispnyc.org/blog/euske/secret-alien-technology-ftw" "Mozilla/5.0 (X11; U; Linux i686; en-US; rv:1.9.2.13) Gecko/20101230 Firefox/3.6.13"
58.93.34.139 - - [04/Feb/2011:21:54:30 +0900] "GET /" 200 - "http://lispnyc.org/blog/euske/viewMessages.secureaction" "Mozilla/5.0 (X11; U; Linux i686; en-US; rv:1.9.2.13) Gecko/20101230 Firefox/3.6.13"
68.175.66.95 - - [04/Feb/2011:21:58:13 +0900] "GET /secret-alien-technology-ftw" 200 - "http://lispnyc.org/blog/" "Mozilla/5.0 (X11; U; Linux x86_64; en-US; rv:1.9.2.13) Gecko/20101206 Ubuntu/10.04 (lucid) Firefox/3.6.13"
68.175.66.95 - - [04/Feb/2011:21:59:52 +0900] "POST /saveComment.action" 200 - "http://lispnyc.org/blog/euske/secret-alien-technology-ftw" "Mozilla/5.0 (X11; U; Linux x86_64; en-US; rv:1.9.2.13) Gecko/20101206 Ubuntu/10.04 (lucid) Firefox/3.6.13"
68.175.66.95 - - [04/Feb/2011:21:59:55 +0900] "POST /confirmComment.action" 200 - "http://lispnyc.org/blog/euske/saveComment.action" "Mozilla/5.0 (X11; U; Linux x86_64; en-US; rv:1.9.2.13) Gecko/20101206 Ubuntu/10.04 (lucid) Firefox/3.6.13"
58.93.34.139 - - [04/Feb/2011:22:20:55 +0900] "GET /" 200 - - "Mozilla/5.0 (X11; U; Linux i686; en-US; rv:1.9.2.13) Gecko/20101230 Firefox/3.6.13"
58.93.34.139 - - [04/Feb/2011:22:22:58 +0900] "GET /authors/euske/" 200 - "http://lispnyc.org/blog/euske/" "Mozilla/5.0 (X11; U; Linux i686; en-US; rv:1.9.2.13) Gecko/20101230 Firefox/3.6.13"
68.175.66.95 - - [04/Feb/2011:22:50:25 +0900] "GET /" 200 - "http://lispnyc.org/blog/" "Mozilla/5.0 (X11; U; Linux x86_64; en-US; rv:1.9.2.13) Gecko/20101206 Ubuntu/10.04 (lucid) Firefox/3.6.13"
58.93.34.139 - - [04/Feb/2011:23:17:03 +0900] "GET /" 200 - - "Mozilla/5.0 (X11; U; Linux i686; en-US; rv:1.9.2.13) Gecko/20101230 Firefox/3.6.13"
58.93.34.139 - - [04/Feb/2011:23:17:19 +0900] "GET /" 200 - "http://lispnyc.org/blog/euske/" "Mozilla/5.0 (X11; U; Linux i686; en-US; rv:1.9.2.13) Gecko/20101230 Firefox/3.6.13"
58.93.34.139 - - [04/Feb/2011:23:17:24 +0900] "GET /viewMessages.secureaction" 200 - "http://lispnyc.org/blog/euske/" "Mozilla/5.0 (X11; U; Linux i686; en-US; rv:1.9.2.13) Gecko/20101230 Firefox/3.6.13"
58.93.34.139 - - [04/Feb/2011:23:17:29 +0900] "POST /clearMessages.secureaction" 200 - "http://lispnyc.org/blog/euske/viewMessages.secureaction" "Mozilla/5.0 (X11; U; Linux i686; en-US; rv:1.9.2.13) Gecko/20101230 Firefox/3.6.13"
58.93.34.139 - - [04/Feb/2011:23:17:49 +0900] "GET /viewRequests.secureaction" 200 - "http://lispnyc.org/blog/euske/clearMessages.secureaction" "Mozilla/5.0 (X11; U; Linux i686; en-US; rv:1.9.2.13) Gecko/20101230 Firefox/3.6.13"
58.93.34.139 - - [04/Feb/2011:23:18:00 +0900] "GET /viewLogSummary.secureaction" 200 - "http://lispnyc.org/blog/euske/viewRequests.secureaction" "Mozilla/5.0 (X11; U; Linux i686; en-US; rv:1.9.2.13) Gecko/20101230 Firefox/3.6.13"
58.93.34.139 - - [04/Feb/2011:23:18:07 +0900] "GET /viewReferers.secureaction" 200 - "http://lispnyc.org/blog/euske/viewLogSummary.secureaction" "Mozilla/5.0 (X11; U; Linux i686; en-US; rv:1.9.2.13) Gecko/20101230 Firefox/3.6.13"
58.93.34.139 - - [04/Feb/2011:23:18:51 +0900] "GET /" 200 - "http://lispnyc.org/blog/lisppets/authors/van/" "Mozilla/5.0 (X11; U; Linux i686; en-US; rv:1.9.2.13) Gecko/20101230 Firefox/3.6.13"
58.93.34.139 - - [04/Feb/2011:23:18:57 +0900] "GET /authors/euske/" 200 - "http://lispnyc.org/blog/euske/" "Mozilla/5.0 (X11; U; Linux i686; en-US; rv:1.9.2.13) Gecko/20101230 Firefox/3.6.13"
67.195.114.224 - - [04/Feb/2011:23:59:51 +0900] "GET /rss.xml" 200 - - "Mozilla/5.0 (compatible; Yahoo! Slurp; http://help.yahoo.com/help/us/ysearch/slurp)"
