72.14.199.148 - - [19/Feb/2011:00:00:57 +0900] "GET /atom.xml" 304 - - "Feedfetcher-Google; (+http://www.google.com/feedfetcher.html; 4 subscribers; feed-id=5146562804069246624)"
67.195.114.220 - - [19/Feb/2011:00:03:34 +0900] "GET /what-if-lisp-was-invented-by-the-japanese" 200 - - "Mozilla/5.0 (compatible; Yahoo! Slurp; http://help.yahoo.com/help/us/ysearch/slurp)"
67.195.114.220 - - [19/Feb/2011:00:03:35 +0900] "GET /what-if-lisp-was-invented-by-the-japanese" 200 - - "Mozilla/5.0 (compatible; Yahoo! Slurp; http://help.yahoo.com/help/us/ysearch/slurp)"
67.195.114.220 - - [19/Feb/2011:00:03:38 +0900] "GET /generateTrackBackLink.action?entry=1296823440000" 200 - - "Mozilla/5.0 (compatible; Yahoo! Slurp; http://help.yahoo.com/help/us/ysearch/slurp)"
67.195.114.220 - - [19/Feb/2011:00:03:39 +0900] "GET /2011/02/11" 200 - - "Mozilla/5.0 (compatible; Yahoo! Slurp; http://help.yahoo.com/help/us/ysearch/slurp)"
72.53.195.199 - - [19/Feb/2011:00:03:39 +0900] "GET /rss.xml" 200 - - "Mozilla/5.0 (Windows; U; Windows NT 5.1; en-US; rv:1.9.0.5) Gecko/2008120122 Firefox/3.0.5\r\n"
67.195.112.43 - - [19/Feb/2011:00:04:24 +0900] "GET /search.action" 200 - - "Mozilla/5.0 (compatible; Yahoo! Slurp; http://help.yahoo.com/help/us/ysearch/slurp)"
67.195.112.43 - - [19/Feb/2011:00:04:49 +0900] "GET /2011/02/04" 200 - - "Mozilla/5.0 (compatible; Yahoo! Slurp; http://help.yahoo.com/help/us/ysearch/slurp)"
67.195.114.220 - - [19/Feb/2011:00:04:50 +0900] "GET /replyToBlogEntry.action?entry=1296823440000&comment=1296824392351" 200 - - "Mozilla/5.0 (compatible; Yahoo! Slurp; http://help.yahoo.com/help/us/ysearch/slurp)"
67.195.114.220 - - [19/Feb/2011:00:05:17 +0900] "GET /secret-alien-technology-ftw" 200 - - "Mozilla/5.0 (compatible; Yahoo! Slurp; http://help.yahoo.com/help/us/ysearch/slurp)"
67.195.112.43 - - [19/Feb/2011:00:05:29 +0900] "GET /tags/" 200 - - "Mozilla/5.0 (compatible; Yahoo! Slurp; http://help.yahoo.com/help/us/ysearch/slurp)"
67.195.112.43 - - [19/Feb/2011:00:05:30 +0900] "GET /rdf.xml" 200 - - "Mozilla/5.0 (compatible; Yahoo! Slurp; http://help.yahoo.com/help/us/ysearch/slurp)"
67.195.112.43 - - [19/Feb/2011:00:05:37 +0900] "GET /2011/02/11" 200 - - "Mozilla/5.0 (compatible; Yahoo! Slurp; http://help.yahoo.com/help/us/ysearch/slurp)"
122.26.179.234 - - [19/Feb/2011:00:05:50 +0900] "GET /" 200 - - "Mozilla/4.0 (compatible; MSIE 8.0; Windows NT 6.1; WOW64; Trident/4.0; SLCC2; .NET CLR 2.0.50727; .NET CLR 3.5.30729; .NET CLR 3.0.30729; Media Center PC 6.0; .NET4.0C)"
67.195.114.220 - - [19/Feb/2011:00:05:54 +0900] "GET /2011/02/12" 200 - - "Mozilla/5.0 (compatible; Yahoo! Slurp; http://help.yahoo.com/help/us/ysearch/slurp)"
67.195.112.43 - - [19/Feb/2011:00:06:10 +0900] "GET /2011/02/12" 200 - - "Mozilla/5.0 (compatible; Yahoo! Slurp; http://help.yahoo.com/help/us/ysearch/slurp)"
184.73.239.99 - - [19/Feb/2011:00:06:27 +0900] "HEAD /what-if-lisp-was-invented-by-the-japanese" 200 - - "Mozilla/5.0 (compatible; woriobot support [at] worio [dot] com +http://worio.com)"
209.131.41.48 - - [19/Feb/2011:00:06:38 +0900] "GET /what-if-lisp-was-invented-by-the-japanese" 200 - - "Mozilla/5.0 (compatible; Yahoo Pipes 2.0; +http://developer.yahoo.com/yql/provider) Gecko/20090729 Firefox/3.5.2"
66.249.72.43 - - [19/Feb/2011:00:12:20 +0900] "GET /2011/02/10" 200 - - "Mozilla/5.0 (compatible; Googlebot/2.1; +http://www.google.com/bot.html)"
67.195.112.43 - - [19/Feb/2011:00:15:50 +0900] "GET /2011/02/10" 200 - - "Mozilla/5.0 (compatible; Yahoo! Slurp; http://help.yahoo.com/help/us/ysearch/slurp)"
64.241.87.62 - - [19/Feb/2011:00:20:37 +0900] "GET /what-if-lisp-was-invented-by-the-japanese" 200 - "http://www.reddit.com/r/lisp" "Mozilla/5.0 (X11; U; Linux x86_64; en-US) AppleWebKit/534.13 (KHTML, like Gecko) Chrome/9.0.597.84 Safari/534.13"
72.14.199.148 - - [19/Feb/2011:00:22:55 +0900] "GET /rss.xml" 304 - - "Feedfetcher-Google; (+http://www.google.com/feedfetcher.html; 4 subscribers; feed-id=1720132379870088030)"
203.104.98.218 - - [19/Feb/2011:00:25:25 +0900] "GET /rss.xml" 304 - - "livedoor FeedFetcher/0.01 (http://reader.livedoor.com/; 1 subscriber)"
184.73.239.99 - - [19/Feb/2011:00:27:05 +0900] "HEAD /what-if-lisp-was-invented-by-the-japanese" 200 - - "Mozilla/5.0 (compatible; woriobot support [at] worio [dot] com +http://worio.com)"
67.195.112.43 - - [19/Feb/2011:00:28:37 +0900] "GET /" 200 - - "Mozilla/5.0 (compatible; Yahoo! Slurp; http://help.yahoo.com/help/us/ysearch/slurp)"
207.46.204.238 - - [19/Feb/2011:00:31:48 +0900] "GET /what-if-lisp-was-invented-by-the-japanese" 200 - - "Mozilla/5.0 (compatible; bingbot/2.0; +http://www.bing.com/bingbot.htm)"
216.39.58.17 - - [19/Feb/2011:00:42:30 +0900] "GET /what-if-lisp-was-invented-by-the-japanese" 200 - - "Mozilla/5.0 (compatible; Yahoo Pipes 2.0; +http://developer.yahoo.com/yql/provider) Gecko/20090729 Firefox/3.5.2"
67.195.112.43 - - [19/Feb/2011:00:42:43 +0900] "GET /responses/rss.xml?entry=1297401660000" 200 - - "Mozilla/5.0 (compatible; Yahoo! Slurp; http://help.yahoo.com/help/us/ysearch/slurp)"
216.39.58.78 - - [19/Feb/2011:00:45:37 +0900] "GET /what-if-lisp-was-invented-by-the-japanese" 200 - - "Mozilla/5.0 (compatible; Yahoo Pipes 2.0; +http://developer.yahoo.com/yql/provider) Gecko/20090729 Firefox/3.5.2"
184.73.239.99 - - [19/Feb/2011:00:46:52 +0900] "HEAD /what-if-lisp-was-invented-by-the-japanese" 200 - - "Mozilla/5.0 (compatible; woriobot support [at] worio [dot] com +http://worio.com)"
67.176.192.87 - - [19/Feb/2011:00:51:27 +0900] "GET /what-if-lisp-was-invented-by-the-japanese" 200 - "http://news.ycombinator.com/" "Mozilla/5.0 (Windows; U; Windows NT 6.1; en-US) AppleWebKit/534.13 (KHTML, like Gecko) Chrome/9.0.597.98 Safari/534.13"
72.30.161.246 - - [19/Feb/2011:00:54:51 +0900] "GET /what-if-lisp-was-invented-by-the-japanese" 200 - - "Mozilla/5.0 (compatible; Yahoo! Slurp; http://help.yahoo.com/help/us/ysearch/slurp)"
67.195.112.43 - - [19/Feb/2011:01:01:26 +0900] "GET /responses/rss.xml" 200 - - "Mozilla/5.0 (compatible; Yahoo! Slurp; http://help.yahoo.com/help/us/ysearch/slurp)"
72.14.199.148 - - [19/Feb/2011:01:05:07 +0900] "GET /atom.xml" 304 - - "Feedfetcher-Google; (+http://www.google.com/feedfetcher.html; 4 subscribers; feed-id=5146562804069246624)"
184.73.239.99 - - [19/Feb/2011:01:07:11 +0900] "HEAD /what-if-lisp-was-invented-by-the-japanese" 200 - - "Mozilla/5.0 (compatible; woriobot support [at] worio [dot] com +http://worio.com)"
67.69.227.99 - - [19/Feb/2011:01:11:58 +0900] "GET /what-if-lisp-was-invented-by-the-japanese" 200 - "http://www.reddit.com/r/programming/?count=100&after=t3_fl79r" "Mozilla/5.0 (Windows; U; Windows NT 5.1; en-US; rv:1.9.2.13) Gecko/20101203 Firefox/3.6.13 (.NET CLR 3.5.30729)"
72.14.199.148 - - [19/Feb/2011:01:13:05 +0900] "GET /rss.xml" 304 - - "Feedfetcher-Google; (+http://www.google.com/feedfetcher.html; 4 subscribers; feed-id=1720132379870088030)"
209.131.41.49 - - [19/Feb/2011:01:17:47 +0900] "GET /what-if-lisp-was-invented-by-the-japanese" 200 - - "Mozilla/5.0 (compatible; Yahoo Pipes 2.0; +http://developer.yahoo.com/yql/provider) Gecko/20090729 Firefox/3.5.2"
198.81.129.186 - - [19/Feb/2011:01:20:06 +0900] "GET /what-if-lisp-was-invented-by-the-japanese" 200 - - "Mozilla/5.0 (Windows; U; Windows NT 5.1; en-US; rv:1.9.2.8) Gecko/20100722 Firefox/3.6.8"
134.158.120.90 - - [19/Feb/2011:01:24:47 +0900] "GET /rss.xml" 304 - - "Mozilla/5.0 (X11; U; Linux i686; fr; rv:1.9.2.13) Gecko/20101209 Red Hat/3.6-3.el4 Firefox/3.6.13"
184.73.239.99 - - [19/Feb/2011:01:29:23 +0900] "HEAD /what-if-lisp-was-invented-by-the-japanese" 200 - - "Mozilla/5.0 (compatible; woriobot support [at] worio [dot] com +http://worio.com)"
184.72.167.56 - - [19/Feb/2011:01:31:50 +0900] "HEAD /what-if-lisp-was-invented-by-the-japanese" 200 - - "Mozilla/5.0 (compatible; PaperLiBot/2.1)"
184.72.167.56 - - [19/Feb/2011:01:31:51 +0900] "GET /what-if-lisp-was-invented-by-the-japanese" 200 - - "Mozilla/5.0 (compatible; PaperLiBot/2.1)"
67.195.112.43 - - [19/Feb/2011:01:33:03 +0900] "GET /rss.xml" 200 - - "Mozilla/5.0 (compatible; Yahoo! Slurp; http://help.yahoo.com/help/us/ysearch/slurp)"
184.73.239.99 - - [19/Feb/2011:01:50:58 +0900] "HEAD /what-if-lisp-was-invented-by-the-japanese" 200 - - "Mozilla/5.0 (compatible; woriobot support [at] worio [dot] com +http://worio.com)"
66.249.72.87 - - [19/Feb/2011:01:53:12 +0900] "GET /" 200 - - "Mozilla/5.0 (compatible; Googlebot/2.1; +http://www.google.com/bot.html)"
216.39.58.17 - - [19/Feb/2011:01:53:50 +0900] "GET /what-if-lisp-was-invented-by-the-japanese" 200 - - "Mozilla/5.0 (compatible; Yahoo Pipes 2.0; +http://developer.yahoo.com/yql/provider) Gecko/20090729 Firefox/3.5.2"
67.195.112.43 - - [19/Feb/2011:01:54:00 +0900] "GET /what-if-lisp-was-invented-by-the-japanese" 200 - - "Mozilla/5.0 (compatible; Yahoo! Slurp; http://help.yahoo.com/help/us/ysearch/slurp)"
67.195.112.43 - - [19/Feb/2011:01:54:45 +0900] "GET /atom.xml" 200 - - "Mozilla/5.0 (compatible; Yahoo! Slurp; http://help.yahoo.com/help/us/ysearch/slurp)"
67.195.112.43 - - [19/Feb/2011:01:54:57 +0900] "GET /replyToBlogEntry.action?entry=1297401660000&comment=1297710123628" 200 - - "Mozilla/5.0 (compatible; Yahoo! Slurp; http://help.yahoo.com/help/us/ysearch/slurp)"
67.195.112.43 - - [19/Feb/2011:01:55:09 +0900] "GET /replyToBlogEntry.action?entry=1297401660000&comment=1297613830060" 200 - - "Mozilla/5.0 (compatible; Yahoo! Slurp; http://help.yahoo.com/help/us/ysearch/slurp)"
67.195.112.43 - - [19/Feb/2011:01:55:29 +0900] "GET /2011/02" 200 - - "Mozilla/5.0 (compatible; Yahoo! Slurp; http://help.yahoo.com/help/us/ysearch/slurp)"
67.195.112.43 - - [19/Feb/2011:01:55:40 +0900] "GET /replyToBlogEntry.action?entry=1297401660000&comment=1297618195677" 200 - - "Mozilla/5.0 (compatible; Yahoo! Slurp; http://help.yahoo.com/help/us/ysearch/slurp)"
67.195.112.43 - - [19/Feb/2011:01:55:48 +0900] "GET /replyToBlogEntry.action?entry=1297401660000&comment=1297728186695" 200 - - "Mozilla/5.0 (compatible; Yahoo! Slurp; http://help.yahoo.com/help/us/ysearch/slurp)"
67.195.112.43 - - [19/Feb/2011:01:55:57 +0900] "GET /generateTrackBackLink.action?entry=1297401660000" 200 - - "Mozilla/5.0 (compatible; Yahoo! Slurp; http://help.yahoo.com/help/us/ysearch/slurp)"
67.195.112.43 - - [19/Feb/2011:01:56:05 +0900] "GET /replyToBlogEntry.action?entry=1297401660000&comment=1297711949849" 200 - - "Mozilla/5.0 (compatible; Yahoo! Slurp; http://help.yahoo.com/help/us/ysearch/slurp)"
67.195.112.43 - - [19/Feb/2011:01:56:09 +0900] "GET /2011/02/19" 200 - - "Mozilla/5.0 (compatible; Yahoo! Slurp; http://help.yahoo.com/help/us/ysearch/slurp)"
67.195.112.43 - - [19/Feb/2011:01:56:37 +0900] "GET /replyToBlogEntry.action?entry=1297401660000&comment=1297596963430" 200 - - "Mozilla/5.0 (compatible; Yahoo! Slurp; http://help.yahoo.com/help/us/ysearch/slurp)"
216.39.58.78 - - [19/Feb/2011:01:57:16 +0900] "GET /what-if-lisp-was-invented-by-the-japanese" 200 - - "Mozilla/5.0 (compatible; Yahoo Pipes 2.0; +http://developer.yahoo.com/yql/provider) Gecko/20090729 Firefox/3.5.2"
67.195.112.43 - - [19/Feb/2011:01:57:29 +0900] "GET /2011/02/18" 200 - - "Mozilla/5.0 (compatible; Yahoo! Slurp; http://help.yahoo.com/help/us/ysearch/slurp)"
67.195.112.43 - - [19/Feb/2011:01:57:38 +0900] "GET /replyToBlogEntry.action?entry=1297401660000&comment=1297643709154" 200 - - "Mozilla/5.0 (compatible; Yahoo! Slurp; http://help.yahoo.com/help/us/ysearch/slurp)"
67.195.112.43 - - [19/Feb/2011:01:58:05 +0900] "GET /authors/euske/" 200 - - "Mozilla/5.0 (compatible; Yahoo! Slurp; http://help.yahoo.com/help/us/ysearch/slurp)"
67.195.112.43 - - [19/Feb/2011:01:58:31 +0900] "GET /subscribe.action" 200 - - "Mozilla/5.0 (compatible; Yahoo! Slurp; http://help.yahoo.com/help/us/ysearch/slurp)"
67.195.112.43 - - [19/Feb/2011:02:05:31 +0900] "GET /replyToBlogEntry.action?entry=1297401660000&comment=1297773779974" 200 - - "Mozilla/5.0 (compatible; Yahoo! Slurp; http://help.yahoo.com/help/us/ysearch/slurp)"
72.14.199.148 - - [19/Feb/2011:02:05:55 +0900] "GET /rss.xml" 304 - - "Feedfetcher-Google; (+http://www.google.com/feedfetcher.html; 4 subscribers; feed-id=1720132379870088030)"
203.104.98.220 - - [19/Feb/2011:02:06:17 +0900] "GET /rss.xml" 304 - - "livedoor FeedFetcher/0.01 (http://reader.livedoor.com/; 1 subscriber)"
72.14.199.148 - - [19/Feb/2011:02:08:07 +0900] "GET /atom.xml" 304 - - "Feedfetcher-Google; (+http://www.google.com/feedfetcher.html; 4 subscribers; feed-id=5146562804069246624)"
66.249.72.87 - - [19/Feb/2011:02:10:21 +0900] "GET /rss.xml" 200 - - "Mozilla/5.0 (compatible; Googlebot/2.1; +http://www.google.com/bot.html)"
184.73.239.99 - - [19/Feb/2011:02:10:59 +0900] "HEAD /what-if-lisp-was-invented-by-the-japanese" 200 - - "Mozilla/5.0 (compatible; woriobot support [at] worio [dot] com +http://worio.com)"
67.195.112.43 - - [19/Feb/2011:02:12:40 +0900] "GET /replyToBlogEntry.action?entry=1297401660000&comment=1297760248231" 200 - - "Mozilla/5.0 (compatible; Yahoo! Slurp; http://help.yahoo.com/help/us/ysearch/slurp)"
66.249.72.87 - - [19/Feb/2011:02:12:48 +0900] "GET /atom.xml" 200 - - "Mozilla/5.0 (compatible; Googlebot/2.1; +http://www.google.com/bot.html)"
67.195.114.220 - - [19/Feb/2011:02:15:27 +0900] "GET /secret-alien-technology-ftw" 200 - - "Mozilla/5.0 (compatible; Yahoo! Slurp; http://help.yahoo.com/help/us/ysearch/slurp)"
67.195.112.43 - - [19/Feb/2011:02:16:33 +0900] "GET /responses/rss.xml?entry=1296823440000" 200 - - "Mozilla/5.0 (compatible; Yahoo! Slurp; http://help.yahoo.com/help/us/ysearch/slurp)"
67.195.112.43 - - [19/Feb/2011:02:17:13 +0900] "GET /replyToBlogEntry.action?entry=1297401660000&comment=1297625755177" 200 - - "Mozilla/5.0 (compatible; Yahoo! Slurp; http://help.yahoo.com/help/us/ysearch/slurp)"
66.249.72.87 - - [19/Feb/2011:02:17:43 +0900] "GET /search.action" 200 - - "Mozilla/5.0 (compatible; Googlebot/2.1; +http://www.google.com/bot.html)"
66.249.72.87 - - [19/Feb/2011:02:20:10 +0900] "GET /subscribe.action" 200 - - "Mozilla/5.0 (compatible; Googlebot/2.1; +http://www.google.com/bot.html)"
66.249.72.87 - - [19/Feb/2011:02:21:23 +0900] "GET /secret-alien-technology-ftw" 200 - - "Mozilla/5.0 (compatible; Googlebot/2.1; +http://www.google.com/bot.html)"
66.249.72.87 - - [19/Feb/2011:02:22:37 +0900] "GET /tags/" 200 - - "Mozilla/5.0 (compatible; Googlebot/2.1; +http://www.google.com/bot.html)"
66.249.72.87 - - [19/Feb/2011:02:23:51 +0900] "GET /2011/02" 200 - - "Mozilla/5.0 (compatible; Googlebot/2.1; +http://www.google.com/bot.html)"
173.14.51.253 - - [19/Feb/2011:02:24:31 +0900] "GET /what-if-lisp-was-invented-by-the-japanese" 200 - "http://www.reddit.com/r/lisp" "Mozilla/5.0 (Windows; U; Windows NT 6.1; en-US; rv:1.9.2.13) Gecko/20101203 Firefox/3.6.13"
66.249.72.87 - - [19/Feb/2011:02:25:04 +0900] "GET /responses/rss.xml" 200 - - "Mozilla/5.0 (compatible; Googlebot/2.1; +http://www.google.com/bot.html)"
125.6.162.3 - - [19/Feb/2011:02:26:14 +0900] "GET /atom.xml" 304 - - "Fastladder FeedFetcher/0.01 (http://fastladder.com/; 1 subscriber)"
134.158.120.90 - - [19/Feb/2011:02:27:15 +0900] "GET /rss.xml" 304 - - "Mozilla/5.0 (X11; U; Linux i686; fr; rv:1.9.2.13) Gecko/20101209 Red Hat/3.6-3.el4 Firefox/3.6.13"
66.249.72.87 - - [19/Feb/2011:02:27:31 +0900] "GET /2011/02/11" 200 - - "Mozilla/5.0 (compatible; Googlebot/2.1; +http://www.google.com/bot.html)"
216.39.58.17 - - [19/Feb/2011:02:28:38 +0900] "GET /what-if-lisp-was-invented-by-the-japanese" 200 - - "Mozilla/5.0 (compatible; Yahoo Pipes 2.0; +http://developer.yahoo.com/yql/provider) Gecko/20090729 Firefox/3.5.2"
66.249.72.87 - - [19/Feb/2011:02:28:45 +0900] "GET /2011/02/19" 200 - - "Mozilla/5.0 (compatible; Googlebot/2.1; +http://www.google.com/bot.html)"
184.73.239.99 - - [19/Feb/2011:02:31:08 +0900] "HEAD /what-if-lisp-was-invented-by-the-japanese" 200 - - "Mozilla/5.0 (compatible; woriobot support [at] worio [dot] com +http://worio.com)"
66.249.72.87 - - [19/Feb/2011:02:32:26 +0900] "GET /2011/02/09" 200 - - "Mozilla/5.0 (compatible; Googlebot/2.1; +http://www.google.com/bot.html)"
66.249.72.87 - - [19/Feb/2011:02:33:40 +0900] "GET /2011/02/04" 200 - - "Mozilla/5.0 (compatible; Googlebot/2.1; +http://www.google.com/bot.html)"
67.195.114.220 - - [19/Feb/2011:02:46:52 +0900] "GET /replyToBlogEntry.action?entry=1296823440000&comment=1296865141903" 200 - - "Mozilla/5.0 (compatible; Yahoo! Slurp; http://help.yahoo.com/help/us/ysearch/slurp)"
184.73.239.99 - - [19/Feb/2011:02:50:06 +0900] "HEAD /what-if-lisp-was-invented-by-the-japanese" 200 - - "Mozilla/5.0 (compatible; woriobot support [at] worio [dot] com +http://worio.com)"
173.117.146.71 - - [19/Feb/2011:02:52:08 +0900] "GET /what-if-lisp-was-invented-by-the-japanese" 200 - - "Mozilla/5.0 (Macintosh; U; Intel Mac OS X 10_6_6; en-us) AppleWebKit/533.19.4 (KHTML, like Gecko) Version/5.0.3 Safari/533.19.4"
17.201.54.156 - - [19/Feb/2011:02:56:05 +0900] "GET /what-if-lisp-was-invented-by-the-japanese" 200 - "http://www.reddit.com/r/programming/?count=100&after=t3_fl5wi" "Mozilla/5.0 (Macintosh; U; Intel Mac OS X 10.6; en-US; rv:1.9.2.13) Gecko/20101203 Firefox/3.6.13"
72.14.199.148 - - [19/Feb/2011:02:56:25 +0900] "GET /rss.xml" 200 - - "Feedfetcher-Google; (+http://www.google.com/feedfetcher.html; 4 subscribers; feed-id=1720132379870088030)"
216.39.58.78 - - [19/Feb/2011:03:03:13 +0900] "GET /what-if-lisp-was-invented-by-the-japanese" 200 - - "Mozilla/5.0 (compatible; Yahoo Pipes 2.0; +http://developer.yahoo.com/yql/provider) Gecko/20090729 Firefox/3.5.2"
209.131.41.49 - - [19/Feb/2011:03:06:22 +0900] "GET /what-if-lisp-was-invented-by-the-japanese" 200 - - "Mozilla/5.0 (compatible; Yahoo Pipes 2.0; +http://developer.yahoo.com/yql/provider) Gecko/20090729 Firefox/3.5.2"
184.73.239.99 - - [19/Feb/2011:03:10:40 +0900] "HEAD /what-if-lisp-was-invented-by-the-japanese" 200 - - "Mozilla/5.0 (compatible; woriobot support [at] worio [dot] com +http://worio.com)"
72.14.199.148 - - [19/Feb/2011:03:11:47 +0900] "GET /atom.xml" 304 - - "Feedfetcher-Google; (+http://www.google.com/feedfetcher.html; 4 subscribers; feed-id=5146562804069246624)"
66.249.72.43 - - [19/Feb/2011:03:17:06 +0900] "GET /2011/02" 200 - - "Mozilla/5.0 (compatible; Googlebot/2.1; +http://www.google.com/bot.html)"
173.117.146.71 - - [19/Feb/2011:03:23:40 +0900] "GET /what-if-lisp-was-invented-by-the-japanese" 200 - - "Mozilla/5.0 (Macintosh; U; Intel Mac OS X 10_6_6; en-us) AppleWebKit/533.19.4 (KHTML, like Gecko) Version/5.0.3 Safari/533.19.4"
184.73.239.99 - - [19/Feb/2011:03:29:44 +0900] "HEAD /what-if-lisp-was-invented-by-the-japanese" 200 - - "Mozilla/5.0 (compatible; woriobot support [at] worio [dot] com +http://worio.com)"
203.104.98.220 - - [19/Feb/2011:03:31:14 +0900] "GET /rss.xml" 304 - - "livedoor FeedFetcher/0.01 (http://reader.livedoor.com/; 1 subscriber)"
121.1.194.65 - - [19/Feb/2011:03:39:41 +0900] "GET /atom.xml" 304 - - "samidare"
128.186.178.169 - - [19/Feb/2011:03:39:46 +0900] "GET /" 200 - "http://lispnyc.org/blog/heow/programming-power-font" "Mozilla/5.0 (Macintosh; U; Intel Mac OS X 10_6_6; en-us) AppleWebKit/533.19.4 (KHTML, like Gecko) Version/5.0.3 Safari/533.19.4"
128.186.178.169 - - [19/Feb/2011:03:39:59 +0900] "GET /what-if-lisp-was-invented-by-the-japanese" 200 - "http://www.lispnyc.org:80/blog/euske/" "Mozilla/5.0 (Macintosh; U; Intel Mac OS X 10_6_6; en-us) AppleWebKit/533.19.4 (KHTML, like Gecko) Version/5.0.3 Safari/533.19.4"
128.186.178.169 - - [19/Feb/2011:03:40:37 +0900] "GET /" 200 - "http://lispnyc.org/blog/heow/programming-power-font" "Mozilla/5.0 (Macintosh; U; Intel Mac OS X 10_6_6; en-us) AppleWebKit/533.19.4 (KHTML, like Gecko) Version/5.0.3 Safari/533.19.4"
216.39.58.18 - - [19/Feb/2011:03:40:57 +0900] "GET /what-if-lisp-was-invented-by-the-japanese" 200 - - "Mozilla/5.0 (compatible; Yahoo Pipes 2.0; +http://developer.yahoo.com/yql/provider) Gecko/20090729 Firefox/3.5.2"
66.249.72.43 - - [19/Feb/2011:03:45:23 +0900] "GET /what-if-lisp-was-invented-by-the-japanese" 200 - - "Mozilla/5.0 (compatible; Googlebot/2.1; +http://www.google.com/bot.html)"
166.198.10.110 - - [19/Feb/2011:03:48:15 +0900] "GET /what-if-lisp-was-invented-by-the-japanese" 200 - - "Mozilla/4.0 (compatible; MSIE 7.0; Windows Phone OS 7.0; Trident/3.1; IEMobile/7.0; SAMSUNG; SGH-i917)"
184.73.239.99 - - [19/Feb/2011:03:48:39 +0900] "HEAD /what-if-lisp-was-invented-by-the-japanese" 200 - - "Mozilla/5.0 (compatible; woriobot support [at] worio [dot] com +http://worio.com)"
66.249.72.87 - - [19/Feb/2011:03:49:15 +0900] "GET /2011/02/18" 200 - - "Mozilla/5.0 (compatible; Googlebot/2.1; +http://www.google.com/bot.html)"
66.249.72.87 - - [19/Feb/2011:03:49:45 +0900] "GET /2011/02/12" 200 - - "Mozilla/5.0 (compatible; Googlebot/2.1; +http://www.google.com/bot.html)"
72.30.161.246 - - [19/Feb/2011:03:49:58 +0900] "GET /2011/02/04" 200 - - "Mozilla/5.0 (compatible; Yahoo! Slurp; http://help.yahoo.com/help/us/ysearch/slurp)"
66.249.72.87 - - [19/Feb/2011:03:50:14 +0900] "GET /2011/02/05" 200 - - "Mozilla/5.0 (compatible; Googlebot/2.1; +http://www.google.com/bot.html)"
66.249.72.87 - - [19/Feb/2011:03:50:43 +0900] "GET /2011/02/08" 200 - - "Mozilla/5.0 (compatible; Googlebot/2.1; +http://www.google.com/bot.html)"
66.249.72.87 - - [19/Feb/2011:03:51:41 +0900] "GET /2011/02/03" 200 - - "Mozilla/5.0 (compatible; Googlebot/2.1; +http://www.google.com/bot.html)"
66.249.72.87 - - [19/Feb/2011:03:52:40 +0900] "GET /2011/02/10" 200 - - "Mozilla/5.0 (compatible; Googlebot/2.1; +http://www.google.com/bot.html)"
66.249.72.87 - - [19/Feb/2011:03:56:04 +0900] "GET /authors/euske/" 200 - - "Mozilla/5.0 (compatible; Googlebot/2.1; +http://www.google.com/bot.html)"
66.249.72.87 - - [19/Feb/2011:03:57:31 +0900] "GET /tags/life/rss.xml" 200 - - "Mozilla/5.0 (compatible; Googlebot/2.1; +http://www.google.com/bot.html)"
66.249.72.87 - - [19/Feb/2011:03:58:00 +0900] "GET /tags/book/rss.xml" 200 - - "Mozilla/5.0 (compatible; Googlebot/2.1; +http://www.google.com/bot.html)"
66.249.72.87 - - [19/Feb/2011:03:58:30 +0900] "GET /tags/lisp/rss.xml" 200 - - "Mozilla/5.0 (compatible; Googlebot/2.1; +http://www.google.com/bot.html)"
66.249.72.87 - - [19/Feb/2011:03:58:59 +0900] "GET /tags/culture/rss.xml" 200 - - "Mozilla/5.0 (compatible; Googlebot/2.1; +http://www.google.com/bot.html)"
66.249.72.87 - - [19/Feb/2011:04:01:25 +0900] "GET /generateTrackBackLink.action?entry=1296823440000" 200 - - "Mozilla/5.0 (compatible; Googlebot/2.1; +http://www.google.com/bot.html)"
66.249.72.87 - - [19/Feb/2011:04:02:52 +0900] "GET /replyToBlogEntry.action?entry=1296823440000&comment=1296865141903" 200 - - "Mozilla/5.0 (compatible; Googlebot/2.1; +http://www.google.com/bot.html)"
72.14.199.148 - - [19/Feb/2011:04:03:32 +0900] "GET /rss.xml" 304 - - "Feedfetcher-Google; (+http://www.google.com/feedfetcher.html; 4 subscribers; feed-id=1720132379870088030)"
66.249.72.87 - - [19/Feb/2011:04:03:51 +0900] "GET /responses/rss.xml?entry=1297401660000" 200 - - "Mozilla/5.0 (compatible; Googlebot/2.1; +http://www.google.com/bot.html)"
66.249.72.87 - - [19/Feb/2011:04:04:52 +0900] "GET /replyToBlogEntry.action?entry=1296823440000&comment=1296824392351" 200 - - "Mozilla/5.0 (compatible; Googlebot/2.1; +http://www.google.com/bot.html)"
66.249.72.87 - - [19/Feb/2011:04:05:18 +0900] "GET /responses/rss.xml?entry=1296823440000" 200 - - "Mozilla/5.0 (compatible; Googlebot/2.1; +http://www.google.com/bot.html)"
157.238.154.18 - - [19/Feb/2011:04:05:56 +0900] "GET /what-if-lisp-was-invented-by-the-japanese" 200 - "http://www.reddit.com/r/programming/?count=100&after=t3_flhbq" "Mozilla/5.0 (Windows; U; Windows NT 6.1; en-US) AppleWebKit/534.13 (KHTML, like Gecko) Chrome/9.0.597.98 Safari/534.13"
184.73.239.99 - - [19/Feb/2011:04:08:11 +0900] "HEAD /what-if-lisp-was-invented-by-the-japanese" 200 - - "Mozilla/5.0 (compatible; woriobot support [at] worio [dot] com +http://worio.com)"
72.14.199.148 - - [19/Feb/2011:04:09:17 +0900] "GET /atom.xml" 304 - - "Feedfetcher-Google; (+http://www.google.com/feedfetcher.html; 4 subscribers; feed-id=5146562804069246624)"
79.208.91.153 - - [19/Feb/2011:04:13:55 +0900] "GET /what-if-lisp-was-invented-by-the-japanese" 200 - "http://www.reddit.com/r/lisp/comments/fl7ac/what_if_lisp_was_invented_by_the_japanese/" "Opera/9.80 (Windows NT 6.0; U; en) Presto/2.7.62 Version/11.01"
216.39.58.17 - - [19/Feb/2011:04:16:39 +0900] "GET /what-if-lisp-was-invented-by-the-japanese" 200 - - "Mozilla/5.0 (compatible; Yahoo Pipes 2.0; +http://developer.yahoo.com/yql/provider) Gecko/20090729 Firefox/3.5.2"
216.39.58.18 - - [19/Feb/2011:04:19:47 +0900] "GET /what-if-lisp-was-invented-by-the-japanese" 200 - - "Mozilla/5.0 (compatible; Yahoo Pipes 2.0; +http://developer.yahoo.com/yql/provider) Gecko/20090729 Firefox/3.5.2"
184.73.239.99 - - [19/Feb/2011:04:26:29 +0900] "HEAD /what-if-lisp-was-invented-by-the-japanese" 200 - - "Mozilla/5.0 (compatible; woriobot support [at] worio [dot] com +http://worio.com)"
123.125.71.106 - - [19/Feb/2011:04:28:49 +0900] "GET /what-if-lisp-was-invented-by-the-japanese" 200 - - "Baiduspider+(+http://www.baidu.com/search/spider.htm)"
66.249.72.43 - - [19/Feb/2011:04:36:42 +0900] "GET /2011/02/07" 200 - - "Mozilla/5.0 (compatible; Googlebot/2.1; +http://www.google.com/bot.html)"
66.249.72.43 - - [19/Feb/2011:04:37:44 +0900] "GET /2011/02/08" 200 - - "Mozilla/5.0 (compatible; Googlebot/2.1; +http://www.google.com/bot.html)"
66.249.72.43 - - [19/Feb/2011:04:38:43 +0900] "GET /2011/02/14" 200 - - "Mozilla/5.0 (compatible; Googlebot/2.1; +http://www.google.com/bot.html)"
66.249.72.43 - - [19/Feb/2011:04:39:51 +0900] "GET /2011/02/01" 200 - - "Mozilla/5.0 (compatible; Googlebot/2.1; +http://www.google.com/bot.html)"
66.249.72.43 - - [19/Feb/2011:04:45:20 +0900] "GET /2011/02" 200 - - "Mozilla/5.0 (compatible; Googlebot/2.1; +http://www.google.com/bot.html)"
184.73.239.99 - - [19/Feb/2011:04:46:41 +0900] "HEAD /what-if-lisp-was-invented-by-the-japanese" 200 - - "Mozilla/5.0 (compatible; woriobot support [at] worio [dot] com +http://worio.com)"
140.232.146.245 - - [19/Feb/2011:04:47:54 +0900] "GET /what-if-lisp-was-invented-by-the-japanese" 200 - "http://www.reddit.com/r/lisp" "Mozilla/5.0 (X11; U; Linux x86_64; en-US) AppleWebKit/534.10 (KHTML, like Gecko) Chrome/8.0.552.224 Safari/534.10"
178.239.58.133 - - [19/Feb/2011:04:51:53 +0900] "GET /replyToBlogEntry.action?entry%3D1297401660000&comment%3D1297613830060" 404 - - "Mozilla/5.0 (Windows; U; Windows NT 5.1; ru; rv:1.9.0.7) Gecko/2009021910 Firefox/3.0.7"
178.239.58.133 - - [19/Feb/2011:04:51:53 +0900] "GET /replyToBlogEntry.action?entry%3D1297401660000&comment%3D1297613830060" 404 - - "Mozilla/5.0 (Windows; U; Windows NT 5.1; ru; rv:1.9.0.7) Gecko/2009021910 Firefox/3.0.7"
216.39.58.18 - - [19/Feb/2011:04:52:39 +0900] "GET /what-if-lisp-was-invented-by-the-japanese" 200 - - "Mozilla/5.0 (compatible; Yahoo Pipes 2.0; +http://developer.yahoo.com/yql/provider) Gecko/20090729 Firefox/3.5.2"
173.210.53.91 - - [19/Feb/2011:04:55:46 +0900] "GET /what-if-lisp-was-invented-by-the-japanese" 200 - "http://www.reddit.com/r/programming/?count=100&after=t3_flu0c" "Mozilla/5.0 (Windows; U; Windows NT 5.1; en-US; rv:1.9.2.13) Gecko/20101203 Firefox/3.6.13 ( .NET CLR 3.5.30729)"
184.73.239.99 - - [19/Feb/2011:05:06:25 +0900] "HEAD /what-if-lisp-was-invented-by-the-japanese" 200 - - "Mozilla/5.0 (compatible; woriobot support [at] worio [dot] com +http://worio.com)"
72.14.199.148 - - [19/Feb/2011:05:08:06 +0900] "GET /atom.xml" 200 - - "Feedfetcher-Google; (+http://www.google.com/feedfetcher.html; 4 subscribers; feed-id=5146562804069246624)"
72.14.199.148 - - [19/Feb/2011:05:08:25 +0900] "GET /rss.xml" 304 - - "Feedfetcher-Google; (+http://www.google.com/feedfetcher.html; 4 subscribers; feed-id=1720132379870088030)"
66.249.72.87 - - [19/Feb/2011:05:08:53 +0900] "GET /2011/02/17" 200 - - "Mozilla/5.0 (compatible; Googlebot/2.1; +http://www.google.com/bot.html)"
98.164.254.36 - - [19/Feb/2011:05:09:48 +0900] "GET /what-if-lisp-was-invented-by-the-japanese" 200 - "http://www.reddit.com/r/linguistics/" "Mozilla/5.0 (Macintosh; U; Intel Mac OS X 10.5; en-US; rv:1.9.1.16) Gecko/20101130 Firefox/3.5.16"
66.249.72.87 - - [19/Feb/2011:05:09:54 +0900] "GET /2011/02/06" 200 - - "Mozilla/5.0 (compatible; Googlebot/2.1; +http://www.google.com/bot.html)"
66.249.72.87 - - [19/Feb/2011:05:10:54 +0900] "GET /2011/02/02" 200 - - "Mozilla/5.0 (compatible; Googlebot/2.1; +http://www.google.com/bot.html)"
174.120.186.2 - - [19/Feb/2011:05:12:26 +0900] "GET /what-if-lisp-was-invented-by-the-japanese" 200 - - "Mozilla/5.0 (Windows; U; Windows NT 5.2; en-US; rv:1.9.1.4) Gecko/20091007 Firefox/3.5.4"
174.120.186.2 - - [19/Feb/2011:05:12:27 +0900] "GET /what-if-lisp-was-invented-by-the-japanese" 200 - - "Mozilla/5.0 (Macintosh; U; Intel Mac OS X 10.5; en-US; rv:1.9.0.7) Gecko/2009021906 Firefox/3.0.7"
66.249.72.87 - - [19/Feb/2011:05:12:56 +0900] "GET /2011/02/07" 200 - - "Mozilla/5.0 (compatible; Googlebot/2.1; +http://www.google.com/bot.html)"
67.195.112.43 - - [19/Feb/2011:05:14:26 +0900] "GET /authors/euske/rss.xml" 200 - - "Mozilla/5.0 (compatible; Yahoo! Slurp; http://help.yahoo.com/help/us/ysearch/slurp)"
66.249.72.87 - - [19/Feb/2011:05:14:57 +0900] "GET /2011/02/13" 200 - - "Mozilla/5.0 (compatible; Googlebot/2.1; +http://www.google.com/bot.html)"
203.104.98.218 - - [19/Feb/2011:05:19:54 +0900] "GET /rss.xml" 304 - - "livedoor FeedFetcher/0.01 (http://reader.livedoor.com/; 1 subscriber)"
173.9.215.173 - - [19/Feb/2011:05:21:28 +0900] "GET /what-if-lisp-was-invented-by-the-japanese" 200 - "http://www.blogger.com/comment.g?blogID=6454006&postID=1224395087040428206" "Mozilla/5.0 (X11; U; Linux i686; en-US; rv:1.9.2.13) Gecko/20101206 Ubuntu/10.10 (maverick) Firefox/3.6.13"
72.188.213.177 - - [19/Feb/2011:05:21:46 +0900] "GET /what-if-lisp-was-invented-by-the-japanese" 200 - "http://www.reddit.com/r/programming/?count=100&after=t3_flu0c" "Mozilla/5.0 (Windows; U; Windows NT 6.1; en-US; rv:1.9.2.13) Gecko/20101203 Firefox/3.6.13"
88.84.169.111 - - [19/Feb/2011:05:24:40 +0900] "GET /what-if-lisp-was-invented-by-the-japanese" 200 - - "Opera/9.80 (Windows NT 6.1; U; en) Presto/2.7.62 Version/11.01"
184.73.239.99 - - [19/Feb/2011:05:26:15 +0900] "HEAD /what-if-lisp-was-invented-by-the-japanese" 200 - - "Mozilla/5.0 (compatible; woriobot support [at] worio [dot] com +http://worio.com)"
216.39.58.18 - - [19/Feb/2011:05:26:48 +0900] "GET /what-if-lisp-was-invented-by-the-japanese" 200 - - "Mozilla/5.0 (compatible; Yahoo Pipes 2.0; +http://developer.yahoo.com/yql/provider) Gecko/20090729 Firefox/3.5.2"
209.131.41.49 - - [19/Feb/2011:05:29:47 +0900] "GET /what-if-lisp-was-invented-by-the-japanese" 200 - - "Mozilla/5.0 (compatible; Yahoo Pipes 2.0; +http://developer.yahoo.com/yql/provider) Gecko/20090729 Firefox/3.5.2"
75.41.115.168 - - [19/Feb/2011:05:30:41 +0900] "GET /what-if-lisp-was-invented-by-the-japanese" 200 - - "Mozilla/5.0 (Windows NT 6.1; WOW64; rv:2.0b9) Gecko/20100101 Firefox/4.0b9"
66.249.72.87 - - [19/Feb/2011:05:31:08 +0900] "GET /authors/euske/rss.xml" 200 - - "Mozilla/5.0 (compatible; Googlebot/2.1; +http://www.google.com/bot.html)"
61.198.198.134 - - [19/Feb/2011:05:34:27 +0900] "GET /secret-alien-technology-ftw" 200 - "http://www.google.com/reader/view/" "Mozilla/5.0 (Windows; U; Windows NT 5.1; ja; rv:1.9.2.13) Gecko/20101203 Firefox/3.6.13"
61.198.198.134 - - [19/Feb/2011:05:34:48 +0900] "GET /what-if-lisp-was-invented-by-the-japanese" 200 - "http://www.google.com/reader/view/" "Mozilla/5.0 (Windows; U; Windows NT 5.1; ja; rv:1.9.2.13) Gecko/20101203 Firefox/3.6.13"
66.249.72.87 - - [19/Feb/2011:05:37:13 +0900] "GET /generateTrackBackLink.action?entry=1297401660000" 200 - - "Mozilla/5.0 (compatible; Googlebot/2.1; +http://www.google.com/bot.html)"
74.79.19.171 - - [19/Feb/2011:05:37:55 +0900] "GET /what-if-lisp-was-invented-by-the-japanese" 200 - - "Mozilla/5.0 (Macintosh; U; Intel Mac OS X 10_6_5; en-us) AppleWebKit/533.19.4 (KHTML, like Gecko) Version/5.0.3 Safari/533.19.4"
66.249.72.87 - - [19/Feb/2011:05:38:13 +0900] "GET /replyToBlogEntry.action?entry=1297401660000&comment=1297643709154" 200 - - "Mozilla/5.0 (compatible; Googlebot/2.1; +http://www.google.com/bot.html)"
66.249.72.87 - - [19/Feb/2011:05:39:14 +0900] "GET /replyToBlogEntry.action?entry=1297401660000&comment=1297711949849" 200 - - "Mozilla/5.0 (compatible; Googlebot/2.1; +http://www.google.com/bot.html)"
66.249.72.87 - - [19/Feb/2011:05:40:22 +0900] "GET /replyToBlogEntry.action?entry=1297401660000&comment=1297760248231" 200 - - "Mozilla/5.0 (compatible; Googlebot/2.1; +http://www.google.com/bot.html)"
72.53.195.199 - - [19/Feb/2011:05:40:59 +0900] "GET /rss.xml" 200 - - "Mozilla/5.0 (Windows; U; Windows NT 5.1; en-US; rv:1.9.0.5) Gecko/2008120122 Firefox/3.0.5\r\n"
66.249.72.87 - - [19/Feb/2011:05:41:15 +0900] "GET /replyToBlogEntry.action?entry=1297401660000&comment=1297773779974" 200 - - "Mozilla/5.0 (compatible; Googlebot/2.1; +http://www.google.com/bot.html)"
66.249.72.87 - - [19/Feb/2011:05:42:16 +0900] "GET /replyToBlogEntry.action?entry=1297401660000&comment=1297613830060" 200 - - "Mozilla/5.0 (compatible; Googlebot/2.1; +http://www.google.com/bot.html)"
66.249.72.87 - - [19/Feb/2011:05:43:16 +0900] "GET /replyToBlogEntry.action?entry=1297401660000&comment=1297728186695" 200 - - "Mozilla/5.0 (compatible; Googlebot/2.1; +http://www.google.com/bot.html)"
66.249.72.87 - - [19/Feb/2011:05:44:17 +0900] "GET /replyToBlogEntry.action?entry=1297401660000&comment=1297596963430" 200 - - "Mozilla/5.0 (compatible; Googlebot/2.1; +http://www.google.com/bot.html)"
184.73.239.99 - - [19/Feb/2011:05:44:55 +0900] "HEAD /what-if-lisp-was-invented-by-the-japanese" 200 - - "Mozilla/5.0 (compatible; woriobot support [at] worio [dot] com +http://worio.com)"
66.249.72.87 - - [19/Feb/2011:05:45:18 +0900] "GET /replyToBlogEntry.action?entry=1297401660000&comment=1297618195677" 200 - - "Mozilla/5.0 (compatible; Googlebot/2.1; +http://www.google.com/bot.html)"
66.249.72.87 - - [19/Feb/2011:05:46:19 +0900] "GET /replyToBlogEntry.action?entry=1297401660000&comment=1297625755177" 200 - - "Mozilla/5.0 (compatible; Googlebot/2.1; +http://www.google.com/bot.html)"
66.249.72.87 - - [19/Feb/2011:05:47:20 +0900] "GET /replyToBlogEntry.action?entry=1297401660000&comment=1297710123628" 200 - - "Mozilla/5.0 (compatible; Googlebot/2.1; +http://www.google.com/bot.html)"
72.14.199.148 - - [19/Feb/2011:06:01:36 +0900] "GET /atom.xml" 304 - - "Feedfetcher-Google; (+http://www.google.com/feedfetcher.html; 4 subscribers; feed-id=5146562804069246624)"
216.39.58.18 - - [19/Feb/2011:06:01:40 +0900] "GET /what-if-lisp-was-invented-by-the-japanese" 200 - - "Mozilla/5.0 (compatible; Yahoo Pipes 2.0; +http://developer.yahoo.com/yql/provider) Gecko/20090729 Firefox/3.5.2"
66.249.72.43 - - [19/Feb/2011:06:02:09 +0900] "GET /what-if-lisp-was-invented-by-the-japanese" 200 - - "Mozilla/5.0 (compatible; Googlebot/2.1; +http://www.google.com/bot.html)"
184.73.239.99 - - [19/Feb/2011:06:02:55 +0900] "HEAD /what-if-lisp-was-invented-by-the-japanese" 200 - - "Mozilla/5.0 (compatible; woriobot support [at] worio [dot] com +http://worio.com)"
67.195.112.43 - - [19/Feb/2011:06:06:29 +0900] "GET /secret-alien-technology-ftw" 200 - - "Mozilla/5.0 (compatible; Yahoo! Slurp; http://help.yahoo.com/help/us/ysearch/slurp)"
67.195.112.43 - - [19/Feb/2011:06:07:25 +0900] "GET /generateTrackBackLink.action?entry=1296823440000" 200 - - "Mozilla/5.0 (compatible; Yahoo! Slurp; http://help.yahoo.com/help/us/ysearch/slurp)"
72.14.199.148 - - [19/Feb/2011:06:09:15 +0900] "GET /rss.xml" 304 - - "Feedfetcher-Google; (+http://www.google.com/feedfetcher.html; 4 subscribers; feed-id=1720132379870088030)"
184.73.239.99 - - [19/Feb/2011:06:20:47 +0900] "HEAD /what-if-lisp-was-invented-by-the-japanese" 200 - - "Mozilla/5.0 (compatible; woriobot support [at] worio [dot] com +http://worio.com)"
89.101.77.65 - - [19/Feb/2011:06:24:39 +0900] "GET /what-if-lisp-was-invented-by-the-japanese" 200 - "http://www.reddit.com/r/linguistics/" "Mozilla/5.0 (X11; U; Linux i686; en-GB; rv:1.9.2.13) Gecko/20101206 Ubuntu/10.04 (lucid) Firefox/3.6.13"
96.43.15.178 - - [19/Feb/2011:06:32:50 +0900] "GET /what-if-lisp-was-invented-by-the-japanese" 200 - "http://www.reddit.com/r/programming/?count=125&after=t3_flia9" "Mozilla/4.0 (compatible; MSIE 8.0; Windows NT 6.1; Trident/4.0; SLCC2; .NET CLR 2.0.50727; .NET CLR 3.5.30729; .NET CLR 3.0.30729; Media Center PC 6.0; MDDR; .NET4.0C)"
203.104.98.218 - - [19/Feb/2011:06:33:37 +0900] "GET /rss.xml" 304 - - "livedoor FeedFetcher/0.01 (http://reader.livedoor.com/; 1 subscriber)"
216.39.58.78 - - [19/Feb/2011:06:34:33 +0900] "GET /what-if-lisp-was-invented-by-the-japanese" 200 - - "Mozilla/5.0 (compatible; Yahoo Pipes 2.0; +http://developer.yahoo.com/yql/provider) Gecko/20090729 Firefox/3.5.2"
209.131.41.48 - - [19/Feb/2011:06:37:33 +0900] "GET /what-if-lisp-was-invented-by-the-japanese" 200 - - "Mozilla/5.0 (compatible; Yahoo Pipes 2.0; +http://developer.yahoo.com/yql/provider) Gecko/20090729 Firefox/3.5.2"
184.73.239.99 - - [19/Feb/2011:06:39:41 +0900] "HEAD /what-if-lisp-was-invented-by-the-japanese" 200 - - "Mozilla/5.0 (compatible; woriobot support [at] worio [dot] com +http://worio.com)"
150.140.227.86 - - [19/Feb/2011:06:42:35 +0900] "GET /what-if-lisp-was-invented-by-the-japanese" 200 - "http://www.reddit.com/r/linguistics/" "Mozilla/5.0 (Windows; U; Windows NT 6.1; el; rv:1.9.2.13) Gecko/20101203 Firefox/3.6.13"
66.249.72.43 - - [19/Feb/2011:06:47:30 +0900] "GET /what-if-lisp-was-invented-by-the-japanese" 200 - - "Mozilla/5.0 (compatible; Googlebot/2.1; +http://www.google.com/bot.html)"
213.47.71.36 - - [19/Feb/2011:06:52:19 +0900] "GET /what-if-lisp-was-invented-by-the-japanese" 200 - "http://www.reddit.com/r/lisp/" "Mozilla/5.0 (Macintosh; U; Intel Mac OS X 10_6_6; en-US) AppleWebKit/534.13 (KHTML, like Gecko) Chrome/9.0.597.102 Safari/534.13"
66.249.72.87 - - [19/Feb/2011:06:54:29 +0900] "GET /2011/02/16" 200 - - "Mozilla/5.0 (compatible; Googlebot/2.1; +http://www.google.com/bot.html)"
66.249.72.87 - - [19/Feb/2011:06:55:58 +0900] "GET /2011/02/14" 200 - - "Mozilla/5.0 (compatible; Googlebot/2.1; +http://www.google.com/bot.html)"
66.249.72.87 - - [19/Feb/2011:06:56:43 +0900] "GET /2011/02/01" 200 - - "Mozilla/5.0 (compatible; Googlebot/2.1; +http://www.google.com/bot.html)"
184.73.239.99 - - [19/Feb/2011:06:57:37 +0900] "HEAD /what-if-lisp-was-invented-by-the-japanese" 200 - - "Mozilla/5.0 (compatible; woriobot support [at] worio [dot] com +http://worio.com)"
72.30.161.246 - - [19/Feb/2011:06:58:26 +0900] "GET /responses/rss.xml" 200 - - "Mozilla/5.0 (compatible; Yahoo! Slurp; http://help.yahoo.com/help/us/ysearch/slurp)"
72.30.161.246 - - [19/Feb/2011:06:58:26 +0900] "GET /secret-alien-technology-ftw" 200 - - "Mozilla/5.0 (compatible; Yahoo! Slurp; http://help.yahoo.com/help/us/ysearch/slurp)"
72.14.199.148 - - [19/Feb/2011:07:00:46 +0900] "GET /atom.xml" 304 - - "Feedfetcher-Google; (+http://www.google.com/feedfetcher.html; 4 subscribers; feed-id=5146562804069246624)"
72.14.199.148 - - [19/Feb/2011:07:03:45 +0900] "GET /rss.xml" 304 - - "Feedfetcher-Google; (+http://www.google.com/feedfetcher.html; 4 subscribers; feed-id=1720132379870088030)"
209.131.41.49 - - [19/Feb/2011:07:08:39 +0900] "GET /what-if-lisp-was-invented-by-the-japanese" 200 - - "Mozilla/5.0 (compatible; Yahoo Pipes 2.0; +http://developer.yahoo.com/yql/provider) Gecko/20090729 Firefox/3.5.2"
184.73.239.99 - - [19/Feb/2011:07:17:50 +0900] "HEAD /what-if-lisp-was-invented-by-the-japanese" 200 - - "Mozilla/5.0 (compatible; woriobot support [at] worio [dot] com +http://worio.com)"
72.30.161.246 - - [19/Feb/2011:07:19:23 +0900] "GET /rdf.xml" 200 - - "Mozilla/5.0 (compatible; Yahoo! Slurp; http://help.yahoo.com/help/us/ysearch/slurp)"
121.216.228.144 - - [19/Feb/2011:07:19:33 +0900] "GET /what-if-lisp-was-invented-by-the-japanese" 200 - "http://www.reddit.com/r/linguistics/" "Mozilla/5.0 (X11; U; Linux x86_64; en-US; rv:1.9.2.13) Gecko/20110207 Firefox/3.6.13"
109.192.59.203 - - [19/Feb/2011:07:27:45 +0900] "GET /what-if-lisp-was-invented-by-the-japanese" 200 - - "Mozilla/5.0 (X11; U; Linux x86_64; de; rv:1.9.2.13) Gecko/20101206 Ubuntu/10.10 (maverick) Firefox/3.6.13"
184.73.239.99 - - [19/Feb/2011:07:35:45 +0900] "HEAD /what-if-lisp-was-invented-by-the-japanese" 200 - - "Mozilla/5.0 (compatible; woriobot support [at] worio [dot] com +http://worio.com)"
81.39.167.117 - - [19/Feb/2011:07:43:52 +0900] "GET /what-if-lisp-was-invented-by-the-japanese" 200 - "http://www.reddit.com/r/programming/?count=125&after=t3_fl8lz" "Mozilla/5.0 (X11; U; Linux i686; en-US) AppleWebKit/534.13 (KHTML, like Gecko) Ubuntu/10.10 Chromium/9.0.597.94 Chrome/9.0.597.94 Safari/534.13"
209.131.41.49 - - [19/Feb/2011:07:44:36 +0900] "GET /what-if-lisp-was-invented-by-the-japanese" 200 - - "Mozilla/5.0 (compatible; Yahoo Pipes 2.0; +http://developer.yahoo.com/yql/provider) Gecko/20090729 Firefox/3.5.2"
212.24.152.38 - - [19/Feb/2011:07:45:05 +0900] "GET /what-if-lisp-was-invented-by-the-japanese" 200 - "http://www.reddit.com/r/programming/?count=100&after=t3_flzhz" "Mozilla/5.0 (X11; U; Linux x86_64; en-US; rv:1.9.2.13) Gecko/20101206 Ubuntu/10.10 (maverick) Firefox/3.6.13"
216.39.58.78 - - [19/Feb/2011:07:47:27 +0900] "GET /what-if-lisp-was-invented-by-the-japanese" 200 - - "Mozilla/5.0 (compatible; Yahoo Pipes 2.0; +http://developer.yahoo.com/yql/provider) Gecko/20090729 Firefox/3.5.2"
184.73.239.99 - - [19/Feb/2011:07:54:23 +0900] "HEAD /what-if-lisp-was-invented-by-the-japanese" 200 - - "Mozilla/5.0 (compatible; woriobot support [at] worio [dot] com +http://worio.com)"
162.119.68.248 - - [19/Feb/2011:08:05:56 +0900] "GET /what-if-lisp-was-invented-by-the-japanese" 200 - "http://www.reddit.com/r/programming/?count=125&after=t3_fl59a" "Mozilla/5.0 (Windows; U; Windows NT 5.1; en-US) AppleWebKit/534.13 (KHTML, like Gecko) Chrome/9.0.597.98 Safari/534.13"
162.119.68.248 - - [19/Feb/2011:08:05:57 +0900] "GET /rss.xml" 200 - "http://lispnyc.org/blog/euske/what-if-lisp-was-invented-by-the-japanese" "Mozilla/5.0 (Windows; U; Windows NT 5.1; en-US) AppleWebKit/534.13 (KHTML, like Gecko) Chrome/9.0.597.98 Safari/534.13"
162.119.68.248 - - [19/Feb/2011:08:05:57 +0900] "GET /rdf.xml" 200 - "http://lispnyc.org/blog/euske/what-if-lisp-was-invented-by-the-japanese" "Mozilla/5.0 (Windows; U; Windows NT 5.1; en-US) AppleWebKit/534.13 (KHTML, like Gecko) Chrome/9.0.597.98 Safari/534.13"
162.119.68.248 - - [19/Feb/2011:08:05:57 +0900] "GET /atom.xml" 200 - "http://lispnyc.org/blog/euske/what-if-lisp-was-invented-by-the-japanese" "Mozilla/5.0 (Windows; U; Windows NT 5.1; en-US) AppleWebKit/534.13 (KHTML, like Gecko) Chrome/9.0.597.98 Safari/534.13"
8.21.4.254 - - [19/Feb/2011:08:05:57 +0900] "GET /rss.xml" 200 - - "Mozilla/4.0 (compatible; MSIE 7.0; Windows NT 5.1; InfoPath.1; .NET CLR 2.0.50727; .NET CLR 1.1.4322; MS-RTC LM 8; .NET CLR 3.0.4506.2152; .NET CLR 3.5.30729)"
8.21.4.254 - - [19/Feb/2011:08:05:57 +0900] "GET /atom.xml" 200 - - "Mozilla/4.0 (compatible; MSIE 7.0; Windows NT 5.1; InfoPath.1; .NET CLR 2.0.50727; .NET CLR 1.1.4322; MS-RTC LM 8; .NET CLR 3.0.4506.2152; .NET CLR 3.5.30729)"
8.21.4.254 - - [19/Feb/2011:08:05:57 +0900] "GET /rdf.xml" 200 - - "Mozilla/4.0 (compatible; MSIE 7.0; Windows NT 5.1; InfoPath.1; .NET CLR 2.0.50727; .NET CLR 1.1.4322; MS-RTC LM 8; .NET CLR 3.0.4506.2152; .NET CLR 3.5.30729)"
65.46.48.194 - - [19/Feb/2011:08:05:57 +0900] "GET /rdf.xml" 200 - - "Mozilla/4.0 (compatible; MSIE 7.0; Windows NT 5.1; InfoPath.1; .NET CLR 2.0.50727; .NET CLR 1.1.4322; MS-RTC LM 8; .NET CLR 3.0.4506.2152; .NET CLR 3.5.30729)"
72.14.199.148 - - [19/Feb/2011:08:07:15 +0900] "GET /rss.xml" 304 - - "Feedfetcher-Google; (+http://www.google.com/feedfetcher.html; 4 subscribers; feed-id=1720132379870088030)"
72.14.199.148 - - [19/Feb/2011:08:09:46 +0900] "GET /atom.xml" 304 - - "Feedfetcher-Google; (+http://www.google.com/feedfetcher.html; 4 subscribers; feed-id=5146562804069246624)"
184.73.239.99 - - [19/Feb/2011:08:11:34 +0900] "HEAD /what-if-lisp-was-invented-by-the-japanese" 200 - - "Mozilla/5.0 (compatible; woriobot support [at] worio [dot] com +http://worio.com)"
216.39.58.78 - - [19/Feb/2011:08:18:10 +0900] "GET /what-if-lisp-was-invented-by-the-japanese" 200 - - "Mozilla/5.0 (compatible; Yahoo Pipes 2.0; +http://developer.yahoo.com/yql/provider) Gecko/20090729 Firefox/3.5.2"
221.252.46.83 - - [19/Feb/2011:08:20:37 +0900] "GET /" 200 - "http://www.lispnyc.org/" "Mozilla/5.0 (Windows; U; Windows NT 5.1; en-US; rv:1.9.2.8) Gecko/20100722 Firefox/3.6.8"
203.104.98.218 - - [19/Feb/2011:08:27:27 +0900] "GET /rss.xml" 304 - - "livedoor FeedFetcher/0.01 (http://reader.livedoor.com/; 1 subscriber)"
184.73.239.99 - - [19/Feb/2011:08:28:36 +0900] "HEAD /what-if-lisp-was-invented-by-the-japanese" 200 - - "Mozilla/5.0 (compatible; woriobot support [at] worio [dot] com +http://worio.com)"
204.236.221.246 - - [19/Feb/2011:08:37:57 +0900] "GET /what-if-lisp-was-invented-by-the-japanese" 200 - - "PostRank/2.0 (postrank.com; 1 subscribers)"
66.249.72.87 - - [19/Feb/2011:08:38:58 +0900] "GET /2011/02/15" 200 - - "Mozilla/5.0 (compatible; Googlebot/2.1; +http://www.google.com/bot.html)"
184.73.239.99 - - [19/Feb/2011:08:47:39 +0900] "HEAD /what-if-lisp-was-invented-by-the-japanese" 200 - - "Mozilla/5.0 (compatible; woriobot support [at] worio [dot] com +http://worio.com)"
66.249.72.87 - - [19/Feb/2011:08:55:07 +0900] "GET /2011/02/19" 200 - - "Mozilla/5.0 (compatible; Googlebot/2.1; +http://www.google.com/bot.html)"
216.39.58.78 - - [19/Feb/2011:08:56:01 +0900] "GET /what-if-lisp-was-invented-by-the-japanese" 200 - - "Mozilla/5.0 (compatible; Yahoo Pipes 2.0; +http://developer.yahoo.com/yql/provider) Gecko/20090729 Firefox/3.5.2"
216.39.58.18 - - [19/Feb/2011:08:58:56 +0900] "GET /what-if-lisp-was-invented-by-the-japanese" 200 - - "Mozilla/5.0 (compatible; Yahoo Pipes 2.0; +http://developer.yahoo.com/yql/provider) Gecko/20090729 Firefox/3.5.2"
121.216.228.144 - - [19/Feb/2011:09:00:20 +0900] "GET /what-if-lisp-was-invented-by-the-japanese" 200 - "http://www.reddit.com/r/linguistics/" "Mozilla/5.0 (X11; U; Linux x86_64; en-US; rv:1.9.2.13) Gecko/20110207 Firefox/3.6.13"
184.73.239.99 - - [19/Feb/2011:09:05:31 +0900] "HEAD /what-if-lisp-was-invented-by-the-japanese" 200 - - "Mozilla/5.0 (compatible; woriobot support [at] worio [dot] com +http://worio.com)"
68.175.91.74 - - [19/Feb/2011:09:11:27 +0900] "GET /what-if-lisp-was-invented-by-the-japanese" 200 - "http://news.ycombinator.com/" "Mozilla/5.0 (X11; U; CrOS i686 0.9.130; en-US) AppleWebKit/534.10 (KHTML, like Gecko) Chrome/8.0.552.344 Safari/534.10"
72.14.199.148 - - [19/Feb/2011:09:13:25 +0900] "GET /rss.xml" 304 - - "Feedfetcher-Google; (+http://www.google.com/feedfetcher.html; 4 subscribers; feed-id=1720132379870088030)"
72.14.199.148 - - [19/Feb/2011:09:17:36 +0900] "GET /atom.xml" 200 - - "Feedfetcher-Google; (+http://www.google.com/feedfetcher.html; 4 subscribers; feed-id=5146562804069246624)"
184.73.239.99 - - [19/Feb/2011:09:23:26 +0900] "HEAD /what-if-lisp-was-invented-by-the-japanese" 200 - - "Mozilla/5.0 (compatible; woriobot support [at] worio [dot] com +http://worio.com)"
209.131.41.48 - - [19/Feb/2011:09:38:04 +0900] "GET /what-if-lisp-was-invented-by-the-japanese" 200 - - "Mozilla/5.0 (compatible; Yahoo Pipes 2.0; +http://developer.yahoo.com/yql/provider) Gecko/20090729 Firefox/3.5.2"
211.43.152.55 - - [19/Feb/2011:09:40:08 +0900] "GET /atom.xml" 200 - - "Mozilla/5.0 Firefox/3.0.5"
184.73.239.99 - - [19/Feb/2011:09:40:29 +0900] "HEAD /what-if-lisp-was-invented-by-the-japanese" 200 - - "Mozilla/5.0 (compatible; woriobot support [at] worio [dot] com +http://worio.com)"
203.104.98.220 - - [19/Feb/2011:09:50:00 +0900] "GET /rss.xml" 304 - - "livedoor FeedFetcher/0.01 (http://reader.livedoor.com/; 1 subscriber)"
118.93.59.128 - - [19/Feb/2011:09:51:26 +0900] "GET /what-if-lisp-was-invented-by-the-japanese" 200 - - "Mozilla/5.0 (Windows; U; Windows NT 5.1; en-US) AppleWebKit/534.13 (KHTML, like Gecko) Chrome/9.0.597.98 Safari/534.13"
184.73.239.99 - - [19/Feb/2011:09:59:35 +0900] "HEAD /what-if-lisp-was-invented-by-the-japanese" 200 - - "Mozilla/5.0 (compatible; woriobot support [at] worio [dot] com +http://worio.com)"
81.202.34.74 - - [19/Feb/2011:10:03:34 +0900] "GET /what-if-lisp-was-invented-by-the-japanese" 200 - - "Mozilla"
72.14.199.148 - - [19/Feb/2011:10:04:14 +0900] "GET /rss.xml" 304 - - "Feedfetcher-Google; (+http://www.google.com/feedfetcher.html; 4 subscribers; feed-id=1720132379870088030)"
216.39.58.18 - - [19/Feb/2011:10:15:13 +0900] "GET /what-if-lisp-was-invented-by-the-japanese" 200 - - "Mozilla/5.0 (compatible; Yahoo Pipes 2.0; +http://developer.yahoo.com/yql/provider) Gecko/20090729 Firefox/3.5.2"
184.73.239.99 - - [19/Feb/2011:10:15:23 +0900] "HEAD /what-if-lisp-was-invented-by-the-japanese" 200 - - "Mozilla/5.0 (compatible; woriobot support [at] worio [dot] com +http://worio.com)"
216.39.58.18 - - [19/Feb/2011:10:17:54 +0900] "GET /what-if-lisp-was-invented-by-the-japanese" 200 - - "Mozilla/5.0 (compatible; Yahoo Pipes 2.0; +http://developer.yahoo.com/yql/provider) Gecko/20090729 Firefox/3.5.2"
72.14.199.148 - - [19/Feb/2011:10:18:16 +0900] "GET /atom.xml" 304 - - "Feedfetcher-Google; (+http://www.google.com/feedfetcher.html; 4 subscribers; feed-id=5146562804069246624)"
184.73.239.99 - - [19/Feb/2011:10:32:39 +0900] "HEAD /what-if-lisp-was-invented-by-the-japanese" 200 - - "Mozilla/5.0 (compatible; woriobot support [at] worio [dot] com +http://worio.com)"
209.131.41.49 - - [19/Feb/2011:10:49:26 +0900] "GET /what-if-lisp-was-invented-by-the-japanese" 200 - - "Mozilla/5.0 (compatible; Yahoo Pipes 2.0; +http://developer.yahoo.com/yql/provider) Gecko/20090729 Firefox/3.5.2"
184.73.239.99 - - [19/Feb/2011:10:51:07 +0900] "HEAD /what-if-lisp-was-invented-by-the-japanese" 200 - - "Mozilla/5.0 (compatible; woriobot support [at] worio [dot] com +http://worio.com)"
