208.90.243.208 - - [20/Feb/2011:16:07:33 +0900] "GET /what-if-lisp-was-invented-by-the-japanese" 200 - "http://www.reddit.com/r/programming/?count=125&after=t3_fl59a" "Mozilla/5.0 (X11; U; Linux x86_64; en-US; rv:1.9.2.13) Gecko/20110207 Firefox/3.6.13"
184.73.239.99 - - [20/Feb/2011:16:10:54 +0900] "HEAD /what-if-lisp-was-invented-by-the-japanese" 200 - - "Mozilla/5.0 (compatible; woriobot support [at] worio [dot] com +http://worio.com)"
154.20.68.199 - - [20/Feb/2011:16:12:25 +0900] "GET /what-if-lisp-was-invented-by-the-japanese" 200 - "http://www.reddit.com/r/programming/?count=100&after=t3_fldtx" "Mozilla/5.0 (Windows; U; Windows NT 5.1; en-US; rv:1.9.1.16) Gecko/20101130 Firefox/3.5.16 (.NET CLR 3.5.30729)"
72.14.199.148 - - [20/Feb/2011:16:19:15 +0900] "GET /atom.xml" 304 - - "Feedfetcher-Google; (+http://www.google.com/feedfetcher.html; 4 subscribers; feed-id=5146562804069246624)"
98.249.158.7 - - [20/Feb/2011:16:24:36 +0900] "GET /what-if-lisp-was-invented-by-the-japanese" 200 - "http://www.reddit.com/r/programming/comments/fl6is/what_if_lisp_was_invented_by_the_japanese/" "Mozilla/5.0 (Windows; U; Windows NT 6.1; en-US; rv:1.9.2.13) Gecko/20101203 Firefox/3.6.13"
184.73.239.99 - - [20/Feb/2011:16:26:22 +0900] "HEAD /what-if-lisp-was-invented-by-the-japanese" 200 - - "Mozilla/5.0 (compatible; woriobot support [at] worio [dot] com +http://worio.com)"
209.131.41.48 - - [20/Feb/2011:16:33:58 +0900] "GET /what-if-lisp-was-invented-by-the-japanese" 200 - - "Mozilla/5.0 (compatible; Yahoo Pipes 2.0; +http://developer.yahoo.com/yql/provider) Gecko/20090729 Firefox/3.5.2"
66.249.72.43 - - [20/Feb/2011:16:33:58 +0900] "GET /generateTrackBackLink.action?entry=1297401660000" 200 - - "Mozilla/5.0 (compatible; Googlebot/2.1; +http://www.google.com/bot.html)"
216.39.58.18 - - [20/Feb/2011:16:37:02 +0900] "GET /what-if-lisp-was-invented-by-the-japanese" 200 - - "Mozilla/5.0 (compatible; Yahoo Pipes 2.0; +http://developer.yahoo.com/yql/provider) Gecko/20090729 Firefox/3.5.2"
72.14.199.148 - - [20/Feb/2011:16:40:26 +0900] "GET /rss.xml" 304 - - "Feedfetcher-Google; (+http://www.google.com/feedfetcher.html; 4 subscribers; feed-id=1720132379870088030)"
184.73.239.99 - - [20/Feb/2011:16:41:57 +0900] "HEAD /what-if-lisp-was-invented-by-the-japanese" 200 - - "Mozilla/5.0 (compatible; woriobot support [at] worio [dot] com +http://worio.com)"
66.249.72.43 - - [20/Feb/2011:16:44:35 +0900] "GET /2011/02" 200 - - "Mozilla/5.0 (compatible; Googlebot/2.1; +http://www.google.com/bot.html)"
66.249.72.43 - - [20/Feb/2011:16:49:48 +0900] "GET /" 200 - - "Mozilla/5.0 (compatible; Googlebot/2.1; +http://www.google.com/bot.html)"
66.249.72.43 - - [20/Feb/2011:16:49:54 +0900] "GET /search.action" 200 - - "Mozilla/5.0 (compatible; Googlebot/2.1; +http://www.google.com/bot.html)"
66.249.72.43 - - [20/Feb/2011:16:55:12 +0900] "GET /2011/02/11" 200 - - "Mozilla/5.0 (compatible; Googlebot/2.1; +http://www.google.com/bot.html)"
184.73.239.99 - - [20/Feb/2011:16:57:27 +0900] "HEAD /what-if-lisp-was-invented-by-the-japanese" 200 - - "Mozilla/5.0 (compatible; woriobot support [at] worio [dot] com +http://worio.com)"
203.104.98.218 - - [20/Feb/2011:17:10:34 +0900] "GET /rss.xml" 304 - - "livedoor FeedFetcher/0.01 (http://reader.livedoor.com/; 1 subscriber)"
72.14.199.148 - - [20/Feb/2011:17:12:21 +0900] "GET /atom.xml" 200 - - "Feedfetcher-Google; (+http://www.google.com/feedfetcher.html; 4 subscribers; feed-id=5146562804069246624)"
184.73.239.99 - - [20/Feb/2011:17:13:36 +0900] "HEAD /what-if-lisp-was-invented-by-the-japanese" 200 - - "Mozilla/5.0 (compatible; woriobot support [at] worio [dot] com +http://worio.com)"
173.203.194.94 - - [20/Feb/2011:17:13:44 +0900] "GET /what-if-lisp-was-invented-by-the-japanese" 200 - - "Mozilla/5.0 (Windows; U; Windows NT 5.1; en-US; rv:1.9.2) Gecko/20100115 Firefox/3.6 (.NET CLR 3.5.30729)"
216.39.58.18 - - [20/Feb/2011:17:14:34 +0900] "GET /what-if-lisp-was-invented-by-the-japanese" 200 - - "Mozilla/5.0 (compatible; Yahoo Pipes 2.0; +http://developer.yahoo.com/yql/provider) Gecko/20090729 Firefox/3.5.2"
199.19.249.196 - - [20/Feb/2011:17:25:57 +0900] "GET /what-if-lisp-was-invented-by-the-japanese" 200 - - "Mozilla/4.0 (compatible; MSIE 7.0; Windows NT 5.1; InfoPath.1; .NET CLR 2.0.50727; .NET CLR 1.1.4322; MS-RTC LM 8; .NET CLR 3.0.4506.2152; .NET CLR 3.5.30729)"
208.115.138.254 - - [20/Feb/2011:17:25:57 +0900] "GET /what-if-lisp-was-invented-by-the-japanese" 200 - - "Mozilla/4.0 (compatible; MSIE 7.0; Windows NT 5.1; InfoPath.1; .NET CLR 2.0.50727; .NET CLR 1.1.4322; MS-RTC LM 8; .NET CLR 3.0.4506.2152; .NET CLR 3.5.30729)"
184.73.239.99 - - [20/Feb/2011:17:27:28 +0900] "HEAD /what-if-lisp-was-invented-by-the-japanese" 200 - - "Mozilla/5.0 (compatible; woriobot support [at] worio [dot] com +http://worio.com)"
84.119.16.23 - - [20/Feb/2011:17:29:49 +0900] "GET /what-if-lisp-was-invented-by-the-japanese" 200 - "http://www.reddit.com/?count=25&after=t3_fl3ag" "Mozilla/5.0 (Windows NT 6.1; WOW64; rv:2.0b11) Gecko/20100101 Firefox/4.0b11"
72.14.199.148 - - [20/Feb/2011:17:31:06 +0900] "GET /rss.xml" 304 - - "Feedfetcher-Google; (+http://www.google.com/feedfetcher.html; 4 subscribers; feed-id=1720132379870088030)"
66.249.72.43 - - [20/Feb/2011:17:38:10 +0900] "GET /2011/02/11" 200 - - "Mozilla/5.0 (compatible; Googlebot/2.1; +http://www.google.com/bot.html)"
80.98.187.105 - - [20/Feb/2011:17:41:09 +0900] "GET /what-if-lisp-was-invented-by-the-japanese" 200 - - "Mozilla/5.0 (Macintosh; U; Intel Mac OS X 10_6_6; en-us) AppleWebKit/533.19.4 (KHTML, like Gecko) NetNewsWire/3.2.11"
184.73.239.99 - - [20/Feb/2011:17:41:54 +0900] "HEAD /what-if-lisp-was-invented-by-the-japanese" 200 - - "Mozilla/5.0 (compatible; woriobot support [at] worio [dot] com +http://worio.com)"
173.164.173.35 - - [20/Feb/2011:17:49:47 +0900] "GET /what-if-lisp-was-invented-by-the-japanese" 200 - - "Mozilla/5.0 (Windows; U; Windows NT 6.0; ru; rv:1.9.0.11) Gecko/2009060215 Firefox/3.0.11 (.NET CLR 3.5.30729)"
173.164.173.35 - - [20/Feb/2011:17:50:12 +0900] "GET /what-if-lisp-was-invented-by-the-japanese" 200 - - "Mozilla/5.0 (Windows; U; Windows NT 6.0; ru; rv:1.9.0.11) Gecko/2009060215 Firefox/3.0.11 (.NET CLR 3.5.30729)"
209.131.41.48 - - [20/Feb/2011:17:50:26 +0900] "GET /what-if-lisp-was-invented-by-the-japanese" 200 - - "Mozilla/5.0 (compatible; Yahoo Pipes 2.0; +http://developer.yahoo.com/yql/provider) Gecko/20090729 Firefox/3.5.2"
216.39.58.18 - - [20/Feb/2011:17:53:27 +0900] "GET /what-if-lisp-was-invented-by-the-japanese" 200 - - "Mozilla/5.0 (compatible; Yahoo Pipes 2.0; +http://developer.yahoo.com/yql/provider) Gecko/20090729 Firefox/3.5.2"
184.73.239.99 - - [20/Feb/2011:17:58:00 +0900] "HEAD /what-if-lisp-was-invented-by-the-japanese" 200 - - "Mozilla/5.0 (compatible; woriobot support [at] worio [dot] com +http://worio.com)"
72.14.199.148 - - [20/Feb/2011:18:05:01 +0900] "GET /atom.xml" 304 - - "Feedfetcher-Google; (+http://www.google.com/feedfetcher.html; 4 subscribers; feed-id=5146562804069246624)"
184.73.239.99 - - [20/Feb/2011:18:13:31 +0900] "HEAD /what-if-lisp-was-invented-by-the-japanese" 200 - - "Mozilla/5.0 (compatible; woriobot support [at] worio [dot] com +http://worio.com)"
109.110.140.2 - - [20/Feb/2011:18:16:21 +0900] "GET /what-if-lisp-was-invented-by-the-japanese" 200 - "http://www.reddit.com/r/programming/?count=125&after=t3_fl8lz" "Mozilla/5.0 (Windows; U; Windows NT 6.1; hu; rv:1.9.2.13) Gecko/20101203 Firefox/3.6.13"
124.83.191.224 - - [20/Feb/2011:18:17:04 +0900] "GET /rss.xml" 200 - - "Y!J-BSC/1.0 (http://help.yahoo.co.jp/help/jp/blog-search/)"
72.14.199.148 - - [20/Feb/2011:18:26:16 +0900] "GET /rss.xml" 304 - - "Feedfetcher-Google; (+http://www.google.com/feedfetcher.html; 4 subscribers; feed-id=1720132379870088030)"
216.39.58.78 - - [20/Feb/2011:18:26:55 +0900] "GET /what-if-lisp-was-invented-by-the-japanese" 200 - - "Mozilla/5.0 (compatible; Yahoo Pipes 2.0; +http://developer.yahoo.com/yql/provider) Gecko/20090729 Firefox/3.5.2"
184.73.239.99 - - [20/Feb/2011:18:27:34 +0900] "HEAD /what-if-lisp-was-invented-by-the-japanese" 200 - - "Mozilla/5.0 (compatible; woriobot support [at] worio [dot] com +http://worio.com)"
72.30.161.246 - - [20/Feb/2011:18:28:31 +0900] "GET /what-if-lisp-was-invented-by-the-japanese" 200 - - "Mozilla/5.0 (compatible; Yahoo! Slurp; http://help.yahoo.com/help/us/ysearch/slurp)"
203.104.98.220 - - [20/Feb/2011:18:34:05 +0900] "GET /rss.xml" 304 - - "livedoor FeedFetcher/0.01 (http://reader.livedoor.com/; 1 subscriber)"
195.42.102.25 - - [20/Feb/2011:18:38:54 +0900] "GET /what-if-lisp-was-invented-by-the-japanese" 200 - - "Mozilla/5.0 (compatible; Purebot/1.1; +http://www.puritysearch.net/)"
195.42.102.25 - - [20/Feb/2011:18:39:21 +0900] "GET /replyToBlogEntry.action?entry=1297401660000&comment=1297596963430" 200 - - "Mozilla/5.0 (compatible; Purebot/1.1; +http://www.puritysearch.net/)"
195.42.102.25 - - [20/Feb/2011:18:39:24 +0900] "GET /replyToBlogEntry.action?entry=1297401660000&comment=1297643709154" 200 - - "Mozilla/5.0 (compatible; Purebot/1.1; +http://www.puritysearch.net/)"
87.91.112.181 - - [20/Feb/2011:18:40:01 +0900] "GET /secret-alien-technology-ftw" 200 - - "Mozilla/5.0 (compatible; Konqueror/4.6; Linux) KHTML/4.6.0 (like Gecko)"
195.42.102.25 - - [20/Feb/2011:18:40:01 +0900] "GET /" 200 - - "Mozilla/5.0 (compatible; Purebot/1.1; +http://www.puritysearch.net/)"
195.42.102.25 - - [20/Feb/2011:18:40:57 +0900] "GET /secret-alien-technology-ftw" 200 - - "Mozilla/5.0 (compatible; Purebot/1.1; +http://www.puritysearch.net/)"
195.42.102.25 - - [20/Feb/2011:18:41:00 +0900] "GET /search.action" 200 - - "Mozilla/5.0 (compatible; Purebot/1.1; +http://www.puritysearch.net/)"
195.42.102.25 - - [20/Feb/2011:18:41:12 +0900] "GET /tags/" 200 - - "Mozilla/5.0 (compatible; Purebot/1.1; +http://www.puritysearch.net/)"
195.42.102.25 - - [20/Feb/2011:18:41:26 +0900] "GET /secret-alien-technology-ftw" 200 - - "Mozilla/5.0 (compatible; Purebot/1.1; +http://www.puritysearch.net/)"
195.42.102.25 - - [20/Feb/2011:18:41:32 +0900] "GET /generateTrackBackLink.action?entry=1296823440000" 200 - - "Mozilla/5.0 (compatible; Purebot/1.1; +http://www.puritysearch.net/)"
195.42.102.25 - - [20/Feb/2011:18:41:38 +0900] "GET /replyToBlogEntry.action?entry=1297401660000&comment=1297618195677" 200 - - "Mozilla/5.0 (compatible; Purebot/1.1; +http://www.puritysearch.net/)"
184.73.239.99 - - [20/Feb/2011:18:41:39 +0900] "HEAD /what-if-lisp-was-invented-by-the-japanese" 200 - - "Mozilla/5.0 (compatible; woriobot support [at] worio [dot] com +http://worio.com)"
195.42.102.25 - - [20/Feb/2011:18:43:09 +0900] "GET /authors/euske/" 200 - - "Mozilla/5.0 (compatible; Purebot/1.1; +http://www.puritysearch.net/)"
195.42.102.25 - - [20/Feb/2011:18:43:54 +0900] "GET /replyToBlogEntry.action?entry=1296823440000&comment=1296824392351" 200 - - "Mozilla/5.0 (compatible; Purebot/1.1; +http://www.puritysearch.net/)"
195.42.102.25 - - [20/Feb/2011:18:44:39 +0900] "GET /replyToBlogEntry.action?entry=1296823440000&comment=1296865141903" 200 - - "Mozilla/5.0 (compatible; Purebot/1.1; +http://www.puritysearch.net/)"
195.42.102.25 - - [20/Feb/2011:18:44:51 +0900] "GET /2011/02/11" 200 - - "Mozilla/5.0 (compatible; Purebot/1.1; +http://www.puritysearch.net/)"
195.42.102.25 - - [20/Feb/2011:18:45:04 +0900] "GET /tags/responses/rss.xml" 200 - - "Mozilla/5.0 (compatible; Purebot/1.1; +http://www.puritysearch.net/)"
195.42.102.25 - - [20/Feb/2011:18:45:09 +0900] "GET /replyToBlogEntry.action?entry=1297401660000&comment=1297711949849" 200 - - "Mozilla/5.0 (compatible; Purebot/1.1; +http://www.puritysearch.net/)"
195.42.102.25 - - [20/Feb/2011:18:46:21 +0900] "GET /tags/lisp/rss.xml" 200 - - "Mozilla/5.0 (compatible; Purebot/1.1; +http://www.puritysearch.net/)"
195.42.102.25 - - [20/Feb/2011:18:46:25 +0900] "GET /tags/culture/rss.xml" 200 - - "Mozilla/5.0 (compatible; Purebot/1.1; +http://www.puritysearch.net/)"
195.42.102.25 - - [20/Feb/2011:18:46:29 +0900] "GET /tags/search.action" 200 - - "Mozilla/5.0 (compatible; Purebot/1.1; +http://www.puritysearch.net/)"
195.42.102.25 - - [20/Feb/2011:18:46:42 +0900] "GET /tags/rss.xml" 200 - - "Mozilla/5.0 (compatible; Purebot/1.1; +http://www.puritysearch.net/)"
195.42.102.25 - - [20/Feb/2011:18:46:47 +0900] "GET /authors/euske/search.action" 404 - - "Mozilla/5.0 (compatible; Purebot/1.1; +http://www.puritysearch.net/)"
195.42.102.25 - - [20/Feb/2011:18:46:47 +0900] "GET /authors/euske/search.action" 404 - - "Mozilla/5.0 (compatible; Purebot/1.1; +http://www.puritysearch.net/)"
195.42.102.25 - - [20/Feb/2011:18:46:49 +0900] "GET /tags/life/rss.xml" 200 - - "Mozilla/5.0 (compatible; Purebot/1.1; +http://www.puritysearch.net/)"
195.42.102.25 - - [20/Feb/2011:18:47:35 +0900] "GET /replyToBlogEntry.action?entry=1297401660000&comment=1297760248231" 200 - - "Mozilla/5.0 (compatible; Purebot/1.1; +http://www.puritysearch.net/)"
195.42.102.25 - - [20/Feb/2011:18:48:33 +0900] "GET /responses/rss.xml" 200 - - "Mozilla/5.0 (compatible; Purebot/1.1; +http://www.puritysearch.net/)"
195.42.102.25 - - [20/Feb/2011:18:48:39 +0900] "GET /authors/euske/authors/euske/rss.xml" 200 - - "Mozilla/5.0 (compatible; Purebot/1.1; +http://www.puritysearch.net/)"
195.42.102.25 - - [20/Feb/2011:18:50:19 +0900] "GET /replyToBlogEntry.action?entry=1297401660000&comment=1297728186695" 200 - - "Mozilla/5.0 (compatible; Purebot/1.1; +http://www.puritysearch.net/)"
195.42.102.25 - - [20/Feb/2011:18:52:05 +0900] "GET /2011/02/search.action" 200 - - "Mozilla/5.0 (compatible; Purebot/1.1; +http://www.puritysearch.net/)"
195.42.102.25 - - [20/Feb/2011:18:53:05 +0900] "GET /2011/02/10" 200 - - "Mozilla/5.0 (compatible; Purebot/1.1; +http://www.puritysearch.net/)"
195.42.102.25 - - [20/Feb/2011:18:53:10 +0900] "GET /subscribe.action" 200 - - "Mozilla/5.0 (compatible; Purebot/1.1; +http://www.puritysearch.net/)"
195.42.102.25 - - [20/Feb/2011:18:53:13 +0900] "GET /generateTrackBackLink.action?entry=1297401660000" 200 - - "Mozilla/5.0 (compatible; Purebot/1.1; +http://www.puritysearch.net/)"
195.42.102.25 - - [20/Feb/2011:18:53:15 +0900] "GET /2011/02/09" 200 - - "Mozilla/5.0 (compatible; Purebot/1.1; +http://www.puritysearch.net/)"
195.42.102.25 - - [20/Feb/2011:18:53:28 +0900] "GET /atom.xml" 200 - - "Mozilla/5.0 (compatible; Purebot/1.1; +http://www.puritysearch.net/)"
195.42.102.25 - - [20/Feb/2011:18:53:32 +0900] "GET /replyToBlogEntry.action?entry=1296823440000&comment=1296865141903" 200 - - "Mozilla/5.0 (compatible; Purebot/1.1; +http://www.puritysearch.net/)"
195.42.102.25 - - [20/Feb/2011:18:53:45 +0900] "GET /2011/02/rss.xml" 404 - - "Mozilla/5.0 (compatible; Purebot/1.1; +http://www.puritysearch.net/)"
195.42.102.25 - - [20/Feb/2011:18:53:48 +0900] "GET /rss.xml" 200 - - "Mozilla/5.0 (compatible; Purebot/1.1; +http://www.puritysearch.net/)"
195.42.102.25 - - [20/Feb/2011:18:54:03 +0900] "GET /replyToBlogEntry.action?entry=1296823440000&comment=1296824392351" 200 - - "Mozilla/5.0 (compatible; Purebot/1.1; +http://www.puritysearch.net/)"
195.42.102.25 - - [20/Feb/2011:18:54:17 +0900] "GET /2011/02/responses/rss.xml" 404 - - "Mozilla/5.0 (compatible; Purebot/1.1; +http://www.puritysearch.net/)"
195.42.102.25 - - [20/Feb/2011:18:54:26 +0900] "GET /2011/02/tags/" 404 - - "Mozilla/5.0 (compatible; Purebot/1.1; +http://www.puritysearch.net/)"
195.42.102.25 - - [20/Feb/2011:18:54:37 +0900] "GET /2011/02/20" 200 - - "Mozilla/5.0 (compatible; Purebot/1.1; +http://www.puritysearch.net/)"
184.73.239.99 - - [20/Feb/2011:18:54:56 +0900] "HEAD /what-if-lisp-was-invented-by-the-japanese" 200 - - "Mozilla/5.0 (compatible; woriobot support [at] worio [dot] com +http://worio.com)"
72.14.199.148 - - [20/Feb/2011:18:55:11 +0900] "GET /atom.xml" 304 - - "Feedfetcher-Google; (+http://www.google.com/feedfetcher.html; 4 subscribers; feed-id=5146562804069246624)"
195.42.102.25 - - [20/Feb/2011:18:55:48 +0900] "GET /rdf.xml" 200 - - "Mozilla/5.0 (compatible; Purebot/1.1; +http://www.puritysearch.net/)"
195.42.102.25 - - [20/Feb/2011:18:55:56 +0900] "GET /2011/02/responses/responses/rss.xml" 404 - - "Mozilla/5.0 (compatible; Purebot/1.1; +http://www.puritysearch.net/)"
195.42.102.25 - - [20/Feb/2011:18:55:58 +0900] "GET /replyToBlogEntry.action?entry=1297401660000&comment=1297613830060" 200 - - "Mozilla/5.0 (compatible; Purebot/1.1; +http://www.puritysearch.net/)"
195.42.102.25 - - [20/Feb/2011:18:56:00 +0900] "GET /replyToBlogEntry.action?entry=1297401660000&comment=1297773779974" 200 - - "Mozilla/5.0 (compatible; Purebot/1.1; +http://www.puritysearch.net/)"
195.42.102.25 - - [20/Feb/2011:18:56:21 +0900] "GET /responses/rss.xml?entry=1296823440000" 200 - - "Mozilla/5.0 (compatible; Purebot/1.1; +http://www.puritysearch.net/)"
195.42.102.25 - - [20/Feb/2011:18:56:32 +0900] "GET /tags/culture/"http://en.wikipedia.org/wiki/Japanese_language">Japanese" 200 - - "Mozilla/5.0 (compatible; Purebot/1.1; +http://www.puritysearch.net/)"
195.42.102.25 - - [20/Feb/2011:18:58:36 +0900] "GET /generateTrackBackLink.action?entry=1296823440000" 200 - - "Mozilla/5.0 (compatible; Purebot/1.1; +http://www.puritysearch.net/)"
195.42.102.25 - - [20/Feb/2011:18:59:01 +0900] "GET /authors/euske/" 200 - - "Mozilla/5.0 (compatible; Purebot/1.1; +http://www.puritysearch.net/)"
195.42.102.25 - - [20/Feb/2011:18:59:03 +0900] "GET /authors/euske/responses/rss.xml" 200 - - "Mozilla/5.0 (compatible; Purebot/1.1; +http://www.puritysearch.net/)"
195.42.102.25 - - [20/Feb/2011:18:59:56 +0900] "GET /tags/culture/"http://en.wikipedia.org/wiki/tags/" 200 - - "Mozilla/5.0 (compatible; Purebot/1.1; +http://www.puritysearch.net/)"
195.42.102.25 - - [20/Feb/2011:19:00:04 +0900] "GET /2011/02" 200 - - "Mozilla/5.0 (compatible; Purebot/1.1; +http://www.puritysearch.net/)"
195.42.102.25 - - [20/Feb/2011:19:00:17 +0900] "GET /replyToBlogEntry.action?entry=1297401660000&comment=1297710123628" 200 - - "Mozilla/5.0 (compatible; Purebot/1.1; +http://www.puritysearch.net/)"
195.42.102.25 - - [20/Feb/2011:19:00:19 +0900] "GET /2011/02/tags/responses/rss.xml" 404 - - "Mozilla/5.0 (compatible; Purebot/1.1; +http://www.puritysearch.net/)"
195.42.102.25 - - [20/Feb/2011:19:00:24 +0900] "GET /authors/euske/search.action" 404 - - "Mozilla/5.0 (compatible; Purebot/1.1; +http://www.puritysearch.net/)"
195.42.102.25 - - [20/Feb/2011:19:00:24 +0900] "GET /authors/euske/search.action" 404 - - "Mozilla/5.0 (compatible; Purebot/1.1; +http://www.puritysearch.net/)"
195.42.102.25 - - [20/Feb/2011:19:00:29 +0900] "GET /tags/" 200 - - "Mozilla/5.0 (compatible; Purebot/1.1; +http://www.puritysearch.net/)"
195.42.102.25 - - [20/Feb/2011:19:00:46 +0900] "GET /authors/euske/authors/euske/rss.xml" 200 - - "Mozilla/5.0 (compatible; Purebot/1.1; +http://www.puritysearch.net/)"
195.42.102.25 - - [20/Feb/2011:19:01:11 +0900] "GET /tags/tags/" 200 - - "Mozilla/5.0 (compatible; Purebot/1.1; +http://www.puritysearch.net/)"
195.42.102.25 - - [20/Feb/2011:19:01:12 +0900] "GET /replyToBlogEntry.action?entry=1297401660000&comment=1297625755177" 200 - - "Mozilla/5.0 (compatible; Purebot/1.1; +http://www.puritysearch.net/)"
195.42.102.25 - - [20/Feb/2011:19:01:24 +0900] "GET /tags/culture/"http://en.wikipedia.org/wiki/rss.xml" 200 - - "Mozilla/5.0 (compatible; Purebot/1.1; +http://www.puritysearch.net/)"
195.42.102.25 - - [20/Feb/2011:19:01:36 +0900] "GET /2011/02/tags/responses/search.action" 200 - - "Mozilla/5.0 (compatible; Purebot/1.1; +http://www.puritysearch.net/)"
195.42.102.25 - - [20/Feb/2011:19:01:39 +0900] "GET /tags/culture/"http://en.wikipedia.org/wiki/tags/rss.xml" 200 - - "Mozilla/5.0 (compatible; Purebot/1.1; +http://www.puritysearch.net/)"
195.42.102.25 - - [20/Feb/2011:19:01:48 +0900] "GET /tags/culture/"http://en.wikipedia.org/wiki/search.action" 200 - - "Mozilla/5.0 (compatible; Purebot/1.1; +http://www.puritysearch.net/)"
195.42.102.25 - - [20/Feb/2011:19:01:50 +0900] "GET /search.action" 200 - - "Mozilla/5.0 (compatible; Purebot/1.1; +http://www.puritysearch.net/)"
195.42.102.25 - - [20/Feb/2011:19:01:58 +0900] "GET /responses/rss.xml" 200 - - "Mozilla/5.0 (compatible; Purebot/1.1; +http://www.puritysearch.net/)"
195.42.102.25 - - [20/Feb/2011:19:02:11 +0900] "GET /authors/euske/rss.xml" 200 - - "Mozilla/5.0 (compatible; Purebot/1.1; +http://www.puritysearch.net/)"
195.42.102.25 - - [20/Feb/2011:19:02:18 +0900] "GET /tags/responses/rss.xml" 200 - - "Mozilla/5.0 (compatible; Purebot/1.1; +http://www.puritysearch.net/)"
195.42.102.25 - - [20/Feb/2011:19:02:28 +0900] "GET /2011/responses/rss.xml" 404 - - "Mozilla/5.0 (compatible; Purebot/1.1; +http://www.puritysearch.net/)"
195.42.102.25 - - [20/Feb/2011:19:02:35 +0900] "GET /rss.xml" 200 - - "Mozilla/5.0 (compatible; Purebot/1.1; +http://www.puritysearch.net/)"
195.42.102.25 - - [20/Feb/2011:19:02:44 +0900] "GET /2011/02/08" 200 - - "Mozilla/5.0 (compatible; Purebot/1.1; +http://www.puritysearch.net/)"
195.42.102.25 - - [20/Feb/2011:19:02:47 +0900] "GET /2011/02/responses/responses/tags/" 404 - - "Mozilla/5.0 (compatible; Purebot/1.1; +http://www.puritysearch.net/)"
209.131.41.48 - - [20/Feb/2011:19:03:07 +0900] "GET /what-if-lisp-was-invented-by-the-japanese" 200 - - "Mozilla/5.0 (compatible; Yahoo Pipes 2.0; +http://developer.yahoo.com/yql/provider) Gecko/20090729 Firefox/3.5.2"
195.42.102.25 - - [20/Feb/2011:19:03:42 +0900] "GET /tags/culture/"http://en.wikipedia.org/wiki/tags/search.action" 200 - - "Mozilla/5.0 (compatible; Purebot/1.1; +http://www.puritysearch.net/)"
195.42.102.25 - - [20/Feb/2011:19:03:53 +0900] "GET /2011/02/04" 200 - - "Mozilla/5.0 (compatible; Purebot/1.1; +http://www.puritysearch.net/)"
195.42.102.25 - - [20/Feb/2011:19:03:59 +0900] "GET /2011/02/responses/responses/tags/rss.xml" 404 - - "Mozilla/5.0 (compatible; Purebot/1.1; +http://www.puritysearch.net/)"
195.42.102.25 - - [20/Feb/2011:19:04:04 +0900] "GET /2011/02/03" 200 - - "Mozilla/5.0 (compatible; Purebot/1.1; +http://www.puritysearch.net/)"
195.42.102.25 - - [20/Feb/2011:19:04:06 +0900] "GET /2011/02/responses/search.action" 200 - - "Mozilla/5.0 (compatible; Purebot/1.1; +http://www.puritysearch.net/)"
195.42.102.25 - - [20/Feb/2011:19:04:14 +0900] "GET /tags/tags/search.action" 200 - - "Mozilla/5.0 (compatible; Purebot/1.1; +http://www.puritysearch.net/)"
195.42.102.25 - - [20/Feb/2011:19:04:14 +0900] "GET /2011/02/19" 200 - - "Mozilla/5.0 (compatible; Purebot/1.1; +http://www.puritysearch.net/)"
195.42.102.25 - - [20/Feb/2011:19:04:17 +0900] "GET /2011/02/tags/responses/tags/" 404 - - "Mozilla/5.0 (compatible; Purebot/1.1; +http://www.puritysearch.net/)"
195.42.102.25 - - [20/Feb/2011:19:04:21 +0900] "GET /tags/tags/tags/" 200 - - "Mozilla/5.0 (compatible; Purebot/1.1; +http://www.puritysearch.net/)"
195.42.102.25 - - [20/Feb/2011:19:04:24 +0900] "GET /2011/02/12" 200 - - "Mozilla/5.0 (compatible; Purebot/1.1; +http://www.puritysearch.net/)"
195.42.102.25 - - [20/Feb/2011:19:05:09 +0900] "GET /authors/euske/rss.xml" 200 - - "Mozilla/5.0 (compatible; Purebot/1.1; +http://www.puritysearch.net/)"
195.42.102.25 - - [20/Feb/2011:19:05:11 +0900] "GET /"http://www.lispnyc.org:80/blog/euske/what-if-lisp-was-invented-by-the-japanese">Read" 404 - - "Mozilla/5.0 (compatible; Purebot/1.1; +http://www.puritysearch.net/)"
195.42.102.25 - - [20/Feb/2011:19:05:17 +0900] "GET /tags/culture/"http://en.wikipedia.org/wiki/tags/tags/" 200 - - "Mozilla/5.0 (compatible; Purebot/1.1; +http://www.puritysearch.net/)"
195.42.102.25 - - [20/Feb/2011:19:05:19 +0900] "GET /2011/02/02" 200 - - "Mozilla/5.0 (compatible; Purebot/1.1; +http://www.puritysearch.net/)"
195.42.102.25 - - [20/Feb/2011:19:05:26 +0900] "GET /tags/search.action" 200 - - "Mozilla/5.0 (compatible; Purebot/1.1; +http://www.puritysearch.net/)"
195.42.102.25 - - [20/Feb/2011:19:05:28 +0900] "GET /2011/02/13" 200 - - "Mozilla/5.0 (compatible; Purebot/1.1; +http://www.puritysearch.net/)"
195.42.102.25 - - [20/Feb/2011:19:05:31 +0900] "GET /"http://www.lispnyc.org:80/blog/euske/what-if-lisp-was-invented-by-the-japanese">Read" 404 - - "Mozilla/5.0 (compatible; Purebot/1.1; +http://www.puritysearch.net/)"
195.42.102.25 - - [20/Feb/2011:19:05:33 +0900] "GET /"http://www.lispnyc.org:80/blog/euske/tags/" 404 - - "Mozilla/5.0 (compatible; Purebot/1.1; +http://www.puritysearch.net/)"
195.42.102.25 - - [20/Feb/2011:19:05:35 +0900] "GET /"http://www.lispnyc.org:80/blog/euske/search.action" 200 - - "Mozilla/5.0 (compatible; Purebot/1.1; +http://www.puritysearch.net/)"
195.42.102.25 - - [20/Feb/2011:19:05:45 +0900] "GET /responses/rss.xml?entry=1297401660000" 200 - - "Mozilla/5.0 (compatible; Purebot/1.1; +http://www.puritysearch.net/)"
195.42.102.25 - - [20/Feb/2011:19:05:47 +0900] "GET /2011/02/14" 200 - - "Mozilla/5.0 (compatible; Purebot/1.1; +http://www.puritysearch.net/)"
195.42.102.25 - - [20/Feb/2011:19:05:50 +0900] "GET /2011/02/responses/responses/search.action" 200 - - "Mozilla/5.0 (compatible; Purebot/1.1; +http://www.puritysearch.net/)"
195.42.102.25 - - [20/Feb/2011:19:06:04 +0900] "GET /tags/book/rss.xml" 200 - - "Mozilla/5.0 (compatible; Purebot/1.1; +http://www.puritysearch.net/)"
195.42.102.25 - - [20/Feb/2011:19:06:10 +0900] "GET /authors/euske/"http://www.lispnyc.org:80/blog/euske/secret-alien-technology-ftw">Read" 404 - - "Mozilla/5.0 (compatible; Purebot/1.1; +http://www.puritysearch.net/)"
195.42.102.25 - - [20/Feb/2011:19:06:10 +0900] "GET /authors/euske/"http://www.lispnyc.org:80/blog/euske/secret-alien-technology-ftw">Read" 404 - - "Mozilla/5.0 (compatible; Purebot/1.1; +http://www.puritysearch.net/)"
216.39.58.78 - - [20/Feb/2011:19:06:11 +0900] "GET /what-if-lisp-was-invented-by-the-japanese" 200 - - "Mozilla/5.0 (compatible; Yahoo Pipes 2.0; +http://developer.yahoo.com/yql/provider) Gecko/20090729 Firefox/3.5.2"
195.42.102.25 - - [20/Feb/2011:19:06:20 +0900] "GET /"http://www.lispnyc.org:80/blog/euske/tags/tags/" 404 - - "Mozilla/5.0 (compatible; Purebot/1.1; +http://www.puritysearch.net/)"
195.42.102.25 - - [20/Feb/2011:19:06:21 +0900] "GET /2011/search.action" 200 - - "Mozilla/5.0 (compatible; Purebot/1.1; +http://www.puritysearch.net/)"
195.42.102.25 - - [20/Feb/2011:19:06:22 +0900] "GET /authors/euske/tags/" 404 - - "Mozilla/5.0 (compatible; Purebot/1.1; +http://www.puritysearch.net/)"
195.42.102.25 - - [20/Feb/2011:19:06:22 +0900] "GET /authors/euske/tags/" 404 - - "Mozilla/5.0 (compatible; Purebot/1.1; +http://www.puritysearch.net/)"
195.42.102.25 - - [20/Feb/2011:19:06:28 +0900] "GET /2011/02/responses/tags/" 404 - - "Mozilla/5.0 (compatible; Purebot/1.1; +http://www.puritysearch.net/)"
195.42.102.25 - - [20/Feb/2011:19:06:30 +0900] "GET /2011/02/responses/responses/tags/search.action" 200 - - "Mozilla/5.0 (compatible; Purebot/1.1; +http://www.puritysearch.net/)"
195.42.102.25 - - [20/Feb/2011:19:06:40 +0900] "GET /2011/02/07" 200 - - "Mozilla/5.0 (compatible; Purebot/1.1; +http://www.puritysearch.net/)"
195.42.102.25 - - [20/Feb/2011:19:06:44 +0900] "GET /authors/euske/"http://www.lispnyc.org:80/blog/euske/what-if-lisp-was-invented-by-the-japanese">Read" 404 - - "Mozilla/5.0 (compatible; Purebot/1.1; +http://www.puritysearch.net/)"
195.42.102.25 - - [20/Feb/2011:19:06:44 +0900] "GET /authors/euske/"http://www.lispnyc.org:80/blog/euske/what-if-lisp-was-invented-by-the-japanese">Read" 404 - - "Mozilla/5.0 (compatible; Purebot/1.1; +http://www.puritysearch.net/)"
195.42.102.25 - - [20/Feb/2011:19:06:49 +0900] "GET /2011/02/responses/tags/search.action" 200 - - "Mozilla/5.0 (compatible; Purebot/1.1; +http://www.puritysearch.net/)"
195.42.102.25 - - [20/Feb/2011:19:06:52 +0900] "GET /2011/rss.xml" 404 - - "Mozilla/5.0 (compatible; Purebot/1.1; +http://www.puritysearch.net/)"
195.42.102.25 - - [20/Feb/2011:19:07:01 +0900] "GET /tags/culture/"http://en.wikipedia.org/wiki/tags/responses/rss.xml" 200 - - "Mozilla/5.0 (compatible; Purebot/1.1; +http://www.puritysearch.net/)"
195.42.102.25 - - [20/Feb/2011:19:07:19 +0900] "GET /2011/02/tags/responses/tags/rss.xml" 404 - - "Mozilla/5.0 (compatible; Purebot/1.1; +http://www.puritysearch.net/)"
87.91.112.181 - - [20/Feb/2011:19:07:28 +0900] "GET /secret-alien-technology-ftw" 200 - - "Mozilla/5.0 (compatible; Konqueror/4.6; Linux) KHTML/4.6.0 (like Gecko)"
195.42.102.25 - - [20/Feb/2011:19:08:04 +0900] "GET /2011/tags/" 404 - - "Mozilla/5.0 (compatible; Purebot/1.1; +http://www.puritysearch.net/)"
195.42.102.25 - - [20/Feb/2011:19:08:08 +0900] "GET /tags/culture/"http://en.wikipedia.org/wiki/tags/tags/search.action" 200 - - "Mozilla/5.0 (compatible; Purebot/1.1; +http://www.puritysearch.net/)"
195.42.102.25 - - [20/Feb/2011:19:08:59 +0900] "GET /authors/euske/"http://www.lispnyc.org:80/blog/euske/search.action" 404 - - "Mozilla/5.0 (compatible; Purebot/1.1; +http://www.puritysearch.net/)"
195.42.102.25 - - [20/Feb/2011:19:08:59 +0900] "GET /authors/euske/"http://www.lispnyc.org:80/blog/euske/search.action" 404 - - "Mozilla/5.0 (compatible; Purebot/1.1; +http://www.puritysearch.net/)"
195.42.102.25 - - [20/Feb/2011:19:09:11 +0900] "GET /authors/euske/"http://www.lispnyc.org:80/blog/euske/tags/" 404 - - "Mozilla/5.0 (compatible; Purebot/1.1; +http://www.puritysearch.net/)"
195.42.102.25 - - [20/Feb/2011:19:09:11 +0900] "GET /authors/euske/"http://www.lispnyc.org:80/blog/euske/tags/" 404 - - "Mozilla/5.0 (compatible; Purebot/1.1; +http://www.puritysearch.net/)"
195.42.102.25 - - [20/Feb/2011:19:09:17 +0900] "GET /"http://www.lispnyc.org:80/blog/euske/tags/" 404 - - "Mozilla/5.0 (compatible; Purebot/1.1; +http://www.puritysearch.net/)"
195.42.102.25 - - [20/Feb/2011:19:09:25 +0900] "GET /authors/euske/tags/rss.xml" 200 - - "Mozilla/5.0 (compatible; Purebot/1.1; +http://www.puritysearch.net/)"
195.42.102.25 - - [20/Feb/2011:19:09:27 +0900] "GET /tags/culture/"http://en.wikipedia.org/wiki/tags/tags/responses/rss.xml" 200 - - "Mozilla/5.0 (compatible; Purebot/1.1; +http://www.puritysearch.net/)"
195.42.102.25 - - [20/Feb/2011:19:09:28 +0900] "GET /2011/02/responses/tags/tags/" 404 - - "Mozilla/5.0 (compatible; Purebot/1.1; +http://www.puritysearch.net/)"
195.42.102.25 - - [20/Feb/2011:19:09:31 +0900] "GET /2011/02/tags/responses/tags/responses/rss.xml" 404 - - "Mozilla/5.0 (compatible; Purebot/1.1; +http://www.puritysearch.net/)"
195.42.102.25 - - [20/Feb/2011:19:09:36 +0900] "GET /what-if-lisp-was-invented-by-the-japanese" 200 - - "Mozilla/5.0 (compatible; Purebot/1.1; +http://www.puritysearch.net/)"
195.42.102.25 - - [20/Feb/2011:19:09:43 +0900] "GET /2011/02/tags/responses/tags/tags/" 404 - - "Mozilla/5.0 (compatible; Purebot/1.1; +http://www.puritysearch.net/)"
184.73.239.99 - - [20/Feb/2011:19:09:50 +0900] "HEAD /what-if-lisp-was-invented-by-the-japanese" 200 - - "Mozilla/5.0 (compatible; woriobot support [at] worio [dot] com +http://worio.com)"
195.42.102.25 - - [20/Feb/2011:19:09:52 +0900] "GET /"http://www.lispnyc.org:80/blog/euske/tags/search.action" 200 - - "Mozilla/5.0 (compatible; Purebot/1.1; +http://www.puritysearch.net/)"
195.42.102.25 - - [20/Feb/2011:19:10:03 +0900] "GET /2011/responses/responses/rss.xml" 404 - - "Mozilla/5.0 (compatible; Purebot/1.1; +http://www.puritysearch.net/)"
195.42.102.25 - - [20/Feb/2011:19:10:13 +0900] "GET /"http://www.lispnyc.org:80/blog/euske/tags/responses/rss.xml" 404 - - "Mozilla/5.0 (compatible; Purebot/1.1; +http://www.puritysearch.net/)"
195.42.102.25 - - [20/Feb/2011:19:10:16 +0900] "GET /"http://www.lispnyc.org:80/blog/euske/secret-alien-technology-ftw">Read" 404 - - "Mozilla/5.0 (compatible; Purebot/1.1; +http://www.puritysearch.net/)"
195.42.102.25 - - [20/Feb/2011:19:10:18 +0900] "GET /"http://www.lispnyc.org:80/blog/euske/tags/responses/responses/rss.xml" 404 - - "Mozilla/5.0 (compatible; Purebot/1.1; +http://www.puritysearch.net/)"
195.42.102.25 - - [20/Feb/2011:19:10:20 +0900] "GET /2011/responses/search.action" 200 - - "Mozilla/5.0 (compatible; Purebot/1.1; +http://www.puritysearch.net/)"
195.42.102.25 - - [20/Feb/2011:19:10:26 +0900] "GET /"http://www.lispnyc.org:80/blog/euske/search.action" 200 - - "Mozilla/5.0 (compatible; Purebot/1.1; +http://www.puritysearch.net/)"
195.42.102.25 - - [20/Feb/2011:19:10:48 +0900] "GET /2011/responses/responses/responses/rss.xml" 404 - - "Mozilla/5.0 (compatible; Purebot/1.1; +http://www.puritysearch.net/)"
184.73.239.99 - - [20/Feb/2011:19:23:52 +0900] "HEAD /what-if-lisp-was-invented-by-the-japanese" 200 - - "Mozilla/5.0 (compatible; woriobot support [at] worio [dot] com +http://worio.com)"
114.92.243.105 - - [20/Feb/2011:19:28:33 +0900] "GET /what-if-lisp-was-invented-by-the-japanese" 200 - "http://www.reddit.com/r/lisp/" "Mozilla/5.0 (Macintosh; U; Intel Mac OS X 10_6_6; zh-cn) AppleWebKit/533.19.4 (KHTML, like Gecko) Version/5.0.3 Safari/533.19.4"
72.14.199.148 - - [20/Feb/2011:19:32:06 +0900] "GET /rss.xml" 304 - - "Feedfetcher-Google; (+http://www.google.com/feedfetcher.html; 4 subscribers; feed-id=1720132379870088030)"
184.73.239.99 - - [20/Feb/2011:19:36:59 +0900] "HEAD /what-if-lisp-was-invented-by-the-japanese" 200 - - "Mozilla/5.0 (compatible; woriobot support [at] worio [dot] com +http://worio.com)"
216.39.58.17 - - [20/Feb/2011:19:43:57 +0900] "GET /what-if-lisp-was-invented-by-the-japanese" 200 - - "Mozilla/5.0 (compatible; Yahoo Pipes 2.0; +http://developer.yahoo.com/yql/provider) Gecko/20090729 Firefox/3.5.2"
66.249.72.43 - - [20/Feb/2011:19:50:21 +0900] "GET /2011/02/17" 200 - - "Mozilla/5.0 (compatible; Googlebot/2.1; +http://www.google.com/bot.html)"
184.73.239.99 - - [20/Feb/2011:19:51:04 +0900] "HEAD /what-if-lisp-was-invented-by-the-japanese" 200 - - "Mozilla/5.0 (compatible; woriobot support [at] worio [dot] com +http://worio.com)"
72.14.199.148 - - [20/Feb/2011:19:51:41 +0900] "GET /atom.xml" 200 - - "Feedfetcher-Google; (+http://www.google.com/feedfetcher.html; 4 subscribers; feed-id=5146562804069246624)"
95.208.180.210 - - [20/Feb/2011:19:56:44 +0900] "GET /what-if-lisp-was-invented-by-the-japanese" 200 - - "Mozilla/5.0 (Windows; U; Windows NT 6.1; en-US) AppleWebKit/534.16 (KHTML, like Gecko) Chrome/10.0.648.82 Safari/534.16"
184.73.239.99 - - [20/Feb/2011:20:05:39 +0900] "HEAD /what-if-lisp-was-invented-by-the-japanese" 200 - - "Mozilla/5.0 (compatible; woriobot support [at] worio [dot] com +http://worio.com)"
72.53.195.199 - - [20/Feb/2011:20:05:53 +0900] "GET /rss.xml" 200 - - "Mozilla/5.0 (Windows; U; Windows NT 5.1; en-US; rv:1.9.0.5) Gecko/2008120122 Firefox/3.0.5\r\n"
184.73.30.153 - - [20/Feb/2011:20:09:34 +0900] "HEAD /what-if-lisp-was-invented-by-the-japanese" 200 - - "Mozilla/5.0 (compatible; PaperLiBot/2.1)"
203.104.98.219 - - [20/Feb/2011:20:20:13 +0900] "GET /rss.xml" 304 - - "livedoor FeedFetcher/0.01 (http://reader.livedoor.com/; 1 subscriber)"
184.73.239.99 - - [20/Feb/2011:20:20:50 +0900] "HEAD /what-if-lisp-was-invented-by-the-japanese" 200 - - "Mozilla/5.0 (compatible; woriobot support [at] worio [dot] com +http://worio.com)"
216.39.58.17 - - [20/Feb/2011:20:26:07 +0900] "GET /what-if-lisp-was-invented-by-the-japanese" 200 - - "Mozilla/5.0 (compatible; Yahoo Pipes 2.0; +http://developer.yahoo.com/yql/provider) Gecko/20090729 Firefox/3.5.2"
72.14.199.148 - - [20/Feb/2011:20:28:26 +0900] "GET /rss.xml" 304 - - "Feedfetcher-Google; (+http://www.google.com/feedfetcher.html; 4 subscribers; feed-id=1720132379870088030)"
216.39.58.17 - - [20/Feb/2011:20:29:31 +0900] "GET /what-if-lisp-was-invented-by-the-japanese" 200 - - "Mozilla/5.0 (compatible; Yahoo Pipes 2.0; +http://developer.yahoo.com/yql/provider) Gecko/20090729 Firefox/3.5.2"
66.249.72.43 - - [20/Feb/2011:20:32:49 +0900] "GET /2011/02/15" 200 - - "Mozilla/5.0 (compatible; Googlebot/2.1; +http://www.google.com/bot.html)"
184.73.239.99 - - [20/Feb/2011:20:35:39 +0900] "HEAD /what-if-lisp-was-invented-by-the-japanese" 200 - - "Mozilla/5.0 (compatible; woriobot support [at] worio [dot] com +http://worio.com)"
122.177.2.137 - - [20/Feb/2011:20:42:30 +0900] "GET /what-if-lisp-was-invented-by-the-japanese" 200 - "http://www.reddit.com/r/lisp/" "Mozilla/5.0 (Windows; U; Windows NT 5.1; en-US; rv:1.9.2.13) Gecko/20101203 Firefox/3.6.13"
184.73.239.99 - - [20/Feb/2011:20:50:57 +0900] "HEAD /what-if-lisp-was-invented-by-the-japanese" 200 - - "Mozilla/5.0 (compatible; woriobot support [at] worio [dot] com +http://worio.com)"
72.14.199.148 - - [20/Feb/2011:21:01:11 +0900] "GET /atom.xml" 304 - - "Feedfetcher-Google; (+http://www.google.com/feedfetcher.html; 4 subscribers; feed-id=5146562804069246624)"
184.73.239.99 - - [20/Feb/2011:21:05:26 +0900] "HEAD /what-if-lisp-was-invented-by-the-japanese" 200 - - "Mozilla/5.0 (compatible; woriobot support [at] worio [dot] com +http://worio.com)"
83.175.176.187 - - [20/Feb/2011:21:09:33 +0900] "GET /what-if-lisp-was-invented-by-the-japanese" 200 - "http://www.reddit.com/r/programming/top/?count=50&t=week&after=t3_fmvst" "Mozilla/5.0 (X11; Linux i686; rv:2.0b11) Gecko/20100101 Firefox/4.0b11"
216.39.58.78 - - [20/Feb/2011:21:10:13 +0900] "GET /what-if-lisp-was-invented-by-the-japanese" 200 - - "Mozilla/5.0 (compatible; Yahoo Pipes 2.0; +http://developer.yahoo.com/yql/provider) Gecko/20090729 Firefox/3.5.2"
184.73.239.99 - - [20/Feb/2011:21:21:52 +0900] "HEAD /what-if-lisp-was-invented-by-the-japanese" 200 - - "Mozilla/5.0 (compatible; woriobot support [at] worio [dot] com +http://worio.com)"
72.14.199.148 - - [20/Feb/2011:21:29:06 +0900] "GET /rss.xml" 304 - - "Feedfetcher-Google; (+http://www.google.com/feedfetcher.html; 4 subscribers; feed-id=1720132379870088030)"
184.73.239.99 - - [20/Feb/2011:21:36:25 +0900] "HEAD /what-if-lisp-was-invented-by-the-japanese" 200 - - "Mozilla/5.0 (compatible; woriobot support [at] worio [dot] com +http://worio.com)"
220.108.253.39 - - [20/Feb/2011:21:37:02 +0900] "GET /" 200 - - "Mozilla/5.0 (X11; U; Linux i686; en-US; rv:1.9.2.13) Gecko/20110207 Firefox/3.6.13"
212.178.227.52 - - [20/Feb/2011:21:37:03 +0900] "GET /what-if-lisp-was-invented-by-the-japanese" 200 - "http://www.reddit.com/r/programming/" "Mozilla/5.0 (X11; U; Linux i686; en-US; rv:1.9.2.13) Gecko/20101206 Ubuntu/10.04 (lucid) Firefox/3.6.13"
201.42.207.190 - - [20/Feb/2011:21:43:31 +0900] "GET /what-if-lisp-was-invented-by-the-japanese" 200 - - "Mozilla/5.0 (Windows; U; Windows NT 6.1; en-US) AppleWebKit/534.13 (KHTML, like Gecko) Chrome/9.0.597.98 Safari/534.13"
216.237.124.106 - - [20/Feb/2011:21:49:51 +0900] "GET /what-if-lisp-was-invented-by-the-japanese" 200 - - -
203.104.98.218 - - [20/Feb/2011:21:49:53 +0900] "GET /rss.xml" 304 - - "livedoor FeedFetcher/0.01 (http://reader.livedoor.com/; 1 subscriber)"
216.39.58.18 - - [20/Feb/2011:21:50:32 +0900] "GET /what-if-lisp-was-invented-by-the-japanese" 200 - - "Mozilla/5.0 (compatible; Yahoo Pipes 2.0; +http://developer.yahoo.com/yql/provider) Gecko/20090729 Firefox/3.5.2"
184.73.239.99 - - [20/Feb/2011:21:52:10 +0900] "HEAD /what-if-lisp-was-invented-by-the-japanese" 200 - - "Mozilla/5.0 (compatible; woriobot support [at] worio [dot] com +http://worio.com)"
216.39.58.17 - - [20/Feb/2011:21:56:29 +0900] "GET /what-if-lisp-was-invented-by-the-japanese" 200 - - "Mozilla/5.0 (compatible; Yahoo Pipes 2.0; +http://developer.yahoo.com/yql/provider) Gecko/20090729 Firefox/3.5.2"
125.6.162.3 - - [20/Feb/2011:21:57:25 +0900] "GET /atom.xml" 304 - - "Fastladder FeedFetcher/0.01 (http://fastladder.com/; 1 subscriber)"
212.21.142.114 - - [20/Feb/2011:22:00:11 +0900] "GET /what-if-lisp-was-invented-by-the-japanese" 200 - "http://springpadit.com/springpad/" "Mozilla/5.0 (X11; U; Linux i686; en-US) AppleWebKit/534.21 (KHTML, like Gecko) Ubuntu/8.04 Chromium/11.0.677.0 Chrome/11.0.677.0 Safari/534.21"
72.14.199.148 - - [20/Feb/2011:22:07:01 +0900] "GET /atom.xml" 200 - - "Feedfetcher-Google; (+http://www.google.com/feedfetcher.html; 4 subscribers; feed-id=5146562804069246624)"
184.73.239.99 - - [20/Feb/2011:22:07:12 +0900] "HEAD /what-if-lisp-was-invented-by-the-japanese" 200 - - "Mozilla/5.0 (compatible; woriobot support [at] worio [dot] com +http://worio.com)"
184.73.239.99 - - [20/Feb/2011:22:21:48 +0900] "HEAD /what-if-lisp-was-invented-by-the-japanese" 200 - - "Mozilla/5.0 (compatible; woriobot support [at] worio [dot] com +http://worio.com)"
72.14.199.148 - - [20/Feb/2011:22:23:46 +0900] "GET /rss.xml" 200 - - "Feedfetcher-Google; (+http://www.google.com/feedfetcher.html; 4 subscribers; feed-id=1720132379870088030)"
184.73.239.99 - - [20/Feb/2011:22:36:23 +0900] "HEAD /what-if-lisp-was-invented-by-the-japanese" 200 - - "Mozilla/5.0 (compatible; woriobot support [at] worio [dot] com +http://worio.com)"
216.39.58.18 - - [20/Feb/2011:22:36:24 +0900] "GET /what-if-lisp-was-invented-by-the-japanese" 200 - - "Mozilla/5.0 (compatible; Yahoo Pipes 2.0; +http://developer.yahoo.com/yql/provider) Gecko/20090729 Firefox/3.5.2"
80.56.181.234 - - [20/Feb/2011:22:38:17 +0900] "GET /what-if-lisp-was-invented-by-the-japanese" 200 - "http://www.reddit.com/r/lisp/comments/fl7ac/what_if_lisp_was_invented_by_the_japanese/" "Mozilla/5.0 (X11; U; Linux x86_64; en-US) AppleWebKit/534.3 (KHTML, like Gecko) Chrome/6.0.472.63 Safari/534.3"
66.249.72.43 - - [20/Feb/2011:22:44:23 +0900] "GET /2011/02/16" 200 - - "Mozilla/5.0 (compatible; Googlebot/2.1; +http://www.google.com/bot.html)"
184.73.239.99 - - [20/Feb/2011:22:51:49 +0900] "HEAD /what-if-lisp-was-invented-by-the-japanese" 200 - - "Mozilla/5.0 (compatible; woriobot support [at] worio [dot] com +http://worio.com)"
184.73.239.99 - - [20/Feb/2011:23:06:28 +0900] "HEAD /what-if-lisp-was-invented-by-the-japanese" 200 - - "Mozilla/5.0 (compatible; woriobot support [at] worio [dot] com +http://worio.com)"
72.14.199.148 - - [20/Feb/2011:23:15:21 +0900] "GET /atom.xml" 200 - - "Feedfetcher-Google; (+http://www.google.com/feedfetcher.html; 4 subscribers; feed-id=5146562804069246624)"
184.73.239.99 - - [20/Feb/2011:23:22:49 +0900] "HEAD /what-if-lisp-was-invented-by-the-japanese" 200 - - "Mozilla/5.0 (compatible; woriobot support [at] worio [dot] com +http://worio.com)"
203.104.98.220 - - [20/Feb/2011:23:26:23 +0900] "GET /rss.xml" 304 - - "livedoor FeedFetcher/0.01 (http://reader.livedoor.com/; 1 subscriber)"
72.14.199.148 - - [20/Feb/2011:23:27:06 +0900] "GET /rss.xml" 304 - - "Feedfetcher-Google; (+http://www.google.com/feedfetcher.html; 4 subscribers; feed-id=1720132379870088030)"
216.39.58.78 - - [20/Feb/2011:23:28:02 +0900] "GET /what-if-lisp-was-invented-by-the-japanese" 200 - - "Mozilla/5.0 (compatible; Yahoo Pipes 2.0; +http://developer.yahoo.com/yql/provider) Gecko/20090729 Firefox/3.5.2"
188.24.107.158 - - [20/Feb/2011:23:31:44 +0900] "GET /what-if-lisp-was-invented-by-the-japanese" 200 - - "Mozilla/5.0 (X11; U; Linux i686; en-US; rv:1.9.2.13) Gecko/20110115 Gentoo Firefox/3.6.13"
209.131.41.48 - - [20/Feb/2011:23:40:31 +0900] "GET /what-if-lisp-was-invented-by-the-japanese" 200 - - "Mozilla/5.0 (compatible; Yahoo Pipes 2.0; +http://developer.yahoo.com/yql/provider) Gecko/20090729 Firefox/3.5.2"
184.73.239.99 - - [20/Feb/2011:23:41:08 +0900] "HEAD /what-if-lisp-was-invented-by-the-japanese" 200 - - "Mozilla/5.0 (compatible; woriobot support [at] worio [dot] com +http://worio.com)"
72.30.161.246 - - [20/Feb/2011:23:55:43 +0900] "GET /2011/02/04" 200 - - "Mozilla/5.0 (compatible; Yahoo! Slurp; http://help.yahoo.com/help/us/ysearch/slurp)"
184.73.239.99 - - [20/Feb/2011:23:57:46 +0900] "HEAD /what-if-lisp-was-invented-by-the-japanese" 200 - - "Mozilla/5.0 (compatible; woriobot support [at] worio [dot] com +http://worio.com)"
