184.73.239.99 - - [28/Feb/2011:00:11:49 +0900] "HEAD /what-if-lisp-was-invented-by-the-japanese" 200 - - "Mozilla/5.0 (compatible; woriobot support [at] worio [dot] com +http://worio.com)"
72.14.199.244 - - [28/Feb/2011:00:16:26 +0900] "GET /rss.xml" 200 - - "Feedfetcher-Google; (+http://www.google.com/feedfetcher.html; 4 subscribers; feed-id=1720132379870088030)"
216.39.58.17 - - [28/Feb/2011:00:17:14 +0900] "GET /what-if-lisp-was-invented-by-the-japanese" 200 - - "Mozilla/5.0 (compatible; Yahoo Pipes 2.0; +http://developer.yahoo.com/yql/provider) Gecko/20090729 Firefox/3.5.2"
67.195.114.220 - - [28/Feb/2011:00:27:51 +0900] "GET /what-if-lisp-was-invented-by-the-japanese" 200 - - "Mozilla/5.0 (compatible; Yahoo! Slurp; http://help.yahoo.com/help/us/ysearch/slurp)"
86.40.22.210 - - [28/Feb/2011:00:29:14 +0900] "GET /what-if-lisp-was-invented-by-the-japanese" 200 - "http://www.google.ie/reader/view/?tab=my" "Mozilla/5.0 (X11; U; Linux i686; en-US; rv:1.9.2.13) Gecko/20101206 Ubuntu/10.10 (maverick) Firefox/3.6.13"
184.73.239.99 - - [28/Feb/2011:00:29:47 +0900] "HEAD /what-if-lisp-was-invented-by-the-japanese" 200 - - "Mozilla/5.0 (compatible; woriobot support [at] worio [dot] com +http://worio.com)"
203.104.98.219 - - [28/Feb/2011:00:31:20 +0900] "GET /rss.xml" 304 - - "livedoor FeedFetcher/0.01 (http://reader.livedoor.com/; 1 subscriber)"
174.120.186.2 - - [28/Feb/2011:00:38:29 +0900] "GET /what-if-lisp-was-invented-by-the-japanese" 200 - - "Mozilla/5.0 (Windows; U; Windows NT 5.2; en-US; rv:1.9.1.4) Gecko/20091007 Firefox/3.5.4"
174.120.186.2 - - [28/Feb/2011:00:38:30 +0900] "GET /what-if-lisp-was-invented-by-the-japanese" 200 - - "Mozilla/5.0 (Macintosh; U; Intel Mac OS X 10.5; en-US; rv:1.9.0.7) Gecko/2009021906 Firefox/3.0.7"
72.14.199.244 - - [28/Feb/2011:00:45:35 +0900] "GET /atom.xml" 304 - - "Feedfetcher-Google; (+http://www.google.com/feedfetcher.html; 3 subscribers; feed-id=5146562804069246624)"
184.73.239.99 - - [28/Feb/2011:00:48:48 +0900] "HEAD /what-if-lisp-was-invented-by-the-japanese" 200 - - "Mozilla/5.0 (compatible; woriobot support [at] worio [dot] com +http://worio.com)"
184.73.239.99 - - [28/Feb/2011:01:08:48 +0900] "HEAD /what-if-lisp-was-invented-by-the-japanese" 200 - - "Mozilla/5.0 (compatible; woriobot support [at] worio [dot] com +http://worio.com)"
72.23.235.203 - - [28/Feb/2011:01:10:15 +0900] "GET /what-if-lisp-was-invented-by-the-japanese" 200 - "http://www.reddit.com/r/lisp" "Mozilla/5.0 (X11; U; Linux i686; en-US; rv:1.9.0.8) Gecko/2009033100 Ubuntu/9.04 (jaunty) Firefox/3.0.8"
72.14.199.244 - - [28/Feb/2011:01:15:47 +0900] "GET /rss.xml" 304 - - "Feedfetcher-Google; (+http://www.google.com/feedfetcher.html; 4 subscribers; feed-id=1720132379870088030)"
216.39.58.78 - - [28/Feb/2011:01:22:34 +0900] "GET /what-if-lisp-was-invented-by-the-japanese" 200 - - "Mozilla/5.0 (compatible; Yahoo Pipes 2.0; +http://developer.yahoo.com/yql/provider) Gecko/20090729 Firefox/3.5.2"
88.84.169.57 - - [28/Feb/2011:01:22:53 +0900] "GET /what-if-lisp-was-invented-by-the-japanese" 200 - - "Opera/9.80 (Windows NT 6.1; U; en) Presto/2.7.62 Version/11.01"
209.131.41.49 - - [28/Feb/2011:01:28:06 +0900] "GET /what-if-lisp-was-invented-by-the-japanese" 200 - - "Mozilla/5.0 (compatible; Yahoo Pipes 2.0; +http://developer.yahoo.com/yql/provider) Gecko/20090729 Firefox/3.5.2"
184.73.239.99 - - [28/Feb/2011:01:28:56 +0900] "HEAD /what-if-lisp-was-invented-by-the-japanese" 200 - - "Mozilla/5.0 (compatible; woriobot support [at] worio [dot] com +http://worio.com)"
203.104.98.218 - - [28/Feb/2011:01:32:22 +0900] "GET /rss.xml" 304 - - "livedoor FeedFetcher/0.01 (http://reader.livedoor.com/; 1 subscriber)"
184.73.239.99 - - [28/Feb/2011:01:48:01 +0900] "HEAD /what-if-lisp-was-invented-by-the-japanese" 200 - - "Mozilla/5.0 (compatible; woriobot support [at] worio [dot] com +http://worio.com)"
72.14.199.244 - - [28/Feb/2011:01:53:25 +0900] "GET /atom.xml" 304 - - "Feedfetcher-Google; (+http://www.google.com/feedfetcher.html; 3 subscribers; feed-id=5146562804069246624)"
184.73.239.99 - - [28/Feb/2011:02:08:18 +0900] "HEAD /what-if-lisp-was-invented-by-the-japanese" 200 - - "Mozilla/5.0 (compatible; woriobot support [at] worio [dot] com +http://worio.com)"
72.14.199.244 - - [28/Feb/2011:02:22:56 +0900] "GET /rss.xml" 200 - - "Feedfetcher-Google; (+http://www.google.com/feedfetcher.html; 4 subscribers; feed-id=1720132379870088030)"
184.73.239.99 - - [28/Feb/2011:02:26:51 +0900] "HEAD /what-if-lisp-was-invented-by-the-japanese" 200 - - "Mozilla/5.0 (compatible; woriobot support [at] worio [dot] com +http://worio.com)"
216.39.58.17 - - [28/Feb/2011:02:34:49 +0900] "GET /what-if-lisp-was-invented-by-the-japanese" 200 - - "Mozilla/5.0 (compatible; Yahoo Pipes 2.0; +http://developer.yahoo.com/yql/provider) Gecko/20090729 Firefox/3.5.2"
184.73.239.99 - - [28/Feb/2011:02:44:25 +0900] "HEAD /what-if-lisp-was-invented-by-the-japanese" 200 - - "Mozilla/5.0 (compatible; woriobot support [at] worio [dot] com +http://worio.com)"
72.14.199.244 - - [28/Feb/2011:02:51:05 +0900] "GET /atom.xml" 304 - - "Feedfetcher-Google; (+http://www.google.com/feedfetcher.html; 3 subscribers; feed-id=5146562804069246624)"
184.73.239.99 - - [28/Feb/2011:03:02:34 +0900] "HEAD /what-if-lisp-was-invented-by-the-japanese" 200 - - "Mozilla/5.0 (compatible; woriobot support [at] worio [dot] com +http://worio.com)"
67.195.114.220 - - [28/Feb/2011:03:12:56 +0900] "GET /secret-alien-technology-ftw" 200 - - "Mozilla/5.0 (compatible; Yahoo! Slurp; http://help.yahoo.com/help/us/ysearch/slurp)"
67.195.114.220 - - [28/Feb/2011:03:14:41 +0900] "GET /2011/02/28" 200 - - "Mozilla/5.0 (compatible; Yahoo! Slurp; http://help.yahoo.com/help/us/ysearch/slurp)"
184.73.239.99 - - [28/Feb/2011:03:21:10 +0900] "HEAD /what-if-lisp-was-invented-by-the-japanese" 200 - - "Mozilla/5.0 (compatible; woriobot support [at] worio [dot] com +http://worio.com)"
72.14.199.244 - - [28/Feb/2011:03:24:55 +0900] "GET /rss.xml" 304 - - "Feedfetcher-Google; (+http://www.google.com/feedfetcher.html; 4 subscribers; feed-id=1720132379870088030)"
118.243.141.241 - - [28/Feb/2011:03:39:00 +0900] "GET /atom.xml" 304 - - "samidare"
184.73.239.99 - - [28/Feb/2011:03:39:05 +0900] "HEAD /what-if-lisp-was-invented-by-the-japanese" 200 - - "Mozilla/5.0 (compatible; woriobot support [at] worio [dot] com +http://worio.com)"
203.104.98.220 - - [28/Feb/2011:03:39:23 +0900] "GET /rss.xml" 304 - - "livedoor FeedFetcher/0.01 (http://reader.livedoor.com/; 1 subscriber)"
216.39.58.17 - - [28/Feb/2011:03:48:40 +0900] "GET /what-if-lisp-was-invented-by-the-japanese" 200 - - "Mozilla/5.0 (compatible; Yahoo Pipes 2.0; +http://developer.yahoo.com/yql/provider) Gecko/20090729 Firefox/3.5.2"
72.14.199.244 - - [28/Feb/2011:03:49:05 +0900] "GET /atom.xml" 304 - - "Feedfetcher-Google; (+http://www.google.com/feedfetcher.html; 3 subscribers; feed-id=5146562804069246624)"
216.39.58.78 - - [28/Feb/2011:03:54:59 +0900] "GET /what-if-lisp-was-invented-by-the-japanese" 200 - - "Mozilla/5.0 (compatible; Yahoo Pipes 2.0; +http://developer.yahoo.com/yql/provider) Gecko/20090729 Firefox/3.5.2"
184.73.239.99 - - [28/Feb/2011:03:56:52 +0900] "HEAD /what-if-lisp-was-invented-by-the-japanese" 200 - - "Mozilla/5.0 (compatible; woriobot support [at] worio [dot] com +http://worio.com)"
184.73.239.99 - - [28/Feb/2011:04:14:01 +0900] "HEAD /what-if-lisp-was-invented-by-the-japanese" 200 - - "Mozilla/5.0 (compatible; woriobot support [at] worio [dot] com +http://worio.com)"
98.173.25.21 - - [28/Feb/2011:04:25:06 +0900] "GET /what-if-lisp-was-invented-by-the-japanese" 200 - "http://news.ycombinator.com/" "Mozilla/5.0 (Windows; U; Windows NT 6.1; en-US; rv:1.9.2.13) Gecko/20101203 Firefox/3.6.13"
72.14.199.244 - - [28/Feb/2011:04:27:35 +0900] "GET /rss.xml" 304 - - "Feedfetcher-Google; (+http://www.google.com/feedfetcher.html; 4 subscribers; feed-id=1720132379870088030)"
98.173.25.21 - - [28/Feb/2011:04:28:04 +0900] "GET /what-if-lisp-was-invented-by-the-japanese" 200 - "http://news.ycombinator.com/" "Mozilla/5.0 (Windows; U; Windows NT 6.1; en-US; rv:1.9.2.13) Gecko/20101203 Firefox/3.6.13"
184.73.239.99 - - [28/Feb/2011:04:31:10 +0900] "HEAD /what-if-lisp-was-invented-by-the-japanese" 200 - - "Mozilla/5.0 (compatible; woriobot support [at] worio [dot] com +http://worio.com)"
81.104.38.74 - - [28/Feb/2011:04:31:51 +0900] "GET /what-if-lisp-was-invented-by-the-japanese" 200 - "http://www.reddit.com/r/programming/?count=275&after=t3_fm7ai" "Mozilla/5.0 (X11; U; Linux x86_64; en-GB; rv:1.9.2.13) Gecko/20101206 Ubuntu/10.10 (maverick) Firefox/3.6.13"
203.104.98.218 - - [28/Feb/2011:04:43:47 +0900] "GET /rss.xml" 304 - - "livedoor FeedFetcher/0.01 (http://reader.livedoor.com/; 1 subscriber)"
184.73.239.99 - - [28/Feb/2011:04:49:31 +0900] "HEAD /what-if-lisp-was-invented-by-the-japanese" 200 - - "Mozilla/5.0 (compatible; woriobot support [at] worio [dot] com +http://worio.com)"
216.39.58.18 - - [28/Feb/2011:04:56:51 +0900] "GET /what-if-lisp-was-invented-by-the-japanese" 200 - - "Mozilla/5.0 (compatible; Yahoo Pipes 2.0; +http://developer.yahoo.com/yql/provider) Gecko/20090729 Firefox/3.5.2"
72.14.199.244 - - [28/Feb/2011:04:57:35 +0900] "GET /atom.xml" 304 - - "Feedfetcher-Google; (+http://www.google.com/feedfetcher.html; 3 subscribers; feed-id=5146562804069246624)"
184.73.239.99 - - [28/Feb/2011:05:10:34 +0900] "HEAD /what-if-lisp-was-invented-by-the-japanese" 200 - - "Mozilla/5.0 (compatible; woriobot support [at] worio [dot] com +http://worio.com)"
72.14.199.244 - - [28/Feb/2011:05:24:15 +0900] "GET /rss.xml" 200 - - "Feedfetcher-Google; (+http://www.google.com/feedfetcher.html; 4 subscribers; feed-id=1720132379870088030)"
184.73.239.99 - - [28/Feb/2011:05:29:41 +0900] "HEAD /what-if-lisp-was-invented-by-the-japanese" 200 - - "Mozilla/5.0 (compatible; woriobot support [at] worio [dot] com +http://worio.com)"
184.73.239.99 - - [28/Feb/2011:05:47:30 +0900] "HEAD /what-if-lisp-was-invented-by-the-japanese" 200 - - "Mozilla/5.0 (compatible; woriobot support [at] worio [dot] com +http://worio.com)"
216.39.58.18 - - [28/Feb/2011:05:59:29 +0900] "GET /what-if-lisp-was-invented-by-the-japanese" 200 - - "Mozilla/5.0 (compatible; Yahoo Pipes 2.0; +http://developer.yahoo.com/yql/provider) Gecko/20090729 Firefox/3.5.2"
72.14.199.244 - - [28/Feb/2011:06:00:45 +0900] "GET /atom.xml" 304 - - "Feedfetcher-Google; (+http://www.google.com/feedfetcher.html; 3 subscribers; feed-id=5146562804069246624)"
66.249.72.8 - - [28/Feb/2011:06:01:41 +0900] "GET /what-if-lisp-was-invented-by-the-japanese" 200 - - "Mozilla/5.0 (compatible; Googlebot/2.1; +http://www.google.com/bot.html)"
216.39.58.17 - - [28/Feb/2011:06:04:52 +0900] "GET /what-if-lisp-was-invented-by-the-japanese" 200 - - "Mozilla/5.0 (compatible; Yahoo Pipes 2.0; +http://developer.yahoo.com/yql/provider) Gecko/20090729 Firefox/3.5.2"
184.73.239.99 - - [28/Feb/2011:06:05:06 +0900] "HEAD /what-if-lisp-was-invented-by-the-japanese" 200 - - "Mozilla/5.0 (compatible; woriobot support [at] worio [dot] com +http://worio.com)"
69.248.130.101 - - [28/Feb/2011:06:16:47 +0900] "GET /authors/euske/" 200 - "http://www.google.com/url?sa=t&source=web&cd=7&ved=0CD0QFjAG&url=http%3A%2F%2Flispnyc.org%2Fblog%2Feuske%2Fauthors%2Feuske%2F&rct=j&q=Yusuke%20Shinyama&ei=I8RqTcKZF4GglAeMn9WvCQ&usg=AFQjCNEMzmlsViTmVJ_K5-lwmtSHQolICA&cad=rja" "Mozilla/5.0 (Windows; U; Windows NT 6.1; en-US; rv:1.9.2.13) Gecko/20101203 Firefox/3.6.13"
69.248.130.101 - - [28/Feb/2011:06:17:31 +0900] "GET /what-if-lisp-was-invented-by-the-japanese" 200 - "http://lispnyc.org/blog/euske/authors/euske/" "Mozilla/5.0 (Windows; U; Windows NT 6.1; en-US; rv:1.9.2.13) Gecko/20101203 Firefox/3.6.13"
69.248.130.101 - - [28/Feb/2011:06:17:42 +0900] "GET /secret-alien-technology-ftw" 200 - "http://lispnyc.org/blog/euske/authors/euske/" "Mozilla/5.0 (Windows; U; Windows NT 6.1; en-US; rv:1.9.2.13) Gecko/20101203 Firefox/3.6.13"
69.248.130.101 - - [28/Feb/2011:06:18:12 +0900] "GET /authors/euske/" 200 - "http://www.google.com/url?sa=t&source=web&cd=7&ved=0CD0QFjAG&url=http%3A%2F%2Flispnyc.org%2Fblog%2Feuske%2Fauthors%2Feuske%2F&rct=j&q=Yusuke%20Shinyama&ei=I8RqTcKZF4GglAeMn9WvCQ&usg=AFQjCNEMzmlsViTmVJ_K5-lwmtSHQolICA&cad=rja" "Mozilla/5.0 (Windows; U; Windows NT 6.1; en-US; rv:1.9.2.13) Gecko/20101203 Firefox/3.6.13"
69.248.130.101 - - [28/Feb/2011:06:18:30 +0900] "GET /authors/euske/" 200 - "http://www.google.com/url?sa=t&source=web&cd=7&ved=0CD0QFjAG&url=http%3A%2F%2Flispnyc.org%2Fblog%2Feuske%2Fauthors%2Feuske%2F&rct=j&q=Yusuke%20Shinyama&ei=I8RqTcKZF4GglAeMn9WvCQ&usg=AFQjCNEMzmlsViTmVJ_K5-lwmtSHQolICA&cad=rja" "Mozilla/5.0 (Windows; U; Windows NT 6.1; en-US; rv:1.9.2.13) Gecko/20101203 Firefox/3.6.13"
69.248.130.101 - - [28/Feb/2011:06:18:36 +0900] "GET /authors/euske/" 200 - "http://www.google.com/url?sa=t&source=web&cd=7&ved=0CD0QFjAG&url=http%3A%2F%2Flispnyc.org%2Fblog%2Feuske%2Fauthors%2Feuske%2F&rct=j&q=Yusuke%20Shinyama&ei=I8RqTcKZF4GglAeMn9WvCQ&usg=AFQjCNEMzmlsViTmVJ_K5-lwmtSHQolICA&cad=rja" "Mozilla/5.0 (Windows; U; Windows NT 6.1; en-US; rv:1.9.2.13) Gecko/20101203 Firefox/3.6.13"
66.249.72.8 - - [28/Feb/2011:06:19:41 +0900] "GET /what-if-lisp-was-invented-by-the-japanese" 200 - - "Mozilla/5.0 (compatible; Googlebot/2.1; +http://www.google.com/bot.html)"
184.73.239.99 - - [28/Feb/2011:06:21:58 +0900] "HEAD /what-if-lisp-was-invented-by-the-japanese" 200 - - "Mozilla/5.0 (compatible; woriobot support [at] worio [dot] com +http://worio.com)"
72.14.199.244 - - [28/Feb/2011:06:23:05 +0900] "GET /rss.xml" 304 - - "Feedfetcher-Google; (+http://www.google.com/feedfetcher.html; 4 subscribers; feed-id=1720132379870088030)"
220.217.171.91 - - [28/Feb/2011:06:23:12 +0900] "GET /what-if-lisp-was-invented-by-the-japanese" 200 - "http://lispnyc.org/blog/" "Mozilla/4.0 (compatible; MSIE 8.0; Windows NT 5.1; Trident/4.0; .NET CLR 1.1.4322; .NET CLR 2.0.50727; .NET CLR 3.0.4506.2152; .NET CLR 3.5.30729)"
184.73.239.99 - - [28/Feb/2011:06:37:56 +0900] "HEAD /what-if-lisp-was-invented-by-the-japanese" 200 - - "Mozilla/5.0 (compatible; woriobot support [at] worio [dot] com +http://worio.com)"
66.249.72.8 - - [28/Feb/2011:06:40:35 +0900] "GET /secret-alien-technology-ftw" 200 - - "Mozilla/5.0 (compatible; Googlebot/2.1; +http://www.google.com/bot.html)"
203.104.98.218 - - [28/Feb/2011:06:43:30 +0900] "GET /rss.xml" 304 - - "livedoor FeedFetcher/0.01 (http://reader.livedoor.com/; 1 subscriber)"
184.73.239.99 - - [28/Feb/2011:06:55:19 +0900] "HEAD /what-if-lisp-was-invented-by-the-japanese" 200 - - "Mozilla/5.0 (compatible; woriobot support [at] worio [dot] com +http://worio.com)"
72.14.199.244 - - [28/Feb/2011:07:01:45 +0900] "GET /atom.xml" 304 - - "Feedfetcher-Google; (+http://www.google.com/feedfetcher.html; 3 subscribers; feed-id=5146562804069246624)"
216.39.58.78 - - [28/Feb/2011:07:05:29 +0900] "GET /what-if-lisp-was-invented-by-the-japanese" 200 - - "Mozilla/5.0 (compatible; Yahoo Pipes 2.0; +http://developer.yahoo.com/yql/provider) Gecko/20090729 Firefox/3.5.2"
184.73.239.99 - - [28/Feb/2011:07:14:26 +0900] "HEAD /what-if-lisp-was-invented-by-the-japanese" 200 - - "Mozilla/5.0 (compatible; woriobot support [at] worio [dot] com +http://worio.com)"
72.14.199.244 - - [28/Feb/2011:07:17:06 +0900] "GET /rss.xml" 304 - - "Feedfetcher-Google; (+http://www.google.com/feedfetcher.html; 4 subscribers; feed-id=1720132379870088030)"
66.249.72.8 - - [28/Feb/2011:07:18:51 +0900] "GET /2011/02/28" 200 - - "Mozilla/5.0 (compatible; Googlebot/2.1; +http://www.google.com/bot.html)"
184.73.239.99 - - [28/Feb/2011:07:31:52 +0900] "HEAD /what-if-lisp-was-invented-by-the-japanese" 200 - - "Mozilla/5.0 (compatible; woriobot support [at] worio [dot] com +http://worio.com)"
203.104.98.220 - - [28/Feb/2011:07:46:41 +0900] "GET /rss.xml" 304 - - "livedoor FeedFetcher/0.01 (http://reader.livedoor.com/; 1 subscriber)"
184.73.239.99 - - [28/Feb/2011:07:48:24 +0900] "HEAD /what-if-lisp-was-invented-by-the-japanese" 200 - - "Mozilla/5.0 (compatible; woriobot support [at] worio [dot] com +http://worio.com)"
72.14.199.244 - - [28/Feb/2011:07:53:54 +0900] "GET /atom.xml" 304 - - "Feedfetcher-Google; (+http://www.google.com/feedfetcher.html; 3 subscribers; feed-id=5146562804069246624)"
216.39.58.18 - - [28/Feb/2011:08:06:39 +0900] "GET /what-if-lisp-was-invented-by-the-japanese" 200 - - "Mozilla/5.0 (compatible; Yahoo Pipes 2.0; +http://developer.yahoo.com/yql/provider) Gecko/20090729 Firefox/3.5.2"
72.14.199.244 - - [28/Feb/2011:08:07:29 +0900] "GET /rss.xml" 304 - - "Feedfetcher-Google; (+http://www.google.com/feedfetcher.html; 4 subscribers; feed-id=1720132379870088030)"
184.73.239.99 - - [28/Feb/2011:08:07:38 +0900] "HEAD /what-if-lisp-was-invented-by-the-japanese" 200 - - "Mozilla/5.0 (compatible; woriobot support [at] worio [dot] com +http://worio.com)"
216.39.58.18 - - [28/Feb/2011:08:12:18 +0900] "GET /what-if-lisp-was-invented-by-the-japanese" 200 - - "Mozilla/5.0 (compatible; Yahoo Pipes 2.0; +http://developer.yahoo.com/yql/provider) Gecko/20090729 Firefox/3.5.2"
184.73.239.99 - - [28/Feb/2011:08:26:11 +0900] "HEAD /what-if-lisp-was-invented-by-the-japanese" 200 - - "Mozilla/5.0 (compatible; woriobot support [at] worio [dot] com +http://worio.com)"
184.73.239.99 - - [28/Feb/2011:08:44:23 +0900] "HEAD /what-if-lisp-was-invented-by-the-japanese" 200 - - "Mozilla/5.0 (compatible; woriobot support [at] worio [dot] com +http://worio.com)"
72.14.199.244 - - [28/Feb/2011:08:50:54 +0900] "GET /atom.xml" 304 - - "Feedfetcher-Google; (+http://www.google.com/feedfetcher.html; 3 subscribers; feed-id=5146562804069246624)"
184.73.239.99 - - [28/Feb/2011:09:01:53 +0900] "HEAD /what-if-lisp-was-invented-by-the-japanese" 200 - - "Mozilla/5.0 (compatible; woriobot support [at] worio [dot] com +http://worio.com)"
206.180.152.148 - - [28/Feb/2011:09:03:03 +0900] "GET /what-if-lisp-was-invented-by-the-japanese" 200 - "http://news.ycombinator.com/" "Mozilla/5.0 (X11; Linux i686; rv:2.0b12) Gecko/20100101 Firefox/4.0b12"
216.39.58.17 - - [28/Feb/2011:09:14:14 +0900] "GET /what-if-lisp-was-invented-by-the-japanese" 200 - - "Mozilla/5.0 (compatible; Yahoo Pipes 2.0; +http://developer.yahoo.com/yql/provider) Gecko/20090729 Firefox/3.5.2"
72.14.199.244 - - [28/Feb/2011:09:15:39 +0900] "GET /rss.xml" 304 - - "Feedfetcher-Google; (+http://www.google.com/feedfetcher.html; 4 subscribers; feed-id=1720132379870088030)"
184.73.239.99 - - [28/Feb/2011:09:20:44 +0900] "HEAD /what-if-lisp-was-invented-by-the-japanese" 200 - - "Mozilla/5.0 (compatible; woriobot support [at] worio [dot] com +http://worio.com)"
184.73.239.99 - - [28/Feb/2011:09:37:11 +0900] "HEAD /what-if-lisp-was-invented-by-the-japanese" 200 - - "Mozilla/5.0 (compatible; woriobot support [at] worio [dot] com +http://worio.com)"
72.14.199.244 - - [28/Feb/2011:09:46:14 +0900] "GET /atom.xml" 304 - - "Feedfetcher-Google; (+http://www.google.com/feedfetcher.html; 3 subscribers; feed-id=5146562804069246624)"
184.73.239.99 - - [28/Feb/2011:09:54:45 +0900] "HEAD /what-if-lisp-was-invented-by-the-japanese" 200 - - "Mozilla/5.0 (compatible; woriobot support [at] worio [dot] com +http://worio.com)"
203.104.98.218 - - [28/Feb/2011:09:55:45 +0900] "GET /rss.xml" 304 - - "livedoor FeedFetcher/0.01 (http://reader.livedoor.com/; 1 subscriber)"
184.73.239.99 - - [28/Feb/2011:10:12:50 +0900] "HEAD /what-if-lisp-was-invented-by-the-japanese" 200 - - "Mozilla/5.0 (compatible; woriobot support [at] worio [dot] com +http://worio.com)"
209.131.41.49 - - [28/Feb/2011:10:16:35 +0900] "GET /what-if-lisp-was-invented-by-the-japanese" 200 - - "Mozilla/5.0 (compatible; Yahoo Pipes 2.0; +http://developer.yahoo.com/yql/provider) Gecko/20090729 Firefox/3.5.2"
72.14.199.244 - - [28/Feb/2011:10:20:09 +0900] "GET /rss.xml" 200 - - "Feedfetcher-Google; (+http://www.google.com/feedfetcher.html; 4 subscribers; feed-id=1720132379870088030)"
216.39.58.18 - - [28/Feb/2011:10:21:59 +0900] "GET /what-if-lisp-was-invented-by-the-japanese" 200 - - "Mozilla/5.0 (compatible; Yahoo Pipes 2.0; +http://developer.yahoo.com/yql/provider) Gecko/20090729 Firefox/3.5.2"
184.73.239.99 - - [28/Feb/2011:10:30:09 +0900] "HEAD /what-if-lisp-was-invented-by-the-japanese" 200 - - "Mozilla/5.0 (compatible; woriobot support [at] worio [dot] com +http://worio.com)"
72.14.199.244 - - [28/Feb/2011:10:37:44 +0900] "GET /atom.xml" 200 - - "Feedfetcher-Google; (+http://www.google.com/feedfetcher.html; 3 subscribers; feed-id=5146562804069246624)"
66.147.236.94 - - [28/Feb/2011:10:44:24 +0900] "GET /responses/rss.xml?entry=1296823440000" 200 - - "Mozilla/5.0 (compatible; Mp3Bot/0.7; +http://mp3realm.org/mp3bot/)"
66.147.236.94 - - [28/Feb/2011:10:44:24 +0900] "GET /responses/rss.xml?entry=1297401660000" 200 - - "Mozilla/5.0 (compatible; Mp3Bot/0.7; +http://mp3realm.org/mp3bot/)"
66.147.236.94 - - [28/Feb/2011:10:44:25 +0900] "GET /rss.xml" 200 - - "Mozilla/5.0 (compatible; Mp3Bot/0.7; +http://mp3realm.org/mp3bot/)"
66.147.236.94 - - [28/Feb/2011:10:44:30 +0900] "GET /" 200 - - "Mozilla/5.0 (compatible; Mp3Bot/0.7; +http://mp3realm.org/mp3bot/)"
66.147.236.94 - - [28/Feb/2011:10:44:32 +0900] "GET /secret-alien-technology-ftw" 200 - - "Mozilla/5.0 (compatible; Mp3Bot/0.7; +http://mp3realm.org/mp3bot/)"
66.147.236.94 - - [28/Feb/2011:10:44:33 +0900] "GET /secret-alien-technology-ftw" 200 - - "Mozilla/5.0 (compatible; Mp3Bot/0.7; +http://mp3realm.org/mp3bot/)"
66.147.236.94 - - [28/Feb/2011:10:44:33 +0900] "GET /secret-alien-technology-ftw" 200 - - "Mozilla/5.0 (compatible; Mp3Bot/0.7; +http://mp3realm.org/mp3bot/)"
66.147.236.94 - - [28/Feb/2011:10:44:34 +0900] "GET /what-if-lisp-was-invented-by-the-japanese" 200 - - "Mozilla/5.0 (compatible; Mp3Bot/0.7; +http://mp3realm.org/mp3bot/)"
66.147.236.94 - - [28/Feb/2011:10:44:34 +0900] "GET /what-if-lisp-was-invented-by-the-japanese" 200 - - "Mozilla/5.0 (compatible; Mp3Bot/0.7; +http://mp3realm.org/mp3bot/)"
66.147.236.94 - - [28/Feb/2011:10:44:34 +0900] "GET /what-if-lisp-was-invented-by-the-japanese" 200 - - "Mozilla/5.0 (compatible; Mp3Bot/0.7; +http://mp3realm.org/mp3bot/)"
66.147.236.94 - - [28/Feb/2011:10:44:46 +0900] "GET /responses/rss.xml" 200 - - "Mozilla/5.0 (compatible; Mp3Bot/0.7; +http://mp3realm.org/mp3bot/)"
66.147.236.94 - - [28/Feb/2011:10:44:46 +0900] "GET /rss.xml" 200 - - "Mozilla/5.0 (compatible; Mp3Bot/0.7; +http://mp3realm.org/mp3bot/)"
66.147.236.94 - - [28/Feb/2011:10:44:49 +0900] "GET /replyToBlogEntry.action?entry=1297401660000&amp;comment=1297711949849" 200 - - "Mozilla/5.0 (compatible; Mp3Bot/0.7; +http://mp3realm.org/mp3bot/)"
66.147.236.94 - - [28/Feb/2011:10:44:50 +0900] "GET /replyToBlogEntry.action?entry=1297401660000&amp;comment=1297618195677" 200 - - "Mozilla/5.0 (compatible; Mp3Bot/0.7; +http://mp3realm.org/mp3bot/)"
66.147.236.94 - - [28/Feb/2011:10:44:50 +0900] "GET /authors/euske/" 200 - - "Mozilla/5.0 (compatible; Mp3Bot/0.7; +http://mp3realm.org/mp3bot/)"
66.147.236.94 - - [28/Feb/2011:10:44:56 +0900] "GET /replyToBlogEntry.action?entry=1297401660000&amp;comment=1297613830060" 200 - - "Mozilla/5.0 (compatible; Mp3Bot/0.7; +http://mp3realm.org/mp3bot/)"
66.147.236.94 - - [28/Feb/2011:10:44:57 +0900] "GET /replyToBlogEntry.action?entry=1297401660000&amp;comment=1297625755177" 200 - - "Mozilla/5.0 (compatible; Mp3Bot/0.7; +http://mp3realm.org/mp3bot/)"
66.147.236.94 - - [28/Feb/2011:10:44:57 +0900] "GET /search.action" 200 - - "Mozilla/5.0 (compatible; Mp3Bot/0.7; +http://mp3realm.org/mp3bot/)"
66.147.236.94 - - [28/Feb/2011:10:44:57 +0900] "GET /replyToBlogEntry.action?entry=1297401660000&amp;comment=1297710123628" 200 - - "Mozilla/5.0 (compatible; Mp3Bot/0.7; +http://mp3realm.org/mp3bot/)"
66.147.236.94 - - [28/Feb/2011:10:44:58 +0900] "GET /replyToBlogEntry.action?entry=1297401660000&amp;comment=1297643709154" 200 - - "Mozilla/5.0 (compatible; Mp3Bot/0.7; +http://mp3realm.org/mp3bot/)"
66.147.236.94 - - [28/Feb/2011:10:44:58 +0900] "GET /replyToBlogEntry.action?entry=1297401660000&amp;comment=1297728186695" 200 - - "Mozilla/5.0 (compatible; Mp3Bot/0.7; +http://mp3realm.org/mp3bot/)"
66.147.236.94 - - [28/Feb/2011:10:44:58 +0900] "GET /tags/" 200 - - "Mozilla/5.0 (compatible; Mp3Bot/0.7; +http://mp3realm.org/mp3bot/)"
66.147.236.94 - - [28/Feb/2011:10:44:58 +0900] "GET /replyToBlogEntry.action?entry=1296823440000&amp;comment=1296865141903" 200 - - "Mozilla/5.0 (compatible; Mp3Bot/0.7; +http://mp3realm.org/mp3bot/)"
66.147.236.94 - - [28/Feb/2011:10:44:59 +0900] "GET /replyToBlogEntry.action?entry=1297401660000&amp;comment=1297596963430" 200 - - "Mozilla/5.0 (compatible; Mp3Bot/0.7; +http://mp3realm.org/mp3bot/)"
66.147.236.94 - - [28/Feb/2011:10:44:59 +0900] "GET /generateTrackBackLink.action?entry=1297401660000" 200 - - "Mozilla/5.0 (compatible; Mp3Bot/0.7; +http://mp3realm.org/mp3bot/)"
66.147.236.94 - - [28/Feb/2011:10:44:59 +0900] "GET /replyToBlogEntry.action?entry=1297401660000&amp;comment=1297773779974" 200 - - "Mozilla/5.0 (compatible; Mp3Bot/0.7; +http://mp3realm.org/mp3bot/)"
66.147.236.94 - - [28/Feb/2011:10:44:59 +0900] "GET /generateTrackBackLink.action?entry=1296823440000" 200 - - "Mozilla/5.0 (compatible; Mp3Bot/0.7; +http://mp3realm.org/mp3bot/)"
66.147.236.94 - - [28/Feb/2011:10:44:59 +0900] "GET /replyToBlogEntry.action?entry=1296823440000&amp;comment=1296824392351" 200 - - "Mozilla/5.0 (compatible; Mp3Bot/0.7; +http://mp3realm.org/mp3bot/)"
66.147.236.94 - - [28/Feb/2011:10:45:00 +0900] "GET /replyToBlogEntry.action?entry=1297401660000&amp;comment=1297760248231" 200 - - "Mozilla/5.0 (compatible; Mp3Bot/0.7; +http://mp3realm.org/mp3bot/)"
184.73.239.99 - - [28/Feb/2011:10:47:01 +0900] "HEAD /what-if-lisp-was-invented-by-the-japanese" 200 - - "Mozilla/5.0 (compatible; woriobot support [at] worio [dot] com +http://worio.com)"
203.104.98.218 - - [28/Feb/2011:10:55:58 +0900] "GET /rss.xml" 304 - - "livedoor FeedFetcher/0.01 (http://reader.livedoor.com/; 1 subscriber)"
184.73.239.99 - - [28/Feb/2011:11:06:11 +0900] "HEAD /what-if-lisp-was-invented-by-the-japanese" 200 - - "Mozilla/5.0 (compatible; woriobot support [at] worio [dot] com +http://worio.com)"
72.14.199.244 - - [28/Feb/2011:11:19:30 +0900] "GET /rss.xml" 304 - - "Feedfetcher-Google; (+http://www.google.com/feedfetcher.html; 4 subscribers; feed-id=1720132379870088030)"
184.73.239.99 - - [28/Feb/2011:11:24:24 +0900] "HEAD /what-if-lisp-was-invented-by-the-japanese" 200 - - "Mozilla/5.0 (compatible; woriobot support [at] worio [dot] com +http://worio.com)"
216.39.58.78 - - [28/Feb/2011:11:26:23 +0900] "GET /what-if-lisp-was-invented-by-the-japanese" 200 - - "Mozilla/5.0 (compatible; Yahoo Pipes 2.0; +http://developer.yahoo.com/yql/provider) Gecko/20090729 Firefox/3.5.2"
72.14.199.244 - - [28/Feb/2011:11:31:14 +0900] "GET /atom.xml" 200 - - "Feedfetcher-Google; (+http://www.google.com/feedfetcher.html; 3 subscribers; feed-id=5146562804069246624)"
118.243.141.241 - - [28/Feb/2011:11:39:01 +0900] "GET /atom.xml" 304 - - "samidare"
184.73.239.99 - - [28/Feb/2011:11:41:19 +0900] "HEAD /what-if-lisp-was-invented-by-the-japanese" 200 - - "Mozilla/5.0 (compatible; woriobot support [at] worio [dot] com +http://worio.com)"
67.195.114.220 - - [28/Feb/2011:11:46:03 +0900] "GET /replyToBlogEntry.action?entry=1297401660000&comment=1297625755177" 200 - - "Mozilla/5.0 (compatible; Yahoo! Slurp; http://help.yahoo.com/help/us/ysearch/slurp)"
211.43.152.58 - - [28/Feb/2011:11:55:58 +0900] "GET /atom.xml" 200 - - "Mozilla/5.0 Firefox/3.0.5"
184.73.239.99 - - [28/Feb/2011:11:58:55 +0900] "HEAD /what-if-lisp-was-invented-by-the-japanese" 200 - - "Mozilla/5.0 (compatible; woriobot support [at] worio [dot] com +http://worio.com)"
184.73.239.99 - - [28/Feb/2011:12:16:44 +0900] "HEAD /what-if-lisp-was-invented-by-the-japanese" 200 - - "Mozilla/5.0 (compatible; woriobot support [at] worio [dot] com +http://worio.com)"
67.195.114.220 - - [28/Feb/2011:12:16:54 +0900] "GET /generateTrackBackLink.action?entry=1297401660000" 200 - - "Mozilla/5.0 (compatible; Yahoo! Slurp; http://help.yahoo.com/help/us/ysearch/slurp)"
72.14.199.244 - - [28/Feb/2011:12:26:04 +0900] "GET /atom.xml" 304 - - "Feedfetcher-Google; (+http://www.google.com/feedfetcher.html; 3 subscribers; feed-id=5146562804069246624)"
72.14.199.244 - - [28/Feb/2011:12:27:39 +0900] "GET /rss.xml" 200 - - "Feedfetcher-Google; (+http://www.google.com/feedfetcher.html; 4 subscribers; feed-id=1720132379870088030)"
216.39.58.17 - - [28/Feb/2011:12:29:15 +0900] "GET /what-if-lisp-was-invented-by-the-japanese" 200 - - "Mozilla/5.0 (compatible; Yahoo Pipes 2.0; +http://developer.yahoo.com/yql/provider) Gecko/20090729 Firefox/3.5.2"
184.73.239.99 - - [28/Feb/2011:12:34:36 +0900] "HEAD /what-if-lisp-was-invented-by-the-japanese" 200 - - "Mozilla/5.0 (compatible; woriobot support [at] worio [dot] com +http://worio.com)"
216.39.58.18 - - [28/Feb/2011:12:34:49 +0900] "GET /what-if-lisp-was-invented-by-the-japanese" 200 - - "Mozilla/5.0 (compatible; Yahoo Pipes 2.0; +http://developer.yahoo.com/yql/provider) Gecko/20090729 Firefox/3.5.2"
189.179.242.130 - - [28/Feb/2011:12:42:54 +0900] "GET /what-if-lisp-was-invented-by-the-japanese" 200 - "http://www.reddit.com/r/programming/comments/fl6is/what_if_lisp_was_invented_by_the_japanese/" "Mozilla/5.0 (X11; U; Linux i686; en-US; rv:1.9.2.13) Gecko/20101206 Ubuntu/9.10 (karmic) Firefox/3.6.13"
184.73.239.99 - - [28/Feb/2011:12:52:39 +0900] "HEAD /what-if-lisp-was-invented-by-the-japanese" 200 - - "Mozilla/5.0 (compatible; woriobot support [at] worio [dot] com +http://worio.com)"
184.73.239.99 - - [28/Feb/2011:13:10:40 +0900] "HEAD /what-if-lisp-was-invented-by-the-japanese" 200 - - "Mozilla/5.0 (compatible; woriobot support [at] worio [dot] com +http://worio.com)"
203.104.98.220 - - [28/Feb/2011:13:12:59 +0900] "GET /rss.xml" 304 - - "livedoor FeedFetcher/0.01 (http://reader.livedoor.com/; 1 subscriber)"
72.14.199.244 - - [28/Feb/2011:13:21:39 +0900] "GET /rss.xml" 304 - - "Feedfetcher-Google; (+http://www.google.com/feedfetcher.html; 4 subscribers; feed-id=1720132379870088030)"
184.73.239.99 - - [28/Feb/2011:13:27:24 +0900] "HEAD /what-if-lisp-was-invented-by-the-japanese" 200 - - "Mozilla/5.0 (compatible; woriobot support [at] worio [dot] com +http://worio.com)"
72.14.199.244 - - [28/Feb/2011:13:28:34 +0900] "GET /atom.xml" 304 - - "Feedfetcher-Google; (+http://www.google.com/feedfetcher.html; 3 subscribers; feed-id=5146562804069246624)"
216.39.58.17 - - [28/Feb/2011:13:35:18 +0900] "GET /what-if-lisp-was-invented-by-the-japanese" 200 - - "Mozilla/5.0 (compatible; Yahoo Pipes 2.0; +http://developer.yahoo.com/yql/provider) Gecko/20090729 Firefox/3.5.2"
184.73.239.99 - - [28/Feb/2011:13:46:00 +0900] "HEAD /what-if-lisp-was-invented-by-the-japanese" 200 - - "Mozilla/5.0 (compatible; woriobot support [at] worio [dot] com +http://worio.com)"
184.73.239.99 - - [28/Feb/2011:14:02:17 +0900] "HEAD /what-if-lisp-was-invented-by-the-japanese" 200 - - "Mozilla/5.0 (compatible; woriobot support [at] worio [dot] com +http://worio.com)"
203.104.98.219 - - [28/Feb/2011:14:05:50 +0900] "GET /rss.xml" 304 - - "livedoor FeedFetcher/0.01 (http://reader.livedoor.com/; 1 subscriber)"
72.14.199.244 - - [28/Feb/2011:14:11:59 +0900] "GET /rss.xml" 304 - - "Feedfetcher-Google; (+http://www.google.com/feedfetcher.html; 4 subscribers; feed-id=1720132379870088030)"
184.73.239.99 - - [28/Feb/2011:14:17:17 +0900] "HEAD /what-if-lisp-was-invented-by-the-japanese" 200 - - "Mozilla/5.0 (compatible; woriobot support [at] worio [dot] com +http://worio.com)"
72.14.199.244 - - [28/Feb/2011:14:19:58 +0900] "GET /atom.xml" 304 - - "Feedfetcher-Google; (+http://www.google.com/feedfetcher.html; 3 subscribers; feed-id=5146562804069246624)"
184.73.239.99 - - [28/Feb/2011:14:32:09 +0900] "HEAD /what-if-lisp-was-invented-by-the-japanese" 200 - - "Mozilla/5.0 (compatible; woriobot support [at] worio [dot] com +http://worio.com)"
216.39.58.78 - - [28/Feb/2011:14:37:13 +0900] "GET /what-if-lisp-was-invented-by-the-japanese" 200 - - "Mozilla/5.0 (compatible; Yahoo Pipes 2.0; +http://developer.yahoo.com/yql/provider) Gecko/20090729 Firefox/3.5.2"
66.249.72.8 - - [28/Feb/2011:14:42:20 +0900] "GET /2011/02/12" 200 - - "Mozilla/5.0 (compatible; Googlebot/2.1; +http://www.google.com/bot.html)"
216.39.58.18 - - [28/Feb/2011:14:43:30 +0900] "GET /what-if-lisp-was-invented-by-the-japanese" 200 - - "Mozilla/5.0 (compatible; Yahoo Pipes 2.0; +http://developer.yahoo.com/yql/provider) Gecko/20090729 Firefox/3.5.2"
188.74.82.177 - - [28/Feb/2011:14:46:22 +0900] "GET /what-if-lisp-was-invented-by-the-japanese" 200 - "http://www.reddit.com/r/programming/comments/fl6is/what_if_lisp_was_invented_by_the_japanese/" "Mozilla/5.0 (X11; U; Linux x86_64; en-GB; rv:1.9.2.13) Gecko/20101206 Ubuntu/10.10 (maverick) Firefox/3.6.13"
66.249.72.8 - - [28/Feb/2011:14:49:11 +0900] "GET /2011/02/12" 200 - - "Mozilla/5.0 (compatible; Googlebot/2.1; +http://www.google.com/bot.html)"
184.73.239.99 - - [28/Feb/2011:14:50:58 +0900] "HEAD /what-if-lisp-was-invented-by-the-japanese" 200 - - "Mozilla/5.0 (compatible; woriobot support [at] worio [dot] com +http://worio.com)"
184.73.239.99 - - [28/Feb/2011:15:06:54 +0900] "HEAD /what-if-lisp-was-invented-by-the-japanese" 200 - - "Mozilla/5.0 (compatible; woriobot support [at] worio [dot] com +http://worio.com)"
66.249.72.8 - - [28/Feb/2011:15:13:18 +0900] "GET /2011/02/18" 200 - - "Mozilla/5.0 (compatible; Googlebot/2.1; +http://www.google.com/bot.html)"
72.14.199.244 - - [28/Feb/2011:15:18:04 +0900] "GET /atom.xml" 304 - - "Feedfetcher-Google; (+http://www.google.com/feedfetcher.html; 3 subscribers; feed-id=5146562804069246624)"
72.14.199.244 - - [28/Feb/2011:15:21:19 +0900] "GET /rss.xml" 304 - - "Feedfetcher-Google; (+http://www.google.com/feedfetcher.html; 4 subscribers; feed-id=1720132379870088030)"
184.73.239.99 - - [28/Feb/2011:15:21:54 +0900] "HEAD /what-if-lisp-was-invented-by-the-japanese" 200 - - "Mozilla/5.0 (compatible; woriobot support [at] worio [dot] com +http://worio.com)"
184.73.239.99 - - [28/Feb/2011:15:36:18 +0900] "HEAD /what-if-lisp-was-invented-by-the-japanese" 200 - - "Mozilla/5.0 (compatible; woriobot support [at] worio [dot] com +http://worio.com)"
67.195.114.220 - - [28/Feb/2011:15:38:11 +0900] "GET /what-if-lisp-was-invented-by-the-japanese" 200 - - "Mozilla/5.0 (compatible; Yahoo! Slurp; http://help.yahoo.com/help/us/ysearch/slurp)"
67.188.147.218 - - [28/Feb/2011:15:40:41 +0900] "GET /what-if-lisp-was-invented-by-the-japanese" 200 - - "Mozilla/5.0 (Macintosh; U; Intel Mac OS X 10_6_6; en-us) AppleWebKit/533.19.4 (KHTML, like Gecko) Version/5.0.3 Safari/533.19.4"
216.39.58.18 - - [28/Feb/2011:15:42:22 +0900] "GET /what-if-lisp-was-invented-by-the-japanese" 200 - - "Mozilla/5.0 (compatible; Yahoo Pipes 2.0; +http://developer.yahoo.com/yql/provider) Gecko/20090729 Firefox/3.5.2"
134.158.120.90 - - [28/Feb/2011:15:44:54 +0900] "GET /rss.xml" 304 - - "Mozilla/5.0 (X11; U; Linux i686; fr; rv:1.9.2.13) Gecko/20101209 Red Hat/3.6-3.el4 Firefox/3.6.13"
184.73.239.99 - - [28/Feb/2011:15:52:57 +0900] "HEAD /what-if-lisp-was-invented-by-the-japanese" 200 - - "Mozilla/5.0 (compatible; woriobot support [at] worio [dot] com +http://worio.com)"
184.73.239.99 - - [28/Feb/2011:16:08:59 +0900] "HEAD /what-if-lisp-was-invented-by-the-japanese" 200 - - "Mozilla/5.0 (compatible; woriobot support [at] worio [dot] com +http://worio.com)"
72.14.199.244 - - [28/Feb/2011:16:15:14 +0900] "GET /atom.xml" 304 - - "Feedfetcher-Google; (+http://www.google.com/feedfetcher.html; 3 subscribers; feed-id=5146562804069246624)"
72.14.199.244 - - [28/Feb/2011:16:17:29 +0900] "GET /rss.xml" 304 - - "Feedfetcher-Google; (+http://www.google.com/feedfetcher.html; 4 subscribers; feed-id=1720132379870088030)"
203.104.98.220 - - [28/Feb/2011:16:21:22 +0900] "GET /rss.xml" 304 - - "livedoor FeedFetcher/0.01 (http://reader.livedoor.com/; 1 subscriber)"
184.73.239.99 - - [28/Feb/2011:16:24:20 +0900] "HEAD /what-if-lisp-was-invented-by-the-japanese" 200 - - "Mozilla/5.0 (compatible; woriobot support [at] worio [dot] com +http://worio.com)"
184.73.239.99 - - [28/Feb/2011:16:39:35 +0900] "HEAD /what-if-lisp-was-invented-by-the-japanese" 200 - - "Mozilla/5.0 (compatible; woriobot support [at] worio [dot] com +http://worio.com)"
216.39.58.17 - - [28/Feb/2011:16:43:26 +0900] "GET /what-if-lisp-was-invented-by-the-japanese" 200 - - "Mozilla/5.0 (compatible; Yahoo Pipes 2.0; +http://developer.yahoo.com/yql/provider) Gecko/20090729 Firefox/3.5.2"
134.158.120.90 - - [28/Feb/2011:16:47:15 +0900] "GET /rss.xml" 304 - - "Mozilla/5.0 (X11; U; Linux i686; fr; rv:1.9.2.13) Gecko/20101209 Red Hat/3.6-3.el4 Firefox/3.6.13"
216.39.58.78 - - [28/Feb/2011:16:48:58 +0900] "GET /what-if-lisp-was-invented-by-the-japanese" 200 - - "Mozilla/5.0 (compatible; Yahoo Pipes 2.0; +http://developer.yahoo.com/yql/provider) Gecko/20090729 Firefox/3.5.2"
66.249.72.8 - - [28/Feb/2011:16:50:44 +0900] "GET /2011/02/01" 200 - - "Mozilla/5.0 (compatible; Googlebot/2.1; +http://www.google.com/bot.html)"
184.73.239.99 - - [28/Feb/2011:16:55:20 +0900] "HEAD /what-if-lisp-was-invented-by-the-japanese" 200 - - "Mozilla/5.0 (compatible; woriobot support [at] worio [dot] com +http://worio.com)"
71.49.196.53 - - [28/Feb/2011:17:00:14 +0900] "GET /what-if-lisp-was-invented-by-the-japanese" 200 - - "Mozilla/5.0 (X11; U; Linux x86_64; en-US; rv:1.9.1.16) Gecko/20110107 Iceweasel/3.5.16 (like Firefox/3.5.16)"
66.249.72.8 - - [28/Feb/2011:17:00:26 +0900] "GET /2011/02/09" 200 - - "Mozilla/5.0 (compatible; Googlebot/2.1; +http://www.google.com/bot.html)"
125.6.162.3 - - [28/Feb/2011:17:10:33 +0900] "GET /atom.xml" 304 - - "Fastladder FeedFetcher/0.01 (http://fastladder.com/; 1 subscriber)"
125.6.162.3 - - [28/Feb/2011:17:11:41 +0900] "GET /atom.xml" 304 - - "Fastladder FeedFetcher/0.01 (http://fastladder.com/; 1 subscriber)"
203.104.98.220 - - [28/Feb/2011:17:11:49 +0900] "GET /rss.xml" 304 - - "livedoor FeedFetcher/0.01 (http://reader.livedoor.com/; 1 subscriber)"
72.14.199.244 - - [28/Feb/2011:17:12:47 +0900] "GET /atom.xml" 304 - - "Feedfetcher-Google; (+http://www.google.com/feedfetcher.html; 3 subscribers; feed-id=5146562804069246624)"
184.73.239.99 - - [28/Feb/2011:17:13:09 +0900] "HEAD /what-if-lisp-was-invented-by-the-japanese" 200 - - "Mozilla/5.0 (compatible; woriobot support [at] worio [dot] com +http://worio.com)"
72.14.199.244 - - [28/Feb/2011:17:20:39 +0900] "GET /rss.xml" 304 - - "Feedfetcher-Google; (+http://www.google.com/feedfetcher.html; 4 subscribers; feed-id=1720132379870088030)"
184.73.239.99 - - [28/Feb/2011:17:29:22 +0900] "HEAD /what-if-lisp-was-invented-by-the-japanese" 200 - - "Mozilla/5.0 (compatible; woriobot support [at] worio [dot] com +http://worio.com)"
184.73.239.99 - - [28/Feb/2011:17:46:29 +0900] "HEAD /what-if-lisp-was-invented-by-the-japanese" 200 - - "Mozilla/5.0 (compatible; woriobot support [at] worio [dot] com +http://worio.com)"
134.158.120.90 - - [28/Feb/2011:17:49:35 +0900] "GET /rss.xml" 304 - - "Mozilla/5.0 (X11; U; Linux i686; fr; rv:1.9.2.13) Gecko/20101209 Red Hat/3.6-3.el4 Firefox/3.6.13"
216.39.58.17 - - [28/Feb/2011:17:49:56 +0900] "GET /what-if-lisp-was-invented-by-the-japanese" 200 - - "Mozilla/5.0 (compatible; Yahoo Pipes 2.0; +http://developer.yahoo.com/yql/provider) Gecko/20090729 Firefox/3.5.2"
184.73.239.99 - - [28/Feb/2011:18:04:58 +0900] "HEAD /what-if-lisp-was-invented-by-the-japanese" 200 - - "Mozilla/5.0 (compatible; woriobot support [at] worio [dot] com +http://worio.com)"
67.195.114.220 - - [28/Feb/2011:18:19:56 +0900] "GET /replyToBlogEntry.action?entry=1297401660000&comment=1297613830060" 200 - - "Mozilla/5.0 (compatible; Yahoo! Slurp; http://help.yahoo.com/help/us/ysearch/slurp)"
184.73.239.99 - - [28/Feb/2011:18:20:53 +0900] "HEAD /what-if-lisp-was-invented-by-the-japanese" 200 - - "Mozilla/5.0 (compatible; woriobot support [at] worio [dot] com +http://worio.com)"
72.14.199.244 - - [28/Feb/2011:18:22:34 +0900] "GET /atom.xml" 200 - - "Feedfetcher-Google; (+http://www.google.com/feedfetcher.html; 3 subscribers; feed-id=5146562804069246624)"
72.14.199.244 - - [28/Feb/2011:18:28:31 +0900] "GET /rss.xml" 304 - - "Feedfetcher-Google; (+http://www.google.com/feedfetcher.html; 4 subscribers; feed-id=1720132379870088030)"
184.73.239.99 - - [28/Feb/2011:18:36:04 +0900] "HEAD /what-if-lisp-was-invented-by-the-japanese" 200 - - "Mozilla/5.0 (compatible; woriobot support [at] worio [dot] com +http://worio.com)"
184.73.239.99 - - [28/Feb/2011:18:52:01 +0900] "HEAD /what-if-lisp-was-invented-by-the-japanese" 200 - - "Mozilla/5.0 (compatible; woriobot support [at] worio [dot] com +http://worio.com)"
134.158.120.90 - - [28/Feb/2011:18:52:03 +0900] "GET /rss.xml" 304 - - "Mozilla/5.0 (X11; U; Linux i686; fr; rv:1.9.2.13) Gecko/20101209 Red Hat/3.6-3.el4 Firefox/3.6.13"
216.39.58.18 - - [28/Feb/2011:18:52:19 +0900] "GET /what-if-lisp-was-invented-by-the-japanese" 200 - - "Mozilla/5.0 (compatible; Yahoo Pipes 2.0; +http://developer.yahoo.com/yql/provider) Gecko/20090729 Firefox/3.5.2"
216.39.58.78 - - [28/Feb/2011:18:57:35 +0900] "GET /what-if-lisp-was-invented-by-the-japanese" 200 - - "Mozilla/5.0 (compatible; Yahoo Pipes 2.0; +http://developer.yahoo.com/yql/provider) Gecko/20090729 Firefox/3.5.2"
184.73.239.99 - - [28/Feb/2011:19:07:51 +0900] "HEAD /what-if-lisp-was-invented-by-the-japanese" 200 - - "Mozilla/5.0 (compatible; woriobot support [at] worio [dot] com +http://worio.com)"
184.73.239.99 - - [28/Feb/2011:19:23:15 +0900] "HEAD /what-if-lisp-was-invented-by-the-japanese" 200 - - "Mozilla/5.0 (compatible; woriobot support [at] worio [dot] com +http://worio.com)"
72.14.199.244 - - [28/Feb/2011:19:25:08 +0900] "GET /rss.xml" 200 - - "Feedfetcher-Google; (+http://www.google.com/feedfetcher.html; 4 subscribers; feed-id=1720132379870088030)"
72.14.199.244 - - [28/Feb/2011:19:25:54 +0900] "GET /atom.xml" 304 - - "Feedfetcher-Google; (+http://www.google.com/feedfetcher.html; 3 subscribers; feed-id=5146562804069246624)"
203.104.98.218 - - [28/Feb/2011:19:28:46 +0900] "GET /rss.xml" 304 - - "livedoor FeedFetcher/0.01 (http://reader.livedoor.com/; 1 subscriber)"
184.73.239.99 - - [28/Feb/2011:19:38:01 +0900] "HEAD /what-if-lisp-was-invented-by-the-japanese" 200 - - "Mozilla/5.0 (compatible; woriobot support [at] worio [dot] com +http://worio.com)"
184.73.239.99 - - [28/Feb/2011:19:53:21 +0900] "HEAD /what-if-lisp-was-invented-by-the-japanese" 200 - - "Mozilla/5.0 (compatible; woriobot support [at] worio [dot] com +http://worio.com)"
134.158.120.90 - - [28/Feb/2011:19:54:23 +0900] "GET /rss.xml" 304 - - "Mozilla/5.0 (X11; U; Linux i686; fr; rv:1.9.2.13) Gecko/20101209 Red Hat/3.6-3.el4 Firefox/3.6.13"
216.39.58.17 - - [28/Feb/2011:19:56:47 +0900] "GET /what-if-lisp-was-invented-by-the-japanese" 200 - - "Mozilla/5.0 (compatible; Yahoo Pipes 2.0; +http://developer.yahoo.com/yql/provider) Gecko/20090729 Firefox/3.5.2"
184.73.239.99 - - [28/Feb/2011:20:08:36 +0900] "HEAD /what-if-lisp-was-invented-by-the-japanese" 200 - - "Mozilla/5.0 (compatible; woriobot support [at] worio [dot] com +http://worio.com)"
203.104.98.218 - - [28/Feb/2011:20:21:15 +0900] "GET /rss.xml" 304 - - "livedoor FeedFetcher/0.01 (http://reader.livedoor.com/; 1 subscriber)"
72.14.199.244 - - [28/Feb/2011:20:23:34 +0900] "GET /atom.xml" 304 - - "Feedfetcher-Google; (+http://www.google.com/feedfetcher.html; 3 subscribers; feed-id=5146562804069246624)"
184.73.239.99 - - [28/Feb/2011:20:24:22 +0900] "HEAD /what-if-lisp-was-invented-by-the-japanese" 200 - - "Mozilla/5.0 (compatible; woriobot support [at] worio [dot] com +http://worio.com)"
72.14.199.244 - - [28/Feb/2011:20:32:39 +0900] "GET /rss.xml" 304 - - "Feedfetcher-Google; (+http://www.google.com/feedfetcher.html; 4 subscribers; feed-id=1720132379870088030)"
67.195.114.220 - - [28/Feb/2011:20:35:36 +0900] "GET /replyToBlogEntry.action?entry=1297401660000&comment=1297618195677" 200 - - "Mozilla/5.0 (compatible; Yahoo! Slurp; http://help.yahoo.com/help/us/ysearch/slurp)"
184.73.239.99 - - [28/Feb/2011:20:40:32 +0900] "HEAD /what-if-lisp-was-invented-by-the-japanese" 200 - - "Mozilla/5.0 (compatible; woriobot support [at] worio [dot] com +http://worio.com)"
218.213.130.199 - - [28/Feb/2011:20:49:12 +0900] "GET /rss.xml" 200 - - "DoCoMo/2.0 P901i(c100;TB;W24H11) (compatible; ichiro/mobile goo; +http://help.goo.ne.jp/door/crawler.html)"
218.213.130.199 - - [28/Feb/2011:20:55:48 +0900] "GET /" 200 - - "DoCoMo/2.0 P901i(c100;TB;W24H11) (compatible; ichiro/mobile goo; +http://help.goo.ne.jp/door/crawler.html)"
134.158.120.90 - - [28/Feb/2011:20:56:51 +0900] "GET /rss.xml" 304 - - "Mozilla/5.0 (X11; U; Linux i686; fr; rv:1.9.2.13) Gecko/20101209 Red Hat/3.6-3.el4 Firefox/3.6.13"
184.73.239.99 - - [28/Feb/2011:20:57:14 +0900] "HEAD /what-if-lisp-was-invented-by-the-japanese" 200 - - "Mozilla/5.0 (compatible; woriobot support [at] worio [dot] com +http://worio.com)"
216.39.58.17 - - [28/Feb/2011:20:58:03 +0900] "GET /what-if-lisp-was-invented-by-the-japanese" 200 - - "Mozilla/5.0 (compatible; Yahoo Pipes 2.0; +http://developer.yahoo.com/yql/provider) Gecko/20090729 Firefox/3.5.2"
216.39.58.17 - - [28/Feb/2011:21:03:33 +0900] "GET /what-if-lisp-was-invented-by-the-japanese" 200 - - "Mozilla/5.0 (compatible; Yahoo Pipes 2.0; +http://developer.yahoo.com/yql/provider) Gecko/20090729 Firefox/3.5.2"
67.195.114.220 - - [28/Feb/2011:21:05:35 +0900] "GET /" 200 - - "Mozilla/5.0 (compatible; Yahoo! Slurp; http://help.yahoo.com/help/us/ysearch/slurp)"
184.73.239.99 - - [28/Feb/2011:21:15:36 +0900] "HEAD /what-if-lisp-was-invented-by-the-japanese" 200 - - "Mozilla/5.0 (compatible; woriobot support [at] worio [dot] com +http://worio.com)"
72.14.199.244 - - [28/Feb/2011:21:16:24 +0900] "GET /atom.xml" 304 - - "Feedfetcher-Google; (+http://www.google.com/feedfetcher.html; 3 subscribers; feed-id=5146562804069246624)"
72.14.199.244 - - [28/Feb/2011:21:29:28 +0900] "GET /rss.xml" 304 - - "Feedfetcher-Google; (+http://www.google.com/feedfetcher.html; 4 subscribers; feed-id=1720132379870088030)"
184.73.239.99 - - [28/Feb/2011:21:32:07 +0900] "HEAD /what-if-lisp-was-invented-by-the-japanese" 200 - - "Mozilla/5.0 (compatible; woriobot support [at] worio [dot] com +http://worio.com)"
184.73.239.99 - - [28/Feb/2011:21:49:14 +0900] "HEAD /what-if-lisp-was-invented-by-the-japanese" 200 - - "Mozilla/5.0 (compatible; woriobot support [at] worio [dot] com +http://worio.com)"
134.158.120.90 - - [28/Feb/2011:21:59:16 +0900] "GET /rss.xml" 304 - - "Mozilla/5.0 (X11; U; Linux i686; fr; rv:1.9.2.13) Gecko/20101209 Red Hat/3.6-3.el4 Firefox/3.6.13"
184.73.239.99 - - [28/Feb/2011:22:07:13 +0900] "HEAD /what-if-lisp-was-invented-by-the-japanese" 200 - - "Mozilla/5.0 (compatible; woriobot support [at] worio [dot] com +http://worio.com)"
216.39.58.17 - - [28/Feb/2011:22:13:18 +0900] "GET /what-if-lisp-was-invented-by-the-japanese" 200 - - "Mozilla/5.0 (compatible; Yahoo Pipes 2.0; +http://developer.yahoo.com/yql/provider) Gecko/20090729 Firefox/3.5.2"
184.73.239.99 - - [28/Feb/2011:22:23:08 +0900] "HEAD /what-if-lisp-was-invented-by-the-japanese" 200 - - "Mozilla/5.0 (compatible; woriobot support [at] worio [dot] com +http://worio.com)"
72.14.199.244 - - [28/Feb/2011:22:24:38 +0900] "GET /rss.xml" 304 - - "Feedfetcher-Google; (+http://www.google.com/feedfetcher.html; 4 subscribers; feed-id=1720132379870088030)"
72.14.199.244 - - [28/Feb/2011:22:24:54 +0900] "GET /atom.xml" 304 - - "Feedfetcher-Google; (+http://www.google.com/feedfetcher.html; 3 subscribers; feed-id=5146562804069246624)"
203.104.98.218 - - [28/Feb/2011:22:38:28 +0900] "GET /rss.xml" 304 - - "livedoor FeedFetcher/0.01 (http://reader.livedoor.com/; 1 subscriber)"
184.73.239.99 - - [28/Feb/2011:22:40:24 +0900] "HEAD /what-if-lisp-was-invented-by-the-japanese" 200 - - "Mozilla/5.0 (compatible; woriobot support [at] worio [dot] com +http://worio.com)"
184.73.239.99 - - [28/Feb/2011:22:58:24 +0900] "HEAD /what-if-lisp-was-invented-by-the-japanese" 200 - - "Mozilla/5.0 (compatible; woriobot support [at] worio [dot] com +http://worio.com)"
134.158.120.90 - - [28/Feb/2011:23:01:45 +0900] "GET /rss.xml" 304 - - "Mozilla/5.0 (X11; U; Linux i686; fr; rv:1.9.2.13) Gecko/20101209 Red Hat/3.6-3.el4 Firefox/3.6.13"
193.58.196.45 - - [28/Feb/2011:23:09:38 +0900] "GET /what-if-lisp-was-invented-by-the-japanese" 200 - "http://www.reddit.com/r/programming/?count=325&after=t3_flf0v" "Mozilla/5.0 (Windows; U; Windows NT 6.1; en-US) AppleWebKit/534.13 (KHTML, like Gecko) Chrome/9.0.597.98 Safari/534.13"
184.73.239.99 - - [28/Feb/2011:23:15:44 +0900] "HEAD /what-if-lisp-was-invented-by-the-japanese" 200 - - "Mozilla/5.0 (compatible; woriobot support [at] worio [dot] com +http://worio.com)"
66.249.72.46 - - [28/Feb/2011:23:20:02 +0900] "GET /2011/02/19" 200 - - "Mozilla/5.0 (compatible; Googlebot/2.1; +http://www.google.com/bot.html)"
216.39.58.18 - - [28/Feb/2011:23:23:36 +0900] "GET /what-if-lisp-was-invented-by-the-japanese" 200 - - "Mozilla/5.0 (compatible; Yahoo Pipes 2.0; +http://developer.yahoo.com/yql/provider) Gecko/20090729 Firefox/3.5.2"
203.104.98.220 - - [28/Feb/2011:23:27:10 +0900] "GET /rss.xml" 304 - - "livedoor FeedFetcher/0.01 (http://reader.livedoor.com/; 1 subscriber)"
72.14.199.244 - - [28/Feb/2011:23:28:44 +0900] "GET /atom.xml" 304 - - "Feedfetcher-Google; (+http://www.google.com/feedfetcher.html; 3 subscribers; feed-id=5146562804069246624)"
72.14.199.244 - - [28/Feb/2011:23:29:09 +0900] "GET /rss.xml" 304 - - "Feedfetcher-Google; (+http://www.google.com/feedfetcher.html; 4 subscribers; feed-id=1720132379870088030)"
216.39.58.78 - - [28/Feb/2011:23:29:57 +0900] "GET /what-if-lisp-was-invented-by-the-japanese" 200 - - "Mozilla/5.0 (compatible; Yahoo Pipes 2.0; +http://developer.yahoo.com/yql/provider) Gecko/20090729 Firefox/3.5.2"
184.73.239.99 - - [28/Feb/2011:23:33:37 +0900] "HEAD /what-if-lisp-was-invented-by-the-japanese" 200 - - "Mozilla/5.0 (compatible; woriobot support [at] worio [dot] com +http://worio.com)"
