184.73.239.99 - - [24/Feb/2011:00:02:37 +0900] "HEAD /what-if-lisp-was-invented-by-the-japanese" 200 - - "Mozilla/5.0 (compatible; woriobot support [at] worio [dot] com +http://worio.com)"
72.14.199.8 - - [24/Feb/2011:00:19:42 +0900] "GET /atom.xml" 304 - - "Feedfetcher-Google; (+http://www.google.com/feedfetcher.html; 3 subscribers; feed-id=5146562804069246624)"
184.73.239.99 - - [24/Feb/2011:00:21:20 +0900] "HEAD /what-if-lisp-was-invented-by-the-japanese" 200 - - "Mozilla/5.0 (compatible; woriobot support [at] worio [dot] com +http://worio.com)"
175.141.245.177 - - [24/Feb/2011:00:23:08 +0900] "GET /what-if-lisp-was-invented-by-the-japanese" 200 - "http://www.reddit.com/r/programming/?count=200&after=t3_flsw6" "Mozilla/5.0 (Windows; U; Windows NT 5.1; en-US) AppleWebKit/534.13 (KHTML, like Gecko) Chrome/9.0.597.98 Safari/534.13"
66.249.71.247 - - [24/Feb/2011:00:24:43 +0900] "GET /subscribe.action" 200 - - "Mozilla/5.0 (compatible; Googlebot/2.1; +http://www.google.com/bot.html)"
41.214.114.57 - - [24/Feb/2011:00:28:32 +0900] "GET /what-if-lisp-was-invented-by-the-japanese" 200 - - "Mozilla/4.0 (compatible; MSIE 5.0; Windows NT; DigExt; DTS Agent"
72.14.199.8 - - [24/Feb/2011:00:29:51 +0900] "GET /rss.xml" 304 - - "Feedfetcher-Google; (+http://www.google.com/feedfetcher.html; 4 subscribers; feed-id=1720132379870088030)"
68.48.247.157 - - [24/Feb/2011:00:34:37 +0900] "GET /secret-alien-technology-ftw" 200 - "http://www.google.com/url?sa=t&source=web&cd=4&sqi=2&ved=0CCwQFjAD&url=http%3A%2F%2Flispnyc.org%2Fblog%2Feuske%2Ftags%2Flife&rct=j&q=japan%20alien%20technology&ei=-S1lTZzyEMOclgeXsaGnBg&usg=AFQjCNGTGt8RRam-Vz6jF4lWSs92jnZgeA&sig2=ngPa4d1TLW5rAQIgYrTxMQ" "Mozilla/5.0 (Windows; U; Windows NT 5.1; en-US) AppleWebKit/534.13 (KHTML, like Gecko) Chrome/9.0.597.98 Safari/534.13"
134.158.120.90 - - [24/Feb/2011:00:40:17 +0900] "GET /rss.xml" 304 - - "Mozilla/5.0 (X11; U; Linux i686; fr; rv:1.9.2.13) Gecko/20101209 Red Hat/3.6-3.el4 Firefox/3.6.13"
184.73.239.99 - - [24/Feb/2011:00:41:11 +0900] "HEAD /what-if-lisp-was-invented-by-the-japanese" 200 - - "Mozilla/5.0 (compatible; woriobot support [at] worio [dot] com +http://worio.com)"
216.39.58.78 - - [24/Feb/2011:00:47:18 +0900] "GET /what-if-lisp-was-invented-by-the-japanese" 200 - - "Mozilla/5.0 (compatible; Yahoo Pipes 2.0; +http://developer.yahoo.com/yql/provider) Gecko/20090729 Firefox/3.5.2"
209.131.41.48 - - [24/Feb/2011:00:52:14 +0900] "GET /what-if-lisp-was-invented-by-the-japanese" 200 - - "Mozilla/5.0 (compatible; Yahoo Pipes 2.0; +http://developer.yahoo.com/yql/provider) Gecko/20090729 Firefox/3.5.2"
174.120.186.2 - - [24/Feb/2011:00:53:14 +0900] "GET /what-if-lisp-was-invented-by-the-japanese" 200 - - "Mozilla/5.0 (Windows; U; Windows NT 5.2; en-US; rv:1.9.1.4) Gecko/20091007 Firefox/3.5.4"
174.120.186.2 - - [24/Feb/2011:00:53:15 +0900] "GET /what-if-lisp-was-invented-by-the-japanese" 200 - - "Mozilla/5.0 (Macintosh; U; Intel Mac OS X 10.5; en-US; rv:1.9.0.7) Gecko/2009021906 Firefox/3.0.7"
203.104.98.218 - - [24/Feb/2011:00:53:18 +0900] "GET /rss.xml" 304 - - "livedoor FeedFetcher/0.01 (http://reader.livedoor.com/; 1 subscriber)"
184.73.239.99 - - [24/Feb/2011:01:01:54 +0900] "HEAD /what-if-lisp-was-invented-by-the-japanese" 200 - - "Mozilla/5.0 (compatible; woriobot support [at] worio [dot] com +http://worio.com)"
130.85.223.123 - - [24/Feb/2011:01:12:58 +0900] "GET /what-if-lisp-was-invented-by-the-japanese" 200 - "http://www.cs.umbc.edu/courses/331/spring11/" "Mozilla/5.0 (Macintosh; U; Intel Mac OS X 10_5_8; en-US) AppleWebKit/534.13 (KHTML, like Gecko) Chrome/9.0.597.102 Safari/534.13"
72.14.199.8 - - [24/Feb/2011:01:17:53 +0900] "GET /atom.xml" 304 - - "Feedfetcher-Google; (+http://www.google.com/feedfetcher.html; 3 subscribers; feed-id=5146562804069246624)"
184.73.239.99 - - [24/Feb/2011:01:21:59 +0900] "HEAD /what-if-lisp-was-invented-by-the-japanese" 200 - - "Mozilla/5.0 (compatible; woriobot support [at] worio [dot] com +http://worio.com)"
129.49.100.175 - - [24/Feb/2011:01:32:37 +0900] "GET /what-if-lisp-was-invented-by-the-japanese" 200 - "http://www.reddit.com/r/lisp" "Mozilla/5.0 (iPad; U; CPU OS 4_2_1 like Mac OS X; en-us) AppleWebKit/533.17.9 (KHTML, like Gecko) Version/5.0.2 Mobile/8C148 Safari/6533.18.5"
72.14.199.8 - - [24/Feb/2011:01:34:55 +0900] "GET /rss.xml" 304 - - "Feedfetcher-Google; (+http://www.google.com/feedfetcher.html; 4 subscribers; feed-id=1720132379870088030)"
134.158.120.90 - - [24/Feb/2011:01:42:45 +0900] "GET /rss.xml" 304 - - "Mozilla/5.0 (X11; U; Linux i686; fr; rv:1.9.2.13) Gecko/20101209 Red Hat/3.6-3.el4 Firefox/3.6.13"
184.73.239.99 - - [24/Feb/2011:01:44:46 +0900] "HEAD /what-if-lisp-was-invented-by-the-japanese" 200 - - "Mozilla/5.0 (compatible; woriobot support [at] worio [dot] com +http://worio.com)"
216.39.58.17 - - [24/Feb/2011:01:51:31 +0900] "GET /what-if-lisp-was-invented-by-the-japanese" 200 - - "Mozilla/5.0 (compatible; Yahoo Pipes 2.0; +http://developer.yahoo.com/yql/provider) Gecko/20090729 Firefox/3.5.2"
66.249.71.247 - - [24/Feb/2011:02:03:21 +0900] "GET /2011/02/24" 200 - - "Mozilla/5.0 (compatible; Googlebot/2.1; +http://www.google.com/bot.html)"
184.73.239.99 - - [24/Feb/2011:02:05:25 +0900] "HEAD /what-if-lisp-was-invented-by-the-japanese" 200 - - "Mozilla/5.0 (compatible; woriobot support [at] worio [dot] com +http://worio.com)"
87.91.112.181 - - [24/Feb/2011:02:07:28 +0900] "GET /secret-alien-technology-ftw" 200 - - "Mozilla/5.0 (compatible; Konqueror/4.6; Linux) KHTML/4.6.0 (like Gecko)"
67.195.114.220 - - [24/Feb/2011:02:07:47 +0900] "GET /2011/02/17" 200 - - "Mozilla/5.0 (compatible; Yahoo! Slurp; http://help.yahoo.com/help/us/ysearch/slurp)"
72.14.199.8 - - [24/Feb/2011:02:19:02 +0900] "GET /atom.xml" 304 - - "Feedfetcher-Google; (+http://www.google.com/feedfetcher.html; 3 subscribers; feed-id=5146562804069246624)"
184.73.239.99 - - [24/Feb/2011:02:25:59 +0900] "HEAD /what-if-lisp-was-invented-by-the-japanese" 200 - - "Mozilla/5.0 (compatible; woriobot support [at] worio [dot] com +http://worio.com)"
72.14.199.8 - - [24/Feb/2011:02:32:27 +0900] "GET /rss.xml" 304 - - "Feedfetcher-Google; (+http://www.google.com/feedfetcher.html; 4 subscribers; feed-id=1720132379870088030)"
203.104.98.218 - - [24/Feb/2011:02:36:33 +0900] "GET /rss.xml" 304 - - "livedoor FeedFetcher/0.01 (http://reader.livedoor.com/; 1 subscriber)"
216.39.58.17 - - [24/Feb/2011:02:44:12 +0900] "GET /what-if-lisp-was-invented-by-the-japanese" 200 - - "Mozilla/5.0 (compatible; Yahoo Pipes 2.0; +http://developer.yahoo.com/yql/provider) Gecko/20090729 Firefox/3.5.2"
184.73.239.99 - - [24/Feb/2011:02:45:20 +0900] "HEAD /what-if-lisp-was-invented-by-the-japanese" 200 - - "Mozilla/5.0 (compatible; woriobot support [at] worio [dot] com +http://worio.com)"
216.39.58.18 - - [24/Feb/2011:02:49:32 +0900] "GET /what-if-lisp-was-invented-by-the-japanese" 200 - - "Mozilla/5.0 (compatible; Yahoo Pipes 2.0; +http://developer.yahoo.com/yql/provider) Gecko/20090729 Firefox/3.5.2"
66.249.71.247 - - [24/Feb/2011:02:59:54 +0900] "GET /2011/02/24" 200 - - "Mozilla/5.0 (compatible; Googlebot/2.1; +http://www.google.com/bot.html)"
184.73.239.99 - - [24/Feb/2011:03:05:31 +0900] "HEAD /what-if-lisp-was-invented-by-the-japanese" 200 - - "Mozilla/5.0 (compatible; woriobot support [at] worio [dot] com +http://worio.com)"
72.14.199.8 - - [24/Feb/2011:03:16:02 +0900] "GET /atom.xml" 304 - - "Feedfetcher-Google; (+http://www.google.com/feedfetcher.html; 3 subscribers; feed-id=5146562804069246624)"
184.73.239.99 - - [24/Feb/2011:03:26:41 +0900] "HEAD /what-if-lisp-was-invented-by-the-japanese" 200 - - "Mozilla/5.0 (compatible; woriobot support [at] worio [dot] com +http://worio.com)"
72.14.199.8 - - [24/Feb/2011:03:31:49 +0900] "GET /rss.xml" 304 - - "Feedfetcher-Google; (+http://www.google.com/feedfetcher.html; 4 subscribers; feed-id=1720132379870088030)"
118.243.141.241 - - [24/Feb/2011:03:39:07 +0900] "GET /atom.xml" 304 - - "samidare"
216.39.58.78 - - [24/Feb/2011:03:40:10 +0900] "GET /what-if-lisp-was-invented-by-the-japanese" 200 - - "Mozilla/5.0 (compatible; Yahoo Pipes 2.0; +http://developer.yahoo.com/yql/provider) Gecko/20090729 Firefox/3.5.2"
93.219.126.184 - - [24/Feb/2011:03:46:01 +0900] "GET /what-if-lisp-was-invented-by-the-japanese" 200 - - "Mozilla/5.0 (compatible; MJ12bot/v1.3.3; http://www.majestic12.co.uk/bot.php?+)"
184.73.239.99 - - [24/Feb/2011:03:47:55 +0900] "HEAD /what-if-lisp-was-invented-by-the-japanese" 200 - - "Mozilla/5.0 (compatible; woriobot support [at] worio [dot] com +http://worio.com)"
203.104.98.220 - - [24/Feb/2011:03:58:11 +0900] "GET /rss.xml" 304 - - "livedoor FeedFetcher/0.01 (http://reader.livedoor.com/; 1 subscriber)"
88.84.161.50 - - [24/Feb/2011:04:00:04 +0900] "GET /what-if-lisp-was-invented-by-the-japanese" 200 - - "Opera/9.80 (Windows NT 6.1; U; en) Presto/2.7.62 Version/11.01"
184.73.239.99 - - [24/Feb/2011:04:07:42 +0900] "HEAD /what-if-lisp-was-invented-by-the-japanese" 200 - - "Mozilla/5.0 (compatible; woriobot support [at] worio [dot] com +http://worio.com)"
72.14.199.8 - - [24/Feb/2011:04:09:52 +0900] "GET /atom.xml" 304 - - "Feedfetcher-Google; (+http://www.google.com/feedfetcher.html; 3 subscribers; feed-id=5146562804069246624)"
184.73.239.99 - - [24/Feb/2011:04:27:58 +0900] "HEAD /what-if-lisp-was-invented-by-the-japanese" 200 - - "Mozilla/5.0 (compatible; woriobot support [at] worio [dot] com +http://worio.com)"
216.39.58.17 - - [24/Feb/2011:04:31:14 +0900] "GET /what-if-lisp-was-invented-by-the-japanese" 200 - - "Mozilla/5.0 (compatible; Yahoo Pipes 2.0; +http://developer.yahoo.com/yql/provider) Gecko/20090729 Firefox/3.5.2"
72.14.199.8 - - [24/Feb/2011:04:32:37 +0900] "GET /rss.xml" 304 - - "Feedfetcher-Google; (+http://www.google.com/feedfetcher.html; 4 subscribers; feed-id=1720132379870088030)"
216.39.58.18 - - [24/Feb/2011:04:35:41 +0900] "GET /what-if-lisp-was-invented-by-the-japanese" 200 - - "Mozilla/5.0 (compatible; Yahoo Pipes 2.0; +http://developer.yahoo.com/yql/provider) Gecko/20090729 Firefox/3.5.2"
84.3.51.36 - - [24/Feb/2011:04:38:12 +0900] "GET /what-if-lisp-was-invented-by-the-japanese" 200 - "http://www.reddit.com/toolbar/inner?id=t3_fl7ac" "Mozilla/5.0 (X11; U; Linux i686; en-US; rv:1.9.2.13) Gecko/20101206 Ubuntu/10.10 (maverick) Firefox/3.6.13"
84.3.51.36 - - [24/Feb/2011:04:38:17 +0900] "GET /what-if-lisp-was-invented-by-the-japanese" 200 - "http://www.reddit.com/toolbar/toolbar?id=t3_fl7ac" "Mozilla/5.0 (X11; U; Linux i686; en-US; rv:1.9.2.13) Gecko/20101206 Ubuntu/10.10 (maverick) Firefox/3.6.13"
184.73.239.99 - - [24/Feb/2011:04:50:21 +0900] "HEAD /what-if-lisp-was-invented-by-the-japanese" 200 - - "Mozilla/5.0 (compatible; woriobot support [at] worio [dot] com +http://worio.com)"
184.73.239.99 - - [24/Feb/2011:05:10:52 +0900] "HEAD /what-if-lisp-was-invented-by-the-japanese" 200 - - "Mozilla/5.0 (compatible; woriobot support [at] worio [dot] com +http://worio.com)"
67.195.114.220 - - [24/Feb/2011:05:14:02 +0900] "GET /" 200 - - "Mozilla/5.0 (compatible; Yahoo! Slurp; http://help.yahoo.com/help/us/ysearch/slurp)"
72.14.199.8 - - [24/Feb/2011:05:15:52 +0900] "GET /atom.xml" 304 - - "Feedfetcher-Google; (+http://www.google.com/feedfetcher.html; 3 subscribers; feed-id=5146562804069246624)"
209.131.41.49 - - [24/Feb/2011:05:29:18 +0900] "GET /what-if-lisp-was-invented-by-the-japanese" 200 - - "Mozilla/5.0 (compatible; Yahoo Pipes 2.0; +http://developer.yahoo.com/yql/provider) Gecko/20090729 Firefox/3.5.2"
184.73.239.99 - - [24/Feb/2011:05:31:34 +0900] "HEAD /what-if-lisp-was-invented-by-the-japanese" 200 - - "Mozilla/5.0 (compatible; woriobot support [at] worio [dot] com +http://worio.com)"
84.3.51.36 - - [24/Feb/2011:05:34:41 +0900] "GET /what-if-lisp-was-invented-by-the-japanese" 200 - "http://www.reddit.com/toolbar/inner?id=t3_fl7ac" "Mozilla/5.0 (X11; U; Linux i686; en-US; rv:1.9.2.13) Gecko/20101206 Ubuntu/10.10 (maverick) Firefox/3.6.13"
84.3.51.36 - - [24/Feb/2011:05:34:42 +0900] "GET /what-if-lisp-was-invented-by-the-japanese" 200 - "http://www.reddit.com/toolbar/toolbar?id=t3_fl7ac" "Mozilla/5.0 (X11; U; Linux i686; en-US; rv:1.9.2.13) Gecko/20101206 Ubuntu/10.10 (maverick) Firefox/3.6.13"
203.104.98.218 - - [24/Feb/2011:05:41:33 +0900] "GET /rss.xml" 304 - - "livedoor FeedFetcher/0.01 (http://reader.livedoor.com/; 1 subscriber)"
72.14.199.8 - - [24/Feb/2011:05:48:18 +0900] "GET /rss.xml" 200 - - "Feedfetcher-Google; (+http://www.google.com/feedfetcher.html; 4 subscribers; feed-id=1720132379870088030)"
184.73.239.99 - - [24/Feb/2011:05:53:18 +0900] "HEAD /what-if-lisp-was-invented-by-the-japanese" 200 - - "Mozilla/5.0 (compatible; woriobot support [at] worio [dot] com +http://worio.com)"
67.195.114.220 - - [24/Feb/2011:06:07:22 +0900] "GET /2011/02/24" 200 - - "Mozilla/5.0 (compatible; Yahoo! Slurp; http://help.yahoo.com/help/us/ysearch/slurp)"
72.14.199.8 - - [24/Feb/2011:06:15:02 +0900] "GET /atom.xml" 200 - - "Feedfetcher-Google; (+http://www.google.com/feedfetcher.html; 3 subscribers; feed-id=5146562804069246624)"
184.73.239.99 - - [24/Feb/2011:06:15:49 +0900] "HEAD /what-if-lisp-was-invented-by-the-japanese" 200 - - "Mozilla/5.0 (compatible; woriobot support [at] worio [dot] com +http://worio.com)"
216.39.58.18 - - [24/Feb/2011:06:24:07 +0900] "GET /what-if-lisp-was-invented-by-the-japanese" 200 - - "Mozilla/5.0 (compatible; Yahoo Pipes 2.0; +http://developer.yahoo.com/yql/provider) Gecko/20090729 Firefox/3.5.2"
216.39.58.17 - - [24/Feb/2011:06:28:40 +0900] "GET /what-if-lisp-was-invented-by-the-japanese" 200 - - "Mozilla/5.0 (compatible; Yahoo Pipes 2.0; +http://developer.yahoo.com/yql/provider) Gecko/20090729 Firefox/3.5.2"
85.180.139.97 - - [24/Feb/2011:06:29:45 +0900] "GET /what-if-lisp-was-invented-by-the-japanese" 200 - "http://www.reddit.com/r/lisp/" "Mozilla/5.0 (X11; U; Linux i686; en-US; rv:1.9.2.12) Gecko/20101030 Firefox/3.0 (like Firefox/3.6.12)"
184.73.239.99 - - [24/Feb/2011:06:38:53 +0900] "HEAD /what-if-lisp-was-invented-by-the-japanese" 200 - - "Mozilla/5.0 (compatible; woriobot support [at] worio [dot] com +http://worio.com)"
72.14.199.8 - - [24/Feb/2011:06:39:39 +0900] "GET /rss.xml" 304 - - "Feedfetcher-Google; (+http://www.google.com/feedfetcher.html; 4 subscribers; feed-id=1720132379870088030)"
72.53.195.199 - - [24/Feb/2011:06:52:18 +0900] "GET /rss.xml" 200 - - "Mozilla/5.0 (Windows; U; Windows NT 5.1; en-US; rv:1.9.0.5) Gecko/2008120122 Firefox/3.0.5\r\n"
67.195.114.220 - - [24/Feb/2011:07:00:46 +0900] "GET /rss.xml" 200 - - "Mozilla/5.0 (compatible; Yahoo! Slurp; http://help.yahoo.com/help/us/ysearch/slurp)"
203.104.98.220 - - [24/Feb/2011:07:00:53 +0900] "GET /rss.xml" 304 - - "livedoor FeedFetcher/0.01 (http://reader.livedoor.com/; 1 subscriber)"
184.73.239.99 - - [24/Feb/2011:07:00:56 +0900] "HEAD /what-if-lisp-was-invented-by-the-japanese" 200 - - "Mozilla/5.0 (compatible; woriobot support [at] worio [dot] com +http://worio.com)"
72.14.199.8 - - [24/Feb/2011:07:12:22 +0900] "GET /atom.xml" 304 - - "Feedfetcher-Google; (+http://www.google.com/feedfetcher.html; 3 subscribers; feed-id=5146562804069246624)"
184.73.239.99 - - [24/Feb/2011:07:21:20 +0900] "HEAD /what-if-lisp-was-invented-by-the-japanese" 200 - - "Mozilla/5.0 (compatible; woriobot support [at] worio [dot] com +http://worio.com)"
216.39.58.78 - - [24/Feb/2011:07:21:43 +0900] "GET /what-if-lisp-was-invented-by-the-japanese" 200 - - "Mozilla/5.0 (compatible; Yahoo Pipes 2.0; +http://developer.yahoo.com/yql/provider) Gecko/20090729 Firefox/3.5.2"
72.14.199.8 - - [24/Feb/2011:07:35:17 +0900] "GET /rss.xml" 304 - - "Feedfetcher-Google; (+http://www.google.com/feedfetcher.html; 4 subscribers; feed-id=1720132379870088030)"
184.73.239.99 - - [24/Feb/2011:07:43:08 +0900] "HEAD /what-if-lisp-was-invented-by-the-japanese" 200 - - "Mozilla/5.0 (compatible; woriobot support [at] worio [dot] com +http://worio.com)"
184.73.239.99 - - [24/Feb/2011:08:02:35 +0900] "HEAD /what-if-lisp-was-invented-by-the-japanese" 200 - - "Mozilla/5.0 (compatible; woriobot support [at] worio [dot] com +http://worio.com)"
131.107.0.74 - - [24/Feb/2011:08:09:49 +0900] "GET /themes/lisp-nyc-barsky1/screen.css" 500 - "http://lispnyc.org/blog/euske/what-if-lisp-was-invented-by-the-japanese" "Mozilla/5.0 (Windows; U; Windows NT 6.1; en-US; rv:1.9.2.13) Gecko/20101203 Firefox/3.6.13"
131.107.0.74 - - [24/Feb/2011:08:09:49 +0900] "GET /themes/lisp-nyc-barsky1/print.css" 500 - "http://lispnyc.org/blog/euske/what-if-lisp-was-invented-by-the-japanese" "Mozilla/5.0 (Windows; U; Windows NT 6.1; en-US; rv:1.9.2.13) Gecko/20101203 Firefox/3.6.13"
131.107.0.74 - - [24/Feb/2011:08:09:49 +0900] "GET /what-if-lisp-was-invented-by-the-japanese" 200 - "http://www.reddit.com/r/lisp/comments/fl7ac/what_if_lisp_was_invented_by_the_japanese/" "Mozilla/5.0 (Windows; U; Windows NT 6.1; en-US; rv:1.9.2.13) Gecko/20101203 Firefox/3.6.13"
131.107.0.74 - - [24/Feb/2011:08:09:49 +0900] "GET /themes/_pebble/handheld.css" 500 - "http://lispnyc.org/blog/euske/what-if-lisp-was-invented-by-the-japanese" "Mozilla/5.0 (Windows; U; Windows NT 6.1; en-US; rv:1.9.2.13) Gecko/20101203 Firefox/3.6.13"
131.107.0.74 - - [24/Feb/2011:08:09:49 +0900] "GET /pebble.css" 500 - "http://lispnyc.org/blog/euske/what-if-lisp-was-invented-by-the-japanese" "Mozilla/5.0 (Windows; U; Windows NT 6.1; en-US; rv:1.9.2.13) Gecko/20101203 Firefox/3.6.13"
131.107.0.74 - - [24/Feb/2011:08:10:00 +0900] "GET /themes/lisp-nyc-barsky1/screen.css" 500 - "http://lispnyc.org/blog/euske/what-if-lisp-was-invented-by-the-japanese" "Mozilla/5.0 (Windows; U; Windows NT 6.1; en-US; rv:1.9.2.13) Gecko/20101203 Firefox/3.6.13"
131.107.0.74 - - [24/Feb/2011:08:10:00 +0900] "GET /pebble.css" 500 - "http://lispnyc.org/blog/euske/what-if-lisp-was-invented-by-the-japanese" "Mozilla/5.0 (Windows; U; Windows NT 6.1; en-US; rv:1.9.2.13) Gecko/20101203 Firefox/3.6.13"
131.107.0.74 - - [24/Feb/2011:08:10:00 +0900] "GET /themes/lisp-nyc-barsky1/print.css" 500 - "http://lispnyc.org/blog/euske/what-if-lisp-was-invented-by-the-japanese" "Mozilla/5.0 (Windows; U; Windows NT 6.1; en-US; rv:1.9.2.13) Gecko/20101203 Firefox/3.6.13"
131.107.0.74 - - [24/Feb/2011:08:10:00 +0900] "GET /themes/_pebble/handheld.css" 500 - "http://lispnyc.org/blog/euske/what-if-lisp-was-invented-by-the-japanese" "Mozilla/5.0 (Windows; U; Windows NT 6.1; en-US; rv:1.9.2.13) Gecko/20101203 Firefox/3.6.13"
131.107.0.74 - - [24/Feb/2011:08:10:00 +0900] "GET /what-if-lisp-was-invented-by-the-japanese" 200 - "http://www.reddit.com/r/lisp/comments/fl7ac/what_if_lisp_was_invented_by_the_japanese/" "Mozilla/5.0 (Windows; U; Windows NT 6.1; en-US; rv:1.9.2.13) Gecko/20101203 Firefox/3.6.13"
131.107.0.74 - - [24/Feb/2011:08:10:12 +0900] "GET /themes/lisp-nyc-barsky1/screen.css" 500 - "http://lispnyc.org/blog/euske/what-if-lisp-was-invented-by-the-japanese" "Mozilla/5.0 (Windows; U; Windows NT 6.1; en-US; rv:1.9.2.13) Gecko/20101203 Firefox/3.6.13"
131.107.0.74 - - [24/Feb/2011:08:10:12 +0900] "GET /what-if-lisp-was-invented-by-the-japanese" 200 - "http://lispnyc.org/blog/euske/what-if-lisp-was-invented-by-the-japanese" "Mozilla/5.0 (Windows; U; Windows NT 6.1; en-US; rv:1.9.2.13) Gecko/20101203 Firefox/3.6.13"
131.107.0.74 - - [24/Feb/2011:08:10:12 +0900] "GET /themes/_pebble/handheld.css" 500 - "http://lispnyc.org/blog/euske/what-if-lisp-was-invented-by-the-japanese" "Mozilla/5.0 (Windows; U; Windows NT 6.1; en-US; rv:1.9.2.13) Gecko/20101203 Firefox/3.6.13"
131.107.0.74 - - [24/Feb/2011:08:10:13 +0900] "GET /pebble.css" 500 - "http://lispnyc.org/blog/euske/what-if-lisp-was-invented-by-the-japanese" "Mozilla/5.0 (Windows; U; Windows NT 6.1; en-US; rv:1.9.2.13) Gecko/20101203 Firefox/3.6.13"
131.107.0.74 - - [24/Feb/2011:08:10:13 +0900] "GET /themes/lisp-nyc-barsky1/print.css" 500 - "http://lispnyc.org/blog/euske/what-if-lisp-was-invented-by-the-japanese" "Mozilla/5.0 (Windows; U; Windows NT 6.1; en-US; rv:1.9.2.13) Gecko/20101203 Firefox/3.6.13"
72.14.199.8 - - [24/Feb/2011:08:10:32 +0900] "GET /atom.xml" 304 - - "Feedfetcher-Google; (+http://www.google.com/feedfetcher.html; 3 subscribers; feed-id=5146562804069246624)"
66.249.71.247 - - [24/Feb/2011:08:17:33 +0900] "GET /2011/02/04" 200 - - "Mozilla/5.0 (compatible; Googlebot/2.1; +http://www.google.com/bot.html)"
216.39.58.17 - - [24/Feb/2011:08:19:21 +0900] "GET /what-if-lisp-was-invented-by-the-japanese" 200 - - "Mozilla/5.0 (compatible; Yahoo Pipes 2.0; +http://developer.yahoo.com/yql/provider) Gecko/20090729 Firefox/3.5.2"
184.73.239.99 - - [24/Feb/2011:08:21:01 +0900] "HEAD /what-if-lisp-was-invented-by-the-japanese" 200 - - "Mozilla/5.0 (compatible; woriobot support [at] worio [dot] com +http://worio.com)"
72.14.199.8 - - [24/Feb/2011:08:23:40 +0900] "GET /rss.xml" 304 - - "Feedfetcher-Google; (+http://www.google.com/feedfetcher.html; 4 subscribers; feed-id=1720132379870088030)"
216.39.58.18 - - [24/Feb/2011:08:24:05 +0900] "GET /what-if-lisp-was-invented-by-the-japanese" 200 - - "Mozilla/5.0 (compatible; Yahoo Pipes 2.0; +http://developer.yahoo.com/yql/provider) Gecko/20090729 Firefox/3.5.2"
184.73.239.99 - - [24/Feb/2011:08:38:31 +0900] "HEAD /what-if-lisp-was-invented-by-the-japanese" 200 - - "Mozilla/5.0 (compatible; woriobot support [at] worio [dot] com +http://worio.com)"
131.215.220.161 - - [24/Feb/2011:08:43:04 +0900] "GET /what-if-lisp-was-invented-by-the-japanese" 200 - "http://www.reddit.com/r/programming/?count=225&after=t3_fl59a" "Mozilla/5.0 (Windows; U; Windows NT 6.1; en-US) AppleWebKit/534.13 (KHTML, like Gecko) Chrome/9.0.597.98 Safari/534.13"
203.104.98.218 - - [24/Feb/2011:08:51:05 +0900] "GET /rss.xml" 304 - - "livedoor FeedFetcher/0.01 (http://reader.livedoor.com/; 1 subscriber)"
184.73.239.99 - - [24/Feb/2011:08:57:50 +0900] "HEAD /what-if-lisp-was-invented-by-the-japanese" 200 - - "Mozilla/5.0 (compatible; woriobot support [at] worio [dot] com +http://worio.com)"
72.14.199.8 - - [24/Feb/2011:09:08:32 +0900] "GET /atom.xml" 304 - - "Feedfetcher-Google; (+http://www.google.com/feedfetcher.html; 3 subscribers; feed-id=5146562804069246624)"
184.73.239.99 - - [24/Feb/2011:09:17:07 +0900] "HEAD /what-if-lisp-was-invented-by-the-japanese" 200 - - "Mozilla/5.0 (compatible; woriobot support [at] worio [dot] com +http://worio.com)"
216.39.58.18 - - [24/Feb/2011:09:17:45 +0900] "GET /what-if-lisp-was-invented-by-the-japanese" 200 - - "Mozilla/5.0 (compatible; Yahoo Pipes 2.0; +http://developer.yahoo.com/yql/provider) Gecko/20090729 Firefox/3.5.2"
72.14.199.8 - - [24/Feb/2011:09:24:38 +0900] "GET /rss.xml" 304 - - "Feedfetcher-Google; (+http://www.google.com/feedfetcher.html; 4 subscribers; feed-id=1720132379870088030)"
184.73.239.99 - - [24/Feb/2011:09:36:09 +0900] "HEAD /what-if-lisp-was-invented-by-the-japanese" 200 - - "Mozilla/5.0 (compatible; woriobot support [at] worio [dot] com +http://worio.com)"
67.195.114.220 - - [24/Feb/2011:09:50:02 +0900] "GET /what-if-lisp-was-invented-by-the-japanese" 200 - - "Mozilla/5.0 (compatible; Yahoo! Slurp; http://help.yahoo.com/help/us/ysearch/slurp)"
184.73.239.99 - - [24/Feb/2011:09:54:41 +0900] "HEAD /what-if-lisp-was-invented-by-the-japanese" 200 - - "Mozilla/5.0 (compatible; woriobot support [at] worio [dot] com +http://worio.com)"
62.178.2.33 - - [24/Feb/2011:10:02:45 +0900] "GET /what-if-lisp-was-invented-by-the-japanese" 200 - "http://www.reddit.com/r/lisp" "Mozilla/4.0 (compatible; MSIE 8.0; Windows NT 6.1; WOW64; Trident/4.0; SLCC2; .NET CLR 2.0.50727; .NET CLR 3.5.30729; .NET CLR 3.0.30729; Media Center PC 6.0; .NET4.0C)"
72.14.199.8 - - [24/Feb/2011:10:03:52 +0900] "GET /atom.xml" 304 - - "Feedfetcher-Google; (+http://www.google.com/feedfetcher.html; 3 subscribers; feed-id=5146562804069246624)"
203.104.98.220 - - [24/Feb/2011:10:11:07 +0900] "GET /rss.xml" 304 - - "livedoor FeedFetcher/0.01 (http://reader.livedoor.com/; 1 subscriber)"
184.73.239.99 - - [24/Feb/2011:10:14:26 +0900] "HEAD /what-if-lisp-was-invented-by-the-japanese" 200 - - "Mozilla/5.0 (compatible; woriobot support [at] worio [dot] com +http://worio.com)"
216.39.58.78 - - [24/Feb/2011:10:15:15 +0900] "GET /what-if-lisp-was-invented-by-the-japanese" 200 - - "Mozilla/5.0 (compatible; Yahoo Pipes 2.0; +http://developer.yahoo.com/yql/provider) Gecko/20090729 Firefox/3.5.2"
216.39.58.17 - - [24/Feb/2011:10:19:42 +0900] "GET /what-if-lisp-was-invented-by-the-japanese" 200 - - "Mozilla/5.0 (compatible; Yahoo Pipes 2.0; +http://developer.yahoo.com/yql/provider) Gecko/20090729 Firefox/3.5.2"
72.14.199.8 - - [24/Feb/2011:10:28:29 +0900] "GET /rss.xml" 304 - - "Feedfetcher-Google; (+http://www.google.com/feedfetcher.html; 4 subscribers; feed-id=1720132379870088030)"
66.249.71.244 - - [24/Feb/2011:10:32:39 +0900] "GET /" 200 - - "Mozilla/5.0 (compatible; Googlebot/2.1; +http://www.google.com/bot.html)"
184.73.239.99 - - [24/Feb/2011:10:35:00 +0900] "HEAD /what-if-lisp-was-invented-by-the-japanese" 200 - - "Mozilla/5.0 (compatible; woriobot support [at] worio [dot] com +http://worio.com)"
72.14.199.8 - - [24/Feb/2011:10:55:49 +0900] "GET /atom.xml" 304 - - "Feedfetcher-Google; (+http://www.google.com/feedfetcher.html; 3 subscribers; feed-id=5146562804069246624)"
184.73.239.99 - - [24/Feb/2011:10:56:57 +0900] "HEAD /what-if-lisp-was-invented-by-the-japanese" 200 - - "Mozilla/5.0 (compatible; woriobot support [at] worio [dot] com +http://worio.com)"
211.43.152.49 - - [24/Feb/2011:11:10:28 +0900] "GET /atom.xml" 200 - - "Mozilla/5.0 Firefox/3.0.5"
216.39.58.17 - - [24/Feb/2011:11:10:34 +0900] "GET /what-if-lisp-was-invented-by-the-japanese" 200 - - "Mozilla/5.0 (compatible; Yahoo Pipes 2.0; +http://developer.yahoo.com/yql/provider) Gecko/20090729 Firefox/3.5.2"
208.115.111.75 - - [24/Feb/2011:11:12:08 +0900] "GET /" 200 - - "Mozilla/5.0 (compatible; Ezooms/1.0; ezooms.bot@gmail.com)"
184.73.239.99 - - [24/Feb/2011:11:16:50 +0900] "HEAD /what-if-lisp-was-invented-by-the-japanese" 200 - - "Mozilla/5.0 (compatible; woriobot support [at] worio [dot] com +http://worio.com)"
72.14.199.8 - - [24/Feb/2011:11:28:09 +0900] "GET /rss.xml" 304 - - "Feedfetcher-Google; (+http://www.google.com/feedfetcher.html; 4 subscribers; feed-id=1720132379870088030)"
118.92.20.130 - - [24/Feb/2011:11:33:01 +0900] "GET /what-if-lisp-was-invented-by-the-japanese" 200 - "http://www.reddit.com/r/lisp/" "Mozilla/5.0 (X11; U; Linux i686; en-US) AppleWebKit/534.13 (KHTML, like Gecko) Chrome/9.0.597.98 Safari/534.13"
184.73.239.99 - - [24/Feb/2011:11:38:35 +0900] "HEAD /what-if-lisp-was-invented-by-the-japanese" 200 - - "Mozilla/5.0 (compatible; woriobot support [at] worio [dot] com +http://worio.com)"
118.243.141.241 - - [24/Feb/2011:11:39:07 +0900] "GET /atom.xml" 304 - - "samidare"
66.249.71.244 - - [24/Feb/2011:11:46:15 +0900] "GET /" 200 - - "Mozilla/5.0 (compatible; Googlebot/2.1; +http://www.google.com/bot.html)"
203.104.98.218 - - [24/Feb/2011:11:56:31 +0900] "GET /rss.xml" 304 - - "livedoor FeedFetcher/0.01 (http://reader.livedoor.com/; 1 subscriber)"
72.14.199.8 - - [24/Feb/2011:11:57:19 +0900] "GET /atom.xml" 304 - - "Feedfetcher-Google; (+http://www.google.com/feedfetcher.html; 3 subscribers; feed-id=5146562804069246624)"
184.73.239.99 - - [24/Feb/2011:11:58:43 +0900] "HEAD /what-if-lisp-was-invented-by-the-japanese" 200 - - "Mozilla/5.0 (compatible; woriobot support [at] worio [dot] com +http://worio.com)"
209.131.41.49 - - [24/Feb/2011:12:05:59 +0900] "GET /what-if-lisp-was-invented-by-the-japanese" 200 - - "Mozilla/5.0 (compatible; Yahoo Pipes 2.0; +http://developer.yahoo.com/yql/provider) Gecko/20090729 Firefox/3.5.2"
216.39.58.18 - - [24/Feb/2011:12:10:10 +0900] "GET /what-if-lisp-was-invented-by-the-japanese" 200 - - "Mozilla/5.0 (compatible; Yahoo Pipes 2.0; +http://developer.yahoo.com/yql/provider) Gecko/20090729 Firefox/3.5.2"
184.73.239.99 - - [24/Feb/2011:12:19:12 +0900] "HEAD /what-if-lisp-was-invented-by-the-japanese" 200 - - "Mozilla/5.0 (compatible; woriobot support [at] worio [dot] com +http://worio.com)"
72.14.199.8 - - [24/Feb/2011:12:35:28 +0900] "GET /rss.xml" 304 - - "Feedfetcher-Google; (+http://www.google.com/feedfetcher.html; 4 subscribers; feed-id=1720132379870088030)"
184.73.239.99 - - [24/Feb/2011:12:40:10 +0900] "HEAD /what-if-lisp-was-invented-by-the-japanese" 200 - - "Mozilla/5.0 (compatible; woriobot support [at] worio [dot] com +http://worio.com)"
184.73.239.99 - - [24/Feb/2011:12:57:41 +0900] "HEAD /what-if-lisp-was-invented-by-the-japanese" 200 - - "Mozilla/5.0 (compatible; woriobot support [at] worio [dot] com +http://worio.com)"
209.131.41.49 - - [24/Feb/2011:12:59:24 +0900] "GET /what-if-lisp-was-invented-by-the-japanese" 200 - - "Mozilla/5.0 (compatible; Yahoo Pipes 2.0; +http://developer.yahoo.com/yql/provider) Gecko/20090729 Firefox/3.5.2"
72.14.199.8 - - [24/Feb/2011:13:01:29 +0900] "GET /atom.xml" 304 - - "Feedfetcher-Google; (+http://www.google.com/feedfetcher.html; 3 subscribers; feed-id=5146562804069246624)"
66.249.71.247 - - [24/Feb/2011:13:07:19 +0900] "GET /2011/02/15" 200 - - "Mozilla/5.0 (compatible; Googlebot/2.1; +http://www.google.com/bot.html)"
152.1.222.109 - - [24/Feb/2011:13:08:59 +0900] "GET /what-if-lisp-was-invented-by-the-japanese" 200 - "http://www.reddit.com/r/lisp" "Mozilla/5.0 (Macintosh; U; Intel Mac OS X 10.6; en-US; rv:1.9.2.13) Gecko/20101203 Firefox/3.6.13"
152.1.222.109 - - [24/Feb/2011:13:09:24 +0900] "GET /what-if-lisp-was-invented-by-the-japanese" 200 - "http://www.reddit.com/r/lisp" "Mozilla/5.0 (Macintosh; U; Intel Mac OS X 10.6; en-US; rv:1.9.2.13) Gecko/20101203 Firefox/3.6.13"
152.1.222.109 - - [24/Feb/2011:13:09:26 +0900] "GET /secret-alien-technology-ftw" 200 - "http://lispnyc.org/blog/euske/what-if-lisp-was-invented-by-the-japanese" "Mozilla/5.0 (Macintosh; U; Intel Mac OS X 10.6; en-US; rv:1.9.2.13) Gecko/20101203 Firefox/3.6.13"
152.1.222.109 - - [24/Feb/2011:13:09:29 +0900] "GET /" 200 - "http://lispnyc.org/blog/euske/secret-alien-technology-ftw" "Mozilla/5.0 (Macintosh; U; Intel Mac OS X 10.6; en-US; rv:1.9.2.13) Gecko/20101203 Firefox/3.6.13"
66.249.71.247 - - [24/Feb/2011:13:13:30 +0900] "GET /secret-alien-technology-ftw" 200 - - "Mozilla/5.0 (compatible; Googlebot/2.1; +http://www.google.com/bot.html)"
184.73.239.99 - - [24/Feb/2011:13:16:54 +0900] "HEAD /what-if-lisp-was-invented-by-the-japanese" 200 - - "Mozilla/5.0 (compatible; woriobot support [at] worio [dot] com +http://worio.com)"
203.104.98.218 - - [24/Feb/2011:13:20:34 +0900] "GET /rss.xml" 304 - - "livedoor FeedFetcher/0.01 (http://reader.livedoor.com/; 1 subscriber)"
184.73.239.99 - - [24/Feb/2011:13:32:47 +0900] "HEAD /what-if-lisp-was-invented-by-the-japanese" 200 - - "Mozilla/5.0 (compatible; woriobot support [at] worio [dot] com +http://worio.com)"
72.14.199.8 - - [24/Feb/2011:13:42:50 +0900] "GET /rss.xml" 304 - - "Feedfetcher-Google; (+http://www.google.com/feedfetcher.html; 4 subscribers; feed-id=1720132379870088030)"
216.39.58.78 - - [24/Feb/2011:13:49:28 +0900] "GET /what-if-lisp-was-invented-by-the-japanese" 200 - - "Mozilla/5.0 (compatible; Yahoo Pipes 2.0; +http://developer.yahoo.com/yql/provider) Gecko/20090729 Firefox/3.5.2"
72.14.199.8 - - [24/Feb/2011:13:51:39 +0900] "GET /atom.xml" 304 - - "Feedfetcher-Google; (+http://www.google.com/feedfetcher.html; 3 subscribers; feed-id=5146562804069246624)"
184.73.239.99 - - [24/Feb/2011:13:52:41 +0900] "HEAD /what-if-lisp-was-invented-by-the-japanese" 200 - - "Mozilla/5.0 (compatible; woriobot support [at] worio [dot] com +http://worio.com)"
209.131.41.49 - - [24/Feb/2011:13:53:34 +0900] "GET /what-if-lisp-was-invented-by-the-japanese" 200 - - "Mozilla/5.0 (compatible; Yahoo Pipes 2.0; +http://developer.yahoo.com/yql/provider) Gecko/20090729 Firefox/3.5.2"
64.81.82.89 - - [24/Feb/2011:13:58:05 +0900] "GET /what-if-lisp-was-invented-by-the-japanese" 200 - - "Mozilla/5.0 (Macintosh; U; Intel Mac OS X 10_6_6; en-US) AppleWebKit/534.13 (KHTML, like Gecko) Chrome/9.0.597.102 Safari/534.13"
184.73.239.99 - - [24/Feb/2011:14:09:45 +0900] "HEAD /what-if-lisp-was-invented-by-the-japanese" 200 - - "Mozilla/5.0 (compatible; woriobot support [at] worio [dot] com +http://worio.com)"
71.231.218.7 - - [24/Feb/2011:14:12:45 +0900] "GET /what-if-lisp-was-invented-by-the-japanese" 200 - "http://www.reddit.com/r/programming/?count=225&after=t3_fl59a" "Mozilla/5.0 (iPad; U; CPU OS 4_2_1 like Mac OS X; en-us) AppleWebKit/533.17.9 (KHTML, like Gecko) Version/5.0.2 Mobile/8C148 Safari/6533.18.5"
66.249.71.247 - - [24/Feb/2011:14:17:03 +0900] "GET /authors/euske/" 200 - - "Mozilla/5.0 (compatible; Googlebot/2.1; +http://www.google.com/bot.html)"
184.73.239.99 - - [24/Feb/2011:14:27:39 +0900] "HEAD /what-if-lisp-was-invented-by-the-japanese" 200 - - "Mozilla/5.0 (compatible; woriobot support [at] worio [dot] com +http://worio.com)"
216.39.58.78 - - [24/Feb/2011:14:40:41 +0900] "GET /what-if-lisp-was-invented-by-the-japanese" 200 - - "Mozilla/5.0 (compatible; Yahoo Pipes 2.0; +http://developer.yahoo.com/yql/provider) Gecko/20090729 Firefox/3.5.2"
203.174.79.131 - - [24/Feb/2011:14:43:11 +0900] "GET /authors/euske/" 200 - "http://d.hatena.ne.jp/karasuyamatengu/?of=5" "Mozilla/5.0 (Windows; U; Windows NT 5.1; en-US) AppleWebKit/534.13 (KHTML, like Gecko) Chrome/9.0.597.98 Safari/534.13"
203.174.79.131 - - [24/Feb/2011:14:43:13 +0900] "GET /themes/_pebble/handheld.css" 500 - "http://lispnyc.org/blog/euske/authors/euske/" "Mozilla/5.0 (Windows; U; Windows NT 5.1; en-US) AppleWebKit/534.13 (KHTML, like Gecko) Chrome/9.0.597.98 Safari/534.13"
203.174.79.131 - - [24/Feb/2011:14:43:13 +0900] "GET /pebble.css" 500 - "http://lispnyc.org/blog/euske/authors/euske/" "Mozilla/5.0 (Windows; U; Windows NT 5.1; en-US) AppleWebKit/534.13 (KHTML, like Gecko) Chrome/9.0.597.98 Safari/534.13"
203.174.79.131 - - [24/Feb/2011:14:43:13 +0900] "GET /themes/lisp-nyc-barsky1/screen.css" 500 - "http://lispnyc.org/blog/euske/authors/euske/" "Mozilla/5.0 (Windows; U; Windows NT 5.1; en-US) AppleWebKit/534.13 (KHTML, like Gecko) Chrome/9.0.597.98 Safari/534.13"
203.174.79.131 - - [24/Feb/2011:14:43:13 +0900] "GET /themes/lisp-nyc-barsky1/print.css" 500 - "http://lispnyc.org/blog/euske/authors/euske/" "Mozilla/5.0 (Windows; U; Windows NT 5.1; en-US) AppleWebKit/534.13 (KHTML, like Gecko) Chrome/9.0.597.98 Safari/534.13"
184.73.239.99 - - [24/Feb/2011:14:45:06 +0900] "HEAD /what-if-lisp-was-invented-by-the-japanese" 200 - - "Mozilla/5.0 (compatible; woriobot support [at] worio [dot] com +http://worio.com)"
72.14.199.8 - - [24/Feb/2011:14:45:13 +0900] "GET /rss.xml" 304 - - "Feedfetcher-Google; (+http://www.google.com/feedfetcher.html; 4 subscribers; feed-id=1720132379870088030)"
72.14.199.8 - - [24/Feb/2011:14:50:39 +0900] "GET /atom.xml" 304 - - "Feedfetcher-Google; (+http://www.google.com/feedfetcher.html; 3 subscribers; feed-id=5146562804069246624)"
203.104.98.218 - - [24/Feb/2011:15:03:43 +0900] "GET /rss.xml" 304 - - "livedoor FeedFetcher/0.01 (http://reader.livedoor.com/; 1 subscriber)"
184.73.239.99 - - [24/Feb/2011:15:04:22 +0900] "HEAD /what-if-lisp-was-invented-by-the-japanese" 200 - - "Mozilla/5.0 (compatible; woriobot support [at] worio [dot] com +http://worio.com)"
204.236.221.246 - - [24/Feb/2011:15:05:36 +0900] "GET /what-if-lisp-was-invented-by-the-japanese" 200 - - "PostRank/2.0 (postrank.com; 1 subscribers)"
184.73.239.99 - - [24/Feb/2011:15:23:29 +0900] "HEAD /what-if-lisp-was-invented-by-the-japanese" 200 - - "Mozilla/5.0 (compatible; woriobot support [at] worio [dot] com +http://worio.com)"
216.39.58.17 - - [24/Feb/2011:15:30:24 +0900] "GET /what-if-lisp-was-invented-by-the-japanese" 200 - - "Mozilla/5.0 (compatible; Yahoo Pipes 2.0; +http://developer.yahoo.com/yql/provider) Gecko/20090729 Firefox/3.5.2"
212.113.37.106 - - [24/Feb/2011:15:33:26 +0900] "GET /" 200 - - "Mozilla/5.0 (compatible; SiteBot/0.1; +http://www.sitebot.org/robot/)"
212.113.37.106 - - [24/Feb/2011:15:33:27 +0900] "GET /2011/02" 200 - - "Mozilla/5.0 (compatible; SiteBot/0.1; +http://www.sitebot.org/robot/)"
212.113.37.106 - - [24/Feb/2011:15:33:27 +0900] "GET /2011/02/04" 200 - - "Mozilla/5.0 (compatible; SiteBot/0.1; +http://www.sitebot.org/robot/)"
212.113.37.106 - - [24/Feb/2011:15:33:28 +0900] "GET /2011/02/11" 200 - - "Mozilla/5.0 (compatible; SiteBot/0.1; +http://www.sitebot.org/robot/)"
212.113.37.106 - - [24/Feb/2011:15:33:29 +0900] "GET /2011/02/19" 200 - - "Mozilla/5.0 (compatible; SiteBot/0.1; +http://www.sitebot.org/robot/)"
212.113.37.106 - - [24/Feb/2011:15:33:29 +0900] "GET /atom.xml" 200 - - "Mozilla/5.0 (compatible; SiteBot/0.1; +http://www.sitebot.org/robot/)"
212.113.37.106 - - [24/Feb/2011:15:33:30 +0900] "GET /authors/euske/" 200 - - "Mozilla/5.0 (compatible; SiteBot/0.1; +http://www.sitebot.org/robot/)"
212.113.37.106 - - [24/Feb/2011:15:33:30 +0900] "GET /generateTrackBackLink.action?entry=1297401660000" 200 - - "Mozilla/5.0 (compatible; SiteBot/0.1; +http://www.sitebot.org/robot/)"
212.113.37.106 - - [24/Feb/2011:15:33:31 +0900] "GET /replyToBlogEntry.action?entry=1297401660000&comment=1297596963430" 200 - - "Mozilla/5.0 (compatible; SiteBot/0.1; +http://www.sitebot.org/robot/)"
212.113.37.106 - - [24/Feb/2011:15:33:31 +0900] "GET /replyToBlogEntry.action?entry=1297401660000&comment=1297613830060" 200 - - "Mozilla/5.0 (compatible; SiteBot/0.1; +http://www.sitebot.org/robot/)"
212.113.37.106 - - [24/Feb/2011:15:33:32 +0900] "GET /replyToBlogEntry.action?entry=1297401660000&comment=1297618195677" 200 - - "Mozilla/5.0 (compatible; SiteBot/0.1; +http://www.sitebot.org/robot/)"
212.113.37.106 - - [24/Feb/2011:15:33:33 +0900] "GET /replyToBlogEntry.action?entry=1297401660000&comment=1297625755177" 200 - - "Mozilla/5.0 (compatible; SiteBot/0.1; +http://www.sitebot.org/robot/)"
212.113.37.106 - - [24/Feb/2011:15:33:33 +0900] "GET /replyToBlogEntry.action?entry=1297401660000&comment=1297643709154" 200 - - "Mozilla/5.0 (compatible; SiteBot/0.1; +http://www.sitebot.org/robot/)"
212.113.37.106 - - [24/Feb/2011:15:33:34 +0900] "GET /replyToBlogEntry.action?entry=1297401660000&comment=1297710123628" 200 - - "Mozilla/5.0 (compatible; SiteBot/0.1; +http://www.sitebot.org/robot/)"
212.113.37.106 - - [24/Feb/2011:15:33:35 +0900] "GET /replyToBlogEntry.action?entry=1297401660000&comment=1297711949849" 200 - - "Mozilla/5.0 (compatible; SiteBot/0.1; +http://www.sitebot.org/robot/)"
212.113.37.106 - - [24/Feb/2011:15:33:35 +0900] "GET /replyToBlogEntry.action?entry=1297401660000&comment=1297728186695" 200 - - "Mozilla/5.0 (compatible; SiteBot/0.1; +http://www.sitebot.org/robot/)"
212.113.37.106 - - [24/Feb/2011:15:33:36 +0900] "GET /replyToBlogEntry.action?entry=1297401660000&comment=1297760248231" 200 - - "Mozilla/5.0 (compatible; SiteBot/0.1; +http://www.sitebot.org/robot/)"
212.113.37.106 - - [24/Feb/2011:15:33:37 +0900] "GET /replyToBlogEntry.action?entry=1297401660000&comment=1297773779974" 200 - - "Mozilla/5.0 (compatible; SiteBot/0.1; +http://www.sitebot.org/robot/)"
212.113.37.106 - - [24/Feb/2011:15:33:37 +0900] "GET /responses/rss.xml" 200 - - "Mozilla/5.0 (compatible; SiteBot/0.1; +http://www.sitebot.org/robot/)"
212.113.37.106 - - [24/Feb/2011:15:33:37 +0900] "GET /responses/rss.xml?entry=1297401660000" 200 - - "Mozilla/5.0 (compatible; SiteBot/0.1; +http://www.sitebot.org/robot/)"
212.113.37.106 - - [24/Feb/2011:15:33:38 +0900] "GET /rss.xml" 200 - - "Mozilla/5.0 (compatible; SiteBot/0.1; +http://www.sitebot.org/robot/)"
212.113.37.106 - - [24/Feb/2011:15:33:38 +0900] "GET /search.action" 200 - - "Mozilla/5.0 (compatible; SiteBot/0.1; +http://www.sitebot.org/robot/)"
212.113.37.106 - - [24/Feb/2011:15:33:38 +0900] "GET /secret-alien-technology-ftw" 200 - - "Mozilla/5.0 (compatible; SiteBot/0.1; +http://www.sitebot.org/robot/)"
212.113.37.106 - - [24/Feb/2011:15:33:39 +0900] "GET /subscribe.action" 200 - - "Mozilla/5.0 (compatible; SiteBot/0.1; +http://www.sitebot.org/robot/)"
212.113.37.106 - - [24/Feb/2011:15:33:39 +0900] "GET /tags/" 200 - - "Mozilla/5.0 (compatible; SiteBot/0.1; +http://www.sitebot.org/robot/)"
216.39.58.78 - - [24/Feb/2011:15:34:53 +0900] "GET /what-if-lisp-was-invented-by-the-japanese" 200 - - "Mozilla/5.0 (compatible; Yahoo Pipes 2.0; +http://developer.yahoo.com/yql/provider) Gecko/20090729 Firefox/3.5.2"
72.14.199.8 - - [24/Feb/2011:15:36:32 +0900] "GET /rss.xml" 304 - - "Feedfetcher-Google; (+http://www.google.com/feedfetcher.html; 4 subscribers; feed-id=1720132379870088030)"
72.14.199.8 - - [24/Feb/2011:15:41:49 +0900] "GET /atom.xml" 304 - - "Feedfetcher-Google; (+http://www.google.com/feedfetcher.html; 3 subscribers; feed-id=5146562804069246624)"
184.73.239.99 - - [24/Feb/2011:15:42:09 +0900] "HEAD /what-if-lisp-was-invented-by-the-japanese" 200 - - "Mozilla/5.0 (compatible; woriobot support [at] worio [dot] com +http://worio.com)"
134.158.120.90 - - [24/Feb/2011:15:45:26 +0900] "GET /rss.xml" 304 - - "Mozilla/5.0 (X11; U; Linux i686; fr; rv:1.9.2.13) Gecko/20101209 Red Hat/3.6-3.el4 Firefox/3.6.13"
66.249.71.247 - - [24/Feb/2011:15:49:37 +0900] "GET /authors/euske/" 200 - - "DoCoMo/2.0 N905i(c100;TB;W24H16) (compatible; Googlebot-Mobile/2.1; +http://www.google.com/bot.html)"
66.249.71.247 - - [24/Feb/2011:15:50:56 +0900] "GET /secret-alien-technology-ftw" 200 - - "Mozilla/5.0 (compatible; Googlebot/2.1; +http://www.google.com/bot.html)"
66.249.71.247 - - [24/Feb/2011:15:52:01 +0900] "GET /replyToBlogEntry.action?entry=1297401660000&comment=1297618195677" 200 - - "Mozilla/5.0 (compatible; Googlebot/2.1; +http://www.google.com/bot.html)"
118.9.240.253 - - [24/Feb/2011:15:58:44 +0900] "GET /what-if-lisp-was-invented-by-the-japanese%09%09%09%09%09" 404 - - "Mozilla/4.0 (compatible; Win32; WinHttp.WinHttpRequest.5)"
184.73.239.99 - - [24/Feb/2011:16:02:38 +0900] "HEAD /what-if-lisp-was-invented-by-the-japanese" 200 - - "Mozilla/5.0 (compatible; woriobot support [at] worio [dot] com +http://worio.com)"
184.73.239.99 - - [24/Feb/2011:16:20:23 +0900] "HEAD /what-if-lisp-was-invented-by-the-japanese" 200 - - "Mozilla/5.0 (compatible; woriobot support [at] worio [dot] com +http://worio.com)"
216.39.58.78 - - [24/Feb/2011:16:21:46 +0900] "GET /what-if-lisp-was-invented-by-the-japanese" 200 - - "Mozilla/5.0 (compatible; Yahoo Pipes 2.0; +http://developer.yahoo.com/yql/provider) Gecko/20090729 Firefox/3.5.2"
203.104.98.218 - - [24/Feb/2011:16:30:38 +0900] "GET /rss.xml" 304 - - "livedoor FeedFetcher/0.01 (http://reader.livedoor.com/; 1 subscriber)"
184.73.239.99 - - [24/Feb/2011:16:37:51 +0900] "HEAD /what-if-lisp-was-invented-by-the-japanese" 200 - - "Mozilla/5.0 (compatible; woriobot support [at] worio [dot] com +http://worio.com)"
72.14.199.8 - - [24/Feb/2011:16:40:19 +0900] "GET /atom.xml" 304 - - "Feedfetcher-Google; (+http://www.google.com/feedfetcher.html; 3 subscribers; feed-id=5146562804069246624)"
72.14.199.8 - - [24/Feb/2011:16:46:18 +0900] "GET /rss.xml" 304 - - "Feedfetcher-Google; (+http://www.google.com/feedfetcher.html; 4 subscribers; feed-id=1720132379870088030)"
134.158.120.90 - - [24/Feb/2011:16:47:56 +0900] "GET /rss.xml" 304 - - "Mozilla/5.0 (X11; U; Linux i686; fr; rv:1.9.2.13) Gecko/20101209 Red Hat/3.6-3.el4 Firefox/3.6.13"
184.73.239.99 - - [24/Feb/2011:16:57:31 +0900] "HEAD /what-if-lisp-was-invented-by-the-japanese" 200 - - "Mozilla/5.0 (compatible; woriobot support [at] worio [dot] com +http://worio.com)"
67.202.11.220 - - [24/Feb/2011:17:09:09 +0900] "HEAD /what-if-lisp-was-invented-by-the-japanese" 200 - - "Mozilla/5.0 (Macintosh; U; Intel Mac OS X 10.6; en-US; rv:1.9.2) Gecko/20100115 Firefox/3.6 (FlipboardProxy/1.1; +http://flipboard.com/browserproxy)"
50.16.44.106 - - [24/Feb/2011:17:09:11 +0900] "GET /what-if-lisp-was-invented-by-the-japanese" 200 - - "Mozilla/5.0 (Macintosh; U; Intel Mac OS X 10.6; en-US; rv:1.9.2) Gecko/20100115 Firefox/3.6 (FlipboardProxy/0.0.5; +http://flipboard.com/browserproxy)"
216.39.58.78 - - [24/Feb/2011:17:11:17 +0900] "GET /what-if-lisp-was-invented-by-the-japanese" 200 - - "Mozilla/5.0 (compatible; Yahoo Pipes 2.0; +http://developer.yahoo.com/yql/provider) Gecko/20090729 Firefox/3.5.2"
216.39.58.78 - - [24/Feb/2011:17:16:03 +0900] "GET /what-if-lisp-was-invented-by-the-japanese" 200 - - "Mozilla/5.0 (compatible; Yahoo Pipes 2.0; +http://developer.yahoo.com/yql/provider) Gecko/20090729 Firefox/3.5.2"
184.73.239.99 - - [24/Feb/2011:17:16:48 +0900] "HEAD /what-if-lisp-was-invented-by-the-japanese" 200 - - "Mozilla/5.0 (compatible; woriobot support [at] worio [dot] com +http://worio.com)"
184.73.239.99 - - [24/Feb/2011:17:34:29 +0900] "HEAD /what-if-lisp-was-invented-by-the-japanese" 200 - - "Mozilla/5.0 (compatible; woriobot support [at] worio [dot] com +http://worio.com)"
72.14.199.8 - - [24/Feb/2011:17:42:49 +0900] "GET /atom.xml" 304 - - "Feedfetcher-Google; (+http://www.google.com/feedfetcher.html; 3 subscribers; feed-id=5146562804069246624)"
134.158.120.90 - - [24/Feb/2011:17:50:16 +0900] "GET /rss.xml" 304 - - "Mozilla/5.0 (X11; U; Linux i686; fr; rv:1.9.2.13) Gecko/20101209 Red Hat/3.6-3.el4 Firefox/3.6.13"
72.14.199.8 - - [24/Feb/2011:17:50:38 +0900] "GET /rss.xml" 304 - - "Feedfetcher-Google; (+http://www.google.com/feedfetcher.html; 4 subscribers; feed-id=1720132379870088030)"
184.73.239.99 - - [24/Feb/2011:17:53:32 +0900] "HEAD /what-if-lisp-was-invented-by-the-japanese" 200 - - "Mozilla/5.0 (compatible; woriobot support [at] worio [dot] com +http://worio.com)"
216.39.58.18 - - [24/Feb/2011:18:02:40 +0900] "GET /what-if-lisp-was-invented-by-the-japanese" 200 - - "Mozilla/5.0 (compatible; Yahoo Pipes 2.0; +http://developer.yahoo.com/yql/provider) Gecko/20090729 Firefox/3.5.2"
184.73.239.99 - - [24/Feb/2011:18:10:06 +0900] "HEAD /what-if-lisp-was-invented-by-the-japanese" 200 - - "Mozilla/5.0 (compatible; woriobot support [at] worio [dot] com +http://worio.com)"
66.249.71.247 - - [24/Feb/2011:18:11:10 +0900] "GET /replyToBlogEntry.action?entry=1297401660000&comment=1297643709154" 200 - - "Mozilla/5.0 (compatible; Googlebot/2.1; +http://www.google.com/bot.html)"
203.104.98.218 - - [24/Feb/2011:18:23:58 +0900] "GET /rss.xml" 304 - - "livedoor FeedFetcher/0.01 (http://reader.livedoor.com/; 1 subscriber)"
184.73.239.99 - - [24/Feb/2011:18:26:55 +0900] "HEAD /what-if-lisp-was-invented-by-the-japanese" 200 - - "Mozilla/5.0 (compatible; woriobot support [at] worio [dot] com +http://worio.com)"
66.249.71.247 - - [24/Feb/2011:18:27:32 +0900] "GET /2011/02/11" 200 - - "Mozilla/5.0 (compatible; Googlebot/2.1; +http://www.google.com/bot.html)"
66.249.71.247 - - [24/Feb/2011:18:37:01 +0900] "GET /replyToBlogEntry.action?entry=1297401660000&comment=1297760248231" 200 - - "Mozilla/5.0 (compatible; Googlebot/2.1; +http://www.google.com/bot.html)"
66.249.71.247 - - [24/Feb/2011:18:37:19 +0900] "GET /search.action" 200 - - "Mozilla/5.0 (compatible; Googlebot/2.1; +http://www.google.com/bot.html)"
72.14.199.8 - - [24/Feb/2011:18:40:59 +0900] "GET /atom.xml" 304 - - "Feedfetcher-Google; (+http://www.google.com/feedfetcher.html; 3 subscribers; feed-id=5146562804069246624)"
184.73.239.99 - - [24/Feb/2011:18:42:59 +0900] "HEAD /what-if-lisp-was-invented-by-the-japanese" 200 - - "Mozilla/5.0 (compatible; woriobot support [at] worio [dot] com +http://worio.com)"
79.3.99.214 - - [24/Feb/2011:18:47:26 +0900] "GET /secret-alien-technology-ftw" 200 - - "Mozilla/5.0 (Macintosh; U; Intel Mac OS X 10_6_6; en-us) AppleWebKit/533.19.4 (KHTML, like Gecko) Version/5.0.3 Safari/533.19.4"
68.0.214.153 - - [24/Feb/2011:18:51:45 +0900] "GET /what-if-lisp-was-invented-by-the-japanese" 200 - "http://www.reddit.com/r/programming/?count=25200&after=t3_fkt7t" "Mozilla/5.0 (Macintosh; U; Intel Mac OS X 10_6_6; en-US) AppleWebKit/534.21 (KHTML, like Gecko) Chrome/11.0.682.0 Safari/534.21"
134.158.120.90 - - [24/Feb/2011:18:52:29 +0900] "GET /rss.xml" 304 - - "Mozilla/5.0 (X11; U; Linux i686; fr; rv:1.9.2.13) Gecko/20101209 Red Hat/3.6-3.el4 Firefox/3.6.13"
216.39.58.17 - - [24/Feb/2011:18:52:31 +0900] "GET /what-if-lisp-was-invented-by-the-japanese" 200 - - "Mozilla/5.0 (compatible; Yahoo Pipes 2.0; +http://developer.yahoo.com/yql/provider) Gecko/20090729 Firefox/3.5.2"
66.249.71.247 - - [24/Feb/2011:18:54:34 +0900] "GET /replyToBlogEntry.action?entry=1297401660000&comment=1297773779974" 200 - - "Mozilla/5.0 (compatible; Googlebot/2.1; +http://www.google.com/bot.html)"
216.39.58.78 - - [24/Feb/2011:18:56:43 +0900] "GET /what-if-lisp-was-invented-by-the-japanese" 200 - - "Mozilla/5.0 (compatible; Yahoo Pipes 2.0; +http://developer.yahoo.com/yql/provider) Gecko/20090729 Firefox/3.5.2"
72.14.199.8 - - [24/Feb/2011:18:57:58 +0900] "GET /rss.xml" 304 - - "Feedfetcher-Google; (+http://www.google.com/feedfetcher.html; 4 subscribers; feed-id=1720132379870088030)"
184.73.239.99 - - [24/Feb/2011:19:00:05 +0900] "HEAD /what-if-lisp-was-invented-by-the-japanese" 200 - - "Mozilla/5.0 (compatible; woriobot support [at] worio [dot] com +http://worio.com)"
66.249.71.247 - - [24/Feb/2011:19:03:23 +0900] "GET /replyToBlogEntry.action?entry=1297401660000&comment=1297711949849" 200 - - "Mozilla/5.0 (compatible; Googlebot/2.1; +http://www.google.com/bot.html)"
66.249.71.247 - - [24/Feb/2011:19:12:10 +0900] "GET /replyToBlogEntry.action?entry=1297401660000&comment=1297728186695" 200 - - "Mozilla/5.0 (compatible; Googlebot/2.1; +http://www.google.com/bot.html)"
184.73.239.99 - - [24/Feb/2011:19:16:27 +0900] "HEAD /what-if-lisp-was-invented-by-the-japanese" 200 - - "Mozilla/5.0 (compatible; woriobot support [at] worio [dot] com +http://worio.com)"
178.125.211.111 - - [24/Feb/2011:19:18:12 +0900] "GET /what-if-lisp-was-invented-by-the-japanese" 200 - "http://arcanesentiment.blogspot.com/2011/02/japanese-lisp-forth-and-historical.html?utm_source=feedburner&utm_medium=feed&utm_campaign=Feed%3A+ArcaneSentiment+%28Arcane+Sentiment%29" "Mozilla/5.0 (Windows NT 6.1; WOW64; rv:2.0b11) Gecko/20100101 Firefox/4.0b11"
184.73.239.99 - - [24/Feb/2011:19:32:07 +0900] "HEAD /what-if-lisp-was-invented-by-the-japanese" 200 - - "Mozilla/5.0 (compatible; woriobot support [at] worio [dot] com +http://worio.com)"
