184.73.239.99 - - [02/Mar/2011:00:00:29 +0900] "HEAD /what-if-lisp-was-invented-by-the-japanese" 200 - - "Mozilla/5.0 (compatible; woriobot support [at] worio [dot] com +http://worio.com)"
216.39.58.17 - - [02/Mar/2011:00:02:43 +0900] "GET /what-if-lisp-was-invented-by-the-japanese" 200 - - "Mozilla/5.0 (compatible; Yahoo Pipes 2.0; +http://developer.yahoo.com/yql/provider) Gecko/20090729 Firefox/3.5.2"
72.14.199.244 - - [02/Mar/2011:00:04:37 +0900] "GET /rss.xml" 304 - - "Feedfetcher-Google; (+http://www.google.com/feedfetcher.html; 4 subscribers; feed-id=1720132379870088030)"
203.104.98.220 - - [02/Mar/2011:00:06:19 +0900] "GET /rss.xml" 304 - - "livedoor FeedFetcher/0.01 (http://reader.livedoor.com/; 1 subscriber)"
66.249.72.8 - - [02/Mar/2011:00:09:58 +0900] "GET /replyToBlogEntry.action?entry=1296823440000&comment=1296824392351" 200 - - "Mozilla/5.0 (compatible; Googlebot/2.1; +http://www.google.com/bot.html)"
72.14.199.244 - - [02/Mar/2011:00:15:32 +0900] "GET /atom.xml" 304 - - "Feedfetcher-Google; (+http://www.google.com/feedfetcher.html; 3 subscribers; feed-id=5146562804069246624)"
184.73.239.99 - - [02/Mar/2011:00:19:17 +0900] "HEAD /what-if-lisp-was-invented-by-the-japanese" 200 - - "Mozilla/5.0 (compatible; woriobot support [at] worio [dot] com +http://worio.com)"
66.249.72.8 - - [02/Mar/2011:00:21:29 +0900] "GET /replyToBlogEntry.action?entry=1296823440000&comment=1296865141903" 200 - - "Mozilla/5.0 (compatible; Googlebot/2.1; +http://www.google.com/bot.html)"
66.249.72.8 - - [02/Mar/2011:00:33:04 +0900] "GET /2011/02/14" 200 - - "Mozilla/5.0 (compatible; Googlebot/2.1; +http://www.google.com/bot.html)"
184.73.239.99 - - [02/Mar/2011:00:37:25 +0900] "HEAD /what-if-lisp-was-invented-by-the-japanese" 200 - - "Mozilla/5.0 (compatible; woriobot support [at] worio [dot] com +http://worio.com)"
203.104.98.218 - - [02/Mar/2011:00:40:12 +0900] "GET /rss.xml" 304 - - "livedoor FeedFetcher/0.01 (http://reader.livedoor.com/; 1 subscriber)"
184.73.239.99 - - [02/Mar/2011:00:57:28 +0900] "HEAD /what-if-lisp-was-invented-by-the-japanese" 200 - - "Mozilla/5.0 (compatible; woriobot support [at] worio [dot] com +http://worio.com)"
72.14.199.244 - - [02/Mar/2011:01:03:57 +0900] "GET /rss.xml" 304 - - "Feedfetcher-Google; (+http://www.google.com/feedfetcher.html; 4 subscribers; feed-id=1720132379870088030)"
72.14.199.244 - - [02/Mar/2011:01:06:32 +0900] "GET /atom.xml" 200 - - "Feedfetcher-Google; (+http://www.google.com/feedfetcher.html; 3 subscribers; feed-id=5146562804069246624)"
174.120.186.2 - - [02/Mar/2011:01:07:55 +0900] "GET /what-if-lisp-was-invented-by-the-japanese" 200 - - "Mozilla/5.0 (Windows; U; Windows NT 5.2; en-US; rv:1.9.1.4) Gecko/20091007 Firefox/3.5.4"
174.120.186.2 - - [02/Mar/2011:01:07:55 +0900] "GET /what-if-lisp-was-invented-by-the-japanese" 200 - - "Mozilla/5.0 (Macintosh; U; Intel Mac OS X 10.5; en-US; rv:1.9.0.7) Gecko/2009021906 Firefox/3.0.7"
184.73.239.99 - - [02/Mar/2011:01:17:42 +0900] "HEAD /what-if-lisp-was-invented-by-the-japanese" 200 - - "Mozilla/5.0 (compatible; woriobot support [at] worio [dot] com +http://worio.com)"
216.39.58.18 - - [02/Mar/2011:01:18:19 +0900] "GET /what-if-lisp-was-invented-by-the-japanese" 200 - - "Mozilla/5.0 (compatible; Yahoo Pipes 2.0; +http://developer.yahoo.com/yql/provider) Gecko/20090729 Firefox/3.5.2"
209.131.41.48 - - [02/Mar/2011:01:25:01 +0900] "GET /what-if-lisp-was-invented-by-the-japanese" 200 - - "Mozilla/5.0 (compatible; Yahoo Pipes 2.0; +http://developer.yahoo.com/yql/provider) Gecko/20090729 Firefox/3.5.2"
74.205.121.139 - - [02/Mar/2011:01:25:30 +0900] "GET /what-if-lisp-was-invented-by-the-japanese" 200 - - "Mozilla/5.0 (X11; U; Linux x86_64; en-US) AppleWebKit/534.7 (KHTML, like Gecko) Chrome/7.0.517.36 Safari/534.7"
67.195.114.220 - - [02/Mar/2011:01:33:02 +0900] "GET /replyToBlogEntry.action?entry=1297401660000&comment=1297773779974" 200 - - "Mozilla/5.0 (compatible; Yahoo! Slurp; http://help.yahoo.com/help/us/ysearch/slurp)"
67.195.114.220 - - [02/Mar/2011:01:37:11 +0900] "GET /replyToBlogEntry.action?entry=1297401660000&comment=1297711949849" 200 - - "Mozilla/5.0 (compatible; Yahoo! Slurp; http://help.yahoo.com/help/us/ysearch/slurp)"
184.73.239.99 - - [02/Mar/2011:01:37:33 +0900] "HEAD /what-if-lisp-was-invented-by-the-japanese" 200 - - "Mozilla/5.0 (compatible; woriobot support [at] worio [dot] com +http://worio.com)"
72.14.199.244 - - [02/Mar/2011:01:57:33 +0900] "GET /atom.xml" 304 - - "Feedfetcher-Google; (+http://www.google.com/feedfetcher.html; 3 subscribers; feed-id=5146562804069246624)"
184.73.239.99 - - [02/Mar/2011:01:58:27 +0900] "HEAD /what-if-lisp-was-invented-by-the-japanese" 200 - - "Mozilla/5.0 (compatible; woriobot support [at] worio [dot] com +http://worio.com)"
178.73.194.133 - - [02/Mar/2011:02:04:39 +0900] "GET /what-if-lisp-was-invented-by-the-japanese" 200 - "http://lispnyc.org/blog/euske/what-if-lisp-was-invented-by-the-japanese" "Mozilla/4.0 (compatible; MSIE 6.0; Windows NT 5.1; SV1; .NET CLR 1.1.4322)"
76.102.224.239 - - [02/Mar/2011:02:04:50 +0900] "GET /what-if-lisp-was-invented-by-the-japanese" 200 - - "Mozilla/5.0 (Macintosh; U; Intel Mac OS X 10.6; en; rv:1.9.0.19) Gecko/2010111021 Camino/2.0.6 (MultiLang) (like Firefox/3.0.19)"
71.127.243.146 - - [02/Mar/2011:02:10:30 +0900] "GET /what-if-lisp-was-invented-by-the-japanese" 200 - "http://www.reddit.com/r/lisp/" "Mozilla/5.0 (Macintosh; U; Intel Mac OS X 10.6; en-US; rv:1.9.2.13) Gecko/20101203 Firefox/3.6.13"
67.195.114.220 - - [02/Mar/2011:02:12:01 +0900] "GET /replyToBlogEntry.action?entry=1297401660000&comment=1297728186695" 200 - - "Mozilla/5.0 (compatible; Yahoo! Slurp; http://help.yahoo.com/help/us/ysearch/slurp)"
71.127.243.146 - - [02/Mar/2011:02:12:03 +0900] "GET /what-if-lisp-was-invented-by-the-japanese" 200 - "http://www.reddit.com/r/lisp/" "Mozilla/5.0 (Macintosh; U; Intel Mac OS X 10.6; en-US; rv:1.9.2.13) Gecko/20101203 Firefox/3.6.13"
67.195.114.220 - - [02/Mar/2011:02:13:23 +0900] "GET /replyToBlogEntry.action?entry=1297401660000&comment=1297760248231" 200 - - "Mozilla/5.0 (compatible; Yahoo! Slurp; http://help.yahoo.com/help/us/ysearch/slurp)"
72.14.199.244 - - [02/Mar/2011:02:13:27 +0900] "GET /rss.xml" 304 - - "Feedfetcher-Google; (+http://www.google.com/feedfetcher.html; 4 subscribers; feed-id=1720132379870088030)"
184.73.239.99 - - [02/Mar/2011:02:19:12 +0900] "HEAD /what-if-lisp-was-invented-by-the-japanese" 200 - - "Mozilla/5.0 (compatible; woriobot support [at] worio [dot] com +http://worio.com)"
184.73.239.99 - - [02/Mar/2011:02:38:08 +0900] "HEAD /what-if-lisp-was-invented-by-the-japanese" 200 - - "Mozilla/5.0 (compatible; woriobot support [at] worio [dot] com +http://worio.com)"
216.39.58.17 - - [02/Mar/2011:02:39:36 +0900] "GET /what-if-lisp-was-invented-by-the-japanese" 200 - - "Mozilla/5.0 (compatible; Yahoo Pipes 2.0; +http://developer.yahoo.com/yql/provider) Gecko/20090729 Firefox/3.5.2"
67.195.114.220 - - [02/Mar/2011:02:43:10 +0900] "GET /2011/03/02" 200 - - "Mozilla/5.0 (compatible; Yahoo! Slurp; http://help.yahoo.com/help/us/ysearch/slurp)"
64.120.45.248 - - [02/Mar/2011:02:51:22 +0900] "GET /replyToBlogEntry.action?entry=1297401660000&comment=1297773779974" 200 - - "Mozilla/5.0 (X11; U; Linux i686; it-IT; rv:1.9.0.2) Gecko/2008092313 Ubuntu/9.25 (jaunty) Firefox/3.8"
72.14.199.244 - - [02/Mar/2011:02:56:02 +0900] "GET /atom.xml" 304 - - "Feedfetcher-Google; (+http://www.google.com/feedfetcher.html; 3 subscribers; feed-id=5146562804069246624)"
184.73.239.99 - - [02/Mar/2011:02:57:14 +0900] "HEAD /what-if-lisp-was-invented-by-the-japanese" 200 - - "Mozilla/5.0 (compatible; woriobot support [at] worio [dot] com +http://worio.com)"
83.220.128.59 - - [02/Mar/2011:02:59:45 +0900] "GET /what-if-lisp-was-invented-by-the-japanese" 200 - - "Mozilla/4.0"
72.14.199.244 - - [02/Mar/2011:03:05:27 +0900] "GET /rss.xml" 304 - - "Feedfetcher-Google; (+http://www.google.com/feedfetcher.html; 4 subscribers; feed-id=1720132379870088030)"
203.104.98.218 - - [02/Mar/2011:03:10:47 +0900] "GET /rss.xml" 304 - - "livedoor FeedFetcher/0.01 (http://reader.livedoor.com/; 1 subscriber)"
184.73.239.99 - - [02/Mar/2011:03:16:58 +0900] "HEAD /what-if-lisp-was-invented-by-the-japanese" 200 - - "Mozilla/5.0 (compatible; woriobot support [at] worio [dot] com +http://worio.com)"
24.132.123.100 - - [02/Mar/2011:03:30:05 +0900] "GET /what-if-lisp-was-invented-by-the-japanese" 200 - - "Mozilla/5.0 (X11; U; Linux i686; en-US; rv:1.8.1.14) Gecko/20080419 Ubuntu/8.04 (hardy) Firefox/2.0.0.14"
184.73.239.99 - - [02/Mar/2011:03:38:18 +0900] "HEAD /what-if-lisp-was-invented-by-the-japanese" 200 - - "Mozilla/5.0 (compatible; woriobot support [at] worio [dot] com +http://worio.com)"
118.243.141.241 - - [02/Mar/2011:03:38:57 +0900] "GET /atom.xml" 304 - - "samidare"
203.104.98.218 - - [02/Mar/2011:03:42:59 +0900] "GET /rss.xml" 304 - - "livedoor FeedFetcher/0.01 (http://reader.livedoor.com/; 1 subscriber)"
72.14.199.244 - - [02/Mar/2011:03:48:52 +0900] "GET /atom.xml" 304 - - "Feedfetcher-Google; (+http://www.google.com/feedfetcher.html; 3 subscribers; feed-id=5146562804069246624)"
216.39.58.78 - - [02/Mar/2011:03:52:40 +0900] "GET /what-if-lisp-was-invented-by-the-japanese" 200 - - "Mozilla/5.0 (compatible; Yahoo Pipes 2.0; +http://developer.yahoo.com/yql/provider) Gecko/20090729 Firefox/3.5.2"
72.14.199.244 - - [02/Mar/2011:03:56:17 +0900] "GET /rss.xml" 304 - - "Feedfetcher-Google; (+http://www.google.com/feedfetcher.html; 4 subscribers; feed-id=1720132379870088030)"
184.73.239.99 - - [02/Mar/2011:03:58:17 +0900] "HEAD /what-if-lisp-was-invented-by-the-japanese" 200 - - "Mozilla/5.0 (compatible; woriobot support [at] worio [dot] com +http://worio.com)"
216.39.58.18 - - [02/Mar/2011:03:59:03 +0900] "GET /what-if-lisp-was-invented-by-the-japanese" 200 - - "Mozilla/5.0 (compatible; Yahoo Pipes 2.0; +http://developer.yahoo.com/yql/provider) Gecko/20090729 Firefox/3.5.2"
184.73.239.99 - - [02/Mar/2011:04:16:30 +0900] "HEAD /what-if-lisp-was-invented-by-the-japanese" 200 - - "Mozilla/5.0 (compatible; woriobot support [at] worio [dot] com +http://worio.com)"
87.101.35.34 - - [02/Mar/2011:04:21:47 +0900] "GET /what-if-lisp-was-invented-by-the-japanese" 200 - "http://www.reddit.com/r/programming/?count=350&after=t3_flai4" "Mozilla/5.0 (Windows; U; Windows NT 5.1; en-US) AppleWebKit/534.13 (KHTML, like Gecko) Chrome/9.0.597.98 Safari/534.13"
173.234.46.38 - - [02/Mar/2011:04:22:23 +0900] "GET /replyToBlogEntry.action?entry=1297401660000&comment=1297643709154" 200 - - "Opera/9.64(Windows NT 5.1; U; en) Presto/2.1.1"
66.249.72.8 - - [02/Mar/2011:04:33:31 +0900] "GET /2011/03/02" 200 - - "Mozilla/5.0 (compatible; Googlebot/2.1; +http://www.google.com/bot.html)"
184.73.239.99 - - [02/Mar/2011:04:36:50 +0900] "HEAD /what-if-lisp-was-invented-by-the-japanese" 200 - - "Mozilla/5.0 (compatible; woriobot support [at] worio [dot] com +http://worio.com)"
173.234.142.105 - - [02/Mar/2011:04:45:12 +0900] "GET /replyToBlogEntry.action?entry=1297401660000&comment=1297625755177" 200 - - "Mozilla/5.0 (Windows; U; Windows NT 6.1; en-US) AppleWebKit/532.2 (KHTML, like Gecko) Chrome/4.0.221.7 Safari/532.2"
72.14.199.244 - - [02/Mar/2011:04:48:42 +0900] "GET /atom.xml" 304 - - "Feedfetcher-Google; (+http://www.google.com/feedfetcher.html; 3 subscribers; feed-id=5146562804069246624)"
72.14.199.244 - - [02/Mar/2011:04:55:47 +0900] "GET /rss.xml" 304 - - "Feedfetcher-Google; (+http://www.google.com/feedfetcher.html; 4 subscribers; feed-id=1720132379870088030)"
184.73.239.99 - - [02/Mar/2011:04:57:31 +0900] "HEAD /what-if-lisp-was-invented-by-the-japanese" 200 - - "Mozilla/5.0 (compatible; woriobot support [at] worio [dot] com +http://worio.com)"
208.72.192.2 - - [02/Mar/2011:05:02:58 +0900] "GET /what-if-lisp-was-invented-by-the-japanese" 200 - - "Mozilla/5.0 (Macintosh; U; Intel Mac OS X 10.6; en; rv:1.9.0.19) Gecko/2010111021 Camino/2.0.6 (MultiLang) (like Firefox/3.0.19)"
216.39.58.18 - - [02/Mar/2011:05:13:03 +0900] "GET /what-if-lisp-was-invented-by-the-japanese" 200 - - "Mozilla/5.0 (compatible; Yahoo Pipes 2.0; +http://developer.yahoo.com/yql/provider) Gecko/20090729 Firefox/3.5.2"
66.249.72.8 - - [02/Mar/2011:05:20:13 +0900] "GET /what-if-lisp-was-invented-by-the-japanese" 200 - - "DoCoMo/2.0 N905i(c100;TB;W24H16) (compatible; Googlebot-Mobile/2.1; +http://www.google.com/bot.html)"
184.73.239.99 - - [02/Mar/2011:05:20:46 +0900] "HEAD /what-if-lisp-was-invented-by-the-japanese" 200 - - "Mozilla/5.0 (compatible; woriobot support [at] worio [dot] com +http://worio.com)"
88.84.169.115 - - [02/Mar/2011:05:24:02 +0900] "GET /what-if-lisp-was-invented-by-the-japanese" 200 - - "Opera/9.80 (Windows NT 6.1; U; en) Presto/2.7.62 Version/11.01"
66.249.72.8 - - [02/Mar/2011:05:34:26 +0900] "GET /secret-alien-technology-ftw" 200 - - "Mozilla/5.0 (compatible; Googlebot/2.1; +http://www.google.com/bot.html)"
67.195.114.220 - - [02/Mar/2011:05:35:10 +0900] "GET /what-if-lisp-was-invented-by-the-japanese" 200 - - "Mozilla/5.0 (compatible; Yahoo! Slurp; http://help.yahoo.com/help/us/ysearch/slurp)"
184.73.239.99 - - [02/Mar/2011:05:40:48 +0900] "HEAD /what-if-lisp-was-invented-by-the-japanese" 200 - - "Mozilla/5.0 (compatible; woriobot support [at] worio [dot] com +http://worio.com)"
67.195.114.220 - - [02/Mar/2011:05:48:31 +0900] "GET /2011/03" 200 - - "Mozilla/5.0 (compatible; Yahoo! Slurp; http://help.yahoo.com/help/us/ysearch/slurp)"
67.195.114.220 - - [02/Mar/2011:05:50:16 +0900] "GET /2011/03/02" 200 - - "Mozilla/5.0 (compatible; Yahoo! Slurp; http://help.yahoo.com/help/us/ysearch/slurp)"
72.14.199.244 - - [02/Mar/2011:05:53:52 +0900] "GET /atom.xml" 304 - - "Feedfetcher-Google; (+http://www.google.com/feedfetcher.html; 3 subscribers; feed-id=5146562804069246624)"
66.249.72.8 - - [02/Mar/2011:05:57:58 +0900] "GET /what-if-lisp-was-invented-by-the-japanese" 200 - - "Mozilla/5.0 (compatible; Googlebot/2.1; +http://www.google.com/bot.html)"
184.73.239.99 - - [02/Mar/2011:06:00:39 +0900] "HEAD /what-if-lisp-was-invented-by-the-japanese" 200 - - "Mozilla/5.0 (compatible; woriobot support [at] worio [dot] com +http://worio.com)"
72.14.199.244 - - [02/Mar/2011:06:05:38 +0900] "GET /rss.xml" 304 - - "Feedfetcher-Google; (+http://www.google.com/feedfetcher.html; 4 subscribers; feed-id=1720132379870088030)"
203.104.98.218 - - [02/Mar/2011:06:13:15 +0900] "GET /rss.xml" 304 - - "livedoor FeedFetcher/0.01 (http://reader.livedoor.com/; 1 subscriber)"
66.249.72.8 - - [02/Mar/2011:06:17:08 +0900] "GET /what-if-lisp-was-invented-by-the-japanese" 200 - - "Mozilla/5.0 (compatible; Googlebot/2.1; +http://www.google.com/bot.html)"
184.73.239.99 - - [02/Mar/2011:06:22:35 +0900] "HEAD /what-if-lisp-was-invented-by-the-japanese" 200 - - "Mozilla/5.0 (compatible; woriobot support [at] worio [dot] com +http://worio.com)"
216.39.58.18 - - [02/Mar/2011:06:35:28 +0900] "GET /what-if-lisp-was-invented-by-the-japanese" 200 - - "Mozilla/5.0 (compatible; Yahoo Pipes 2.0; +http://developer.yahoo.com/yql/provider) Gecko/20090729 Firefox/3.5.2"
203.104.98.218 - - [02/Mar/2011:06:44:46 +0900] "GET /rss.xml" 304 - - "livedoor FeedFetcher/0.01 (http://reader.livedoor.com/; 1 subscriber)"
184.73.239.99 - - [02/Mar/2011:06:45:17 +0900] "HEAD /what-if-lisp-was-invented-by-the-japanese" 200 - - "Mozilla/5.0 (compatible; woriobot support [at] worio [dot] com +http://worio.com)"
216.39.58.18 - - [02/Mar/2011:06:50:32 +0900] "GET /what-if-lisp-was-invented-by-the-japanese" 200 - - "Mozilla/5.0 (compatible; Yahoo Pipes 2.0; +http://developer.yahoo.com/yql/provider) Gecko/20090729 Firefox/3.5.2"
72.14.199.244 - - [02/Mar/2011:06:56:12 +0900] "GET /atom.xml" 304 - - "Feedfetcher-Google; (+http://www.google.com/feedfetcher.html; 3 subscribers; feed-id=5146562804069246624)"
67.195.114.220 - - [02/Mar/2011:07:04:55 +0900] "GET /search.action" 200 - - "Mozilla/5.0 (compatible; Yahoo! Slurp; http://help.yahoo.com/help/us/ysearch/slurp)"
72.14.199.244 - - [02/Mar/2011:07:05:48 +0900] "GET /rss.xml" 304 - - "Feedfetcher-Google; (+http://www.google.com/feedfetcher.html; 4 subscribers; feed-id=1720132379870088030)"
184.73.239.99 - - [02/Mar/2011:07:06:10 +0900] "HEAD /what-if-lisp-was-invented-by-the-japanese" 200 - - "Mozilla/5.0 (compatible; woriobot support [at] worio [dot] com +http://worio.com)"
207.46.13.146 - - [02/Mar/2011:07:10:12 +0900] "GET /what-if-lisp-was-invented-by-the-japanese" 200 - - "Mozilla/5.0 (compatible; bingbot/2.0; +http://www.bing.com/bingbot.htm)"
66.249.72.8 - - [02/Mar/2011:07:22:38 +0900] "GET /generateTrackBackLink.action?entry=1296823440000" 200 - - "Mozilla/5.0 (compatible; Googlebot/2.1; +http://www.google.com/bot.html)"
184.73.239.99 - - [02/Mar/2011:07:24:47 +0900] "HEAD /what-if-lisp-was-invented-by-the-japanese" 200 - - "Mozilla/5.0 (compatible; woriobot support [at] worio [dot] com +http://worio.com)"
66.249.72.8 - - [02/Mar/2011:07:27:20 +0900] "GET /replyToBlogEntry.action?entry=1297401660000&comment=1297596963430" 200 - - "Mozilla/5.0 (compatible; Googlebot/2.1; +http://www.google.com/bot.html)"
72.14.199.244 - - [02/Mar/2011:07:41:21 +0900] "GET /rss.xml" 304 - - "Feedfetcher-Google; (+http://www.google.com/feedfetcher.html; 4 subscribers; feed-id=1720132379870088030)"
184.73.239.99 - - [02/Mar/2011:07:44:19 +0900] "HEAD /what-if-lisp-was-invented-by-the-japanese" 200 - - "Mozilla/5.0 (compatible; woriobot support [at] worio [dot] com +http://worio.com)"
72.14.199.244 - - [02/Mar/2011:07:47:42 +0900] "GET /atom.xml" 200 - - "Feedfetcher-Google; (+http://www.google.com/feedfetcher.html; 3 subscribers; feed-id=5146562804069246624)"
184.73.239.99 - - [02/Mar/2011:08:02:16 +0900] "HEAD /what-if-lisp-was-invented-by-the-japanese" 200 - - "Mozilla/5.0 (compatible; woriobot support [at] worio [dot] com +http://worio.com)"
66.249.72.8 - - [02/Mar/2011:08:07:05 +0900] "GET /tags/books/" 200 - - "Mozilla/5.0 (compatible; Googlebot/2.1; +http://www.google.com/bot.html)"
66.249.72.46 - - [02/Mar/2011:08:13:24 +0900] "GET /2011/02/22" 200 - - "Mozilla/5.0 (compatible; Googlebot/2.1; +http://www.google.com/bot.html)"
218.213.130.199 - - [02/Mar/2011:08:13:45 +0900] "GET /what-if-lisp-was-invented-by-the-japanese" 200 - - "ichiro/4.0 (http://help.goo.ne.jp/door/crawler.html)"
216.39.58.78 - - [02/Mar/2011:08:14:03 +0900] "GET /what-if-lisp-was-invented-by-the-japanese" 200 - - "Mozilla/5.0 (compatible; Yahoo Pipes 2.0; +http://developer.yahoo.com/yql/provider) Gecko/20090729 Firefox/3.5.2"
184.73.239.99 - - [02/Mar/2011:08:19:34 +0900] "HEAD /what-if-lisp-was-invented-by-the-japanese" 200 - - "Mozilla/5.0 (compatible; woriobot support [at] worio [dot] com +http://worio.com)"
66.249.72.8 - - [02/Mar/2011:08:23:32 +0900] "GET /2011/02/05" 200 - - "Mozilla/5.0 (compatible; Googlebot/2.1; +http://www.google.com/bot.html)"
66.249.72.46 - - [02/Mar/2011:08:33:45 +0900] "GET /2011/02/21" 200 - - "Mozilla/5.0 (compatible; Googlebot/2.1; +http://www.google.com/bot.html)"
184.73.239.99 - - [02/Mar/2011:08:38:22 +0900] "HEAD /what-if-lisp-was-invented-by-the-japanese" 200 - - "Mozilla/5.0 (compatible; woriobot support [at] worio [dot] com +http://worio.com)"
72.14.199.244 - - [02/Mar/2011:08:40:31 +0900] "GET /rss.xml" 304 - - "Feedfetcher-Google; (+http://www.google.com/feedfetcher.html; 4 subscribers; feed-id=1720132379870088030)"
72.14.199.244 - - [02/Mar/2011:08:49:12 +0900] "GET /atom.xml" 304 - - "Feedfetcher-Google; (+http://www.google.com/feedfetcher.html; 3 subscribers; feed-id=5146562804069246624)"
184.73.239.99 - - [02/Mar/2011:08:57:43 +0900] "HEAD /what-if-lisp-was-invented-by-the-japanese" 200 - - "Mozilla/5.0 (compatible; woriobot support [at] worio [dot] com +http://worio.com)"
118.97.187.10 - - [02/Mar/2011:09:11:57 +0900] "GET /what-if-lisp-was-invented-by-the-japanese" 200 - "http://www.google.co.id/url?sa=t&source=web&cd=8&ved=0CEsQFjAH&url=http%3A%2F%2Flispnyc.org%2Fblog%2Feuske%2Ftags%2Flisp&rct=j&q=%22i%20apple%20ate%22&ei=CZBtTd-JEM_trQfhtaH7Bg&usg=AFQjCNEcqQFcVYB0XPrsg0BS8Bu_Iczx0g&sig2=A_UXMlKoWmsleHKtnCvSNA" "Mozilla/5.0 (X11; U; Linux x86_64; en-US) AppleWebKit/534.16 (KHTML, like Gecko) Chrome/10.0.648.82 Safari/534.16"
66.249.72.8 - - [02/Mar/2011:09:14:18 +0900] "GET /2011/02/03" 200 - - "Mozilla/5.0 (compatible; Googlebot/2.1; +http://www.google.com/bot.html)"
184.73.239.99 - - [02/Mar/2011:09:16:21 +0900] "HEAD /what-if-lisp-was-invented-by-the-japanese" 200 - - "Mozilla/5.0 (compatible; woriobot support [at] worio [dot] com +http://worio.com)"
203.104.98.218 - - [02/Mar/2011:09:24:41 +0900] "GET /rss.xml" 304 - - "livedoor FeedFetcher/0.01 (http://reader.livedoor.com/; 1 subscriber)"
128.95.101.135 - - [02/Mar/2011:09:25:16 +0900] "GET /what-if-lisp-was-invented-by-the-japanese" 200 - "http://www.reddit.com/?count=25&after=t3_fl520" "Mozilla/5.0 (X11; U; Linux x86_64; en-US; rv:1.9.2.13) Gecko/20101209 Red Hat/3.6-2.el5 Firefox/3.6.13"
216.39.58.18 - - [02/Mar/2011:09:31:41 +0900] "GET /what-if-lisp-was-invented-by-the-japanese" 200 - - "Mozilla/5.0 (compatible; Yahoo Pipes 2.0; +http://developer.yahoo.com/yql/provider) Gecko/20090729 Firefox/3.5.2"
184.73.239.99 - - [02/Mar/2011:09:34:28 +0900] "HEAD /what-if-lisp-was-invented-by-the-japanese" 200 - - "Mozilla/5.0 (compatible; woriobot support [at] worio [dot] com +http://worio.com)"
216.39.58.18 - - [02/Mar/2011:09:38:03 +0900] "GET /what-if-lisp-was-invented-by-the-japanese" 200 - - "Mozilla/5.0 (compatible; Yahoo Pipes 2.0; +http://developer.yahoo.com/yql/provider) Gecko/20090729 Firefox/3.5.2"
72.14.199.244 - - [02/Mar/2011:09:40:21 +0900] "GET /rss.xml" 304 - - "Feedfetcher-Google; (+http://www.google.com/feedfetcher.html; 4 subscribers; feed-id=1720132379870088030)"
72.14.199.244 - - [02/Mar/2011:09:52:21 +0900] "GET /atom.xml" 200 - - "Feedfetcher-Google; (+http://www.google.com/feedfetcher.html; 3 subscribers; feed-id=5146562804069246624)"
184.73.239.99 - - [02/Mar/2011:09:53:13 +0900] "HEAD /what-if-lisp-was-invented-by-the-japanese" 200 - - "Mozilla/5.0 (compatible; woriobot support [at] worio [dot] com +http://worio.com)"
203.104.98.220 - - [02/Mar/2011:09:55:29 +0900] "GET /rss.xml" 304 - - "livedoor FeedFetcher/0.01 (http://reader.livedoor.com/; 1 subscriber)"
184.73.239.99 - - [02/Mar/2011:10:12:30 +0900] "HEAD /what-if-lisp-was-invented-by-the-japanese" 200 - - "Mozilla/5.0 (compatible; woriobot support [at] worio [dot] com +http://worio.com)"
66.249.72.46 - - [02/Mar/2011:10:15:15 +0900] "GET /" 200 - - "Mozilla/5.0 (compatible; Googlebot/2.1; +http://www.google.com/bot.html)"
184.73.239.99 - - [02/Mar/2011:10:32:02 +0900] "HEAD /what-if-lisp-was-invented-by-the-japanese" 200 - - "Mozilla/5.0 (compatible; woriobot support [at] worio [dot] com +http://worio.com)"
72.14.199.244 - - [02/Mar/2011:10:33:51 +0900] "GET /rss.xml" 304 - - "Feedfetcher-Google; (+http://www.google.com/feedfetcher.html; 4 subscribers; feed-id=1720132379870088030)"
72.53.195.199 - - [02/Mar/2011:10:41:41 +0900] "GET /rss.xml" 200 - - "Mozilla/5.0 (Windows; U; Windows NT 5.1; en-US; rv:1.9.0.5) Gecko/2008120122 Firefox/3.0.5\r\n"
184.73.239.99 - - [02/Mar/2011:10:51:40 +0900] "HEAD /what-if-lisp-was-invented-by-the-japanese" 200 - - "Mozilla/5.0 (compatible; woriobot support [at] worio [dot] com +http://worio.com)"
216.39.58.18 - - [02/Mar/2011:10:52:51 +0900] "GET /what-if-lisp-was-invented-by-the-japanese" 200 - - "Mozilla/5.0 (compatible; Yahoo Pipes 2.0; +http://developer.yahoo.com/yql/provider) Gecko/20090729 Firefox/3.5.2"
72.14.199.244 - - [02/Mar/2011:11:00:52 +0900] "GET /atom.xml" 304 - - "Feedfetcher-Google; (+http://www.google.com/feedfetcher.html; 3 subscribers; feed-id=5146562804069246624)"
184.73.239.99 - - [02/Mar/2011:11:08:35 +0900] "HEAD /what-if-lisp-was-invented-by-the-japanese" 200 - - "Mozilla/5.0 (compatible; woriobot support [at] worio [dot] com +http://worio.com)"
66.249.72.8 - - [02/Mar/2011:11:13:58 +0900] "GET /tags/books/" 200 - - "Mozilla/5.0 (compatible; Googlebot/2.1; +http://www.google.com/bot.html)"
75.21.71.59 - - [02/Mar/2011:11:18:26 +0900] "GET /what-if-lisp-was-invented-by-the-japanese" 200 - "http://www.reddit.com/" "Mozilla/5.0 (X11; U; Linux x86_64; en-US) AppleWebKit/534.16 (KHTML, like Gecko) Chrome/10.0.648.45 Safari/534.16"
184.73.239.99 - - [02/Mar/2011:11:25:43 +0900] "HEAD /what-if-lisp-was-invented-by-the-japanese" 200 - - "Mozilla/5.0 (compatible; woriobot support [at] worio [dot] com +http://worio.com)"
72.14.199.244 - - [02/Mar/2011:11:26:01 +0900] "GET /rss.xml" 304 - - "Feedfetcher-Google; (+http://www.google.com/feedfetcher.html; 4 subscribers; feed-id=1720132379870088030)"
62.3.223.41 - - [02/Mar/2011:11:37:00 +0900] "GET /what-if-lisp-was-invented-by-the-japanese" 200 - "http://news.ycombinator.com/item?id=2213012" "Mozilla/5.0 (X11; U; Linux x86_64; en-US; rv:1.9.2.13) Gecko/20101206 Ubuntu/9.10 (karmic) Firefox/3.6.13 GTB7.1"
118.243.141.241 - - [02/Mar/2011:11:38:59 +0900] "GET /atom.xml" 304 - - "samidare"
184.73.239.99 - - [02/Mar/2011:11:44:27 +0900] "HEAD /what-if-lisp-was-invented-by-the-japanese" 200 - - "Mozilla/5.0 (compatible; woriobot support [at] worio [dot] com +http://worio.com)"
66.249.72.8 - - [02/Mar/2011:12:01:32 +0900] "GET /2011/02/05" 200 - - "Mozilla/5.0 (compatible; Googlebot/2.1; +http://www.google.com/bot.html)"
184.73.239.99 - - [02/Mar/2011:12:03:39 +0900] "HEAD /what-if-lisp-was-invented-by-the-japanese" 200 - - "Mozilla/5.0 (compatible; woriobot support [at] worio [dot] com +http://worio.com)"
72.14.199.244 - - [02/Mar/2011:12:05:41 +0900] "GET /atom.xml" 304 - - "Feedfetcher-Google; (+http://www.google.com/feedfetcher.html; 3 subscribers; feed-id=5146562804069246624)"
72.14.199.244 - - [02/Mar/2011:12:07:12 +0900] "GET /rss.xml" 200 - - "Feedfetcher-Google; (+http://www.google.com/feedfetcher.html; 4 subscribers; feed-id=1720132379870088030)"
209.131.41.49 - - [02/Mar/2011:12:14:03 +0900] "GET /what-if-lisp-was-invented-by-the-japanese" 200 - - "Mozilla/5.0 (compatible; Yahoo Pipes 2.0; +http://developer.yahoo.com/yql/provider) Gecko/20090729 Firefox/3.5.2"
209.131.41.49 - - [02/Mar/2011:12:21:08 +0900] "GET /what-if-lisp-was-invented-by-the-japanese" 200 - - "Mozilla/5.0 (compatible; Yahoo Pipes 2.0; +http://developer.yahoo.com/yql/provider) Gecko/20090729 Firefox/3.5.2"
184.73.239.99 - - [02/Mar/2011:12:21:43 +0900] "HEAD /what-if-lisp-was-invented-by-the-japanese" 200 - - "Mozilla/5.0 (compatible; woriobot support [at] worio [dot] com +http://worio.com)"
203.104.98.218 - - [02/Mar/2011:12:36:38 +0900] "GET /rss.xml" 304 - - "livedoor FeedFetcher/0.01 (http://reader.livedoor.com/; 1 subscriber)"
184.73.239.99 - - [02/Mar/2011:12:38:49 +0900] "HEAD /what-if-lisp-was-invented-by-the-japanese" 200 - - "Mozilla/5.0 (compatible; woriobot support [at] worio [dot] com +http://worio.com)"
66.249.72.46 - - [02/Mar/2011:12:44:24 +0900] "GET /2011/02/21" 200 - - "Mozilla/5.0 (compatible; Googlebot/2.1; +http://www.google.com/bot.html)"
67.195.114.220 - - [02/Mar/2011:12:52:27 +0900] "GET /atom.xml" 200 - - "Mozilla/5.0 (compatible; Yahoo! Slurp; http://help.yahoo.com/help/us/ysearch/slurp)"
75.93.213.225 - - [02/Mar/2011:12:55:28 +0900] "GET /what-if-lisp-was-invented-by-the-japanese" 200 - "http://www.reddit.com/r/lisp" "Mozilla/5.0 (Macintosh; U; Intel Mac OS X 10_6_6; en-US) AppleWebKit/534.16 (KHTML, like Gecko) Chrome/10.0.648.114 Safari/534.16"
184.73.239.99 - - [02/Mar/2011:12:56:29 +0900] "HEAD /what-if-lisp-was-invented-by-the-japanese" 200 - - "Mozilla/5.0 (compatible; woriobot support [at] worio [dot] com +http://worio.com)"
75.93.213.225 - - [02/Mar/2011:13:01:00 +0900] "GET /what-if-lisp-was-invented-by-the-japanese" 200 - "http://www.reddit.com/r/lisp" "Mozilla/5.0 (Macintosh; U; Intel Mac OS X 10_6_6; en-US) AppleWebKit/534.16 (KHTML, like Gecko) Chrome/10.0.648.114 Safari/534.16"
75.93.213.225 - - [02/Mar/2011:13:01:32 +0900] "GET /secret-alien-technology-ftw" 200 - "http://lispnyc.org/blog/euske/what-if-lisp-was-invented-by-the-japanese" "Mozilla/5.0 (Macintosh; U; Intel Mac OS X 10_6_6; en-US) AppleWebKit/534.16 (KHTML, like Gecko) Chrome/10.0.648.114 Safari/534.16"
75.93.213.225 - - [02/Mar/2011:13:08:45 +0900] "GET /secret-alien-technology-ftw" 200 - "http://lispnyc.org/blog/euske/what-if-lisp-was-invented-by-the-japanese" "Mozilla/5.0 (Macintosh; U; Intel Mac OS X 10_6_6; en-US) AppleWebKit/534.16 (KHTML, like Gecko) Chrome/10.0.648.114 Safari/534.16"
203.104.98.218 - - [02/Mar/2011:13:08:49 +0900] "GET /rss.xml" 304 - - "livedoor FeedFetcher/0.01 (http://reader.livedoor.com/; 1 subscriber)"
75.93.213.225 - - [02/Mar/2011:13:09:14 +0900] "GET /secret-alien-technology-ftw" 200 - "http://lispnyc.org/blog/euske/what-if-lisp-was-invented-by-the-japanese" "Mozilla/5.0 (Macintosh; U; Intel Mac OS X 10_6_6; en-US) AppleWebKit/534.16 (KHTML, like Gecko) Chrome/10.0.648.114 Safari/534.16"
72.14.199.244 - - [02/Mar/2011:13:09:21 +0900] "GET /rss.xml" 304 - - "Feedfetcher-Google; (+http://www.google.com/feedfetcher.html; 4 subscribers; feed-id=1720132379870088030)"
75.93.213.225 - - [02/Mar/2011:13:09:25 +0900] "GET /" 200 - "http://lispnyc.org/blog/euske/secret-alien-technology-ftw" "Mozilla/5.0 (Macintosh; U; Intel Mac OS X 10_6_6; en-US) AppleWebKit/534.16 (KHTML, like Gecko) Chrome/10.0.648.114 Safari/534.16"
72.14.199.244 - - [02/Mar/2011:13:09:44 +0900] "GET /atom.xml" 304 - - "Feedfetcher-Google; (+http://www.google.com/feedfetcher.html; 3 subscribers; feed-id=5146562804069246624)"
184.73.239.99 - - [02/Mar/2011:13:14:53 +0900] "HEAD /what-if-lisp-was-invented-by-the-japanese" 200 - - "Mozilla/5.0 (compatible; woriobot support [at] worio [dot] com +http://worio.com)"
184.73.239.99 - - [02/Mar/2011:13:32:22 +0900] "HEAD /what-if-lisp-was-invented-by-the-japanese" 200 - - "Mozilla/5.0 (compatible; woriobot support [at] worio [dot] com +http://worio.com)"
216.39.58.17 - - [02/Mar/2011:13:42:31 +0900] "GET /what-if-lisp-was-invented-by-the-japanese" 200 - - "Mozilla/5.0 (compatible; Yahoo Pipes 2.0; +http://developer.yahoo.com/yql/provider) Gecko/20090729 Firefox/3.5.2"
184.73.239.99 - - [02/Mar/2011:13:51:53 +0900] "HEAD /what-if-lisp-was-invented-by-the-japanese" 200 - - "Mozilla/5.0 (compatible; woriobot support [at] worio [dot] com +http://worio.com)"
211.43.152.57 - - [02/Mar/2011:13:53:59 +0900] "GET /atom.xml" 200 - - "Mozilla/5.0 Firefox/3.0.5"
72.14.199.244 - - [02/Mar/2011:14:05:21 +0900] "GET /atom.xml" 304 - - "Feedfetcher-Google; (+http://www.google.com/feedfetcher.html; 3 subscribers; feed-id=5146562804069246624)"
184.73.239.99 - - [02/Mar/2011:14:08:52 +0900] "HEAD /what-if-lisp-was-invented-by-the-japanese" 200 - - "Mozilla/5.0 (compatible; woriobot support [at] worio [dot] com +http://worio.com)"
72.14.199.244 - - [02/Mar/2011:14:16:41 +0900] "GET /rss.xml" 304 - - "Feedfetcher-Google; (+http://www.google.com/feedfetcher.html; 4 subscribers; feed-id=1720132379870088030)"
184.73.239.99 - - [02/Mar/2011:14:24:08 +0900] "HEAD /what-if-lisp-was-invented-by-the-japanese" 200 - - "Mozilla/5.0 (compatible; woriobot support [at] worio [dot] com +http://worio.com)"
66.249.72.8 - - [02/Mar/2011:14:24:44 +0900] "GET /2011/02/08" 200 - - "Mozilla/5.0 (compatible; Googlebot/2.1; +http://www.google.com/bot.html)"
67.195.114.220 - - [02/Mar/2011:14:30:18 +0900] "GET /rss.xml" 200 - - "Mozilla/5.0 (compatible; Yahoo! Slurp; http://help.yahoo.com/help/us/ysearch/slurp)"
58.185.218.50 - - [02/Mar/2011:14:36:01 +0900] "GET /what-if-lisp-was-invented-by-the-japanese" 200 - "http://www.google.com/reader/view/" "Mozilla/5.0 (Macintosh; Intel Mac OS X 10_5_8) AppleWebKit/534.23 (KHTML, like Gecko) Chrome/11.0.686.1 Safari/534.23"
160.94.179.189 - - [02/Mar/2011:14:36:07 +0900] "GET /what-if-lisp-was-invented-by-the-japanese" 200 - - "Mozilla/5.0 (X11; U; Linux x86_64; en-US) AppleWebKit/534.13 (KHTML, like Gecko) Chrome/9.0.597.98 Safari/534.13"
66.249.72.46 - - [02/Mar/2011:14:39:09 +0900] "GET /rss.xml" 200 - - "Mozilla/5.0 (compatible; Googlebot/2.1; +http://www.google.com/bot.html)"
184.73.239.99 - - [02/Mar/2011:14:41:04 +0900] "HEAD /what-if-lisp-was-invented-by-the-japanese" 200 - - "Mozilla/5.0 (compatible; woriobot support [at] worio [dot] com +http://worio.com)"
184.73.239.99 - - [02/Mar/2011:14:58:50 +0900] "HEAD /what-if-lisp-was-invented-by-the-japanese" 200 - - "Mozilla/5.0 (compatible; woriobot support [at] worio [dot] com +http://worio.com)"
216.39.58.17 - - [02/Mar/2011:15:04:22 +0900] "GET /what-if-lisp-was-invented-by-the-japanese" 200 - - "Mozilla/5.0 (compatible; Yahoo Pipes 2.0; +http://developer.yahoo.com/yql/provider) Gecko/20090729 Firefox/3.5.2"
72.14.199.244 - - [02/Mar/2011:15:07:02 +0900] "GET /atom.xml" 304 - - "Feedfetcher-Google; (+http://www.google.com/feedfetcher.html; 3 subscribers; feed-id=5146562804069246624)"
72.14.199.244 - - [02/Mar/2011:15:11:51 +0900] "GET /rss.xml" 304 - - "Feedfetcher-Google; (+http://www.google.com/feedfetcher.html; 4 subscribers; feed-id=1720132379870088030)"
216.39.58.78 - - [02/Mar/2011:15:14:14 +0900] "GET /what-if-lisp-was-invented-by-the-japanese" 200 - - "Mozilla/5.0 (compatible; Yahoo Pipes 2.0; +http://developer.yahoo.com/yql/provider) Gecko/20090729 Firefox/3.5.2"
184.73.239.99 - - [02/Mar/2011:15:15:12 +0900] "HEAD /what-if-lisp-was-invented-by-the-japanese" 200 - - "Mozilla/5.0 (compatible; woriobot support [at] worio [dot] com +http://worio.com)"
72.14.199.244 - - [02/Mar/2011:15:20:11 +0900] "GET /atom.xml" 304 - - "Feedfetcher-Google; (+http://www.google.com/feedfetcher.html; 3 subscribers; feed-id=5146562804069246624)"
184.73.239.99 - - [02/Mar/2011:15:34:22 +0900] "HEAD /what-if-lisp-was-invented-by-the-japanese" 200 - - "Mozilla/5.0 (compatible; woriobot support [at] worio [dot] com +http://worio.com)"
203.104.98.220 - - [02/Mar/2011:15:46:38 +0900] "GET /rss.xml" 304 - - "livedoor FeedFetcher/0.01 (http://reader.livedoor.com/; 1 subscriber)"
184.73.239.99 - - [02/Mar/2011:15:54:07 +0900] "HEAD /what-if-lisp-was-invented-by-the-japanese" 200 - - "Mozilla/5.0 (compatible; woriobot support [at] worio [dot] com +http://worio.com)"
184.73.239.99 - - [02/Mar/2011:16:09:30 +0900] "HEAD /what-if-lisp-was-invented-by-the-japanese" 200 - - "Mozilla/5.0 (compatible; woriobot support [at] worio [dot] com +http://worio.com)"
216.39.58.78 - - [02/Mar/2011:16:13:53 +0900] "GET /what-if-lisp-was-invented-by-the-japanese" 200 - - "Mozilla/5.0 (compatible; Yahoo Pipes 2.0; +http://developer.yahoo.com/yql/provider) Gecko/20090729 Firefox/3.5.2"
203.104.98.218 - - [02/Mar/2011:16:18:23 +0900] "GET /rss.xml" 304 - - "livedoor FeedFetcher/0.01 (http://reader.livedoor.com/; 1 subscriber)"
67.195.114.220 - - [02/Mar/2011:16:19:40 +0900] "GET /secret-alien-technology-ftw" 200 - - "Mozilla/5.0 (compatible; Yahoo! Slurp; http://help.yahoo.com/help/us/ysearch/slurp)"
72.14.199.244 - - [02/Mar/2011:16:21:41 +0900] "GET /rss.xml" 304 - - "Feedfetcher-Google; (+http://www.google.com/feedfetcher.html; 4 subscribers; feed-id=1720132379870088030)"
72.14.199.244 - - [02/Mar/2011:16:22:31 +0900] "GET /atom.xml" 304 - - "Feedfetcher-Google; (+http://www.google.com/feedfetcher.html; 3 subscribers; feed-id=5146562804069246624)"
66.249.72.8 - - [02/Mar/2011:16:24:03 +0900] "GET /2011/02/07" 200 - - "Mozilla/5.0 (compatible; Googlebot/2.1; +http://www.google.com/bot.html)"
184.73.239.99 - - [02/Mar/2011:16:27:06 +0900] "HEAD /what-if-lisp-was-invented-by-the-japanese" 200 - - "Mozilla/5.0 (compatible; woriobot support [at] worio [dot] com +http://worio.com)"
184.73.239.99 - - [02/Mar/2011:16:48:28 +0900] "HEAD /what-if-lisp-was-invented-by-the-japanese" 200 - - "Mozilla/5.0 (compatible; woriobot support [at] worio [dot] com +http://worio.com)"
184.73.239.99 - - [02/Mar/2011:17:04:55 +0900] "HEAD /what-if-lisp-was-invented-by-the-japanese" 200 - - "Mozilla/5.0 (compatible; woriobot support [at] worio [dot] com +http://worio.com)"
216.39.58.78 - - [02/Mar/2011:17:10:46 +0900] "GET /what-if-lisp-was-invented-by-the-japanese" 200 - - "Mozilla/5.0 (compatible; Yahoo Pipes 2.0; +http://developer.yahoo.com/yql/provider) Gecko/20090729 Firefox/3.5.2"
174.51.168.184 - - [02/Mar/2011:17:12:30 +0900] "GET /what-if-lisp-was-invented-by-the-japanese" 200 - "http://www.reddit.com/r/lisp" "Mozilla/5.0 (Macintosh; U; Intel Mac OS X 10_6_6; en-US) AppleWebKit/534.13 (KHTML, like Gecko) Chrome/9.0.597.107 Safari/534.13"
209.131.41.48 - - [02/Mar/2011:17:15:59 +0900] "GET /what-if-lisp-was-invented-by-the-japanese" 200 - - "Mozilla/5.0 (compatible; Yahoo Pipes 2.0; +http://developer.yahoo.com/yql/provider) Gecko/20090729 Firefox/3.5.2"
72.14.199.244 - - [02/Mar/2011:17:18:11 +0900] "GET /atom.xml" 200 - - "Feedfetcher-Google; (+http://www.google.com/feedfetcher.html; 3 subscribers; feed-id=5146562804069246624)"
72.14.199.244 - - [02/Mar/2011:17:20:51 +0900] "GET /rss.xml" 304 - - "Feedfetcher-Google; (+http://www.google.com/feedfetcher.html; 4 subscribers; feed-id=1720132379870088030)"
184.73.239.99 - - [02/Mar/2011:17:23:53 +0900] "HEAD /what-if-lisp-was-invented-by-the-japanese" 200 - - "Mozilla/5.0 (compatible; woriobot support [at] worio [dot] com +http://worio.com)"
67.195.114.220 - - [02/Mar/2011:17:24:41 +0900] "GET /what-if-lisp-was-invented-by-the-japanese" 200 - - "Mozilla/5.0 (compatible; Yahoo! Slurp; http://help.yahoo.com/help/us/ysearch/slurp)"
87.91.112.181 - - [02/Mar/2011:17:35:41 +0900] "GET /secret-alien-technology-ftw" 200 - - "Mozilla/5.0 (compatible; Konqueror/4.6; Linux) KHTML/4.6.0 (like Gecko)"
174.121.186.98 - - [02/Mar/2011:17:37:04 +0900] "GET /what-if-lisp-was-invented-by-the-japanese" 200 - - "Mozilla/5.0 (Windows; U; Windows NT 5.2; en-US; rv:1.9.1.4) Gecko/20091007 Firefox/3.5.4"
174.121.186.98 - - [02/Mar/2011:17:37:04 +0900] "GET /what-if-lisp-was-invented-by-the-japanese" 200 - - "Mozilla/5.0 (Macintosh; U; Intel Mac OS X 10.5; en-US; rv:1.9.0.7) Gecko/2009021906 Firefox/3.0.7"
184.73.239.99 - - [02/Mar/2011:17:39:08 +0900] "HEAD /what-if-lisp-was-invented-by-the-japanese" 200 - - "Mozilla/5.0 (compatible; woriobot support [at] worio [dot] com +http://worio.com)"
77.75.73.123 - - [02/Mar/2011:17:46:18 +0900] "GET /what-if-lisp-was-invented-by-the-japanese" 200 - - "SeznamBot/2.0 (+http://fulltext.sblog.cz/robot/)"
184.73.239.99 - - [02/Mar/2011:17:56:25 +0900] "HEAD /what-if-lisp-was-invented-by-the-japanese" 200 - - "Mozilla/5.0 (compatible; woriobot support [at] worio [dot] com +http://worio.com)"
66.249.72.8 - - [02/Mar/2011:18:03:22 +0900] "GET /2011/02/06" 200 - - "Mozilla/5.0 (compatible; Googlebot/2.1; +http://www.google.com/bot.html)"
209.131.41.48 - - [02/Mar/2011:18:12:07 +0900] "GET /what-if-lisp-was-invented-by-the-japanese" 200 - - "Mozilla/5.0 (compatible; Yahoo Pipes 2.0; +http://developer.yahoo.com/yql/provider) Gecko/20090729 Firefox/3.5.2"
72.14.199.244 - - [02/Mar/2011:18:12:31 +0900] "GET /atom.xml" 304 - - "Feedfetcher-Google; (+http://www.google.com/feedfetcher.html; 3 subscribers; feed-id=5146562804069246624)"
184.73.239.99 - - [02/Mar/2011:18:13:39 +0900] "HEAD /what-if-lisp-was-invented-by-the-japanese" 200 - - "Mozilla/5.0 (compatible; woriobot support [at] worio [dot] com +http://worio.com)"
207.46.199.11 - - [02/Mar/2011:18:23:19 +0900] "GET /what-if-lisp-was-invented-by-the-japanese" 200 - - "Mozilla/4.0 (compatible; MSIE 6.0; Windows NT 5.1;  SV1;  .NET CLR 1.1.4325;  .NET CLR 2.0.50727;  .NET CLR 3.0.30729;  .NET CLR 3.5.30707;  MS-RTC LM 8)"
72.14.199.244 - - [02/Mar/2011:18:27:51 +0900] "GET /rss.xml" 304 - - "Feedfetcher-Google; (+http://www.google.com/feedfetcher.html; 4 subscribers; feed-id=1720132379870088030)"
184.73.239.99 - - [02/Mar/2011:18:29:28 +0900] "HEAD /what-if-lisp-was-invented-by-the-japanese" 200 - - "Mozilla/5.0 (compatible; woriobot support [at] worio [dot] com +http://worio.com)"
184.73.239.99 - - [02/Mar/2011:18:44:23 +0900] "HEAD /what-if-lisp-was-invented-by-the-japanese" 200 - - "Mozilla/5.0 (compatible; woriobot support [at] worio [dot] com +http://worio.com)"
203.104.98.218 - - [02/Mar/2011:18:55:25 +0900] "GET /rss.xml" 304 - - "livedoor FeedFetcher/0.01 (http://reader.livedoor.com/; 1 subscriber)"
184.73.239.99 - - [02/Mar/2011:19:00:11 +0900] "HEAD /what-if-lisp-was-invented-by-the-japanese" 200 - - "Mozilla/5.0 (compatible; woriobot support [at] worio [dot] com +http://worio.com)"
125.6.162.3 - - [02/Mar/2011:19:11:56 +0900] "GET /atom.xml" 304 - - "Fastladder FeedFetcher/0.01 (http://fastladder.com/; 1 subscriber)"
209.131.41.49 - - [02/Mar/2011:19:12:20 +0900] "GET /what-if-lisp-was-invented-by-the-japanese" 200 - - "Mozilla/5.0 (compatible; Yahoo Pipes 2.0; +http://developer.yahoo.com/yql/provider) Gecko/20090729 Firefox/3.5.2"
184.73.239.99 - - [02/Mar/2011:19:17:08 +0900] "HEAD /what-if-lisp-was-invented-by-the-japanese" 200 - - "Mozilla/5.0 (compatible; woriobot support [at] worio [dot] com +http://worio.com)"
216.39.58.18 - - [02/Mar/2011:19:17:20 +0900] "GET /what-if-lisp-was-invented-by-the-japanese" 200 - - "Mozilla/5.0 (compatible; Yahoo Pipes 2.0; +http://developer.yahoo.com/yql/provider) Gecko/20090729 Firefox/3.5.2"
66.249.72.8 - - [02/Mar/2011:19:18:49 +0900] "GET /2011/03" 200 - - "Mozilla/5.0 (compatible; Googlebot/2.1; +http://www.google.com/bot.html)"
72.14.199.244 - - [02/Mar/2011:19:19:41 +0900] "GET /atom.xml" 304 - - "Feedfetcher-Google; (+http://www.google.com/feedfetcher.html; 3 subscribers; feed-id=5146562804069246624)"
66.249.72.8 - - [02/Mar/2011:19:23:24 +0900] "GET /2011/03" 200 - - "Mozilla/5.0 (compatible; Googlebot/2.1; +http://www.google.com/bot.html)"
66.249.72.8 - - [02/Mar/2011:19:27:21 +0900] "GET /2011/03/01" 200 - - "Mozilla/5.0 (compatible; Googlebot/2.1; +http://www.google.com/bot.html)"
203.104.98.219 - - [02/Mar/2011:19:27:55 +0900] "GET /rss.xml" 304 - - "livedoor FeedFetcher/0.01 (http://reader.livedoor.com/; 1 subscriber)"
184.73.239.99 - - [02/Mar/2011:19:33:54 +0900] "HEAD /what-if-lisp-was-invented-by-the-japanese" 200 - - "Mozilla/5.0 (compatible; woriobot support [at] worio [dot] com +http://worio.com)"
72.14.199.244 - - [02/Mar/2011:19:37:31 +0900] "GET /rss.xml" 304 - - "Feedfetcher-Google; (+http://www.google.com/feedfetcher.html; 4 subscribers; feed-id=1720132379870088030)"
66.249.72.8 - - [02/Mar/2011:19:43:43 +0900] "GET /2011/03/01" 200 - - "Mozilla/5.0 (compatible; Googlebot/2.1; +http://www.google.com/bot.html)"
184.73.239.99 - - [02/Mar/2011:19:51:07 +0900] "HEAD /what-if-lisp-was-invented-by-the-japanese" 200 - - "Mozilla/5.0 (compatible; woriobot support [at] worio [dot] com +http://worio.com)"
184.73.239.99 - - [02/Mar/2011:20:07:26 +0900] "HEAD /what-if-lisp-was-invented-by-the-japanese" 200 - - "Mozilla/5.0 (compatible; woriobot support [at] worio [dot] com +http://worio.com)"
72.14.199.244 - - [02/Mar/2011:20:12:31 +0900] "GET /atom.xml" 304 - - "Feedfetcher-Google; (+http://www.google.com/feedfetcher.html; 3 subscribers; feed-id=5146562804069246624)"
216.39.58.18 - - [02/Mar/2011:20:16:21 +0900] "GET /what-if-lisp-was-invented-by-the-japanese" 200 - - "Mozilla/5.0 (compatible; Yahoo Pipes 2.0; +http://developer.yahoo.com/yql/provider) Gecko/20090729 Firefox/3.5.2"
184.73.239.99 - - [02/Mar/2011:20:23:59 +0900] "HEAD /what-if-lisp-was-invented-by-the-japanese" 200 - - "Mozilla/5.0 (compatible; woriobot support [at] worio [dot] com +http://worio.com)"
72.14.199.244 - - [02/Mar/2011:20:37:51 +0900] "GET /rss.xml" 304 - - "Feedfetcher-Google; (+http://www.google.com/feedfetcher.html; 4 subscribers; feed-id=1720132379870088030)"
184.73.239.99 - - [02/Mar/2011:20:40:29 +0900] "HEAD /what-if-lisp-was-invented-by-the-japanese" 200 - - "Mozilla/5.0 (compatible; woriobot support [at] worio [dot] com +http://worio.com)"
184.73.239.99 - - [02/Mar/2011:20:58:08 +0900] "HEAD /what-if-lisp-was-invented-by-the-japanese" 200 - - "Mozilla/5.0 (compatible; woriobot support [at] worio [dot] com +http://worio.com)"
72.14.199.244 - - [02/Mar/2011:21:05:11 +0900] "GET /atom.xml" 304 - - "Feedfetcher-Google; (+http://www.google.com/feedfetcher.html; 3 subscribers; feed-id=5146562804069246624)"
67.195.114.220 - - [02/Mar/2011:21:07:38 +0900] "GET /" 200 - - "Mozilla/5.0 (compatible; Yahoo! Slurp; http://help.yahoo.com/help/us/ysearch/slurp)"
184.73.239.99 - - [02/Mar/2011:21:14:56 +0900] "HEAD /what-if-lisp-was-invented-by-the-japanese" 200 - - "Mozilla/5.0 (compatible; woriobot support [at] worio [dot] com +http://worio.com)"
216.39.58.18 - - [02/Mar/2011:21:16:22 +0900] "GET /what-if-lisp-was-invented-by-the-japanese" 200 - - "Mozilla/5.0 (compatible; Yahoo Pipes 2.0; +http://developer.yahoo.com/yql/provider) Gecko/20090729 Firefox/3.5.2"
209.131.41.48 - - [02/Mar/2011:21:22:05 +0900] "GET /what-if-lisp-was-invented-by-the-japanese" 200 - - "Mozilla/5.0 (compatible; Yahoo Pipes 2.0; +http://developer.yahoo.com/yql/provider) Gecko/20090729 Firefox/3.5.2"
184.73.239.99 - - [02/Mar/2011:21:31:42 +0900] "HEAD /what-if-lisp-was-invented-by-the-japanese" 200 - - "Mozilla/5.0 (compatible; woriobot support [at] worio [dot] com +http://worio.com)"
94.23.238.27 - - [02/Mar/2011:21:34:51 +0900] "GET /what-if-lisp-was-invented-by-the-japanese" 200 - - "Mozilla/5.0 (compatible; MJ12bot/v1.3.3; http://www.majestic12.co.uk/bot.php?+)"
72.14.199.244 - - [02/Mar/2011:21:40:31 +0900] "GET /rss.xml" 304 - - "Feedfetcher-Google; (+http://www.google.com/feedfetcher.html; 4 subscribers; feed-id=1720132379870088030)"
67.195.114.220 - - [02/Mar/2011:21:44:31 +0900] "GET /replyToBlogEntry.action?entry=1297401660000&comment=1297710123628" 200 - - "Mozilla/5.0 (compatible; Yahoo! Slurp; http://help.yahoo.com/help/us/ysearch/slurp)"
184.73.239.99 - - [02/Mar/2011:21:48:55 +0900] "HEAD /what-if-lisp-was-invented-by-the-japanese" 200 - - "Mozilla/5.0 (compatible; woriobot support [at] worio [dot] com +http://worio.com)"
72.14.199.244 - - [02/Mar/2011:21:58:31 +0900] "GET /atom.xml" 304 - - "Feedfetcher-Google; (+http://www.google.com/feedfetcher.html; 3 subscribers; feed-id=5146562804069246624)"
203.104.98.220 - - [02/Mar/2011:22:02:13 +0900] "GET /rss.xml" 304 - - "livedoor FeedFetcher/0.01 (http://reader.livedoor.com/; 1 subscriber)"
184.73.239.99 - - [02/Mar/2011:22:06:26 +0900] "HEAD /what-if-lisp-was-invented-by-the-japanese" 200 - - "Mozilla/5.0 (compatible; woriobot support [at] worio [dot] com +http://worio.com)"
216.39.58.18 - - [02/Mar/2011:22:23:24 +0900] "GET /what-if-lisp-was-invented-by-the-japanese" 200 - - "Mozilla/5.0 (compatible; Yahoo Pipes 2.0; +http://developer.yahoo.com/yql/provider) Gecko/20090729 Firefox/3.5.2"
203.104.98.220 - - [02/Mar/2011:22:35:38 +0900] "GET /rss.xml" 304 - - "livedoor FeedFetcher/0.01 (http://reader.livedoor.com/; 1 subscriber)"
72.14.199.244 - - [02/Mar/2011:22:37:51 +0900] "GET /rss.xml" 304 - - "Feedfetcher-Google; (+http://www.google.com/feedfetcher.html; 4 subscribers; feed-id=1720132379870088030)"
67.195.114.220 - - [02/Mar/2011:22:48:58 +0900] "GET /2011/03" 200 - - "Mozilla/5.0 (compatible; Yahoo! Slurp; http://help.yahoo.com/help/us/ysearch/slurp)"
60.34.3.15 - - [02/Mar/2011:23:03:01 +0900] "GET /" 200 - - "Mozilla/5.0 (X11; U; Linux i686; en-US; rv:1.9.2.13) Gecko/20110207 Firefox/3.6.13"
60.34.3.15 - - [02/Mar/2011:23:03:21 +0900] "GET /" 200 - - "Mozilla/5.0 (X11; U; Linux i686; en-US; rv:1.9.2.13) Gecko/20110207 Firefox/3.6.13"
72.14.199.244 - - [02/Mar/2011:23:06:11 +0900] "GET /atom.xml" 304 - - "Feedfetcher-Google; (+http://www.google.com/feedfetcher.html; 3 subscribers; feed-id=5146562804069246624)"
72.14.199.244 - - [02/Mar/2011:23:29:51 +0900] "GET /rss.xml" 304 - - "Feedfetcher-Google; (+http://www.google.com/feedfetcher.html; 4 subscribers; feed-id=1720132379870088030)"
216.39.58.17 - - [02/Mar/2011:23:31:52 +0900] "GET /what-if-lisp-was-invented-by-the-japanese" 200 - - "Mozilla/5.0 (compatible; Yahoo Pipes 2.0; +http://developer.yahoo.com/yql/provider) Gecko/20090729 Firefox/3.5.2"
178.73.194.133 - - [02/Mar/2011:23:37:38 +0900] "GET /what-if-lisp-was-invented-by-the-japanese" 200 - "http://lispnyc.org/blog/euske/what-if-lisp-was-invented-by-the-japanese" "Mozilla/4.0 (compatible; MSIE 6.0; Windows NT 5.1; SV1)"
216.39.58.17 - - [02/Mar/2011:23:38:05 +0900] "GET /what-if-lisp-was-invented-by-the-japanese" 200 - - "Mozilla/5.0 (compatible; Yahoo Pipes 2.0; +http://developer.yahoo.com/yql/provider) Gecko/20090729 Firefox/3.5.2"
