82.247.243.54 - - [07/Mar/2011:00:00:17 +0900] "GET /authors/euske/" 200 - "http://www.google.com/search?hl=en&source=hp&biw=1343&bih=636&q=Yusuke+Shinyama&btnG=Google+Search" "Mozilla/5.0 (X11; U; Linux x86_64; en-US; rv:1.9.2.13) Gecko/20110103 Fedora/3.6.13-1.fc14 Firefox/3.6.13"
203.104.98.220 - - [07/Mar/2011:00:03:49 +0900] "GET /rss.xml" 304 - - "livedoor FeedFetcher/0.01 (http://reader.livedoor.com/; 1 subscriber)"
216.39.58.78 - - [07/Mar/2011:00:22:36 +0900] "GET /what-if-lisp-was-invented-by-the-japanese" 200 - - "Mozilla/5.0 (compatible; Yahoo Pipes 2.0; +http://developer.yahoo.com/yql/provider) Gecko/20090729 Firefox/3.5.2"
72.14.199.244 - - [07/Mar/2011:00:43:01 +0900] "GET /rss.xml" 304 - - "Feedfetcher-Google; (+http://www.google.com/feedfetcher.html; 4 subscribers; feed-id=1720132379870088030)"
174.120.186.2 - - [07/Mar/2011:00:52:29 +0900] "GET /what-if-lisp-was-invented-by-the-japanese" 200 - - "Mozilla/5.0 (Windows; U; Windows NT 5.2; en-US; rv:1.9.1.4) Gecko/20091007 Firefox/3.5.4"
174.120.186.2 - - [07/Mar/2011:00:52:29 +0900] "GET /what-if-lisp-was-invented-by-the-japanese" 200 - - "Mozilla/5.0 (Macintosh; U; Intel Mac OS X 10.5; en-US; rv:1.9.0.7) Gecko/2009021906 Firefox/3.0.7"
72.14.199.244 - - [07/Mar/2011:00:55:26 +0900] "GET /atom.xml" 304 - - "Feedfetcher-Google; (+http://www.google.com/feedfetcher.html; 3 subscribers; feed-id=5146562804069246624)"
216.39.58.78 - - [07/Mar/2011:01:35:00 +0900] "GET /what-if-lisp-was-invented-by-the-japanese" 200 - - "Mozilla/5.0 (compatible; Yahoo Pipes 2.0; +http://developer.yahoo.com/yql/provider) Gecko/20090729 Firefox/3.5.2"
216.39.58.17 - - [07/Mar/2011:01:41:04 +0900] "GET /what-if-lisp-was-invented-by-the-japanese" 200 - - "Mozilla/5.0 (compatible; Yahoo Pipes 2.0; +http://developer.yahoo.com/yql/provider) Gecko/20090729 Firefox/3.5.2"
72.14.199.244 - - [07/Mar/2011:01:46:11 +0900] "GET /rss.xml" 304 - - "Feedfetcher-Google; (+http://www.google.com/feedfetcher.html; 4 subscribers; feed-id=1720132379870088030)"
72.14.199.244 - - [07/Mar/2011:01:59:37 +0900] "GET /atom.xml" 304 - - "Feedfetcher-Google; (+http://www.google.com/feedfetcher.html; 3 subscribers; feed-id=5146562804069246624)"
72.14.199.244 - - [07/Mar/2011:02:42:30 +0900] "GET /rss.xml" 200 - - "Feedfetcher-Google; (+http://www.google.com/feedfetcher.html; 4 subscribers; feed-id=1720132379870088030)"
71.198.249.17 - - [07/Mar/2011:02:42:35 +0900] "GET /" 200 - "http://lispnyc.org/blog/rahul/" "Mozilla/5.0 (Windows; U; Windows NT 5.1; en-US; rv:1.9.2.15) Gecko/20110303 Firefox/3.6.3 NET_mmhpset ( .NET CLR 3.5.30729; .NET4.0C)"
216.39.58.18 - - [07/Mar/2011:02:52:18 +0900] "GET /what-if-lisp-was-invented-by-the-japanese" 200 - - "Mozilla/5.0 (compatible; Yahoo Pipes 2.0; +http://developer.yahoo.com/yql/provider) Gecko/20090729 Firefox/3.5.2"
203.104.98.220 - - [07/Mar/2011:02:56:58 +0900] "GET /rss.xml" 304 - - "livedoor FeedFetcher/0.01 (http://reader.livedoor.com/; 1 subscriber)"
72.14.199.244 - - [07/Mar/2011:03:00:55 +0900] "GET /atom.xml" 304 - - "Feedfetcher-Google; (+http://www.google.com/feedfetcher.html; 3 subscribers; feed-id=5146562804069246624)"
203.104.98.220 - - [07/Mar/2011:03:13:41 +0900] "GET /rss.xml" 304 - - "livedoor FeedFetcher/0.01 (http://reader.livedoor.com/; 1 subscriber)"
67.195.114.220 - - [07/Mar/2011:03:15:33 +0900] "GET /2011/02/28" 200 - - "Mozilla/5.0 (compatible; Yahoo! Slurp; http://help.yahoo.com/help/us/ysearch/slurp)"
66.249.72.8 - - [07/Mar/2011:03:26:59 +0900] "GET /replyToBlogEntry.action?entry=1299156002439" 404 - - "Mozilla/5.0 (compatible; Googlebot/2.1; +http://www.google.com/bot.html)"
66.249.72.8 - - [07/Mar/2011:03:26:59 +0900] "GET /replyToBlogEntry.action?entry=1299156002439" 404 - - "Mozilla/5.0 (compatible; Googlebot/2.1; +http://www.google.com/bot.html)"
72.14.199.244 - - [07/Mar/2011:03:38:31 +0900] "GET /rss.xml" 304 - - "Feedfetcher-Google; (+http://www.google.com/feedfetcher.html; 4 subscribers; feed-id=1720132379870088030)"
118.243.141.241 - - [07/Mar/2011:03:38:48 +0900] "GET /atom.xml" 304 - - "samidare"
66.249.72.8 - - [07/Mar/2011:03:42:41 +0900] "GET /secret-alien-technology-ftw" 200 - - "Mozilla/5.0 (compatible; Googlebot/2.1; +http://www.google.com/bot.html)"
72.14.199.244 - - [07/Mar/2011:03:58:05 +0900] "GET /atom.xml" 304 - - "Feedfetcher-Google; (+http://www.google.com/feedfetcher.html; 3 subscribers; feed-id=5146562804069246624)"
216.39.58.17 - - [07/Mar/2011:04:05:52 +0900] "GET /what-if-lisp-was-invented-by-the-japanese" 200 - - "Mozilla/5.0 (compatible; Yahoo Pipes 2.0; +http://developer.yahoo.com/yql/provider) Gecko/20090729 Firefox/3.5.2"
216.39.58.17 - - [07/Mar/2011:04:11:34 +0900] "GET /what-if-lisp-was-invented-by-the-japanese" 200 - - "Mozilla/5.0 (compatible; Yahoo Pipes 2.0; +http://developer.yahoo.com/yql/provider) Gecko/20090729 Firefox/3.5.2"
72.14.199.244 - - [07/Mar/2011:04:32:30 +0900] "GET /rss.xml" 304 - - "Feedfetcher-Google; (+http://www.google.com/feedfetcher.html; 4 subscribers; feed-id=1720132379870088030)"
72.14.199.244 - - [07/Mar/2011:04:51:35 +0900] "GET /atom.xml" 200 - - "Feedfetcher-Google; (+http://www.google.com/feedfetcher.html; 3 subscribers; feed-id=5146562804069246624)"
216.39.58.78 - - [07/Mar/2011:05:22:54 +0900] "GET /what-if-lisp-was-invented-by-the-japanese" 200 - - "Mozilla/5.0 (compatible; Yahoo Pipes 2.0; +http://developer.yahoo.com/yql/provider) Gecko/20090729 Firefox/3.5.2"
72.14.199.244 - - [07/Mar/2011:05:33:30 +0900] "GET /rss.xml" 304 - - "Feedfetcher-Google; (+http://www.google.com/feedfetcher.html; 4 subscribers; feed-id=1720132379870088030)"
66.249.72.8 - - [07/Mar/2011:05:41:00 +0900] "GET /2011/03/07" 200 - - "Mozilla/5.0 (compatible; Googlebot/2.1; +http://www.google.com/bot.html)"
72.14.199.244 - - [07/Mar/2011:05:52:56 +0900] "GET /atom.xml" 304 - - "Feedfetcher-Google; (+http://www.google.com/feedfetcher.html; 3 subscribers; feed-id=5146562804069246624)"
203.104.98.218 - - [07/Mar/2011:06:02:39 +0900] "GET /rss.xml" 304 - - "livedoor FeedFetcher/0.01 (http://reader.livedoor.com/; 1 subscriber)"
74.57.83.189 - - [07/Mar/2011:06:17:45 +0900] "GET /what-if-lisp-was-invented-by-the-japanese" 200 - - "Mozilla/5.0 (Windows; U; Windows NT 6.1; en-US) AppleWebKit/534.13 (KHTML, like Gecko) Chrome/9.0.597.107 Safari/534.13"
203.104.98.218 - - [07/Mar/2011:06:20:12 +0900] "GET /rss.xml" 304 - - "livedoor FeedFetcher/0.01 (http://reader.livedoor.com/; 1 subscriber)"
216.39.58.18 - - [07/Mar/2011:06:38:01 +0900] "GET /what-if-lisp-was-invented-by-the-japanese" 200 - - "Mozilla/5.0 (compatible; Yahoo Pipes 2.0; +http://developer.yahoo.com/yql/provider) Gecko/20090729 Firefox/3.5.2"
72.14.199.244 - - [07/Mar/2011:06:40:50 +0900] "GET /rss.xml" 304 - - "Feedfetcher-Google; (+http://www.google.com/feedfetcher.html; 4 subscribers; feed-id=1720132379870088030)"
216.39.58.78 - - [07/Mar/2011:06:43:44 +0900] "GET /what-if-lisp-was-invented-by-the-japanese" 200 - - "Mozilla/5.0 (compatible; Yahoo Pipes 2.0; +http://developer.yahoo.com/yql/provider) Gecko/20090729 Firefox/3.5.2"
72.14.199.244 - - [07/Mar/2011:06:59:45 +0900] "GET /atom.xml" 304 - - "Feedfetcher-Google; (+http://www.google.com/feedfetcher.html; 3 subscribers; feed-id=5146562804069246624)"
219.164.203.107 - - [07/Mar/2011:07:18:24 +0900] "GET /" 200 - - "Mozilla/5.0 (X11; U; Linux i686; en-US; rv:1.9.2.15) Gecko/20110304 Firefox/3.6.15"
72.14.199.244 - - [07/Mar/2011:07:39:40 +0900] "GET /rss.xml" 304 - - "Feedfetcher-Google; (+http://www.google.com/feedfetcher.html; 4 subscribers; feed-id=1720132379870088030)"
109.230.246.44 - - [07/Mar/2011:07:40:29 +0900] "GET /what-if-lisp-was-invented-by-the-japanese" 200 - "http://lispnyc.org/blog/euske/what-if-lisp-was-invented-by-the-japanese" "Mozilla/4.0 (compatible; MSIE 6.0; Windows NT 5.1; SV1; FunWebProducts)"
109.230.246.44 - - [07/Mar/2011:07:40:35 +0900] "POST /saveComment.action" 200 - "http://lispnyc.org/blog/euske/what-if-lisp-was-invented-by-the-japanese" "Mozilla/4.0 (compatible; MSIE 6.0; Windows NT 5.1; SV1; FunWebProducts)"
109.230.246.44 - - [07/Mar/2011:07:40:37 +0900] "GET /what-if-lisp-was-invented-by-the-japanese" 200 - "http://lispnyc.org/blog/euske/what-if-lisp-was-invented-by-the-japanese" "Mozilla/4.0 (compatible; MSIE 6.0; Windows NT 5.1; SV1; FunWebProducts)"
216.39.58.78 - - [07/Mar/2011:07:54:14 +0900] "GET /what-if-lisp-was-invented-by-the-japanese" 200 - - "Mozilla/5.0 (compatible; Yahoo Pipes 2.0; +http://developer.yahoo.com/yql/provider) Gecko/20090729 Firefox/3.5.2"
72.14.199.244 - - [07/Mar/2011:08:06:35 +0900] "GET /atom.xml" 304 - - "Feedfetcher-Google; (+http://www.google.com/feedfetcher.html; 3 subscribers; feed-id=5146562804069246624)"
72.14.199.244 - - [07/Mar/2011:08:38:50 +0900] "GET /rss.xml" 304 - - "Feedfetcher-Google; (+http://www.google.com/feedfetcher.html; 4 subscribers; feed-id=1720132379870088030)"
66.249.72.8 - - [07/Mar/2011:08:47:56 +0900] "GET /2011/02/26" 200 - - "Mozilla/5.0 (compatible; Googlebot/2.1; +http://www.google.com/bot.html)"
216.39.58.18 - - [07/Mar/2011:09:05:44 +0900] "GET /what-if-lisp-was-invented-by-the-japanese" 200 - - "Mozilla/5.0 (compatible; Yahoo Pipes 2.0; +http://developer.yahoo.com/yql/provider) Gecko/20090729 Firefox/3.5.2"
203.104.98.220 - - [07/Mar/2011:09:09:55 +0900] "GET /rss.xml" 304 - - "livedoor FeedFetcher/0.01 (http://reader.livedoor.com/; 1 subscriber)"
67.195.114.220 - - [07/Mar/2011:09:10:18 +0900] "GET /2011/02/27" 200 - - "Mozilla/5.0 (compatible; Yahoo! Slurp; http://help.yahoo.com/help/us/ysearch/slurp)"
209.131.41.49 - - [07/Mar/2011:09:11:09 +0900] "GET /what-if-lisp-was-invented-by-the-japanese" 200 - - "Mozilla/5.0 (compatible; Yahoo Pipes 2.0; +http://developer.yahoo.com/yql/provider) Gecko/20090729 Firefox/3.5.2"
72.14.199.244 - - [07/Mar/2011:09:13:55 +0900] "GET /atom.xml" 304 - - "Feedfetcher-Google; (+http://www.google.com/feedfetcher.html; 3 subscribers; feed-id=5146562804069246624)"
203.104.98.220 - - [07/Mar/2011:09:27:10 +0900] "GET /rss.xml" 304 - - "livedoor FeedFetcher/0.01 (http://reader.livedoor.com/; 1 subscriber)"
72.14.199.244 - - [07/Mar/2011:09:30:47 +0900] "GET /rss.xml" 304 - - "Feedfetcher-Google; (+http://www.google.com/feedfetcher.html; 4 subscribers; feed-id=1720132379870088030)"
72.14.199.244 - - [07/Mar/2011:09:35:20 +0900] "GET /atom.xml" 304 - - "Feedfetcher-Google; (+http://www.google.com/feedfetcher.html; 3 subscribers; feed-id=5146562804069246624)"
72.53.195.199 - - [07/Mar/2011:09:43:42 +0900] "GET /rss.xml" 200 - - "Mozilla/5.0 (Windows; U; Windows NT 5.1; en-US; rv:1.9.0.5) Gecko/2008120122 Firefox/3.0.5\r\n"
66.249.72.8 - - [07/Mar/2011:10:05:31 +0900] "GET /responses/rss.xml?entry=1299156002439" 200 - - "Mozilla/5.0 (compatible; Googlebot/2.1; +http://www.google.com/bot.html)"
66.249.72.8 - - [07/Mar/2011:10:08:20 +0900] "GET /2011/03/03" 200 - - "Mozilla/5.0 (compatible; Googlebot/2.1; +http://www.google.com/bot.html)"
216.39.58.18 - - [07/Mar/2011:10:21:01 +0900] "GET /what-if-lisp-was-invented-by-the-japanese" 200 - - "Mozilla/5.0 (compatible; Yahoo Pipes 2.0; +http://developer.yahoo.com/yql/provider) Gecko/20090729 Firefox/3.5.2"
72.14.199.244 - - [07/Mar/2011:10:23:35 +0900] "GET /rss.xml" 304 - - "Feedfetcher-Google; (+http://www.google.com/feedfetcher.html; 4 subscribers; feed-id=1720132379870088030)"
72.14.199.244 - - [07/Mar/2011:10:33:40 +0900] "GET /atom.xml" 304 - - "Feedfetcher-Google; (+http://www.google.com/feedfetcher.html; 3 subscribers; feed-id=5146562804069246624)"
82.131.24.184 - - [07/Mar/2011:10:38:15 +0900] "GET /what-if-lisp-was-invented-by-the-japanese" 200 - - "Java/1.6.0_20"
72.14.199.244 - - [07/Mar/2011:11:18:56 +0900] "GET /rss.xml" 304 - - "Feedfetcher-Google; (+http://www.google.com/feedfetcher.html; 4 subscribers; feed-id=1720132379870088030)"
216.39.58.17 - - [07/Mar/2011:11:36:29 +0900] "GET /what-if-lisp-was-invented-by-the-japanese" 200 - - "Mozilla/5.0 (compatible; Yahoo Pipes 2.0; +http://developer.yahoo.com/yql/provider) Gecko/20090729 Firefox/3.5.2"
72.14.199.244 - - [07/Mar/2011:11:38:49 +0900] "GET /atom.xml" 304 - - "Feedfetcher-Google; (+http://www.google.com/feedfetcher.html; 3 subscribers; feed-id=5146562804069246624)"
118.243.141.241 - - [07/Mar/2011:11:38:53 +0900] "GET /atom.xml" 304 - - "samidare"
209.131.41.49 - - [07/Mar/2011:11:42:25 +0900] "GET /what-if-lisp-was-invented-by-the-japanese" 200 - - "Mozilla/5.0 (compatible; Yahoo Pipes 2.0; +http://developer.yahoo.com/yql/provider) Gecko/20090729 Firefox/3.5.2"
207.46.204.237 - - [07/Mar/2011:11:46:39 +0900] "GET /what-if-lisp-was-invented-by-the-japanese" 200 - - "Mozilla/5.0 (compatible; bingbot/2.0; +http://www.bing.com/bingbot.htm)"
67.195.114.220 - - [07/Mar/2011:11:47:46 +0900] "GET /replyToBlogEntry.action?entry=1297401660000&comment=1297625755177" 200 - - "Mozilla/5.0 (compatible; Yahoo! Slurp; http://help.yahoo.com/help/us/ysearch/slurp)"
66.249.72.8 - - [07/Mar/2011:11:53:11 +0900] "GET /2011/03" 200 - - "Mozilla/5.0 (compatible; Googlebot/2.1; +http://www.google.com/bot.html)"
72.14.199.244 - - [07/Mar/2011:12:17:17 +0900] "GET /rss.xml" 304 - - "Feedfetcher-Google; (+http://www.google.com/feedfetcher.html; 4 subscribers; feed-id=1720132379870088030)"
67.195.114.220 - - [07/Mar/2011:12:17:53 +0900] "GET /generateTrackBackLink.action?entry=1297401660000" 200 - - "Mozilla/5.0 (compatible; Yahoo! Slurp; http://help.yahoo.com/help/us/ysearch/slurp)"
203.104.98.218 - - [07/Mar/2011:12:23:21 +0900] "GET /rss.xml" 304 - - "livedoor FeedFetcher/0.01 (http://reader.livedoor.com/; 1 subscriber)"
72.14.199.244 - - [07/Mar/2011:12:36:00 +0900] "GET /atom.xml" 200 - - "Feedfetcher-Google; (+http://www.google.com/feedfetcher.html; 3 subscribers; feed-id=5146562804069246624)"
203.104.98.220 - - [07/Mar/2011:12:39:56 +0900] "GET /rss.xml" 304 - - "livedoor FeedFetcher/0.01 (http://reader.livedoor.com/; 1 subscriber)"
216.39.58.18 - - [07/Mar/2011:12:56:26 +0900] "GET /what-if-lisp-was-invented-by-the-japanese" 200 - - "Mozilla/5.0 (compatible; Yahoo Pipes 2.0; +http://developer.yahoo.com/yql/provider) Gecko/20090729 Firefox/3.5.2"
72.14.199.244 - - [07/Mar/2011:13:18:55 +0900] "GET /rss.xml" 304 - - "Feedfetcher-Google; (+http://www.google.com/feedfetcher.html; 4 subscribers; feed-id=1720132379870088030)"
72.14.199.244 - - [07/Mar/2011:13:42:09 +0900] "GET /atom.xml" 304 - - "Feedfetcher-Google; (+http://www.google.com/feedfetcher.html; 3 subscribers; feed-id=5146562804069246624)"
72.14.199.244 - - [07/Mar/2011:14:10:46 +0900] "GET /rss.xml" 304 - - "Feedfetcher-Google; (+http://www.google.com/feedfetcher.html; 4 subscribers; feed-id=1720132379870088030)"
216.39.58.78 - - [07/Mar/2011:14:15:21 +0900] "GET /what-if-lisp-was-invented-by-the-japanese" 200 - - "Mozilla/5.0 (compatible; Yahoo Pipes 2.0; +http://developer.yahoo.com/yql/provider) Gecko/20090729 Firefox/3.5.2"
216.39.58.17 - - [07/Mar/2011:14:22:09 +0900] "GET /what-if-lisp-was-invented-by-the-japanese" 200 - - "Mozilla/5.0 (compatible; Yahoo Pipes 2.0; +http://developer.yahoo.com/yql/provider) Gecko/20090729 Firefox/3.5.2"
66.249.72.8 - - [07/Mar/2011:14:37:51 +0900] "GET /replyToBlogEntry.action?entry=1297401660000&comment=1297596963430" 200 - - "Mozilla/5.0 (compatible; Googlebot/2.1; +http://www.google.com/bot.html)"
72.14.199.244 - - [07/Mar/2011:14:47:29 +0900] "GET /atom.xml" 304 - - "Feedfetcher-Google; (+http://www.google.com/feedfetcher.html; 3 subscribers; feed-id=5146562804069246624)"
66.249.72.8 - - [07/Mar/2011:14:53:48 +0900] "GET /2011/03" 200 - - "Mozilla/5.0 (compatible; Googlebot/2.1; +http://www.google.com/bot.html)"
208.115.111.75 - - [07/Mar/2011:15:00:33 +0900] "GET /atom.xml" 200 - - "Mozilla/5.0 (compatible; Ezooms/1.0; ezooms.bot@gmail.com)"
91.85.168.195 - - [07/Mar/2011:15:01:38 +0900] "GET /what-if-lisp-was-invented-by-the-japanese" 200 - "http://lispnyc.org/blog/" "Mozilla/5.0 (Macintosh; U; Intel Mac OS X 10.4; en-US; rv:1.9.2.15) Gecko/20110303 Firefox/3.6.15"
211.43.152.49 - - [07/Mar/2011:15:14:58 +0900] "GET /atom.xml" 200 - - "Mozilla/5.0 Firefox/3.0.5"
72.14.199.244 - - [07/Mar/2011:15:18:30 +0900] "GET /rss.xml" 304 - - "Feedfetcher-Google; (+http://www.google.com/feedfetcher.html; 4 subscribers; feed-id=1720132379870088030)"
91.85.168.195 - - [07/Mar/2011:15:19:02 +0900] "GET /what-if-lisp-was-invented-by-the-japanese" 200 - "http://lispnyc.org/blog/" "Mozilla/5.0 (Macintosh; U; Intel Mac OS X 10.4; en-US; rv:1.9.2.15) Gecko/20110303 Firefox/3.6.15"
91.85.168.195 - - [07/Mar/2011:15:19:08 +0900] "GET /secret-alien-technology-ftw" 200 - "http://lispnyc.org/blog/euske/what-if-lisp-was-invented-by-the-japanese" "Mozilla/5.0 (Macintosh; U; Intel Mac OS X 10.4; en-US; rv:1.9.2.15) Gecko/20110303 Firefox/3.6.15"
67.195.114.220 - - [07/Mar/2011:15:29:04 +0900] "GET /2011/02/05" 200 - - "Mozilla/5.0 (compatible; Yahoo! Slurp; http://help.yahoo.com/help/us/ysearch/slurp)"
203.104.98.218 - - [07/Mar/2011:15:31:10 +0900] "GET /rss.xml" 304 - - "livedoor FeedFetcher/0.01 (http://reader.livedoor.com/; 1 subscriber)"
216.39.58.17 - - [07/Mar/2011:15:37:15 +0900] "GET /what-if-lisp-was-invented-by-the-japanese" 200 - - "Mozilla/5.0 (compatible; Yahoo Pipes 2.0; +http://developer.yahoo.com/yql/provider) Gecko/20090729 Firefox/3.5.2"
134.158.120.90 - - [07/Mar/2011:15:46:16 +0900] "GET /rss.xml" 200 - - "Mozilla/5.0 (X11; U; Linux i686; fr; rv:1.9.2.14) Gecko/20110302 Red Hat/3.6-4.el4 Firefox/3.6.14"
203.104.98.218 - - [07/Mar/2011:15:48:12 +0900] "GET /rss.xml" 304 - - "livedoor FeedFetcher/0.01 (http://reader.livedoor.com/; 1 subscriber)"
72.14.199.244 - - [07/Mar/2011:15:51:39 +0900] "GET /atom.xml" 200 - - "Feedfetcher-Google; (+http://www.google.com/feedfetcher.html; 3 subscribers; feed-id=5146562804069246624)"
66.249.72.8 - - [07/Mar/2011:15:52:45 +0900] "GET /replyToBlogEntry.action?entry=1297401660000&comment=1297618195677" 200 - - "Mozilla/5.0 (compatible; Googlebot/2.1; +http://www.google.com/bot.html)"
72.14.199.244 - - [07/Mar/2011:16:16:25 +0900] "GET /rss.xml" 304 - - "Feedfetcher-Google; (+http://www.google.com/feedfetcher.html; 4 subscribers; feed-id=1720132379870088030)"
209.131.41.48 - - [07/Mar/2011:16:43:14 +0900] "GET /what-if-lisp-was-invented-by-the-japanese" 200 - - "Mozilla/5.0 (compatible; Yahoo Pipes 2.0; +http://developer.yahoo.com/yql/provider) Gecko/20090729 Firefox/3.5.2"
125.6.162.3 - - [07/Mar/2011:16:44:35 +0900] "GET /atom.xml" 304 - - "Fastladder FeedFetcher/0.01 (http://fastladder.com/; 1 subscriber)"
72.14.199.244 - - [07/Mar/2011:16:44:39 +0900] "GET /atom.xml" 304 - - "Feedfetcher-Google; (+http://www.google.com/feedfetcher.html; 3 subscribers; feed-id=5146562804069246624)"
134.158.120.90 - - [07/Mar/2011:16:48:39 +0900] "GET /rss.xml" 304 - - "Mozilla/5.0 (X11; U; Linux i686; fr; rv:1.9.2.14) Gecko/20110302 Red Hat/3.6-4.el4 Firefox/3.6.14"
216.39.58.78 - - [07/Mar/2011:16:49:16 +0900] "GET /what-if-lisp-was-invented-by-the-japanese" 200 - - "Mozilla/5.0 (compatible; Yahoo Pipes 2.0; +http://developer.yahoo.com/yql/provider) Gecko/20090729 Firefox/3.5.2"
72.14.199.244 - - [07/Mar/2011:17:08:34 +0900] "GET /rss.xml" 304 - - "Feedfetcher-Google; (+http://www.google.com/feedfetcher.html; 4 subscribers; feed-id=1720132379870088030)"
134.158.120.90 - - [07/Mar/2011:17:50:59 +0900] "GET /rss.xml" 304 - - "Mozilla/5.0 (X11; U; Linux i686; fr; rv:1.9.2.14) Gecko/20110302 Red Hat/3.6-4.el4 Firefox/3.6.14"
72.14.199.244 - - [07/Mar/2011:17:51:59 +0900] "GET /atom.xml" 304 - - "Feedfetcher-Google; (+http://www.google.com/feedfetcher.html; 3 subscribers; feed-id=5146562804069246624)"
209.131.41.49 - - [07/Mar/2011:17:52:11 +0900] "GET /what-if-lisp-was-invented-by-the-japanese" 200 - - "Mozilla/5.0 (compatible; Yahoo Pipes 2.0; +http://developer.yahoo.com/yql/provider) Gecko/20090729 Firefox/3.5.2"
87.91.112.181 - - [07/Mar/2011:18:05:48 +0900] "GET /secret-alien-technology-ftw" 200 - - "Mozilla/5.0 (compatible; Konqueror/4.6; Linux) KHTML/4.6.1 (like Gecko)"
72.14.199.244 - - [07/Mar/2011:18:15:55 +0900] "GET /rss.xml" 200 - - "Feedfetcher-Google; (+http://www.google.com/feedfetcher.html; 4 subscribers; feed-id=1720132379870088030)"
203.104.98.218 - - [07/Mar/2011:18:39:37 +0900] "GET /rss.xml" 304 - - "livedoor FeedFetcher/0.01 (http://reader.livedoor.com/; 1 subscriber)"
72.14.199.244 - - [07/Mar/2011:18:50:59 +0900] "GET /atom.xml" 304 - - "Feedfetcher-Google; (+http://www.google.com/feedfetcher.html; 3 subscribers; feed-id=5146562804069246624)"
66.249.72.8 - - [07/Mar/2011:18:52:29 +0900] "GET /replyToBlogEntry.action?entry=1296823440000&comment=1296824392351" 200 - - "Mozilla/5.0 (compatible; Googlebot/2.1; +http://www.google.com/bot.html)"
134.158.120.90 - - [07/Mar/2011:18:53:25 +0900] "GET /rss.xml" 304 - - "Mozilla/5.0 (X11; U; Linux i686; fr; rv:1.9.2.14) Gecko/20110302 Red Hat/3.6-4.el4 Firefox/3.6.14"
216.39.58.78 - - [07/Mar/2011:18:57:00 +0900] "GET /what-if-lisp-was-invented-by-the-japanese" 200 - - "Mozilla/5.0 (compatible; Yahoo Pipes 2.0; +http://developer.yahoo.com/yql/provider) Gecko/20090729 Firefox/3.5.2"
203.104.98.220 - - [07/Mar/2011:18:58:38 +0900] "GET /rss.xml" 304 - - "livedoor FeedFetcher/0.01 (http://reader.livedoor.com/; 1 subscriber)"
216.39.58.78 - - [07/Mar/2011:19:02:31 +0900] "GET /what-if-lisp-was-invented-by-the-japanese" 200 - - "Mozilla/5.0 (compatible; Yahoo Pipes 2.0; +http://developer.yahoo.com/yql/provider) Gecko/20090729 Firefox/3.5.2"
66.249.72.8 - - [07/Mar/2011:19:07:29 +0900] "GET /replyToBlogEntry.action?entry=1297401660000&comment=1297625755177" 200 - - "Mozilla/5.0 (compatible; Googlebot/2.1; +http://www.google.com/bot.html)"
72.14.199.244 - - [07/Mar/2011:19:16:34 +0900] "GET /rss.xml" 304 - - "Feedfetcher-Google; (+http://www.google.com/feedfetcher.html; 4 subscribers; feed-id=1720132379870088030)"
67.195.114.220 - - [07/Mar/2011:19:20:14 +0900] "GET /replyToBlogEntry.action?entry=1297401660000&comment=1297613830060" 200 - - "Mozilla/5.0 (compatible; Yahoo! Slurp; http://help.yahoo.com/help/us/ysearch/slurp)"
66.249.72.8 - - [07/Mar/2011:19:22:29 +0900] "GET /replyToBlogEntry.action?entry=1297401660000&comment=1297613830060" 200 - - "Mozilla/5.0 (compatible; Googlebot/2.1; +http://www.google.com/bot.html)"
66.249.72.8 - - [07/Mar/2011:19:37:22 +0900] "GET /2011/02/11" 200 - - "Mozilla/5.0 (compatible; Googlebot/2.1; +http://www.google.com/bot.html)"
72.14.199.244 - - [07/Mar/2011:19:49:39 +0900] "GET /atom.xml" 304 - - "Feedfetcher-Google; (+http://www.google.com/feedfetcher.html; 3 subscribers; feed-id=5146562804069246624)"
134.158.120.90 - - [07/Mar/2011:19:55:53 +0900] "GET /rss.xml" 304 - - "Mozilla/5.0 (X11; U; Linux i686; fr; rv:1.9.2.14) Gecko/20110302 Red Hat/3.6-4.el4 Firefox/3.6.14"
216.39.58.78 - - [07/Mar/2011:20:06:15 +0900] "GET /what-if-lisp-was-invented-by-the-japanese" 200 - - "Mozilla/5.0 (compatible; Yahoo Pipes 2.0; +http://developer.yahoo.com/yql/provider) Gecko/20090729 Firefox/3.5.2"
67.195.114.220 - - [07/Mar/2011:20:37:25 +0900] "GET /replyToBlogEntry.action?entry=1297401660000&comment=1297618195677" 200 - - "Mozilla/5.0 (compatible; Yahoo! Slurp; http://help.yahoo.com/help/us/ysearch/slurp)"
72.14.199.244 - - [07/Mar/2011:20:55:50 +0900] "GET /rss.xml" 304 - - "Feedfetcher-Google; (+http://www.google.com/feedfetcher.html; 4 subscribers; feed-id=1720132379870088030)"
134.158.120.90 - - [07/Mar/2011:20:58:31 +0900] "GET /rss.xml" 304 - - "Mozilla/5.0 (X11; U; Linux i686; fr; rv:1.9.2.14) Gecko/20110302 Red Hat/3.6-4.el4 Firefox/3.6.14"
72.14.199.244 - - [07/Mar/2011:21:03:45 +0900] "GET /atom.xml" 200 - - "Feedfetcher-Google; (+http://www.google.com/feedfetcher.html; 3 subscribers; feed-id=5146562804069246624)"
216.39.58.78 - - [07/Mar/2011:21:13:22 +0900] "GET /what-if-lisp-was-invented-by-the-japanese" 200 - - "Mozilla/5.0 (compatible; Yahoo Pipes 2.0; +http://developer.yahoo.com/yql/provider) Gecko/20090729 Firefox/3.5.2"
195.162.69.202 - - [07/Mar/2011:21:18:02 +0900] "GET /secret-alien-technology-ftw" 200 - "http://lispnyc.org/blog/euske/secret-alien-technology-ftw" "Mozilla/4.0 (compatible; MSIE 6.0; Windows NT 5.1; SV1; FunWebProducts; .NET CLR 1.1.4322; PeoplePal 6.2)"
216.39.58.18 - - [07/Mar/2011:21:19:03 +0900] "GET /what-if-lisp-was-invented-by-the-japanese" 200 - - "Mozilla/5.0 (compatible; Yahoo Pipes 2.0; +http://developer.yahoo.com/yql/provider) Gecko/20090729 Firefox/3.5.2"
66.249.72.8 - - [07/Mar/2011:21:43:08 +0900] "GET /2011/03/01" 200 - - "Mozilla/5.0 (compatible; Googlebot/2.1; +http://www.google.com/bot.html)"
208.90.72.2 - - [07/Mar/2011:21:45:45 +0900] "GET /what-if-lisp-was-invented-by-the-japanese" 200 - "http://www.reddit.com/r/programming/" "Mozilla/5.0 (X11; U; Linux x86_64; en-US; rv:1.9.2.13) Gecko/20101206 Ubuntu/10.10 (maverick) Firefox/3.6.13"
72.14.199.244 - - [07/Mar/2011:21:52:03 +0900] "GET /rss.xml" 304 - - "Feedfetcher-Google; (+http://www.google.com/feedfetcher.html; 4 subscribers; feed-id=1720132379870088030)"
66.249.72.8 - - [07/Mar/2011:21:52:09 +0900] "GET /2011/03/01" 200 - - "Mozilla/5.0 (compatible; Googlebot/2.1; +http://www.google.com/bot.html)"
203.104.98.218 - - [07/Mar/2011:21:52:46 +0900] "GET /rss.xml" 304 - - "livedoor FeedFetcher/0.01 (http://reader.livedoor.com/; 1 subscriber)"
72.14.199.244 - - [07/Mar/2011:21:59:55 +0900] "GET /atom.xml" 304 - - "Feedfetcher-Google; (+http://www.google.com/feedfetcher.html; 3 subscribers; feed-id=5146562804069246624)"
134.158.120.90 - - [07/Mar/2011:22:01:04 +0900] "GET /rss.xml" 304 - - "Mozilla/5.0 (X11; U; Linux i686; fr; rv:1.9.2.14) Gecko/20110302 Red Hat/3.6-4.el4 Firefox/3.6.14"
203.104.98.218 - - [07/Mar/2011:22:12:33 +0900] "GET /rss.xml" 304 - - "livedoor FeedFetcher/0.01 (http://reader.livedoor.com/; 1 subscriber)"
216.39.58.18 - - [07/Mar/2011:22:23:59 +0900] "GET /what-if-lisp-was-invented-by-the-japanese" 200 - - "Mozilla/5.0 (compatible; Yahoo Pipes 2.0; +http://developer.yahoo.com/yql/provider) Gecko/20090729 Firefox/3.5.2"
66.249.72.8 - - [07/Mar/2011:22:25:30 +0900] "GET /2011/03/05" 200 - - "Mozilla/5.0 (compatible; Googlebot/2.1; +http://www.google.com/bot.html)"
66.249.72.8 - - [07/Mar/2011:22:39:29 +0900] "GET /2011/03/06" 200 - - "Mozilla/5.0 (compatible; Googlebot/2.1; +http://www.google.com/bot.html)"
72.14.199.244 - - [07/Mar/2011:22:50:20 +0900] "GET /rss.xml" 304 - - "Feedfetcher-Google; (+http://www.google.com/feedfetcher.html; 4 subscribers; feed-id=1720132379870088030)"
72.14.199.244 - - [07/Mar/2011:23:00:25 +0900] "GET /atom.xml" 304 - - "Feedfetcher-Google; (+http://www.google.com/feedfetcher.html; 3 subscribers; feed-id=5146562804069246624)"
134.158.120.90 - - [07/Mar/2011:23:03:32 +0900] "GET /rss.xml" 304 - - "Mozilla/5.0 (X11; U; Linux i686; fr; rv:1.9.2.14) Gecko/20110302 Red Hat/3.6-4.el4 Firefox/3.6.14"
208.115.111.75 - - [07/Mar/2011:23:10:28 +0900] "GET /tags/" 200 - - "Mozilla/5.0 (compatible; Ezooms/1.0; ezooms.bot@gmail.com)"
216.39.58.78 - - [07/Mar/2011:23:35:12 +0900] "GET /what-if-lisp-was-invented-by-the-japanese" 200 - - "Mozilla/5.0 (compatible; Yahoo Pipes 2.0; +http://developer.yahoo.com/yql/provider) Gecko/20090729 Firefox/3.5.2"
216.39.58.18 - - [07/Mar/2011:23:41:40 +0900] "GET /what-if-lisp-was-invented-by-the-japanese" 200 - - "Mozilla/5.0 (compatible; Yahoo Pipes 2.0; +http://developer.yahoo.com/yql/provider) Gecko/20090729 Firefox/3.5.2"
72.14.199.244 - - [07/Mar/2011:23:59:10 +0900] "GET /rss.xml" 304 - - "Feedfetcher-Google; (+http://www.google.com/feedfetcher.html; 4 subscribers; feed-id=1720132379870088030)"
