72.14.199.244 - - [27/Feb/2011:00:03:30 +0900] "GET /rss.xml" 200 - - "Feedfetcher-Google; (+http://www.google.com/feedfetcher.html; 4 subscribers; feed-id=1720132379870088030)"
184.73.239.99 - - [27/Feb/2011:00:09:22 +0900] "HEAD /what-if-lisp-was-invented-by-the-japanese" 200 - - "Mozilla/5.0 (compatible; woriobot support [at] worio [dot] com +http://worio.com)"
216.39.58.78 - - [27/Feb/2011:00:11:46 +0900] "GET /what-if-lisp-was-invented-by-the-japanese" 200 - - "Mozilla/5.0 (compatible; Yahoo Pipes 2.0; +http://developer.yahoo.com/yql/provider) Gecko/20090729 Firefox/3.5.2"
216.39.58.18 - - [27/Feb/2011:00:17:04 +0900] "GET /what-if-lisp-was-invented-by-the-japanese" 200 - - "Mozilla/5.0 (compatible; Yahoo Pipes 2.0; +http://developer.yahoo.com/yql/provider) Gecko/20090729 Firefox/3.5.2"
203.104.98.218 - - [27/Feb/2011:00:25:22 +0900] "GET /rss.xml" 304 - - "livedoor FeedFetcher/0.01 (http://reader.livedoor.com/; 1 subscriber)"
184.73.239.99 - - [27/Feb/2011:00:29:02 +0900] "HEAD /what-if-lisp-was-invented-by-the-japanese" 200 - - "Mozilla/5.0 (compatible; woriobot support [at] worio [dot] com +http://worio.com)"
174.120.186.2 - - [27/Feb/2011:00:40:43 +0900] "GET /what-if-lisp-was-invented-by-the-japanese" 200 - - "Mozilla/5.0 (Windows; U; Windows NT 5.2; en-US; rv:1.9.1.4) Gecko/20091007 Firefox/3.5.4"
174.120.186.2 - - [27/Feb/2011:00:40:44 +0900] "GET /what-if-lisp-was-invented-by-the-japanese" 200 - - "Mozilla/5.0 (Macintosh; U; Intel Mac OS X 10.5; en-US; rv:1.9.0.7) Gecko/2009021906 Firefox/3.0.7"
67.195.114.220 - - [27/Feb/2011:00:43:34 +0900] "GET /replyToBlogEntry.action?entry=1296823440000&comment=1296865141903" 200 - - "Mozilla/5.0 (compatible; Yahoo! Slurp; http://help.yahoo.com/help/us/ysearch/slurp)"
184.73.239.99 - - [27/Feb/2011:00:45:53 +0900] "HEAD /what-if-lisp-was-invented-by-the-japanese" 200 - - "Mozilla/5.0 (compatible; woriobot support [at] worio [dot] com +http://worio.com)"
72.14.199.244 - - [27/Feb/2011:00:49:16 +0900] "GET /atom.xml" 304 - - "Feedfetcher-Google; (+http://www.google.com/feedfetcher.html; 3 subscribers; feed-id=5146562804069246624)"
72.14.199.244 - - [27/Feb/2011:00:53:57 +0900] "GET /rss.xml" 200 - - "Feedfetcher-Google; (+http://www.google.com/feedfetcher.html; 4 subscribers; feed-id=1720132379870088030)"
184.73.239.99 - - [27/Feb/2011:01:02:17 +0900] "HEAD /what-if-lisp-was-invented-by-the-japanese" 200 - - "Mozilla/5.0 (compatible; woriobot support [at] worio [dot] com +http://worio.com)"
216.39.58.78 - - [27/Feb/2011:01:15:43 +0900] "GET /what-if-lisp-was-invented-by-the-japanese" 200 - - "Mozilla/5.0 (compatible; Yahoo Pipes 2.0; +http://developer.yahoo.com/yql/provider) Gecko/20090729 Firefox/3.5.2"
184.73.239.99 - - [27/Feb/2011:01:19:26 +0900] "HEAD /what-if-lisp-was-invented-by-the-japanese" 200 - - "Mozilla/5.0 (compatible; woriobot support [at] worio [dot] com +http://worio.com)"
66.249.72.8 - - [27/Feb/2011:01:30:04 +0900] "GET /secret-alien-technology-ftw" 200 - - "Mozilla/5.0 (compatible; Googlebot/2.1; +http://www.google.com/bot.html)"
184.73.239.99 - - [27/Feb/2011:01:37:06 +0900] "HEAD /what-if-lisp-was-invented-by-the-japanese" 200 - - "Mozilla/5.0 (compatible; woriobot support [at] worio [dot] com +http://worio.com)"
72.14.199.244 - - [27/Feb/2011:01:52:56 +0900] "GET /atom.xml" 304 - - "Feedfetcher-Google; (+http://www.google.com/feedfetcher.html; 3 subscribers; feed-id=5146562804069246624)"
67.195.112.43 - - [27/Feb/2011:01:55:42 +0900] "GET /what-if-lisp-was-invented-by-the-japanese" 200 - - "Mozilla/5.0 (compatible; Yahoo! Slurp; http://help.yahoo.com/help/us/ysearch/slurp)"
203.104.98.220 - - [27/Feb/2011:01:57:26 +0900] "GET /rss.xml" 304 - - "livedoor FeedFetcher/0.01 (http://reader.livedoor.com/; 1 subscriber)"
184.73.239.99 - - [27/Feb/2011:01:58:34 +0900] "HEAD /what-if-lisp-was-invented-by-the-japanese" 200 - - "Mozilla/5.0 (compatible; woriobot support [at] worio [dot] com +http://worio.com)"
72.14.199.244 - - [27/Feb/2011:01:59:07 +0900] "GET /rss.xml" 304 - - "Feedfetcher-Google; (+http://www.google.com/feedfetcher.html; 4 subscribers; feed-id=1720132379870088030)"
67.195.114.220 - - [27/Feb/2011:02:18:30 +0900] "GET /generateTrackBackLink.action?entry=1296823440000" 200 - - "Mozilla/5.0 (compatible; Yahoo! Slurp; http://help.yahoo.com/help/us/ysearch/slurp)"
184.73.239.99 - - [27/Feb/2011:02:19:39 +0900] "HEAD /what-if-lisp-was-invented-by-the-japanese" 200 - - "Mozilla/5.0 (compatible; woriobot support [at] worio [dot] com +http://worio.com)"
184.73.239.99 - - [27/Feb/2011:02:38:08 +0900] "HEAD /what-if-lisp-was-invented-by-the-japanese" 200 - - "Mozilla/5.0 (compatible; woriobot support [at] worio [dot] com +http://worio.com)"
216.39.58.17 - - [27/Feb/2011:02:42:54 +0900] "GET /what-if-lisp-was-invented-by-the-japanese" 200 - - "Mozilla/5.0 (compatible; Yahoo Pipes 2.0; +http://developer.yahoo.com/yql/provider) Gecko/20090729 Firefox/3.5.2"
203.104.98.218 - - [27/Feb/2011:02:43:08 +0900] "GET /rss.xml" 304 - - "livedoor FeedFetcher/0.01 (http://reader.livedoor.com/; 1 subscriber)"
66.249.72.8 - - [27/Feb/2011:02:43:11 +0900] "GET /2011/02/27" 200 - - "Mozilla/5.0 (compatible; Googlebot/2.1; +http://www.google.com/bot.html)"
216.39.58.17 - - [27/Feb/2011:02:48:37 +0900] "GET /what-if-lisp-was-invented-by-the-japanese" 200 - - "Mozilla/5.0 (compatible; Yahoo Pipes 2.0; +http://developer.yahoo.com/yql/provider) Gecko/20090729 Firefox/3.5.2"
72.14.199.244 - - [27/Feb/2011:02:49:46 +0900] "GET /atom.xml" 304 - - "Feedfetcher-Google; (+http://www.google.com/feedfetcher.html; 3 subscribers; feed-id=5146562804069246624)"
184.73.239.99 - - [27/Feb/2011:02:57:06 +0900] "HEAD /what-if-lisp-was-invented-by-the-japanese" 200 - - "Mozilla/5.0 (compatible; woriobot support [at] worio [dot] com +http://worio.com)"
72.14.199.244 - - [27/Feb/2011:03:03:27 +0900] "GET /rss.xml" 304 - - "Feedfetcher-Google; (+http://www.google.com/feedfetcher.html; 4 subscribers; feed-id=1720132379870088030)"
184.73.239.99 - - [27/Feb/2011:03:13:28 +0900] "HEAD /what-if-lisp-was-invented-by-the-japanese" 200 - - "Mozilla/5.0 (compatible; woriobot support [at] worio [dot] com +http://worio.com)"
203.104.98.218 - - [27/Feb/2011:03:27:55 +0900] "GET /rss.xml" 304 - - "livedoor FeedFetcher/0.01 (http://reader.livedoor.com/; 1 subscriber)"
184.73.239.99 - - [27/Feb/2011:03:29:34 +0900] "HEAD /what-if-lisp-was-invented-by-the-japanese" 200 - - "Mozilla/5.0 (compatible; woriobot support [at] worio [dot] com +http://worio.com)"
118.243.141.241 - - [27/Feb/2011:03:39:00 +0900] "GET /atom.xml" 304 - - "samidare"
184.73.239.99 - - [27/Feb/2011:03:45:32 +0900] "HEAD /what-if-lisp-was-invented-by-the-japanese" 200 - - "Mozilla/5.0 (compatible; woriobot support [at] worio [dot] com +http://worio.com)"
216.39.58.17 - - [27/Feb/2011:03:45:42 +0900] "GET /what-if-lisp-was-invented-by-the-japanese" 200 - - "Mozilla/5.0 (compatible; Yahoo Pipes 2.0; +http://developer.yahoo.com/yql/provider) Gecko/20090729 Firefox/3.5.2"
72.14.199.244 - - [27/Feb/2011:03:59:06 +0900] "GET /atom.xml" 200 - - "Feedfetcher-Google; (+http://www.google.com/feedfetcher.html; 3 subscribers; feed-id=5146562804069246624)"
184.73.239.99 - - [27/Feb/2011:04:02:49 +0900] "HEAD /what-if-lisp-was-invented-by-the-japanese" 200 - - "Mozilla/5.0 (compatible; woriobot support [at] worio [dot] com +http://worio.com)"
72.14.199.244 - - [27/Feb/2011:04:12:37 +0900] "GET /rss.xml" 304 - - "Feedfetcher-Google; (+http://www.google.com/feedfetcher.html; 4 subscribers; feed-id=1720132379870088030)"
184.73.239.99 - - [27/Feb/2011:04:17:25 +0900] "HEAD /what-if-lisp-was-invented-by-the-japanese" 200 - - "Mozilla/5.0 (compatible; woriobot support [at] worio [dot] com +http://worio.com)"
184.73.239.99 - - [27/Feb/2011:04:32:44 +0900] "HEAD /what-if-lisp-was-invented-by-the-japanese" 200 - - "Mozilla/5.0 (compatible; woriobot support [at] worio [dot] com +http://worio.com)"
216.39.58.18 - - [27/Feb/2011:04:50:31 +0900] "GET /what-if-lisp-was-invented-by-the-japanese" 200 - - "Mozilla/5.0 (compatible; Yahoo Pipes 2.0; +http://developer.yahoo.com/yql/provider) Gecko/20090729 Firefox/3.5.2"
184.73.239.99 - - [27/Feb/2011:04:53:25 +0900] "HEAD /what-if-lisp-was-invented-by-the-japanese" 200 - - "Mozilla/5.0 (compatible; woriobot support [at] worio [dot] com +http://worio.com)"
216.39.58.78 - - [27/Feb/2011:04:56:45 +0900] "GET /what-if-lisp-was-invented-by-the-japanese" 200 - - "Mozilla/5.0 (compatible; Yahoo Pipes 2.0; +http://developer.yahoo.com/yql/provider) Gecko/20090729 Firefox/3.5.2"
72.14.199.244 - - [27/Feb/2011:05:07:56 +0900] "GET /atom.xml" 304 - - "Feedfetcher-Google; (+http://www.google.com/feedfetcher.html; 3 subscribers; feed-id=5146562804069246624)"
184.73.239.99 - - [27/Feb/2011:05:10:38 +0900] "HEAD /what-if-lisp-was-invented-by-the-japanese" 200 - - "Mozilla/5.0 (compatible; woriobot support [at] worio [dot] com +http://worio.com)"
72.14.199.244 - - [27/Feb/2011:05:14:57 +0900] "GET /rss.xml" 200 - - "Feedfetcher-Google; (+http://www.google.com/feedfetcher.html; 4 subscribers; feed-id=1720132379870088030)"
80.132.202.95 - - [27/Feb/2011:05:16:14 +0900] "GET /what-if-lisp-was-invented-by-the-japanese" 200 - "http://www.reddit.com/r/lisp/" "Mozilla/5.0 (Windows; U; Windows NT 6.1; en-US) AppleWebKit/534.13 (KHTML, like Gecko) Chrome/9.0.597.98 Safari/534.13"
184.73.239.99 - - [27/Feb/2011:05:27:49 +0900] "HEAD /what-if-lisp-was-invented-by-the-japanese" 200 - - "Mozilla/5.0 (compatible; woriobot support [at] worio [dot] com +http://worio.com)"
184.73.239.99 - - [27/Feb/2011:05:44:20 +0900] "HEAD /what-if-lisp-was-invented-by-the-japanese" 200 - - "Mozilla/5.0 (compatible; woriobot support [at] worio [dot] com +http://worio.com)"
66.249.72.8 - - [27/Feb/2011:05:46:56 +0900] "GET /2011/02/27" 200 - - "Mozilla/5.0 (compatible; Googlebot/2.1; +http://www.google.com/bot.html)"
203.104.98.220 - - [27/Feb/2011:05:48:04 +0900] "GET /rss.xml" 304 - - "livedoor FeedFetcher/0.01 (http://reader.livedoor.com/; 1 subscriber)"
216.39.58.18 - - [27/Feb/2011:05:57:23 +0900] "GET /what-if-lisp-was-invented-by-the-japanese" 200 - - "Mozilla/5.0 (compatible; Yahoo Pipes 2.0; +http://developer.yahoo.com/yql/provider) Gecko/20090729 Firefox/3.5.2"
184.73.239.99 - - [27/Feb/2011:06:02:06 +0900] "HEAD /what-if-lisp-was-invented-by-the-japanese" 200 - - "Mozilla/5.0 (compatible; woriobot support [at] worio [dot] com +http://worio.com)"
72.14.199.244 - - [27/Feb/2011:06:08:47 +0900] "GET /rss.xml" 304 - - "Feedfetcher-Google; (+http://www.google.com/feedfetcher.html; 4 subscribers; feed-id=1720132379870088030)"
98.224.91.50 - - [27/Feb/2011:06:15:55 +0900] "GET /what-if-lisp-was-invented-by-the-japanese" 200 - - "Mozilla/4.0 (compatible; ICS)"
72.14.199.244 - - [27/Feb/2011:06:17:26 +0900] "GET /atom.xml" 200 - - "Feedfetcher-Google; (+http://www.google.com/feedfetcher.html; 3 subscribers; feed-id=5146562804069246624)"
184.73.239.99 - - [27/Feb/2011:06:18:36 +0900] "HEAD /what-if-lisp-was-invented-by-the-japanese" 200 - - "Mozilla/5.0 (compatible; woriobot support [at] worio [dot] com +http://worio.com)"
203.104.98.218 - - [27/Feb/2011:06:30:59 +0900] "GET /rss.xml" 304 - - "livedoor FeedFetcher/0.01 (http://reader.livedoor.com/; 1 subscriber)"
184.73.239.99 - - [27/Feb/2011:06:35:03 +0900] "HEAD /what-if-lisp-was-invented-by-the-japanese" 200 - - "Mozilla/5.0 (compatible; woriobot support [at] worio [dot] com +http://worio.com)"
208.107.180.29 - - [27/Feb/2011:06:45:59 +0900] "GET /what-if-lisp-was-invented-by-the-japanese" 200 - - "Mozilla/5.0 (compatible; MJ12bot/v1.3.3; http://www.majestic12.co.uk/bot.php?+)"
71.172.68.78 - - [27/Feb/2011:06:49:06 +0900] "GET /what-if-lisp-was-invented-by-the-japanese" 200 - "http://www.reddit.com/r/programming/" "Mozilla/5.0 (X11; U; Linux x86_64; en-US; rv:1.9.2.13) Gecko/20101206 Ubuntu/10.04 (lucid) Firefox/3.6.13"
184.73.239.99 - - [27/Feb/2011:06:52:21 +0900] "HEAD /what-if-lisp-was-invented-by-the-japanese" 200 - - "Mozilla/5.0 (compatible; woriobot support [at] worio [dot] com +http://worio.com)"
216.39.58.78 - - [27/Feb/2011:06:55:54 +0900] "GET /what-if-lisp-was-invented-by-the-japanese" 200 - - "Mozilla/5.0 (compatible; Yahoo Pipes 2.0; +http://developer.yahoo.com/yql/provider) Gecko/20090729 Firefox/3.5.2"
209.131.41.49 - - [27/Feb/2011:07:01:10 +0900] "GET /what-if-lisp-was-invented-by-the-japanese" 200 - - "Mozilla/5.0 (compatible; Yahoo Pipes 2.0; +http://developer.yahoo.com/yql/provider) Gecko/20090729 Firefox/3.5.2"
72.14.199.244 - - [27/Feb/2011:07:06:07 +0900] "GET /rss.xml" 200 - - "Feedfetcher-Google; (+http://www.google.com/feedfetcher.html; 4 subscribers; feed-id=1720132379870088030)"
184.73.239.99 - - [27/Feb/2011:07:09:30 +0900] "HEAD /what-if-lisp-was-invented-by-the-japanese" 200 - - "Mozilla/5.0 (compatible; woriobot support [at] worio [dot] com +http://worio.com)"
72.14.199.244 - - [27/Feb/2011:07:10:36 +0900] "GET /atom.xml" 304 - - "Feedfetcher-Google; (+http://www.google.com/feedfetcher.html; 3 subscribers; feed-id=5146562804069246624)"
184.73.239.99 - - [27/Feb/2011:07:25:16 +0900] "HEAD /what-if-lisp-was-invented-by-the-japanese" 200 - - "Mozilla/5.0 (compatible; woriobot support [at] worio [dot] com +http://worio.com)"
184.73.239.99 - - [27/Feb/2011:07:41:43 +0900] "HEAD /what-if-lisp-was-invented-by-the-japanese" 200 - - "Mozilla/5.0 (compatible; woriobot support [at] worio [dot] com +http://worio.com)"
184.73.239.99 - - [27/Feb/2011:07:58:13 +0900] "HEAD /what-if-lisp-was-invented-by-the-japanese" 200 - - "Mozilla/5.0 (compatible; woriobot support [at] worio [dot] com +http://worio.com)"
209.131.41.49 - - [27/Feb/2011:07:58:56 +0900] "GET /what-if-lisp-was-invented-by-the-japanese" 200 - - "Mozilla/5.0 (compatible; Yahoo Pipes 2.0; +http://developer.yahoo.com/yql/provider) Gecko/20090729 Firefox/3.5.2"
72.14.199.244 - - [27/Feb/2011:08:04:26 +0900] "GET /atom.xml" 200 - - "Feedfetcher-Google; (+http://www.google.com/feedfetcher.html; 3 subscribers; feed-id=5146562804069246624)"
72.14.199.244 - - [27/Feb/2011:08:15:47 +0900] "GET /rss.xml" 304 - - "Feedfetcher-Google; (+http://www.google.com/feedfetcher.html; 4 subscribers; feed-id=1720132379870088030)"
184.73.239.99 - - [27/Feb/2011:08:15:48 +0900] "HEAD /what-if-lisp-was-invented-by-the-japanese" 200 - - "Mozilla/5.0 (compatible; woriobot support [at] worio [dot] com +http://worio.com)"
203.160.29.76 - - [27/Feb/2011:08:17:24 +0900] "GET /what-if-lisp-was-invented-by-the-japanese" 200 - "http://www.reddit.com/r/lisp" "Mozilla/5.0 (Macintosh; U; Intel Mac OS X 10.6; en-US; rv:1.9.2.13) Gecko/20101203 Firefox/3.6.13"
184.73.16.213 - - [27/Feb/2011:08:21:48 +0900] "HEAD /what-if-lisp-was-invented-by-the-japanese" 200 - - "Mozilla/5.0 (Macintosh; U; Intel Mac OS X 10.6; en-US; rv:1.9.2) Gecko/20100115 Firefox/3.6 (FlipboardProxy/1.1; +http://flipboard.com/browserproxy)"
67.202.11.113 - - [27/Feb/2011:08:21:50 +0900] "GET /what-if-lisp-was-invented-by-the-japanese" 200 - - "Mozilla/5.0 (Macintosh; U; Intel Mac OS X 10.6; en-US; rv:1.9.2) Gecko/20100115 Firefox/3.6 (FlipboardProxy/0.0.5; +http://flipboard.com/browserproxy)"
184.73.239.99 - - [27/Feb/2011:08:35:59 +0900] "HEAD /what-if-lisp-was-invented-by-the-japanese" 200 - - "Mozilla/5.0 (compatible; woriobot support [at] worio [dot] com +http://worio.com)"
184.73.239.99 - - [27/Feb/2011:08:53:39 +0900] "HEAD /what-if-lisp-was-invented-by-the-japanese" 200 - - "Mozilla/5.0 (compatible; woriobot support [at] worio [dot] com +http://worio.com)"
203.104.98.220 - - [27/Feb/2011:08:55:48 +0900] "GET /rss.xml" 304 - - "livedoor FeedFetcher/0.01 (http://reader.livedoor.com/; 1 subscriber)"
216.39.58.17 - - [27/Feb/2011:08:57:06 +0900] "GET /what-if-lisp-was-invented-by-the-japanese" 200 - - "Mozilla/5.0 (compatible; Yahoo Pipes 2.0; +http://developer.yahoo.com/yql/provider) Gecko/20090729 Firefox/3.5.2"
216.39.58.17 - - [27/Feb/2011:09:03:10 +0900] "GET /what-if-lisp-was-invented-by-the-japanese" 200 - - "Mozilla/5.0 (compatible; Yahoo Pipes 2.0; +http://developer.yahoo.com/yql/provider) Gecko/20090729 Firefox/3.5.2"
72.14.199.244 - - [27/Feb/2011:09:11:57 +0900] "GET /atom.xml" 304 - - "Feedfetcher-Google; (+http://www.google.com/feedfetcher.html; 3 subscribers; feed-id=5146562804069246624)"
184.73.239.99 - - [27/Feb/2011:09:13:00 +0900] "HEAD /what-if-lisp-was-invented-by-the-japanese" 200 - - "Mozilla/5.0 (compatible; woriobot support [at] worio [dot] com +http://worio.com)"
72.14.199.244 - - [27/Feb/2011:09:18:27 +0900] "GET /rss.xml" 304 - - "Feedfetcher-Google; (+http://www.google.com/feedfetcher.html; 4 subscribers; feed-id=1720132379870088030)"
184.73.239.99 - - [27/Feb/2011:09:30:33 +0900] "HEAD /what-if-lisp-was-invented-by-the-japanese" 200 - - "Mozilla/5.0 (compatible; woriobot support [at] worio [dot] com +http://worio.com)"
79.136.62.59 - - [27/Feb/2011:09:33:13 +0900] "GET /what-if-lisp-was-invented-by-the-japanese" 200 - "http://www.reddit.com/r/lisp" "Mozilla/5.0 (Windows; U; Windows NT 5.1; en-US) AppleWebKit/534.13 (KHTML, like Gecko) Chrome/9.0.597.98 Safari/534.13"
66.249.72.8 - - [27/Feb/2011:09:34:35 +0900] "GET /2011/02/24" 200 - - "Mozilla/5.0 (compatible; Googlebot/2.1; +http://www.google.com/bot.html)"
203.104.98.218 - - [27/Feb/2011:09:40:25 +0900] "GET /rss.xml" 304 - - "livedoor FeedFetcher/0.01 (http://reader.livedoor.com/; 1 subscriber)"
184.73.239.99 - - [27/Feb/2011:09:51:02 +0900] "HEAD /what-if-lisp-was-invented-by-the-japanese" 200 - - "Mozilla/5.0 (compatible; woriobot support [at] worio [dot] com +http://worio.com)"
216.39.58.18 - - [27/Feb/2011:10:00:07 +0900] "GET /what-if-lisp-was-invented-by-the-japanese" 200 - - "Mozilla/5.0 (compatible; Yahoo Pipes 2.0; +http://developer.yahoo.com/yql/provider) Gecko/20090729 Firefox/3.5.2"
66.249.72.8 - - [27/Feb/2011:10:05:29 +0900] "GET /2011/02" 200 - - "Mozilla/5.0 (compatible; Googlebot/2.1; +http://www.google.com/bot.html)"
184.73.239.99 - - [27/Feb/2011:10:06:42 +0900] "HEAD /what-if-lisp-was-invented-by-the-japanese" 200 - - "Mozilla/5.0 (compatible; woriobot support [at] worio [dot] com +http://worio.com)"
72.14.199.244 - - [27/Feb/2011:10:07:46 +0900] "GET /atom.xml" 304 - - "Feedfetcher-Google; (+http://www.google.com/feedfetcher.html; 3 subscribers; feed-id=5146562804069246624)"
72.14.199.244 - - [27/Feb/2011:10:11:27 +0900] "GET /rss.xml" 304 - - "Feedfetcher-Google; (+http://www.google.com/feedfetcher.html; 4 subscribers; feed-id=1720132379870088030)"
184.73.239.99 - - [27/Feb/2011:10:27:56 +0900] "HEAD /what-if-lisp-was-invented-by-the-japanese" 200 - - "Mozilla/5.0 (compatible; woriobot support [at] worio [dot] com +http://worio.com)"
184.73.239.99 - - [27/Feb/2011:10:47:04 +0900] "HEAD /what-if-lisp-was-invented-by-the-japanese" 200 - - "Mozilla/5.0 (compatible; woriobot support [at] worio [dot] com +http://worio.com)"
66.249.72.8 - - [27/Feb/2011:10:48:56 +0900] "GET /2011/02" 200 - - "Mozilla/5.0 (compatible; Googlebot/2.1; +http://www.google.com/bot.html)"
216.39.58.78 - - [27/Feb/2011:10:58:29 +0900] "GET /what-if-lisp-was-invented-by-the-japanese" 200 - - "Mozilla/5.0 (compatible; Yahoo Pipes 2.0; +http://developer.yahoo.com/yql/provider) Gecko/20090729 Firefox/3.5.2"
207.46.204.179 - - [27/Feb/2011:10:59:32 +0900] "GET /what-if-lisp-was-invented-by-the-japanese" 200 - - "Mozilla/5.0 (compatible; bingbot/2.0; +http://www.bing.com/bingbot.htm)"
216.39.58.78 - - [27/Feb/2011:11:03:50 +0900] "GET /what-if-lisp-was-invented-by-the-japanese" 200 - - "Mozilla/5.0 (compatible; Yahoo Pipes 2.0; +http://developer.yahoo.com/yql/provider) Gecko/20090729 Firefox/3.5.2"
66.249.72.8 - - [27/Feb/2011:11:05:06 +0900] "GET /2011/02/05" 200 - - "Mozilla/5.0 (compatible; Googlebot/2.1; +http://www.google.com/bot.html)"
184.73.239.99 - - [27/Feb/2011:11:05:14 +0900] "HEAD /what-if-lisp-was-invented-by-the-japanese" 200 - - "Mozilla/5.0 (compatible; woriobot support [at] worio [dot] com +http://worio.com)"
72.14.199.244 - - [27/Feb/2011:11:08:06 +0900] "GET /atom.xml" 200 - - "Feedfetcher-Google; (+http://www.google.com/feedfetcher.html; 3 subscribers; feed-id=5146562804069246624)"
118.15.75.254 - - [27/Feb/2011:11:15:16 +0900] "GET /" 200 - - "Mozilla/4.0 (compatible; MSIE 8.0; Windows NT 6.1; WOW64; Trident/4.0; SLCC2; .NET CLR 2.0.50727; .NET CLR 3.5.30729; .NET CLR 3.0.30729; Media Center PC 6.0; .NET4.0C)"
72.14.199.244 - - [27/Feb/2011:11:18:56 +0900] "GET /rss.xml" 304 - - "Feedfetcher-Google; (+http://www.google.com/feedfetcher.html; 4 subscribers; feed-id=1720132379870088030)"
211.43.152.54 - - [27/Feb/2011:11:22:17 +0900] "GET /atom.xml" 200 - - "Mozilla/5.0 Firefox/3.0.5"
118.15.75.254 - - [27/Feb/2011:11:25:14 +0900] "GET /" 200 - - "Mozilla/4.0 (compatible; MSIE 8.0; Windows NT 6.1; WOW64; Trident/4.0; SLCC2; .NET CLR 2.0.50727; .NET CLR 3.5.30729; .NET CLR 3.0.30729; Media Center PC 6.0; .NET4.0C)"
184.73.239.99 - - [27/Feb/2011:11:25:55 +0900] "HEAD /what-if-lisp-was-invented-by-the-japanese" 200 - - "Mozilla/5.0 (compatible; woriobot support [at] worio [dot] com +http://worio.com)"
66.249.72.8 - - [27/Feb/2011:11:37:42 +0900] "GET /search.action" 200 - - "Mozilla/5.0 (compatible; Googlebot/2.1; +http://www.google.com/bot.html)"
118.243.141.241 - - [27/Feb/2011:11:39:03 +0900] "GET /atom.xml" 304 - - "samidare"
184.73.239.99 - - [27/Feb/2011:11:41:43 +0900] "HEAD /what-if-lisp-was-invented-by-the-japanese" 200 - - "Mozilla/5.0 (compatible; woriobot support [at] worio [dot] com +http://worio.com)"
66.249.72.8 - - [27/Feb/2011:11:43:46 +0900] "GET /2011/02/05" 200 - - "Mozilla/5.0 (compatible; Googlebot/2.1; +http://www.google.com/bot.html)"
128.213.11.91 - - [27/Feb/2011:12:01:10 +0900] "GET /what-if-lisp-was-invented-by-the-japanese" 200 - "http://www.reddit.com/search?q=%2Fr%2Fprogramming" "Mozilla/5.0 (X11; U; Linux i686; en-US; rv:1.9.2.8) Gecko/20100723 Ubuntu/10.04 (lucid) Firefox/3.6.8"
216.39.58.18 - - [27/Feb/2011:12:01:36 +0900] "GET /what-if-lisp-was-invented-by-the-japanese" 200 - - "Mozilla/5.0 (compatible; Yahoo Pipes 2.0; +http://developer.yahoo.com/yql/provider) Gecko/20090729 Firefox/3.5.2"
128.213.11.91 - - [27/Feb/2011:12:01:45 +0900] "GET /what-if-lisp-was-invented-by-the-japanese" 200 - "http://www.reddit.com/search?q=%2Fr%2Fprogramming" "Mozilla/5.0 (X11; U; Linux i686; en-US; rv:1.9.2.8) Gecko/20100723 Ubuntu/10.04 (lucid) Firefox/3.6.8"
184.73.239.99 - - [27/Feb/2011:12:04:41 +0900] "HEAD /what-if-lisp-was-invented-by-the-japanese" 200 - - "Mozilla/5.0 (compatible; woriobot support [at] worio [dot] com +http://worio.com)"
203.104.98.220 - - [27/Feb/2011:12:04:44 +0900] "GET /rss.xml" 304 - - "livedoor FeedFetcher/0.01 (http://reader.livedoor.com/; 1 subscriber)"
72.14.199.244 - - [27/Feb/2011:12:08:27 +0900] "GET /atom.xml" 304 - - "Feedfetcher-Google; (+http://www.google.com/feedfetcher.html; 3 subscribers; feed-id=5146562804069246624)"
66.249.72.8 - - [27/Feb/2011:12:18:51 +0900] "GET /subscribe.action" 200 - - "Mozilla/5.0 (compatible; Googlebot/2.1; +http://www.google.com/bot.html)"
72.14.199.244 - - [27/Feb/2011:12:22:36 +0900] "GET /rss.xml" 200 - - "Feedfetcher-Google; (+http://www.google.com/feedfetcher.html; 4 subscribers; feed-id=1720132379870088030)"
184.73.239.99 - - [27/Feb/2011:12:22:38 +0900] "HEAD /what-if-lisp-was-invented-by-the-japanese" 200 - - "Mozilla/5.0 (compatible; woriobot support [at] worio [dot] com +http://worio.com)"
66.249.72.8 - - [27/Feb/2011:12:29:08 +0900] "GET /2011/02/11" 200 - - "Mozilla/5.0 (compatible; Googlebot/2.1; +http://www.google.com/bot.html)"
184.73.239.99 - - [27/Feb/2011:12:38:41 +0900] "HEAD /what-if-lisp-was-invented-by-the-japanese" 200 - - "Mozilla/5.0 (compatible; woriobot support [at] worio [dot] com +http://worio.com)"
203.104.98.219 - - [27/Feb/2011:12:52:46 +0900] "GET /rss.xml" 304 - - "livedoor FeedFetcher/0.01 (http://reader.livedoor.com/; 1 subscriber)"
66.249.72.8 - - [27/Feb/2011:12:53:47 +0900] "GET /subscribe.action" 200 - - "Mozilla/5.0 (compatible; Googlebot/2.1; +http://www.google.com/bot.html)"
184.73.239.99 - - [27/Feb/2011:12:55:26 +0900] "HEAD /what-if-lisp-was-invented-by-the-japanese" 200 - - "Mozilla/5.0 (compatible; woriobot support [at] worio [dot] com +http://worio.com)"
216.39.58.18 - - [27/Feb/2011:12:59:17 +0900] "GET /what-if-lisp-was-invented-by-the-japanese" 200 - - "Mozilla/5.0 (compatible; Yahoo Pipes 2.0; +http://developer.yahoo.com/yql/provider) Gecko/20090729 Firefox/3.5.2"
72.14.199.244 - - [27/Feb/2011:13:00:26 +0900] "GET /atom.xml" 304 - - "Feedfetcher-Google; (+http://www.google.com/feedfetcher.html; 3 subscribers; feed-id=5146562804069246624)"
216.39.58.17 - - [27/Feb/2011:13:04:30 +0900] "GET /what-if-lisp-was-invented-by-the-japanese" 200 - - "Mozilla/5.0 (compatible; Yahoo Pipes 2.0; +http://developer.yahoo.com/yql/provider) Gecko/20090729 Firefox/3.5.2"
184.73.239.99 - - [27/Feb/2011:13:13:10 +0900] "HEAD /what-if-lisp-was-invented-by-the-japanese" 200 - - "Mozilla/5.0 (compatible; woriobot support [at] worio [dot] com +http://worio.com)"
72.14.199.244 - - [27/Feb/2011:13:13:56 +0900] "GET /rss.xml" 200 - - "Feedfetcher-Google; (+http://www.google.com/feedfetcher.html; 4 subscribers; feed-id=1720132379870088030)"
66.249.72.8 - - [27/Feb/2011:13:18:08 +0900] "GET /what-if-lisp-was-invented-by-the-japanese" 200 - - "SAMSUNG-SGH-E250/1.0 Profile/MIDP-2.0 Configuration/CLDC-1.1 UP.Browser/6.2.3.3.c.1.101 (GUI) MMP/2.0 (compatible; Googlebot-Mobile/2.1; +http://www.google.com/bot.html)"
67.195.114.220 - - [27/Feb/2011:13:24:11 +0900] "GET /what-if-lisp-was-invented-by-the-japanese" 200 - - "Mozilla/5.0 (compatible; Yahoo! Slurp; http://help.yahoo.com/help/us/ysearch/slurp)"
184.73.239.99 - - [27/Feb/2011:13:29:57 +0900] "HEAD /what-if-lisp-was-invented-by-the-japanese" 200 - - "Mozilla/5.0 (compatible; woriobot support [at] worio [dot] com +http://worio.com)"
184.73.239.99 - - [27/Feb/2011:13:46:56 +0900] "HEAD /what-if-lisp-was-invented-by-the-japanese" 200 - - "Mozilla/5.0 (compatible; woriobot support [at] worio [dot] com +http://worio.com)"
72.14.199.244 - - [27/Feb/2011:13:53:25 +0900] "GET /atom.xml" 304 - - "Feedfetcher-Google; (+http://www.google.com/feedfetcher.html; 3 subscribers; feed-id=5146562804069246624)"
216.39.58.18 - - [27/Feb/2011:14:02:15 +0900] "GET /what-if-lisp-was-invented-by-the-japanese" 200 - - "Mozilla/5.0 (compatible; Yahoo Pipes 2.0; +http://developer.yahoo.com/yql/provider) Gecko/20090729 Firefox/3.5.2"
184.73.239.99 - - [27/Feb/2011:14:06:27 +0900] "HEAD /what-if-lisp-was-invented-by-the-japanese" 200 - - "Mozilla/5.0 (compatible; woriobot support [at] worio [dot] com +http://worio.com)"
66.249.72.8 - - [27/Feb/2011:14:10:18 +0900] "GET /2011/02/03" 200 - - "Mozilla/5.0 (compatible; Googlebot/2.1; +http://www.google.com/bot.html)"
72.14.199.244 - - [27/Feb/2011:14:16:36 +0900] "GET /rss.xml" 200 - - "Feedfetcher-Google; (+http://www.google.com/feedfetcher.html; 4 subscribers; feed-id=1720132379870088030)"
24.7.24.27 - - [27/Feb/2011:14:23:18 +0900] "GET /what-if-lisp-was-invented-by-the-japanese" 200 - - "Mozilla/5.0 (iPad; U; CPU OS 4_2_1 like Mac OS X; en-us) AppleWebKit/533.17.9 (KHTML, like Gecko) Mobile/8C148"
184.73.239.99 - - [27/Feb/2011:14:23:27 +0900] "HEAD /what-if-lisp-was-invented-by-the-japanese" 200 - - "Mozilla/5.0 (compatible; woriobot support [at] worio [dot] com +http://worio.com)"
184.73.239.99 - - [27/Feb/2011:14:39:51 +0900] "HEAD /what-if-lisp-was-invented-by-the-japanese" 200 - - "Mozilla/5.0 (compatible; woriobot support [at] worio [dot] com +http://worio.com)"
66.249.72.8 - - [27/Feb/2011:14:42:58 +0900] "GET /2011/02/04" 200 - - "Mozilla/5.0 (compatible; Googlebot/2.1; +http://www.google.com/bot.html)"
66.249.72.8 - - [27/Feb/2011:14:47:24 +0900] "GET /generateTrackBackLink.action?entry=1296823440000" 200 - - "Mozilla/5.0 (compatible; Googlebot/2.1; +http://www.google.com/bot.html)"
72.14.199.244 - - [27/Feb/2011:14:52:05 +0900] "GET /atom.xml" 304 - - "Feedfetcher-Google; (+http://www.google.com/feedfetcher.html; 3 subscribers; feed-id=5146562804069246624)"
184.73.239.99 - - [27/Feb/2011:14:55:47 +0900] "HEAD /what-if-lisp-was-invented-by-the-japanese" 200 - - "Mozilla/5.0 (compatible; woriobot support [at] worio [dot] com +http://worio.com)"
38.99.96.35 - - [27/Feb/2011:15:02:58 +0900] "GET /what-if-lisp-was-invented-by-the-japanese" 200 - - "Mozilla/5.0 (compatible; ScoutJet; +http://www.scoutjet.com/)"
38.99.96.35 - - [27/Feb/2011:15:03:00 +0900] "GET /rss.xml" 200 - - "Mozilla/5.0 (compatible; ScoutJet; +http://www.scoutjet.com/)"
216.39.58.18 - - [27/Feb/2011:15:08:30 +0900] "GET /what-if-lisp-was-invented-by-the-japanese" 200 - - "Mozilla/5.0 (compatible; Yahoo Pipes 2.0; +http://developer.yahoo.com/yql/provider) Gecko/20090729 Firefox/3.5.2"
184.73.239.99 - - [27/Feb/2011:15:10:38 +0900] "HEAD /what-if-lisp-was-invented-by-the-japanese" 200 - - "Mozilla/5.0 (compatible; woriobot support [at] worio [dot] com +http://worio.com)"
66.249.72.8 - - [27/Feb/2011:15:11:53 +0900] "GET /replyToBlogEntry.action?entry=1296823440000&comment=1296824392351" 200 - - "Mozilla/5.0 (compatible; Googlebot/2.1; +http://www.google.com/bot.html)"
203.104.98.218 - - [27/Feb/2011:15:12:59 +0900] "GET /rss.xml" 304 - - "livedoor FeedFetcher/0.01 (http://reader.livedoor.com/; 1 subscriber)"
216.39.58.78 - - [27/Feb/2011:15:13:17 +0900] "GET /what-if-lisp-was-invented-by-the-japanese" 200 - - "Mozilla/5.0 (compatible; Yahoo Pipes 2.0; +http://developer.yahoo.com/yql/provider) Gecko/20090729 Firefox/3.5.2"
61.247.204.39 - - [27/Feb/2011:15:15:22 +0900] "GET /what-if-lisp-was-invented-by-the-japanese" 200 - - "Yeti/1.0 (NHN Corp.; http://help.naver.com/robots/)"
61.247.204.44 - - [27/Feb/2011:15:15:31 +0900] "GET /themes/lisp-nyc-barsky1/print.css" 500 - - "Yeti/1.0 (NHN Corp.; http://help.naver.com/robots/)"
61.247.204.46 - - [27/Feb/2011:15:15:41 +0900] "GET /themes/lisp-nyc-barsky1/screen.css" 500 - - "Yeti/1.0 (NHN Corp.; http://help.naver.com/robots/)"
61.247.204.42 - - [27/Feb/2011:15:15:51 +0900] "GET /pebble.css" 500 - - "Yeti/1.0 (NHN Corp.; http://help.naver.com/robots/)"
61.247.204.42 - - [27/Feb/2011:15:16:01 +0900] "GET /themes/_pebble/handheld.css" 500 - - "Yeti/1.0 (NHN Corp.; http://help.naver.com/robots/)"
72.14.199.244 - - [27/Feb/2011:15:26:36 +0900] "GET /rss.xml" 304 - - "Feedfetcher-Google; (+http://www.google.com/feedfetcher.html; 4 subscribers; feed-id=1720132379870088030)"
184.73.239.99 - - [27/Feb/2011:15:26:55 +0900] "HEAD /what-if-lisp-was-invented-by-the-japanese" 200 - - "Mozilla/5.0 (compatible; woriobot support [at] worio [dot] com +http://worio.com)"
99.186.247.66 - - [27/Feb/2011:15:27:25 +0900] "GET /secret-alien-technology-ftw" 200 - "http://www.google.com/url?sa=t&source=web&cd=3&sqi=2&ved=0CCcQFjAC&url=http%3A%2F%2Flispnyc.org%2Fblog%2Feuske%2Ftags%2Flife&rct=j&q=%22secret%20alien%20technology%22%20lisp&ei=x_NpTdXeFo3AsAOKz92mBA&usg=AFQjCNGTGt8RRam-Vz6jF4lWSs92jnZgeA&cad=rja" "Mozilla/5.0 (Macintosh; U; Intel Mac OS X 10.5; en-US; rv:1.9.2.13) Gecko/20101203 Firefox/3.6.13"
184.73.239.99 - - [27/Feb/2011:15:42:37 +0900] "HEAD /what-if-lisp-was-invented-by-the-japanese" 200 - - "Mozilla/5.0 (compatible; woriobot support [at] worio [dot] com +http://worio.com)"
72.14.199.244 - - [27/Feb/2011:15:43:45 +0900] "GET /atom.xml" 304 - - "Feedfetcher-Google; (+http://www.google.com/feedfetcher.html; 3 subscribers; feed-id=5146562804069246624)"
184.73.239.99 - - [27/Feb/2011:15:59:34 +0900] "HEAD /what-if-lisp-was-invented-by-the-japanese" 200 - - "Mozilla/5.0 (compatible; woriobot support [at] worio [dot] com +http://worio.com)"
66.249.72.8 - - [27/Feb/2011:16:01:17 +0900] "GET /replyToBlogEntry.action?entry=1296823440000&comment=1296865141903" 200 - - "Mozilla/5.0 (compatible; Googlebot/2.1; +http://www.google.com/bot.html)"
203.104.98.218 - - [27/Feb/2011:16:03:25 +0900] "GET /rss.xml" 304 - - "livedoor FeedFetcher/0.01 (http://reader.livedoor.com/; 1 subscriber)"
216.39.58.78 - - [27/Feb/2011:16:07:55 +0900] "GET /what-if-lisp-was-invented-by-the-japanese" 200 - - "Mozilla/5.0 (compatible; Yahoo Pipes 2.0; +http://developer.yahoo.com/yql/provider) Gecko/20090729 Firefox/3.5.2"
184.73.239.99 - - [27/Feb/2011:16:15:22 +0900] "HEAD /what-if-lisp-was-invented-by-the-japanese" 200 - - "Mozilla/5.0 (compatible; woriobot support [at] worio [dot] com +http://worio.com)"
72.14.199.244 - - [27/Feb/2011:16:23:26 +0900] "GET /rss.xml" 304 - - "Feedfetcher-Google; (+http://www.google.com/feedfetcher.html; 4 subscribers; feed-id=1720132379870088030)"
184.73.239.99 - - [27/Feb/2011:16:31:28 +0900] "HEAD /what-if-lisp-was-invented-by-the-japanese" 200 - - "Mozilla/5.0 (compatible; woriobot support [at] worio [dot] com +http://worio.com)"
184.73.239.99 - - [27/Feb/2011:16:47:40 +0900] "HEAD /what-if-lisp-was-invented-by-the-japanese" 200 - - "Mozilla/5.0 (compatible; woriobot support [at] worio [dot] com +http://worio.com)"
72.14.199.244 - - [27/Feb/2011:16:49:35 +0900] "GET /atom.xml" 304 - - "Feedfetcher-Google; (+http://www.google.com/feedfetcher.html; 3 subscribers; feed-id=5146562804069246624)"
184.73.239.99 - - [27/Feb/2011:17:01:45 +0900] "HEAD /what-if-lisp-was-invented-by-the-japanese" 200 - - "Mozilla/5.0 (compatible; woriobot support [at] worio [dot] com +http://worio.com)"
216.39.58.18 - - [27/Feb/2011:17:05:01 +0900] "GET /what-if-lisp-was-invented-by-the-japanese" 200 - - "Mozilla/5.0 (compatible; Yahoo Pipes 2.0; +http://developer.yahoo.com/yql/provider) Gecko/20090729 Firefox/3.5.2"
66.249.72.8 - - [27/Feb/2011:17:07:06 +0900] "GET /generateTrackBackLink.action?entry=1297401660000" 200 - - "Mozilla/5.0 (compatible; Googlebot/2.1; +http://www.google.com/bot.html)"
216.39.58.18 - - [27/Feb/2011:17:10:19 +0900] "GET /what-if-lisp-was-invented-by-the-japanese" 200 - - "Mozilla/5.0 (compatible; Yahoo Pipes 2.0; +http://developer.yahoo.com/yql/provider) Gecko/20090729 Firefox/3.5.2"
184.73.239.99 - - [27/Feb/2011:17:18:05 +0900] "HEAD /what-if-lisp-was-invented-by-the-japanese" 200 - - "Mozilla/5.0 (compatible; woriobot support [at] worio [dot] com +http://worio.com)"
72.14.199.244 - - [27/Feb/2011:17:19:16 +0900] "GET /rss.xml" 304 - - "Feedfetcher-Google; (+http://www.google.com/feedfetcher.html; 4 subscribers; feed-id=1720132379870088030)"
77.1.22.144 - - [27/Feb/2011:17:20:15 +0900] "GET /what-if-lisp-was-invented-by-the-japanese" 200 - "http://www.reddit.com/r/lisp/" "Mozilla/5.0 (X11; U; Linux x86_64; en-US; rv:1.9.2.13) Gecko/20101206 Ubuntu/10.04 (lucid) Firefox/3.6.13"
184.73.239.99 - - [27/Feb/2011:17:32:10 +0900] "HEAD /what-if-lisp-was-invented-by-the-japanese" 200 - - "Mozilla/5.0 (compatible; woriobot support [at] worio [dot] com +http://worio.com)"
72.14.199.244 - - [27/Feb/2011:17:41:46 +0900] "GET /atom.xml" 304 - - "Feedfetcher-Google; (+http://www.google.com/feedfetcher.html; 3 subscribers; feed-id=5146562804069246624)"
184.73.239.99 - - [27/Feb/2011:17:49:11 +0900] "HEAD /what-if-lisp-was-invented-by-the-japanese" 200 - - "Mozilla/5.0 (compatible; woriobot support [at] worio [dot] com +http://worio.com)"
66.249.72.8 - - [27/Feb/2011:17:58:35 +0900] "GET /replyToBlogEntry.action?entry=1297401660000&comment=1297711949849" 200 - - "Mozilla/5.0 (compatible; Googlebot/2.1; +http://www.google.com/bot.html)"
184.73.239.99 - - [27/Feb/2011:18:06:39 +0900] "HEAD /what-if-lisp-was-invented-by-the-japanese" 200 - - "Mozilla/5.0 (compatible; woriobot support [at] worio [dot] com +http://worio.com)"
216.39.58.17 - - [27/Feb/2011:18:07:27 +0900] "GET /what-if-lisp-was-invented-by-the-japanese" 200 - - "Mozilla/5.0 (compatible; Yahoo Pipes 2.0; +http://developer.yahoo.com/yql/provider) Gecko/20090729 Firefox/3.5.2"
174.31.147.221 - - [27/Feb/2011:18:11:46 +0900] "GET /what-if-lisp-was-invented-by-the-japanese" 200 - - "Mozilla/4.0 (compatible; MSIE 7.0; Windows NT 6.1; XBLWP7; ZuneWP7)"
87.91.112.181 - - [27/Feb/2011:18:14:23 +0900] "GET /secret-alien-technology-ftw" 200 - - "Mozilla/5.0 (compatible; Konqueror/4.6; Linux) KHTML/4.6.0 (like Gecko)"
203.104.98.220 - - [27/Feb/2011:18:18:44 +0900] "GET /rss.xml" 304 - - "livedoor FeedFetcher/0.01 (http://reader.livedoor.com/; 1 subscriber)"
184.73.239.99 - - [27/Feb/2011:18:23:29 +0900] "HEAD /what-if-lisp-was-invented-by-the-japanese" 200 - - "Mozilla/5.0 (compatible; woriobot support [at] worio [dot] com +http://worio.com)"
72.14.199.244 - - [27/Feb/2011:18:26:16 +0900] "GET /rss.xml" 200 - - "Feedfetcher-Google; (+http://www.google.com/feedfetcher.html; 4 subscribers; feed-id=1720132379870088030)"
66.249.72.8 - - [27/Feb/2011:18:29:26 +0900] "GET /replyToBlogEntry.action?entry=1297401660000&comment=1297613830060" 200 - - "Mozilla/5.0 (compatible; Googlebot/2.1; +http://www.google.com/bot.html)"
87.91.112.181 - - [27/Feb/2011:18:39:09 +0900] "GET /secret-alien-technology-ftw" 200 - - "Mozilla/5.0 (compatible; Konqueror/4.6; Linux) KHTML/4.6.0 (like Gecko)"
184.73.239.99 - - [27/Feb/2011:18:41:18 +0900] "HEAD /what-if-lisp-was-invented-by-the-japanese" 200 - - "Mozilla/5.0 (compatible; woriobot support [at] worio [dot] com +http://worio.com)"
72.14.199.244 - - [27/Feb/2011:18:43:25 +0900] "GET /atom.xml" 304 - - "Feedfetcher-Google; (+http://www.google.com/feedfetcher.html; 3 subscribers; feed-id=5146562804069246624)"
118.108.136.151 - - [27/Feb/2011:18:46:59 +0900] "GET /authors/euske/" 200 - "http://www.google.co.jp/search?hl=ja&biw=981&bih=661&q=lispnyc.org+shinyama&aq=f&aqi=&aql=&oq=" "Mozilla/5.0 (iPad; U; CPU OS 4_2_1 like Mac OS X; ja-jp) AppleWebKit/533.17.9 (KHTML, like Gecko) Version/5.0.2 Mobile/8C148 Safari/6533.18.5"
118.108.136.151 - - [27/Feb/2011:18:48:05 +0900] "GET /what-if-lisp-was-invented-by-the-japanese" 200 - "http://lispnyc.org/blog/euske/authors/euske/" "Mozilla/5.0 (iPad; U; CPU OS 4_2_1 like Mac OS X; ja-jp) AppleWebKit/533.17.9 (KHTML, like Gecko) Version/5.0.2 Mobile/8C148 Safari/6533.18.5"
118.108.136.151 - - [27/Feb/2011:18:51:22 +0900] "GET /what-if-lisp-was-invented-by-the-japanese" 200 - "http://webcache.googleusercontent.com/search?q=cache:SMOEYiKVaNYJ:d.hatena.ne.jp/karasuyamatengu/20110213+hacker+news+shinyama&cd=2&hl=ja&ct=clnk&gl=jp&source=www.google.co.jp" "Mozilla/5.0 (iPad; U; CPU OS 4_2_1 like Mac OS X; ja-jp) AppleWebKit/533.17.9 (KHTML, like Gecko) Version/5.0.2 Mobile/8C148 Safari/6533.18.5"
118.108.136.151 - - [27/Feb/2011:18:55:34 +0900] "GET /authors/euske/" 200 - "http://webcache.googleusercontent.com/search?q=cache:SMOEYiKVaNYJ:d.hatena.ne.jp/karasuyamatengu/20110213+hacker+news+shinyama&cd=2&hl=ja&ct=clnk&gl=jp&source=www.google.co.jp" "Mozilla/5.0 (iPad; U; CPU OS 4_2_1 like Mac OS X; ja-jp) AppleWebKit/533.17.9 (KHTML, like Gecko) Version/5.0.2 Mobile/8C148 Safari/6533.18.5"
184.73.239.99 - - [27/Feb/2011:18:57:35 +0900] "HEAD /what-if-lisp-was-invented-by-the-japanese" 200 - - "Mozilla/5.0 (compatible; woriobot support [at] worio [dot] com +http://worio.com)"
66.249.72.8 - - [27/Feb/2011:19:00:18 +0900] "GET /replyToBlogEntry.action?entry=1297401660000&comment=1297625755177" 200 - - "Mozilla/5.0 (compatible; Googlebot/2.1; +http://www.google.com/bot.html)"
216.39.58.78 - - [27/Feb/2011:19:05:54 +0900] "GET /what-if-lisp-was-invented-by-the-japanese" 200 - - "Mozilla/5.0 (compatible; Yahoo Pipes 2.0; +http://developer.yahoo.com/yql/provider) Gecko/20090729 Firefox/3.5.2"
203.104.98.219 - - [27/Feb/2011:19:10:43 +0900] "GET /rss.xml" 304 - - "livedoor FeedFetcher/0.01 (http://reader.livedoor.com/; 1 subscriber)"
216.39.58.17 - - [27/Feb/2011:19:10:51 +0900] "GET /what-if-lisp-was-invented-by-the-japanese" 200 - - "Mozilla/5.0 (compatible; Yahoo Pipes 2.0; +http://developer.yahoo.com/yql/provider) Gecko/20090729 Firefox/3.5.2"
184.73.239.99 - - [27/Feb/2011:19:13:22 +0900] "HEAD /what-if-lisp-was-invented-by-the-japanese" 200 - - "Mozilla/5.0 (compatible; woriobot support [at] worio [dot] com +http://worio.com)"
184.73.239.99 - - [27/Feb/2011:19:30:18 +0900] "HEAD /what-if-lisp-was-invented-by-the-japanese" 200 - - "Mozilla/5.0 (compatible; woriobot support [at] worio [dot] com +http://worio.com)"
72.14.199.244 - - [27/Feb/2011:19:35:46 +0900] "GET /rss.xml" 304 - - "Feedfetcher-Google; (+http://www.google.com/feedfetcher.html; 4 subscribers; feed-id=1720132379870088030)"
66.249.72.8 - - [27/Feb/2011:19:41:29 +0900] "GET /replyToBlogEntry.action?entry=1297401660000&comment=1297643709154" 200 - - "Mozilla/5.0 (compatible; Googlebot/2.1; +http://www.google.com/bot.html)"
66.249.72.8 - - [27/Feb/2011:19:41:56 +0900] "GET /replyToBlogEntry.action?entry=1297401660000" 200 - - "Mozilla/5.0 (compatible; Googlebot/2.1; +http://www.google.com/bot.html)"
79.104.6.199 - - [27/Feb/2011:19:42:26 +0900] "GET /what-if-lisp-was-invented-by-the-japanese" 200 - - "Mozilla/5.0 (Macintosh; U; PPC Mac OS X 10_4_11; en) AppleWebKit/533.19.4 (KHTML, like Gecko) Vienna/2.3.4.2305"
72.14.199.244 - - [27/Feb/2011:19:43:55 +0900] "GET /atom.xml" 304 - - "Feedfetcher-Google; (+http://www.google.com/feedfetcher.html; 3 subscribers; feed-id=5146562804069246624)"
184.73.239.99 - - [27/Feb/2011:19:46:37 +0900] "HEAD /what-if-lisp-was-invented-by-the-japanese" 200 - - "Mozilla/5.0 (compatible; woriobot support [at] worio [dot] com +http://worio.com)"
184.73.239.99 - - [27/Feb/2011:20:02:41 +0900] "HEAD /what-if-lisp-was-invented-by-the-japanese" 200 - - "Mozilla/5.0 (compatible; woriobot support [at] worio [dot] com +http://worio.com)"
202.239.244.30 - - [27/Feb/2011:20:04:27 +0900] "GET /rss.xml" 200 - - "Feedfetcher-Google; (+http://www.google.com/feedfetcher.html)"
202.239.244.30 - - [27/Feb/2011:20:04:29 +0900] "GET /what-if-lisp-was-invented-by-the-japanese" 200 - - "Feedfetcher-Google; (+http://www.google.com/feedfetcher.html)"
209.131.41.48 - - [27/Feb/2011:20:07:54 +0900] "GET /what-if-lisp-was-invented-by-the-japanese" 200 - - "Mozilla/5.0 (compatible; Yahoo Pipes 2.0; +http://developer.yahoo.com/yql/provider) Gecko/20090729 Firefox/3.5.2"
67.195.114.220 - - [27/Feb/2011:20:11:12 +0900] "GET /2011/02/27" 200 - - "Mozilla/5.0 (compatible; Yahoo! Slurp; http://help.yahoo.com/help/us/ysearch/slurp)"
184.73.239.99 - - [27/Feb/2011:20:18:46 +0900] "HEAD /what-if-lisp-was-invented-by-the-japanese" 200 - - "Mozilla/5.0 (compatible; woriobot support [at] worio [dot] com +http://worio.com)"
125.6.162.3 - - [27/Feb/2011:20:20:57 +0900] "GET /atom.xml" 304 - - "Fastladder FeedFetcher/0.01 (http://fastladder.com/; 1 subscriber)"
72.14.199.244 - - [27/Feb/2011:20:27:26 +0900] "GET /rss.xml" 304 - - "Feedfetcher-Google; (+http://www.google.com/feedfetcher.html; 4 subscribers; feed-id=1720132379870088030)"
66.249.72.46 - - [27/Feb/2011:20:34:56 +0900] "GET /2011/02/23" 200 - - "Mozilla/5.0 (compatible; Googlebot/2.1; +http://www.google.com/bot.html)"
184.73.239.99 - - [27/Feb/2011:20:35:30 +0900] "HEAD /what-if-lisp-was-invented-by-the-japanese" 200 - - "Mozilla/5.0 (compatible; woriobot support [at] worio [dot] com +http://worio.com)"
66.249.72.46 - - [27/Feb/2011:20:44:32 +0900] "GET /2011/02/21" 200 - - "Mozilla/5.0 (compatible; Googlebot/2.1; +http://www.google.com/bot.html)"
72.14.199.244 - - [27/Feb/2011:20:51:05 +0900] "GET /atom.xml" 200 - - "Feedfetcher-Google; (+http://www.google.com/feedfetcher.html; 3 subscribers; feed-id=5146562804069246624)"
184.73.239.99 - - [27/Feb/2011:20:52:15 +0900] "HEAD /what-if-lisp-was-invented-by-the-japanese" 200 - - "Mozilla/5.0 (compatible; woriobot support [at] worio [dot] com +http://worio.com)"
66.249.72.46 - - [27/Feb/2011:20:54:08 +0900] "GET /2011/02/20" 200 - - "Mozilla/5.0 (compatible; Googlebot/2.1; +http://www.google.com/bot.html)"
216.39.58.17 - - [27/Feb/2011:21:07:49 +0900] "GET /what-if-lisp-was-invented-by-the-japanese" 200 - - "Mozilla/5.0 (compatible; Yahoo Pipes 2.0; +http://developer.yahoo.com/yql/provider) Gecko/20090729 Firefox/3.5.2"
184.73.239.99 - - [27/Feb/2011:21:08:11 +0900] "HEAD /what-if-lisp-was-invented-by-the-japanese" 200 - - "Mozilla/5.0 (compatible; woriobot support [at] worio [dot] com +http://worio.com)"
216.39.58.18 - - [27/Feb/2011:21:12:38 +0900] "GET /what-if-lisp-was-invented-by-the-japanese" 200 - - "Mozilla/5.0 (compatible; Yahoo Pipes 2.0; +http://developer.yahoo.com/yql/provider) Gecko/20090729 Firefox/3.5.2"
72.14.199.244 - - [27/Feb/2011:21:23:46 +0900] "GET /rss.xml" 304 - - "Feedfetcher-Google; (+http://www.google.com/feedfetcher.html; 4 subscribers; feed-id=1720132379870088030)"
66.249.72.8 - - [27/Feb/2011:21:24:25 +0900] "GET /replyToBlogEntry.action?entry=1297401660000&comment=1297618195677" 200 - - "Mozilla/5.0 (compatible; Googlebot/2.1; +http://www.google.com/bot.html)"
184.73.239.99 - - [27/Feb/2011:21:25:00 +0900] "HEAD /what-if-lisp-was-invented-by-the-japanese" 200 - - "Mozilla/5.0 (compatible; woriobot support [at] worio [dot] com +http://worio.com)"
203.104.98.219 - - [27/Feb/2011:21:25:45 +0900] "GET /rss.xml" 304 - - "livedoor FeedFetcher/0.01 (http://reader.livedoor.com/; 1 subscriber)"
184.73.239.99 - - [27/Feb/2011:21:40:32 +0900] "HEAD /what-if-lisp-was-invented-by-the-japanese" 200 - - "Mozilla/5.0 (compatible; woriobot support [at] worio [dot] com +http://worio.com)"
66.249.72.8 - - [27/Feb/2011:21:45:02 +0900] "GET /replyToBlogEntry.action?entry=1297401660000&comment=1297773779974" 200 - - "Mozilla/5.0 (compatible; Googlebot/2.1; +http://www.google.com/bot.html)"
81.97.70.44 - - [27/Feb/2011:21:55:28 +0900] "GET /what-if-lisp-was-invented-by-the-japanese" 200 - "http://www.reddit.com/r/lisp/" "Mozilla/5.0 (Windows; U; Windows NT 5.1; en-GB; rv:1.9.2.13) Gecko/20101203 Firefox/3.6.13 ( .NET CLR 3.5.30729)"
184.73.239.99 - - [27/Feb/2011:21:56:27 +0900] "HEAD /what-if-lisp-was-invented-by-the-japanese" 200 - - "Mozilla/5.0 (compatible; woriobot support [at] worio [dot] com +http://worio.com)"
72.14.199.244 - - [27/Feb/2011:21:57:57 +0900] "GET /atom.xml" 304 - - "Feedfetcher-Google; (+http://www.google.com/feedfetcher.html; 3 subscribers; feed-id=5146562804069246624)"
216.39.58.18 - - [27/Feb/2011:22:11:02 +0900] "GET /what-if-lisp-was-invented-by-the-japanese" 200 - - "Mozilla/5.0 (compatible; Yahoo Pipes 2.0; +http://developer.yahoo.com/yql/provider) Gecko/20090729 Firefox/3.5.2"
184.73.239.99 - - [27/Feb/2011:22:12:57 +0900] "HEAD /what-if-lisp-was-invented-by-the-japanese" 200 - - "Mozilla/5.0 (compatible; woriobot support [at] worio [dot] com +http://worio.com)"
72.14.199.244 - - [27/Feb/2011:22:15:06 +0900] "GET /rss.xml" 304 - - "Feedfetcher-Google; (+http://www.google.com/feedfetcher.html; 4 subscribers; feed-id=1720132379870088030)"
66.249.72.8 - - [27/Feb/2011:22:15:53 +0900] "GET /replyToBlogEntry.action?entry=1297401660000&comment=1297760248231" 200 - - "Mozilla/5.0 (compatible; Googlebot/2.1; +http://www.google.com/bot.html)"
203.104.98.218 - - [27/Feb/2011:22:22:08 +0900] "GET /rss.xml" 304 - - "livedoor FeedFetcher/0.01 (http://reader.livedoor.com/; 1 subscriber)"
184.73.239.99 - - [27/Feb/2011:22:29:06 +0900] "HEAD /what-if-lisp-was-invented-by-the-japanese" 200 - - "Mozilla/5.0 (compatible; woriobot support [at] worio [dot] com +http://worio.com)"
75.101.195.195 - - [27/Feb/2011:22:29:58 +0900] "GET /what-if-lisp-was-invented-by-the-japanese" 200 - - "PostRank/2.0 (postrank.com; 1 subscribers)"
66.249.72.8 - - [27/Feb/2011:22:36:28 +0900] "GET /replyToBlogEntry.action?entry=1297401660000&comment=1297728186695" 200 - - "Mozilla/5.0 (compatible; Googlebot/2.1; +http://www.google.com/bot.html)"
184.73.239.99 - - [27/Feb/2011:22:46:05 +0900] "HEAD /what-if-lisp-was-invented-by-the-japanese" 200 - - "Mozilla/5.0 (compatible; woriobot support [at] worio [dot] com +http://worio.com)"
66.249.72.8 - - [27/Feb/2011:22:46:46 +0900] "GET /replyToBlogEntry.action?entry=1297401660000&comment=1297710123628" 200 - - "Mozilla/5.0 (compatible; Googlebot/2.1; +http://www.google.com/bot.html)"
66.249.72.46 - - [27/Feb/2011:22:49:21 +0900] "GET /2011/02/22" 200 - - "Mozilla/5.0 (compatible; Googlebot/2.1; +http://www.google.com/bot.html)"
72.14.199.244 - - [27/Feb/2011:22:51:45 +0900] "GET /atom.xml" 200 - - "Feedfetcher-Google; (+http://www.google.com/feedfetcher.html; 3 subscribers; feed-id=5146562804069246624)"
184.73.239.99 - - [27/Feb/2011:23:03:52 +0900] "HEAD /what-if-lisp-was-invented-by-the-japanese" 200 - - "Mozilla/5.0 (compatible; woriobot support [at] worio [dot] com +http://worio.com)"
72.53.195.199 - - [27/Feb/2011:23:04:41 +0900] "GET /rss.xml" 200 - - "Mozilla/5.0 (Windows; U; Windows NT 5.1; en-US; rv:1.9.0.5) Gecko/2008120122 Firefox/3.0.5\r\n"
66.249.72.46 - - [27/Feb/2011:23:07:21 +0900] "GET /2011/02/22" 200 - - "Mozilla/5.0 (compatible; Googlebot/2.1; +http://www.google.com/bot.html)"
72.14.199.244 - - [27/Feb/2011:23:08:16 +0900] "GET /rss.xml" 304 - - "Feedfetcher-Google; (+http://www.google.com/feedfetcher.html; 4 subscribers; feed-id=1720132379870088030)"
216.39.58.17 - - [27/Feb/2011:23:09:48 +0900] "GET /what-if-lisp-was-invented-by-the-japanese" 200 - - "Mozilla/5.0 (compatible; Yahoo Pipes 2.0; +http://developer.yahoo.com/yql/provider) Gecko/20090729 Firefox/3.5.2"
216.39.58.78 - - [27/Feb/2011:23:15:05 +0900] "GET /what-if-lisp-was-invented-by-the-japanese" 200 - - "Mozilla/5.0 (compatible; Yahoo Pipes 2.0; +http://developer.yahoo.com/yql/provider) Gecko/20090729 Firefox/3.5.2"
184.73.239.99 - - [27/Feb/2011:23:19:57 +0900] "HEAD /what-if-lisp-was-invented-by-the-japanese" 200 - - "Mozilla/5.0 (compatible; woriobot support [at] worio [dot] com +http://worio.com)"
66.249.72.46 - - [27/Feb/2011:23:27:48 +0900] "GET /2011/02/19" 200 - - "Mozilla/5.0 (compatible; Googlebot/2.1; +http://www.google.com/bot.html)"
184.73.239.99 - - [27/Feb/2011:23:36:03 +0900] "HEAD /what-if-lisp-was-invented-by-the-japanese" 200 - - "Mozilla/5.0 (compatible; woriobot support [at] worio [dot] com +http://worio.com)"
72.14.199.244 - - [27/Feb/2011:23:46:45 +0900] "GET /atom.xml" 304 - - "Feedfetcher-Google; (+http://www.google.com/feedfetcher.html; 3 subscribers; feed-id=5146562804069246624)"
