216.39.58.17 - - [06/Mar/2011:00:01:18 +0900] "GET /what-if-lisp-was-invented-by-the-japanese" 200 - - "Mozilla/5.0 (compatible; Yahoo Pipes 2.0; +http://developer.yahoo.com/yql/provider) Gecko/20090729 Firefox/3.5.2"
125.6.162.3 - - [06/Mar/2011:00:10:22 +0900] "GET /atom.xml" 304 - - "Fastladder FeedFetcher/0.01 (http://fastladder.com/; 1 subscriber)"
72.14.199.244 - - [06/Mar/2011:00:13:27 +0900] "GET /rss.xml" 304 - - "Feedfetcher-Google; (+http://www.google.com/feedfetcher.html; 4 subscribers; feed-id=1720132379870088030)"
72.14.199.244 - - [06/Mar/2011:00:22:06 +0900] "GET /atom.xml" 200 - - "Feedfetcher-Google; (+http://www.google.com/feedfetcher.html; 3 subscribers; feed-id=5146562804069246624)"
62.231.141.193 - - [06/Mar/2011:00:26:17 +0900] "GET /what-if-lisp-was-invented-by-the-japanese" 200 - - "Mozilla/5.0 (compatible; MJ12bot/v1.3.3; http://www.majestic12.co.uk/bot.php?+)"
66.249.72.8 - - [06/Mar/2011:00:26:18 +0900] "GET /tags/books/" 200 - - "Mozilla/5.0 (compatible; Googlebot/2.1; +http://www.google.com/bot.html)"
66.249.72.8 - - [06/Mar/2011:00:37:09 +0900] "GET /2011/02/27" 200 - - "Mozilla/5.0 (compatible; Googlebot/2.1; +http://www.google.com/bot.html)"
67.195.114.220 - - [06/Mar/2011:00:43:27 +0900] "GET /what-if-lisp-was-invented-by-the-japanese" 200 - - "Mozilla/5.0 (compatible; Yahoo! Slurp; http://help.yahoo.com/help/us/ysearch/slurp)"
67.195.114.220 - - [06/Mar/2011:00:44:34 +0900] "GET /replyToBlogEntry.action?entry=1296823440000&comment=1296865141903" 200 - - "Mozilla/5.0 (compatible; Yahoo! Slurp; http://help.yahoo.com/help/us/ysearch/slurp)"
67.195.114.220 - - [06/Mar/2011:00:44:38 +0900] "GET /2011/03/06" 200 - - "Mozilla/5.0 (compatible; Yahoo! Slurp; http://help.yahoo.com/help/us/ysearch/slurp)"
174.120.186.2 - - [06/Mar/2011:00:47:06 +0900] "GET /what-if-lisp-was-invented-by-the-japanese" 200 - - "Mozilla/5.0 (Windows; U; Windows NT 5.2; en-US; rv:1.9.1.4) Gecko/20091007 Firefox/3.5.4"
174.120.186.2 - - [06/Mar/2011:00:47:07 +0900] "GET /what-if-lisp-was-invented-by-the-japanese" 200 - - "Mozilla/5.0 (Macintosh; U; Intel Mac OS X 10.5; en-US; rv:1.9.0.7) Gecko/2009021906 Firefox/3.0.7"
83.87.77.130 - - [06/Mar/2011:00:57:25 +0900] "GET /what-if-lisp-was-invented-by-the-japanese" 200 - "http://www.reddit.com/r/programming/?count=425&after=t3_fl6i0" "Mozilla/5.0 (Windows; U; Windows NT 6.0; en-US; rv:1.9.1.6) Gecko/20091201 Firefox/3.5.6"
66.249.72.8 - - [06/Mar/2011:01:04:48 +0900] "GET /2011/03/03" 200 - - "Mozilla/5.0 (compatible; Googlebot/2.1; +http://www.google.com/bot.html)"
216.39.58.18 - - [06/Mar/2011:01:09:27 +0900] "GET /what-if-lisp-was-invented-by-the-japanese" 200 - - "Mozilla/5.0 (compatible; Yahoo Pipes 2.0; +http://developer.yahoo.com/yql/provider) Gecko/20090729 Firefox/3.5.2"
72.14.199.244 - - [06/Mar/2011:01:12:57 +0900] "GET /rss.xml" 304 - - "Feedfetcher-Google; (+http://www.google.com/feedfetcher.html; 4 subscribers; feed-id=1720132379870088030)"
72.14.199.244 - - [06/Mar/2011:01:23:24 +0900] "GET /atom.xml" 304 - - "Feedfetcher-Google; (+http://www.google.com/feedfetcher.html; 3 subscribers; feed-id=5146562804069246624)"
203.104.98.220 - - [06/Mar/2011:01:42:43 +0900] "GET /rss.xml" 304 - - "livedoor FeedFetcher/0.01 (http://reader.livedoor.com/; 1 subscriber)"
66.249.72.8 - - [06/Mar/2011:01:43:09 +0900] "GET /2011/02/12" 200 - - "Mozilla/5.0 (compatible; Googlebot/2.1; +http://www.google.com/bot.html)"
66.249.72.8 - - [06/Mar/2011:01:50:11 +0900] "GET /2011/03/06" 200 - - "Mozilla/5.0 (compatible; Googlebot/2.1; +http://www.google.com/bot.html)"
203.104.98.220 - - [06/Mar/2011:02:04:33 +0900] "GET /rss.xml" 304 - - "livedoor FeedFetcher/0.01 (http://reader.livedoor.com/; 1 subscriber)"
216.39.58.78 - - [06/Mar/2011:02:16:08 +0900] "GET /what-if-lisp-was-invented-by-the-japanese" 200 - - "Mozilla/5.0 (compatible; Yahoo Pipes 2.0; +http://developer.yahoo.com/yql/provider) Gecko/20090729 Firefox/3.5.2"
88.161.182.40 - - [06/Mar/2011:02:16:42 +0900] "GET /what-if-lisp-was-invented-by-the-japanese" 200 - - "Mozilla/5.0 (X11; U; Linux i686; en-US) AppleWebKit/534.13 (KHTML, like Gecko) Ubuntu/10.10 Chromium/9.0.597.107 Chrome/9.0.597.107 Safari/534.13"
72.14.199.244 - - [06/Mar/2011:02:18:17 +0900] "GET /rss.xml" 200 - - "Feedfetcher-Google; (+http://www.google.com/feedfetcher.html; 4 subscribers; feed-id=1720132379870088030)"
67.195.114.220 - - [06/Mar/2011:02:19:37 +0900] "GET /generateTrackBackLink.action?entry=1296823440000" 200 - - "Mozilla/5.0 (compatible; Yahoo! Slurp; http://help.yahoo.com/help/us/ysearch/slurp)"
209.131.41.48 - - [06/Mar/2011:02:21:50 +0900] "GET /what-if-lisp-was-invented-by-the-japanese" 200 - - "Mozilla/5.0 (compatible; Yahoo Pipes 2.0; +http://developer.yahoo.com/yql/provider) Gecko/20090729 Firefox/3.5.2"
72.14.199.244 - - [06/Mar/2011:02:24:36 +0900] "GET /atom.xml" 304 - - "Feedfetcher-Google; (+http://www.google.com/feedfetcher.html; 3 subscribers; feed-id=5146562804069246624)"
72.14.199.244 - - [06/Mar/2011:03:16:56 +0900] "GET /atom.xml" 304 - - "Feedfetcher-Google; (+http://www.google.com/feedfetcher.html; 3 subscribers; feed-id=5146562804069246624)"
72.14.199.244 - - [06/Mar/2011:03:21:26 +0900] "GET /rss.xml" 304 - - "Feedfetcher-Google; (+http://www.google.com/feedfetcher.html; 4 subscribers; feed-id=1720132379870088030)"
216.39.58.78 - - [06/Mar/2011:03:28:08 +0900] "GET /what-if-lisp-was-invented-by-the-japanese" 200 - - "Mozilla/5.0 (compatible; Yahoo Pipes 2.0; +http://developer.yahoo.com/yql/provider) Gecko/20090729 Firefox/3.5.2"
89.42.139.114 - - [06/Mar/2011:03:36:50 +0900] "GET /what-if-lisp-was-invented-by-the-japanese" 200 - "http://www.reddit.com/toolbar/inner?id=t3_fl6is" "Mozilla/5.0 (Macintosh; Intel Mac OS X 10.7; rv:2.0b12) Gecko/20100101 Firefox/4.0b12"
118.243.141.241 - - [06/Mar/2011:03:38:55 +0900] "GET /atom.xml" 304 - - "samidare"
72.53.195.199 - - [06/Mar/2011:04:14:40 +0900] "GET /rss.xml" 200 - - "Mozilla/5.0 (Windows; U; Windows NT 5.1; en-US; rv:1.9.0.5) Gecko/2008120122 Firefox/3.0.5\r\n"
72.14.199.244 - - [06/Mar/2011:04:16:17 +0900] "GET /rss.xml" 304 - - "Feedfetcher-Google; (+http://www.google.com/feedfetcher.html; 4 subscribers; feed-id=1720132379870088030)"
72.14.199.244 - - [06/Mar/2011:04:25:46 +0900] "GET /atom.xml" 304 - - "Feedfetcher-Google; (+http://www.google.com/feedfetcher.html; 3 subscribers; feed-id=5146562804069246624)"
209.131.41.49 - - [06/Mar/2011:04:36:35 +0900] "GET /what-if-lisp-was-invented-by-the-japanese" 200 - - "Mozilla/5.0 (compatible; Yahoo Pipes 2.0; +http://developer.yahoo.com/yql/provider) Gecko/20090729 Firefox/3.5.2"
216.39.58.78 - - [06/Mar/2011:04:42:44 +0900] "GET /what-if-lisp-was-invented-by-the-japanese" 200 - - "Mozilla/5.0 (compatible; Yahoo Pipes 2.0; +http://developer.yahoo.com/yql/provider) Gecko/20090729 Firefox/3.5.2"
203.104.98.218 - - [06/Mar/2011:04:59:35 +0900] "GET /rss.xml" 304 - - "livedoor FeedFetcher/0.01 (http://reader.livedoor.com/; 1 subscriber)"
72.14.199.244 - - [06/Mar/2011:05:19:27 +0900] "GET /rss.xml" 304 - - "Feedfetcher-Google; (+http://www.google.com/feedfetcher.html; 4 subscribers; feed-id=1720132379870088030)"
203.104.98.218 - - [06/Mar/2011:05:20:26 +0900] "GET /rss.xml" 304 - - "livedoor FeedFetcher/0.01 (http://reader.livedoor.com/; 1 subscriber)"
72.14.199.244 - - [06/Mar/2011:05:22:46 +0900] "GET /atom.xml" 304 - - "Feedfetcher-Google; (+http://www.google.com/feedfetcher.html; 3 subscribers; feed-id=5146562804069246624)"
216.39.58.78 - - [06/Mar/2011:05:50:54 +0900] "GET /what-if-lisp-was-invented-by-the-japanese" 200 - - "Mozilla/5.0 (compatible; Yahoo Pipes 2.0; +http://developer.yahoo.com/yql/provider) Gecko/20090729 Firefox/3.5.2"
72.14.199.244 - - [06/Mar/2011:06:19:48 +0900] "GET /rss.xml" 304 - - "Feedfetcher-Google; (+http://www.google.com/feedfetcher.html; 4 subscribers; feed-id=1720132379870088030)"
72.14.199.244 - - [06/Mar/2011:06:27:37 +0900] "GET /atom.xml" 304 - - "Feedfetcher-Google; (+http://www.google.com/feedfetcher.html; 3 subscribers; feed-id=5146562804069246624)"
202.239.244.30 - - [06/Mar/2011:06:40:15 +0900] "GET /rss.xml" 200 - - "Feedfetcher-Google; (+http://www.google.com/feedfetcher.html)"
216.39.58.17 - - [06/Mar/2011:07:00:00 +0900] "GET /what-if-lisp-was-invented-by-the-japanese" 200 - - "Mozilla/5.0 (compatible; Yahoo Pipes 2.0; +http://developer.yahoo.com/yql/provider) Gecko/20090729 Firefox/3.5.2"
216.39.58.17 - - [06/Mar/2011:07:05:32 +0900] "GET /what-if-lisp-was-invented-by-the-japanese" 200 - - "Mozilla/5.0 (compatible; Yahoo Pipes 2.0; +http://developer.yahoo.com/yql/provider) Gecko/20090729 Firefox/3.5.2"
66.249.72.8 - - [06/Mar/2011:07:10:23 +0900] "GET /what-if-lisp-was-invented-by-the-japanese" 200 - - "Mozilla/5.0 (compatible; Googlebot/2.1; +http://www.google.com/bot.html)"
72.14.199.244 - - [06/Mar/2011:07:19:15 +0900] "GET /rss.xml" 304 - - "Feedfetcher-Google; (+http://www.google.com/feedfetcher.html; 4 subscribers; feed-id=1720132379870088030)"
118.15.53.48 - - [06/Mar/2011:07:20:06 +0900] "GET /what-if-lisp-was-invented-by-the-japanese%09%09%09%09%09" 404 - "http://goo.gl/zJ947" "Mozilla/4.0 (compatible; MSIE 8.0; Windows NT 5.1; Trident/4.0; Q312461; .NET CLR 1.0.3705; .NET CLR 1.1.4322; .NET CLR 2.0.50727)"
72.14.199.244 - - [06/Mar/2011:08:02:18 +0900] "GET /atom.xml" 304 - - "Feedfetcher-Google; (+http://www.google.com/feedfetcher.html; 3 subscribers; feed-id=5146562804069246624)"
203.104.98.220 - - [06/Mar/2011:08:03:29 +0900] "GET /rss.xml" 304 - - "livedoor FeedFetcher/0.01 (http://reader.livedoor.com/; 1 subscriber)"
66.249.72.8 - - [06/Mar/2011:08:09:08 +0900] "GET /2011/02/28" 200 - - "Mozilla/5.0 (compatible; Googlebot/2.1; +http://www.google.com/bot.html)"
216.39.58.78 - - [06/Mar/2011:08:12:27 +0900] "GET /what-if-lisp-was-invented-by-the-japanese" 200 - - "Mozilla/5.0 (compatible; Yahoo Pipes 2.0; +http://developer.yahoo.com/yql/provider) Gecko/20090729 Firefox/3.5.2"
72.14.199.244 - - [06/Mar/2011:08:29:15 +0900] "GET /rss.xml" 304 - - "Feedfetcher-Google; (+http://www.google.com/feedfetcher.html; 4 subscribers; feed-id=1720132379870088030)"
203.104.98.220 - - [06/Mar/2011:08:29:39 +0900] "GET /rss.xml" 304 - - "livedoor FeedFetcher/0.01 (http://reader.livedoor.com/; 1 subscriber)"
72.14.199.244 - - [06/Mar/2011:08:58:08 +0900] "GET /atom.xml" 304 - - "Feedfetcher-Google; (+http://www.google.com/feedfetcher.html; 3 subscribers; feed-id=5146562804069246624)"
216.39.58.18 - - [06/Mar/2011:09:19:06 +0900] "GET /what-if-lisp-was-invented-by-the-japanese" 200 - - "Mozilla/5.0 (compatible; Yahoo Pipes 2.0; +http://developer.yahoo.com/yql/provider) Gecko/20090729 Firefox/3.5.2"
209.131.41.49 - - [06/Mar/2011:09:24:44 +0900] "GET /what-if-lisp-was-invented-by-the-japanese" 200 - - "Mozilla/5.0 (compatible; Yahoo Pipes 2.0; +http://developer.yahoo.com/yql/provider) Gecko/20090729 Firefox/3.5.2"
72.14.199.244 - - [06/Mar/2011:09:26:32 +0900] "GET /rss.xml" 304 - - "Feedfetcher-Google; (+http://www.google.com/feedfetcher.html; 4 subscribers; feed-id=1720132379870088030)"
72.14.199.244 - - [06/Mar/2011:09:58:37 +0900] "GET /atom.xml" 200 - - "Feedfetcher-Google; (+http://www.google.com/feedfetcher.html; 3 subscribers; feed-id=5146562804069246624)"
66.249.72.8 - - [06/Mar/2011:10:27:40 +0900] "GET /1299156002439" 404 - - "Mozilla/5.0 (compatible; Googlebot/2.1; +http://www.google.com/bot.html)"
72.14.199.244 - - [06/Mar/2011:10:29:21 +0900] "GET /rss.xml" 304 - - "Feedfetcher-Google; (+http://www.google.com/feedfetcher.html; 4 subscribers; feed-id=1720132379870088030)"
216.39.58.17 - - [06/Mar/2011:10:31:18 +0900] "GET /what-if-lisp-was-invented-by-the-japanese" 200 - - "Mozilla/5.0 (compatible; Yahoo Pipes 2.0; +http://developer.yahoo.com/yql/provider) Gecko/20090729 Firefox/3.5.2"
66.249.72.8 - - [06/Mar/2011:10:36:24 +0900] "GET /1299156002439" 404 - - "Mozilla/5.0 (compatible; Googlebot/2.1; +http://www.google.com/bot.html)"
72.14.199.244 - - [06/Mar/2011:10:58:57 +0900] "GET /atom.xml" 304 - - "Feedfetcher-Google; (+http://www.google.com/feedfetcher.html; 3 subscribers; feed-id=5146562804069246624)"
203.104.98.220 - - [06/Mar/2011:11:07:02 +0900] "GET /rss.xml" 304 - - "livedoor FeedFetcher/0.01 (http://reader.livedoor.com/; 1 subscriber)"
203.104.98.219 - - [06/Mar/2011:11:32:53 +0900] "GET /rss.xml" 304 - - "livedoor FeedFetcher/0.01 (http://reader.livedoor.com/; 1 subscriber)"
72.14.199.244 - - [06/Mar/2011:11:37:01 +0900] "GET /rss.xml" 304 - - "Feedfetcher-Google; (+http://www.google.com/feedfetcher.html; 4 subscribers; feed-id=1720132379870088030)"
118.243.141.241 - - [06/Mar/2011:11:38:51 +0900] "GET /atom.xml" 304 - - "samidare"
216.39.58.18 - - [06/Mar/2011:11:40:39 +0900] "GET /what-if-lisp-was-invented-by-the-japanese" 200 - - "Mozilla/5.0 (compatible; Yahoo Pipes 2.0; +http://developer.yahoo.com/yql/provider) Gecko/20090729 Firefox/3.5.2"
216.39.58.18 - - [06/Mar/2011:11:46:41 +0900] "GET /what-if-lisp-was-invented-by-the-japanese" 200 - - "Mozilla/5.0 (compatible; Yahoo Pipes 2.0; +http://developer.yahoo.com/yql/provider) Gecko/20090729 Firefox/3.5.2"
72.14.199.244 - - [06/Mar/2011:11:56:47 +0900] "GET /atom.xml" 304 - - "Feedfetcher-Google; (+http://www.google.com/feedfetcher.html; 3 subscribers; feed-id=5146562804069246624)"
67.195.112.43 - - [06/Mar/2011:12:30:29 +0900] "GET /what-if-lisp-was-invented-by-the-japanese" 200 - - "Mozilla/5.0 (compatible; Yahoo! Slurp; http://help.yahoo.com/help/us/ysearch/slurp)"
72.14.199.244 - - [06/Mar/2011:12:32:42 +0900] "GET /rss.xml" 304 - - "Feedfetcher-Google; (+http://www.google.com/feedfetcher.html; 4 subscribers; feed-id=1720132379870088030)"
216.39.58.78 - - [06/Mar/2011:12:55:34 +0900] "GET /what-if-lisp-was-invented-by-the-japanese" 200 - - "Mozilla/5.0 (compatible; Yahoo Pipes 2.0; +http://developer.yahoo.com/yql/provider) Gecko/20090729 Firefox/3.5.2"
72.14.199.244 - - [06/Mar/2011:13:05:36 +0900] "GET /atom.xml" 304 - - "Feedfetcher-Google; (+http://www.google.com/feedfetcher.html; 3 subscribers; feed-id=5146562804069246624)"
72.14.199.244 - - [06/Mar/2011:13:34:41 +0900] "GET /rss.xml" 304 - - "Feedfetcher-Google; (+http://www.google.com/feedfetcher.html; 4 subscribers; feed-id=1720132379870088030)"
66.249.72.46 - - [06/Mar/2011:13:41:44 +0900] "GET /" 200 - - "Mozilla/5.0 (compatible; Googlebot/2.1; +http://www.google.com/bot.html)"
216.39.58.18 - - [06/Mar/2011:14:04:06 +0900] "GET /what-if-lisp-was-invented-by-the-japanese" 200 - - "Mozilla/5.0 (compatible; Yahoo Pipes 2.0; +http://developer.yahoo.com/yql/provider) Gecko/20090729 Firefox/3.5.2"
216.39.58.18 - - [06/Mar/2011:14:09:42 +0900] "GET /what-if-lisp-was-invented-by-the-japanese" 200 - - "Mozilla/5.0 (compatible; Yahoo Pipes 2.0; +http://developer.yahoo.com/yql/provider) Gecko/20090729 Firefox/3.5.2"
71.246.95.105 - - [06/Mar/2011:14:11:39 +0900] "GET /what-if-lisp-was-invented-by-the-japanese" 200 - "http://www.reddit.com/r/linguistics/search?q=japanese&restrict_sr=on" "Mozilla/5.0 (Windows; U; Windows NT 6.1; en-US) AppleWebKit/534.16 (KHTML, like Gecko) Chrome/10.0.648.127 Safari/534.16"
72.14.199.244 - - [06/Mar/2011:14:13:16 +0900] "GET /atom.xml" 304 - - "Feedfetcher-Google; (+http://www.google.com/feedfetcher.html; 3 subscribers; feed-id=5146562804069246624)"
203.104.98.218 - - [06/Mar/2011:14:17:01 +0900] "GET /rss.xml" 304 - - "livedoor FeedFetcher/0.01 (http://reader.livedoor.com/; 1 subscriber)"
211.43.152.49 - - [06/Mar/2011:14:21:23 +0900] "GET /atom.xml" 200 - - "Mozilla/5.0 Firefox/3.0.5"
203.104.98.220 - - [06/Mar/2011:14:37:23 +0900] "GET /rss.xml" 304 - - "livedoor FeedFetcher/0.01 (http://reader.livedoor.com/; 1 subscriber)"
72.14.199.244 - - [06/Mar/2011:14:44:18 +0900] "GET /rss.xml" 304 - - "Feedfetcher-Google; (+http://www.google.com/feedfetcher.html; 4 subscribers; feed-id=1720132379870088030)"
208.115.111.75 - - [06/Mar/2011:14:59:21 +0900] "GET /search.action" 200 - - "Mozilla/5.0 (compatible; Ezooms/1.0; ezooms.bot@gmail.com)"
72.14.199.244 - - [06/Mar/2011:15:05:56 +0900] "GET /atom.xml" 304 - - "Feedfetcher-Google; (+http://www.google.com/feedfetcher.html; 3 subscribers; feed-id=5146562804069246624)"
66.249.72.46 - - [06/Mar/2011:15:09:26 +0900] "GET /" 200 - - "Mozilla/5.0 (compatible; Googlebot/2.1; +http://www.google.com/bot.html)"
216.39.58.18 - - [06/Mar/2011:15:13:54 +0900] "GET /what-if-lisp-was-invented-by-the-japanese" 200 - - "Mozilla/5.0 (compatible; Yahoo Pipes 2.0; +http://developer.yahoo.com/yql/provider) Gecko/20090729 Firefox/3.5.2"
72.14.199.244 - - [06/Mar/2011:15:41:31 +0900] "GET /rss.xml" 304 - - "Feedfetcher-Google; (+http://www.google.com/feedfetcher.html; 4 subscribers; feed-id=1720132379870088030)"
72.14.199.244 - - [06/Mar/2011:15:57:46 +0900] "GET /atom.xml" 304 - - "Feedfetcher-Google; (+http://www.google.com/feedfetcher.html; 3 subscribers; feed-id=5146562804069246624)"
209.131.41.48 - - [06/Mar/2011:16:18:50 +0900] "GET /what-if-lisp-was-invented-by-the-japanese" 200 - - "Mozilla/5.0 (compatible; Yahoo Pipes 2.0; +http://developer.yahoo.com/yql/provider) Gecko/20090729 Firefox/3.5.2"
216.39.58.18 - - [06/Mar/2011:16:23:52 +0900] "GET /what-if-lisp-was-invented-by-the-japanese" 200 - - "Mozilla/5.0 (compatible; Yahoo Pipes 2.0; +http://developer.yahoo.com/yql/provider) Gecko/20090729 Firefox/3.5.2"
72.14.199.244 - - [06/Mar/2011:16:43:01 +0900] "GET /rss.xml" 304 - - "Feedfetcher-Google; (+http://www.google.com/feedfetcher.html; 4 subscribers; feed-id=1720132379870088030)"
82.247.243.54 - - [06/Mar/2011:17:00:48 +0900] "GET /authors/euske/" 200 - "http://www.google.com/search?hl=en&source=hp&biw=1343&bih=636&q=Yusuke+Shinyama&btnG=Google+Search" "Mozilla/5.0 (X11; U; Linux x86_64; en-US; rv:1.9.2.13) Gecko/20110103 Fedora/3.6.13-1.fc14 Firefox/3.6.13"
72.14.199.244 - - [06/Mar/2011:17:02:46 +0900] "GET /atom.xml" 304 - - "Feedfetcher-Google; (+http://www.google.com/feedfetcher.html; 3 subscribers; feed-id=5146562804069246624)"
218.228.145.149 - - [06/Mar/2011:17:04:00 +0900] "GET /what-if-lisp-was-invented-by-the-japanese" 200 - "http://d.hatena.ne.jp/karasuyamatengu/20110213/1297625934" "Mozilla/5.0 (X11; U; Linux x86_64; en-US; rv:1.9.2.13) Gecko/20101230 Firefox/3.6.13"
82.247.243.54 - - [06/Mar/2011:17:05:08 +0900] "GET /authors/euske/" 200 - "http://www.google.com/search?hl=en&source=hp&biw=1343&bih=636&q=Yusuke+Shinyama&btnG=Google+Search" "Mozilla/5.0 (X11; U; Linux x86_64; en-US; rv:1.9.2.13) Gecko/20110103 Fedora/3.6.13-1.fc14 Firefox/3.6.13"
203.104.98.218 - - [06/Mar/2011:17:23:35 +0900] "GET /rss.xml" 304 - - "livedoor FeedFetcher/0.01 (http://reader.livedoor.com/; 1 subscriber)"
216.39.58.78 - - [06/Mar/2011:17:28:15 +0900] "GET /what-if-lisp-was-invented-by-the-japanese" 200 - - "Mozilla/5.0 (compatible; Yahoo Pipes 2.0; +http://developer.yahoo.com/yql/provider) Gecko/20090729 Firefox/3.5.2"
203.104.98.220 - - [06/Mar/2011:17:47:48 +0900] "GET /rss.xml" 304 - - "livedoor FeedFetcher/0.01 (http://reader.livedoor.com/; 1 subscriber)"
72.14.199.244 - - [06/Mar/2011:17:52:31 +0900] "GET /rss.xml" 304 - - "Feedfetcher-Google; (+http://www.google.com/feedfetcher.html; 4 subscribers; feed-id=1720132379870088030)"
72.14.199.244 - - [06/Mar/2011:18:03:17 +0900] "GET /atom.xml" 200 - - "Feedfetcher-Google; (+http://www.google.com/feedfetcher.html; 3 subscribers; feed-id=5146562804069246624)"
77.75.73.123 - - [06/Mar/2011:18:11:22 +0900] "GET /what-if-lisp-was-invented-by-the-japanese" 200 - - "SeznamBot/2.0 (+http://fulltext.sblog.cz/robot/)"
216.39.58.17 - - [06/Mar/2011:18:32:50 +0900] "GET /what-if-lisp-was-invented-by-the-japanese" 200 - - "Mozilla/5.0 (compatible; Yahoo Pipes 2.0; +http://developer.yahoo.com/yql/provider) Gecko/20090729 Firefox/3.5.2"
216.39.58.17 - - [06/Mar/2011:18:38:43 +0900] "GET /what-if-lisp-was-invented-by-the-japanese" 200 - - "Mozilla/5.0 (compatible; Yahoo Pipes 2.0; +http://developer.yahoo.com/yql/provider) Gecko/20090729 Firefox/3.5.2"
72.14.199.244 - - [06/Mar/2011:18:45:21 +0900] "GET /rss.xml" 304 - - "Feedfetcher-Google; (+http://www.google.com/feedfetcher.html; 4 subscribers; feed-id=1720132379870088030)"
72.14.199.244 - - [06/Mar/2011:18:58:56 +0900] "GET /atom.xml" 200 - - "Feedfetcher-Google; (+http://www.google.com/feedfetcher.html; 3 subscribers; feed-id=5146562804069246624)"
208.115.111.75 - - [06/Mar/2011:19:00:09 +0900] "GET /replyToBlogEntry.action?entry=1297401660000&comment=1297596963430" 200 - - "Mozilla/5.0 (compatible; Ezooms/1.0; ezooms.bot@gmail.com)"
216.39.58.78 - - [06/Mar/2011:19:42:00 +0900] "GET /what-if-lisp-was-invented-by-the-japanese" 200 - - "Mozilla/5.0 (compatible; Yahoo Pipes 2.0; +http://developer.yahoo.com/yql/provider) Gecko/20090729 Firefox/3.5.2"
87.91.112.181 - - [06/Mar/2011:19:42:38 +0900] "GET /secret-alien-technology-ftw" 200 - - "Mozilla/5.0 (compatible; Konqueror/4.6; Linux) KHTML/4.6.0 (like Gecko)"
72.14.199.244 - - [06/Mar/2011:19:52:19 +0900] "GET /rss.xml" 304 - - "Feedfetcher-Google; (+http://www.google.com/feedfetcher.html; 4 subscribers; feed-id=1720132379870088030)"
72.14.199.244 - - [06/Mar/2011:20:02:26 +0900] "GET /atom.xml" 304 - - "Feedfetcher-Google; (+http://www.google.com/feedfetcher.html; 3 subscribers; feed-id=5146562804069246624)"
125.6.162.3 - - [06/Mar/2011:20:24:40 +0900] "GET /atom.xml" 304 - - "Fastladder FeedFetcher/0.01 (http://fastladder.com/; 1 subscriber)"
203.104.98.219 - - [06/Mar/2011:20:31:48 +0900] "GET /rss.xml" 304 - - "livedoor FeedFetcher/0.01 (http://reader.livedoor.com/; 1 subscriber)"
118.1.192.146 - - [06/Mar/2011:20:36:29 +0900] "GET /" 200 - - "Mozilla/4.0 (compatible; MSIE 8.0; Windows NT 6.1; WOW64; Trident/4.0; SLCC2; .NET CLR 2.0.50727; .NET CLR 3.5.30729; .NET CLR 3.0.30729; Media Center PC 6.0; .NET4.0C)"
216.39.58.78 - - [06/Mar/2011:20:47:24 +0900] "GET /what-if-lisp-was-invented-by-the-japanese" 200 - - "Mozilla/5.0 (compatible; Yahoo Pipes 2.0; +http://developer.yahoo.com/yql/provider) Gecko/20090729 Firefox/3.5.2"
72.14.199.244 - - [06/Mar/2011:20:51:21 +0900] "GET /rss.xml" 304 - - "Feedfetcher-Google; (+http://www.google.com/feedfetcher.html; 4 subscribers; feed-id=1720132379870088030)"
216.39.58.78 - - [06/Mar/2011:20:52:50 +0900] "GET /what-if-lisp-was-invented-by-the-japanese" 200 - - "Mozilla/5.0 (compatible; Yahoo Pipes 2.0; +http://developer.yahoo.com/yql/provider) Gecko/20090729 Firefox/3.5.2"
72.14.199.244 - - [06/Mar/2011:20:53:46 +0900] "GET /atom.xml" 200 - - "Feedfetcher-Google; (+http://www.google.com/feedfetcher.html; 3 subscribers; feed-id=5146562804069246624)"
203.104.98.220 - - [06/Mar/2011:20:55:00 +0900] "GET /rss.xml" 304 - - "livedoor FeedFetcher/0.01 (http://reader.livedoor.com/; 1 subscriber)"
72.14.199.244 - - [06/Mar/2011:21:52:56 +0900] "GET /atom.xml" 200 - - "Feedfetcher-Google; (+http://www.google.com/feedfetcher.html; 3 subscribers; feed-id=5146562804069246624)"
72.14.199.244 - - [06/Mar/2011:21:53:01 +0900] "GET /rss.xml" 304 - - "Feedfetcher-Google; (+http://www.google.com/feedfetcher.html; 4 subscribers; feed-id=1720132379870088030)"
216.39.58.78 - - [06/Mar/2011:22:01:42 +0900] "GET /what-if-lisp-was-invented-by-the-japanese" 200 - - "Mozilla/5.0 (compatible; Yahoo Pipes 2.0; +http://developer.yahoo.com/yql/provider) Gecko/20090729 Firefox/3.5.2"
216.39.58.78 - - [06/Mar/2011:22:01:43 +0900] "GET /what-if-lisp-was-invented-by-the-japanese" 200 - - "Mozilla/5.0 (compatible; Yahoo Pipes 2.0; +http://developer.yahoo.com/yql/provider) Gecko/20090729 Firefox/3.5.2"
67.195.114.220 - - [06/Mar/2011:22:13:21 +0900] "GET /what-if-lisp-was-invented-by-the-japanese" 200 - - "Mozilla/5.0 (compatible; Yahoo! Slurp; http://help.yahoo.com/help/us/ysearch/slurp)"
202.239.244.30 - - [06/Mar/2011:22:20:39 +0900] "GET /rss.xml" 200 - - "Feedfetcher-Google; (+http://www.google.com/feedfetcher.html)"
66.249.72.8 - - [06/Mar/2011:22:41:49 +0900] "GET /authors/euske/" 200 - - "Mozilla/5.0 (compatible; Googlebot/2.1; +http://www.google.com/bot.html)"
72.14.199.244 - - [06/Mar/2011:22:45:51 +0900] "GET /rss.xml" 304 - - "Feedfetcher-Google; (+http://www.google.com/feedfetcher.html; 4 subscribers; feed-id=1720132379870088030)"
72.14.199.244 - - [06/Mar/2011:23:00:46 +0900] "GET /atom.xml" 304 - - "Feedfetcher-Google; (+http://www.google.com/feedfetcher.html; 3 subscribers; feed-id=5146562804069246624)"
67.195.114.220 - - [06/Mar/2011:23:02:42 +0900] "GET /authors/euske/rss.xml" 200 - - "Mozilla/5.0 (compatible; Yahoo! Slurp; http://help.yahoo.com/help/us/ysearch/slurp)"
207.46.13.139 - - [06/Mar/2011:23:04:39 +0900] "GET /secret-alien-technology-ftw" 200 - - "Mozilla/5.0 (compatible; bingbot/2.0; +http://www.bing.com/bingbot.htm)"
216.39.58.78 - - [06/Mar/2011:23:08:03 +0900] "GET /what-if-lisp-was-invented-by-the-japanese" 200 - - "Mozilla/5.0 (compatible; Yahoo Pipes 2.0; +http://developer.yahoo.com/yql/provider) Gecko/20090729 Firefox/3.5.2"
216.39.58.18 - - [06/Mar/2011:23:14:02 +0900] "GET /what-if-lisp-was-invented-by-the-japanese" 200 - - "Mozilla/5.0 (compatible; Yahoo Pipes 2.0; +http://developer.yahoo.com/yql/provider) Gecko/20090729 Firefox/3.5.2"
66.249.72.8 - - [06/Mar/2011:23:35:58 +0900] "GET /2011/03/02" 200 - - "Mozilla/5.0 (compatible; Googlebot/2.1; +http://www.google.com/bot.html)"
203.104.98.220 - - [06/Mar/2011:23:45:19 +0900] "GET /rss.xml" 304 - - "livedoor FeedFetcher/0.01 (http://reader.livedoor.com/; 1 subscriber)"
72.14.199.244 - - [06/Mar/2011:23:45:51 +0900] "GET /rss.xml" 304 - - "Feedfetcher-Google; (+http://www.google.com/feedfetcher.html; 4 subscribers; feed-id=1720132379870088030)"
72.14.199.244 - - [06/Mar/2011:23:53:56 +0900] "GET /atom.xml" 304 - - "Feedfetcher-Google; (+http://www.google.com/feedfetcher.html; 3 subscribers; feed-id=5146562804069246624)"
