134.158.120.90 - - [01/Mar/2011:00:04:07 +0900] "GET /rss.xml" 304 - - "Mozilla/5.0 (X11; U; Linux i686; fr; rv:1.9.2.13) Gecko/20101209 Red Hat/3.6-3.el4 Firefox/3.6.13"
184.73.239.99 - - [01/Mar/2011:00:10:01 +0900] "HEAD /what-if-lisp-was-invented-by-the-japanese" 200 - - "Mozilla/5.0 (compatible; woriobot support [at] worio [dot] com +http://worio.com)"
66.249.72.46 - - [01/Mar/2011:00:16:15 +0900] "GET /2011/02/19" 200 - - "Mozilla/5.0 (compatible; Googlebot/2.1; +http://www.google.com/bot.html)"
72.14.199.244 - - [01/Mar/2011:00:25:08 +0900] "GET /rss.xml" 304 - - "Feedfetcher-Google; (+http://www.google.com/feedfetcher.html; 4 subscribers; feed-id=1720132379870088030)"
72.14.199.244 - - [01/Mar/2011:00:26:44 +0900] "GET /atom.xml" 200 - - "Feedfetcher-Google; (+http://www.google.com/feedfetcher.html; 3 subscribers; feed-id=5146562804069246624)"
184.73.239.99 - - [01/Mar/2011:00:28:14 +0900] "HEAD /what-if-lisp-was-invented-by-the-japanese" 200 - - "Mozilla/5.0 (compatible; woriobot support [at] worio [dot] com +http://worio.com)"
216.39.58.17 - - [01/Mar/2011:00:38:01 +0900] "GET /what-if-lisp-was-invented-by-the-japanese" 200 - - "Mozilla/5.0 (compatible; Yahoo Pipes 2.0; +http://developer.yahoo.com/yql/provider) Gecko/20090729 Firefox/3.5.2"
184.73.239.99 - - [01/Mar/2011:00:46:47 +0900] "HEAD /what-if-lisp-was-invented-by-the-japanese" 200 - - "Mozilla/5.0 (compatible; woriobot support [at] worio [dot] com +http://worio.com)"
174.120.186.2 - - [01/Mar/2011:00:56:16 +0900] "GET /what-if-lisp-was-invented-by-the-japanese" 200 - - "Mozilla/5.0 (Windows; U; Windows NT 5.2; en-US; rv:1.9.1.4) Gecko/20091007 Firefox/3.5.4"
174.120.186.2 - - [01/Mar/2011:00:56:17 +0900] "GET /what-if-lisp-was-invented-by-the-japanese" 200 - - "Mozilla/5.0 (Macintosh; U; Intel Mac OS X 10.5; en-US; rv:1.9.0.7) Gecko/2009021906 Firefox/3.0.7"
184.73.239.99 - - [01/Mar/2011:01:06:06 +0900] "HEAD /what-if-lisp-was-invented-by-the-japanese" 200 - - "Mozilla/5.0 (compatible; woriobot support [at] worio [dot] com +http://worio.com)"
134.158.120.90 - - [01/Mar/2011:01:06:34 +0900] "GET /rss.xml" 304 - - "Mozilla/5.0 (X11; U; Linux i686; fr; rv:1.9.2.13) Gecko/20101209 Red Hat/3.6-3.el4 Firefox/3.6.13"
67.202.11.220 - - [01/Mar/2011:01:10:49 +0900] "HEAD /what-if-lisp-was-invented-by-the-japanese" 200 - - "Mozilla/5.0 (Macintosh; U; Intel Mac OS X 10.6; en-US; rv:1.9.2) Gecko/20100115 Firefox/3.6 (FlipboardProxy/1.1; +http://flipboard.com/browserproxy)"
50.16.2.251 - - [01/Mar/2011:01:10:53 +0900] "GET /what-if-lisp-was-invented-by-the-japanese" 200 - - "Mozilla/5.0 (Macintosh; U; Intel Mac OS X 10.6; en-US; rv:1.9.2) Gecko/20100115 Firefox/3.6 (FlipboardProxy/0.0.5; +http://flipboard.com/browserproxy)"
72.14.199.244 - - [01/Mar/2011:01:18:58 +0900] "GET /rss.xml" 304 - - "Feedfetcher-Google; (+http://www.google.com/feedfetcher.html; 4 subscribers; feed-id=1720132379870088030)"
72.14.199.244 - - [01/Mar/2011:01:22:33 +0900] "GET /atom.xml" 304 - - "Feedfetcher-Google; (+http://www.google.com/feedfetcher.html; 3 subscribers; feed-id=5146562804069246624)"
208.90.72.2 - - [01/Mar/2011:01:23:27 +0900] "GET /what-if-lisp-was-invented-by-the-japanese" 200 - "http://www.reddit.com/r/programming/" "Mozilla/5.0 (X11; U; Linux x86_64; en-US; rv:1.9.2.13) Gecko/20101206 Ubuntu/10.10 (maverick) Firefox/3.6.13"
184.73.239.99 - - [01/Mar/2011:01:25:43 +0900] "HEAD /what-if-lisp-was-invented-by-the-japanese" 200 - - "Mozilla/5.0 (compatible; woriobot support [at] worio [dot] com +http://worio.com)"
66.249.72.46 - - [01/Mar/2011:01:26:49 +0900] "GET /" 200 - - "Mozilla/5.0 (compatible; Googlebot/2.1; +http://www.google.com/bot.html)"
67.195.114.220 - - [01/Mar/2011:01:31:31 +0900] "GET /replyToBlogEntry.action?entry=1297401660000&comment=1297643709154" 200 - - "Mozilla/5.0 (compatible; Yahoo! Slurp; http://help.yahoo.com/help/us/ysearch/slurp)"
67.195.114.220 - - [01/Mar/2011:01:32:28 +0900] "GET /replyToBlogEntry.action?entry=1297401660000&comment=1297596963430" 200 - - "Mozilla/5.0 (compatible; Yahoo! Slurp; http://help.yahoo.com/help/us/ysearch/slurp)"
93.80.232.19 - - [01/Mar/2011:01:32:31 +0900] "GET /what-if-lisp-was-invented-by-the-japanese" 200 - "http://yandex.ru/yandsearch?text=SegSt+8h+yH" "Opera/9.80 (Windows NT 5.1; U; ru) Presto/2.6.30 Version/10.63"
66.249.72.8 - - [01/Mar/2011:01:36:28 +0900] "GET /authors/euske/" 200 - - "Mozilla/5.0 (compatible; Googlebot/2.1; +http://www.google.com/bot.html)"
66.249.72.8 - - [01/Mar/2011:01:41:01 +0900] "GET /2011/03" 200 - - "Mozilla/5.0 (compatible; Googlebot/2.1; +http://www.google.com/bot.html)"
66.249.72.8 - - [01/Mar/2011:01:41:02 +0900] "GET /2011/03/01" 200 - - "Mozilla/5.0 (compatible; Googlebot/2.1; +http://www.google.com/bot.html)"
184.73.239.99 - - [01/Mar/2011:01:47:22 +0900] "HEAD /what-if-lisp-was-invented-by-the-japanese" 200 - - "Mozilla/5.0 (compatible; woriobot support [at] worio [dot] com +http://worio.com)"
216.39.58.17 - - [01/Mar/2011:01:48:44 +0900] "GET /what-if-lisp-was-invented-by-the-japanese" 200 - - "Mozilla/5.0 (compatible; Yahoo Pipes 2.0; +http://developer.yahoo.com/yql/provider) Gecko/20090729 Firefox/3.5.2"
203.104.98.218 - - [01/Mar/2011:01:53:28 +0900] "GET /rss.xml" 304 - - "livedoor FeedFetcher/0.01 (http://reader.livedoor.com/; 1 subscriber)"
216.39.58.18 - - [01/Mar/2011:01:55:06 +0900] "GET /what-if-lisp-was-invented-by-the-japanese" 200 - - "Mozilla/5.0 (compatible; Yahoo Pipes 2.0; +http://developer.yahoo.com/yql/provider) Gecko/20090729 Firefox/3.5.2"
66.249.72.46 - - [01/Mar/2011:02:07:09 +0900] "GET /" 200 - - "Mozilla/5.0 (compatible; Googlebot/2.1; +http://www.google.com/bot.html)"
134.158.120.90 - - [01/Mar/2011:02:09:06 +0900] "GET /rss.xml" 304 - - "Mozilla/5.0 (X11; U; Linux i686; fr; rv:1.9.2.13) Gecko/20101209 Red Hat/3.6-3.el4 Firefox/3.6.13"
184.73.239.99 - - [01/Mar/2011:02:09:10 +0900] "HEAD /what-if-lisp-was-invented-by-the-japanese" 200 - - "Mozilla/5.0 (compatible; woriobot support [at] worio [dot] com +http://worio.com)"
72.14.199.244 - - [01/Mar/2011:02:27:23 +0900] "GET /atom.xml" 304 - - "Feedfetcher-Google; (+http://www.google.com/feedfetcher.html; 3 subscribers; feed-id=5146562804069246624)"
72.14.199.244 - - [01/Mar/2011:02:28:09 +0900] "GET /rss.xml" 200 - - "Feedfetcher-Google; (+http://www.google.com/feedfetcher.html; 4 subscribers; feed-id=1720132379870088030)"
184.73.239.99 - - [01/Mar/2011:02:30:21 +0900] "HEAD /what-if-lisp-was-invented-by-the-japanese" 200 - - "Mozilla/5.0 (compatible; woriobot support [at] worio [dot] com +http://worio.com)"
203.104.98.218 - - [01/Mar/2011:02:32:09 +0900] "GET /rss.xml" 304 - - "livedoor FeedFetcher/0.01 (http://reader.livedoor.com/; 1 subscriber)"
208.80.194.61 - - [01/Mar/2011:02:48:58 +0900] "GET /themes/lisp-nyc-barsky1/print.css" 500 - - "Mozilla/4.0 (compatible; MSIE 6.0; Windows NT 5.1; SV1; .NET CLR 1.1.4322; .NET CLR 2.0.50728)"
184.73.239.99 - - [01/Mar/2011:02:51:10 +0900] "HEAD /what-if-lisp-was-invented-by-the-japanese" 200 - - "Mozilla/5.0 (compatible; woriobot support [at] worio [dot] com +http://worio.com)"
216.39.58.78 - - [01/Mar/2011:03:04:01 +0900] "GET /what-if-lisp-was-invented-by-the-japanese" 200 - - "Mozilla/5.0 (compatible; Yahoo Pipes 2.0; +http://developer.yahoo.com/yql/provider) Gecko/20090729 Firefox/3.5.2"
184.73.239.99 - - [01/Mar/2011:03:11:07 +0900] "HEAD /what-if-lisp-was-invented-by-the-japanese" 200 - - "Mozilla/5.0 (compatible; woriobot support [at] worio [dot] com +http://worio.com)"
134.158.120.90 - - [01/Mar/2011:03:11:28 +0900] "GET /rss.xml" 304 - - "Mozilla/5.0 (X11; U; Linux i686; fr; rv:1.9.2.13) Gecko/20101209 Red Hat/3.6-3.el4 Firefox/3.6.13"
72.14.199.244 - - [01/Mar/2011:03:20:43 +0900] "GET /atom.xml" 304 - - "Feedfetcher-Google; (+http://www.google.com/feedfetcher.html; 3 subscribers; feed-id=5146562804069246624)"
72.14.199.244 - - [01/Mar/2011:03:24:48 +0900] "GET /rss.xml" 200 - - "Feedfetcher-Google; (+http://www.google.com/feedfetcher.html; 4 subscribers; feed-id=1720132379870088030)"
184.73.239.99 - - [01/Mar/2011:03:31:43 +0900] "HEAD /what-if-lisp-was-invented-by-the-japanese" 200 - - "Mozilla/5.0 (compatible; woriobot support [at] worio [dot] com +http://worio.com)"
118.243.141.241 - - [01/Mar/2011:03:38:58 +0900] "GET /atom.xml" 304 - - "samidare"
128.95.101.136 - - [01/Mar/2011:03:46:18 +0900] "GET /what-if-lisp-was-invented-by-the-japanese" 200 - "http://www.reddit.com/?count=25&after=t3_fl520" "Mozilla/5.0 (X11; U; Linux x86_64; en-US; rv:1.9.2.13) Gecko/20101209 Red Hat/3.6-2.el5 Firefox/3.6.13"
184.73.239.99 - - [01/Mar/2011:03:51:47 +0900] "HEAD /what-if-lisp-was-invented-by-the-japanese" 200 - - "Mozilla/5.0 (compatible; woriobot support [at] worio [dot] com +http://worio.com)"
218.213.130.199 - - [01/Mar/2011:03:51:49 +0900] "GET /rdf.xml" 200 - - "DoCoMo/2.0 P901i(c100;TB;W24H11) (compatible; ichiro/mobile goo; +http://help.goo.ne.jp/door/crawler.html)"
218.213.130.199 - - [01/Mar/2011:03:59:57 +0900] "GET /atom.xml" 200 - - "DoCoMo/2.0 P901i(c100;TB;W24H11) (compatible; ichiro/mobile goo; +http://help.goo.ne.jp/door/crawler.html)"
218.213.130.199 - - [01/Mar/2011:04:07:49 +0900] "GET /themes/lisp-nyc-barsky1/screen.css" 500 - - "ichiro/4.0 (http://help.goo.ne.jp/door/crawler.html)"
184.73.239.99 - - [01/Mar/2011:04:12:41 +0900] "HEAD /what-if-lisp-was-invented-by-the-japanese" 200 - - "Mozilla/5.0 (compatible; woriobot support [at] worio [dot] com +http://worio.com)"
216.39.58.78 - - [01/Mar/2011:04:13:59 +0900] "GET /what-if-lisp-was-invented-by-the-japanese" 200 - - "Mozilla/5.0 (compatible; Yahoo Pipes 2.0; +http://developer.yahoo.com/yql/provider) Gecko/20090729 Firefox/3.5.2"
218.213.130.199 - - [01/Mar/2011:04:15:39 +0900] "GET /pebble.css" 500 - - "ichiro/4.0 (http://help.goo.ne.jp/door/crawler.html)"
216.39.58.17 - - [01/Mar/2011:04:20:23 +0900] "GET /what-if-lisp-was-invented-by-the-japanese" 200 - - "Mozilla/5.0 (compatible; Yahoo Pipes 2.0; +http://developer.yahoo.com/yql/provider) Gecko/20090729 Firefox/3.5.2"
72.14.199.244 - - [01/Mar/2011:04:20:33 +0900] "GET /atom.xml" 304 - - "Feedfetcher-Google; (+http://www.google.com/feedfetcher.html; 3 subscribers; feed-id=5146562804069246624)"
218.213.130.199 - - [01/Mar/2011:04:23:41 +0900] "GET /themes/_pebble/handheld.css" 500 - - "ichiro/4.0 (http://help.goo.ne.jp/door/crawler.html)"
218.213.130.199 - - [01/Mar/2011:04:31:54 +0900] "GET /themes/lisp-nyc-barsky1/print.css" 500 - - "ichiro/4.0 (http://help.goo.ne.jp/door/crawler.html)"
184.73.239.99 - - [01/Mar/2011:04:33:53 +0900] "HEAD /what-if-lisp-was-invented-by-the-japanese" 200 - - "Mozilla/5.0 (compatible; woriobot support [at] worio [dot] com +http://worio.com)"
72.14.199.244 - - [01/Mar/2011:04:34:28 +0900] "GET /rss.xml" 304 - - "Feedfetcher-Google; (+http://www.google.com/feedfetcher.html; 4 subscribers; feed-id=1720132379870088030)"
66.249.72.8 - - [01/Mar/2011:04:41:56 +0900] "GET /2011/03" 200 - - "Mozilla/5.0 (compatible; Googlebot/2.1; +http://www.google.com/bot.html)"
218.213.130.199 - - [01/Mar/2011:04:48:39 +0900] "GET /subscribe.action" 200 - - "ichiro/4.0 (http://help.goo.ne.jp/door/crawler.html)"
184.73.239.99 - - [01/Mar/2011:04:56:47 +0900] "HEAD /what-if-lisp-was-invented-by-the-japanese" 200 - - "Mozilla/5.0 (compatible; woriobot support [at] worio [dot] com +http://worio.com)"
218.213.130.199 - - [01/Mar/2011:04:57:06 +0900] "GET /2011/02" 200 - - "ichiro/4.0 (http://help.goo.ne.jp/door/crawler.html)"
72.53.195.199 - - [01/Mar/2011:04:57:17 +0900] "GET /rss.xml" 200 - - "Mozilla/5.0 (Windows; U; Windows NT 5.1; en-US; rv:1.9.0.5) Gecko/2008120122 Firefox/3.0.5\r\n"
203.104.98.219 - - [01/Mar/2011:05:01:57 +0900] "GET /rss.xml" 304 - - "livedoor FeedFetcher/0.01 (http://reader.livedoor.com/; 1 subscriber)"
218.213.130.199 - - [01/Mar/2011:05:05:54 +0900] "GET /2011/02/04" 200 - - "ichiro/4.0 (http://help.goo.ne.jp/door/crawler.html)"
72.14.199.244 - - [01/Mar/2011:05:11:43 +0900] "GET /atom.xml" 304 - - "Feedfetcher-Google; (+http://www.google.com/feedfetcher.html; 3 subscribers; feed-id=5146562804069246624)"
218.213.130.199 - - [01/Mar/2011:05:14:46 +0900] "GET /2011/02/11" 200 - - "ichiro/4.0 (http://help.goo.ne.jp/door/crawler.html)"
184.73.239.99 - - [01/Mar/2011:05:21:15 +0900] "HEAD /what-if-lisp-was-invented-by-the-japanese" 200 - - "Mozilla/5.0 (compatible; woriobot support [at] worio [dot] com +http://worio.com)"
218.213.130.199 - - [01/Mar/2011:05:23:24 +0900] "GET /2011/02/28" 200 - - "ichiro/4.0 (http://help.goo.ne.jp/door/crawler.html)"
88.84.169.26 - - [01/Mar/2011:05:24:49 +0900] "GET /what-if-lisp-was-invented-by-the-japanese" 200 - - "Opera/9.80 (Windows NT 6.1; U; en) Presto/2.7.62 Version/11.01"
216.39.58.17 - - [01/Mar/2011:05:28:25 +0900] "GET /what-if-lisp-was-invented-by-the-japanese" 200 - - "Mozilla/5.0 (compatible; Yahoo Pipes 2.0; +http://developer.yahoo.com/yql/provider) Gecko/20090729 Firefox/3.5.2"
218.213.130.199 - - [01/Mar/2011:05:32:11 +0900] "GET /tags/" 200 - - "DoCoMo/2.0 P901i(c100;TB;W24H11) (compatible; ichiro/mobile goo; +http://help.goo.ne.jp/door/crawler.html)"
72.14.199.244 - - [01/Mar/2011:05:33:13 +0900] "GET /rss.xml" 200 - - "Feedfetcher-Google; (+http://www.google.com/feedfetcher.html; 4 subscribers; feed-id=1720132379870088030)"
203.104.98.219 - - [01/Mar/2011:05:36:47 +0900] "GET /rss.xml" 304 - - "livedoor FeedFetcher/0.01 (http://reader.livedoor.com/; 1 subscriber)"
218.213.130.199 - - [01/Mar/2011:05:40:34 +0900] "GET /search.action" 200 - - "ichiro/4.0 (http://help.goo.ne.jp/door/crawler.html)"
184.73.239.99 - - [01/Mar/2011:05:43:58 +0900] "HEAD /what-if-lisp-was-invented-by-the-japanese" 200 - - "Mozilla/5.0 (compatible; woriobot support [at] worio [dot] com +http://worio.com)"
118.1.72.100 - - [01/Mar/2011:05:48:23 +0900] "GET /what-if-lisp-was-invented-by-the-japanese%09%09%09%09%09" 404 - "http://kabu-ka.info/wp/category/%E6%A0%AA%E5%8F%96%E5%BC%95%E3%83%BB%E6%A0%AA%E5%BC%8F%E6%83%85%E5%A0%B1" "Mozilla/5.0 (Windows; U; Windows NT 5.1; ja; rv:1.9.0.1) Gecko/2008070208 Firefox/3.0.1"
184.73.239.99 - - [01/Mar/2011:06:06:35 +0900] "HEAD /what-if-lisp-was-invented-by-the-japanese" 200 - - "Mozilla/5.0 (compatible; woriobot support [at] worio [dot] com +http://worio.com)"
72.14.199.244 - - [01/Mar/2011:06:10:13 +0900] "GET /atom.xml" 304 - - "Feedfetcher-Google; (+http://www.google.com/feedfetcher.html; 3 subscribers; feed-id=5146562804069246624)"
218.213.130.199 - - [01/Mar/2011:06:23:00 +0900] "GET /what-if-lisp-was-invented-by-the-japanese" 200 - - "ichiro/4.0 (http://help.goo.ne.jp/door/crawler.html)"
72.14.199.244 - - [01/Mar/2011:06:25:19 +0900] "GET /rss.xml" 200 - - "Feedfetcher-Google; (+http://www.google.com/feedfetcher.html; 4 subscribers; feed-id=1720132379870088030)"
184.73.239.99 - - [01/Mar/2011:06:31:01 +0900] "HEAD /what-if-lisp-was-invented-by-the-japanese" 200 - - "Mozilla/5.0 (compatible; woriobot support [at] worio [dot] com +http://worio.com)"
218.213.130.199 - - [01/Mar/2011:06:31:49 +0900] "GET /secret-alien-technology-ftw" 200 - - "ichiro/4.0 (http://help.goo.ne.jp/door/crawler.html)"
216.39.58.18 - - [01/Mar/2011:06:36:00 +0900] "GET /what-if-lisp-was-invented-by-the-japanese" 200 - - "Mozilla/5.0 (compatible; Yahoo Pipes 2.0; +http://developer.yahoo.com/yql/provider) Gecko/20090729 Firefox/3.5.2"
218.213.130.199 - - [01/Mar/2011:06:40:06 +0900] "GET /responses/rss.xml" 200 - - "DoCoMo/2.0 P901i(c100;TB;W24H11) (compatible; ichiro/mobile goo; +http://help.goo.ne.jp/door/crawler.html)"
216.39.58.78 - - [01/Mar/2011:06:45:02 +0900] "GET /what-if-lisp-was-invented-by-the-japanese" 200 - - "Mozilla/5.0 (compatible; Yahoo Pipes 2.0; +http://developer.yahoo.com/yql/provider) Gecko/20090729 Firefox/3.5.2"
66.30.115.164 - - [01/Mar/2011:06:49:27 +0900] "GET /what-if-lisp-was-invented-by-the-japanese" 200 - "http://www.reddit.com/r/lisp/" "Mozilla/5.0 (Macintosh; U; Intel Mac OS X 10_6_6; en-US) AppleWebKit/534.16 (KHTML, like Gecko) Chrome/10.0.648.114 Safari/534.16"
184.73.239.99 - - [01/Mar/2011:06:56:40 +0900] "HEAD /what-if-lisp-was-invented-by-the-japanese" 200 - - "Mozilla/5.0 (compatible; woriobot support [at] worio [dot] com +http://worio.com)"
218.213.130.199 - - [01/Mar/2011:07:04:58 +0900] "GET /authors/euske/" 200 - - "DoCoMo/2.0 P901i(c100;TB;W24H11) (compatible; ichiro/mobile goo; +http://help.goo.ne.jp/door/crawler.html)"
208.77.41.78 - - [01/Mar/2011:07:11:46 +0900] "GET /authors/euske" 200 - - "Mozilla/5.0 (compatible; MJ12bot/v1.3.3; http://www.majestic12.co.uk/bot.php?+)"
208.77.41.78 - - [01/Mar/2011:07:11:48 +0900] "GET /generateTrackBackLink.action?entry=1297401660000" 200 - - "Mozilla/5.0 (compatible; MJ12bot/v1.3.3; http://www.majestic12.co.uk/bot.php?+)"
208.77.41.78 - - [01/Mar/2011:07:11:50 +0900] "GET /replyToBlogEntry.action?entry=1297401660000&comment=1297596963430" 200 - - "Mozilla/5.0 (compatible; MJ12bot/v1.3.3; http://www.majestic12.co.uk/bot.php?+)"
208.77.41.78 - - [01/Mar/2011:07:11:52 +0900] "GET /replyToBlogEntry.action?entry=1297401660000&comment=1297613830060" 200 - - "Mozilla/5.0 (compatible; MJ12bot/v1.3.3; http://www.majestic12.co.uk/bot.php?+)"
208.77.41.78 - - [01/Mar/2011:07:11:54 +0900] "GET /replyToBlogEntry.action?entry=1297401660000&comment=1297618195677" 200 - - "Mozilla/5.0 (compatible; MJ12bot/v1.3.3; http://www.majestic12.co.uk/bot.php?+)"
208.77.41.78 - - [01/Mar/2011:07:11:55 +0900] "GET /replyToBlogEntry.action?entry=1297401660000&comment=1297625755177" 200 - - "Mozilla/5.0 (compatible; MJ12bot/v1.3.3; http://www.majestic12.co.uk/bot.php?+)"
208.77.41.78 - - [01/Mar/2011:07:11:58 +0900] "GET /replyToBlogEntry.action?entry=1297401660000&comment=1297643709154" 200 - - "Mozilla/5.0 (compatible; MJ12bot/v1.3.3; http://www.majestic12.co.uk/bot.php?+)"
208.77.41.78 - - [01/Mar/2011:07:12:00 +0900] "GET /replyToBlogEntry.action?entry=1297401660000&comment=1297710123628" 200 - - "Mozilla/5.0 (compatible; MJ12bot/v1.3.3; http://www.majestic12.co.uk/bot.php?+)"
208.77.41.78 - - [01/Mar/2011:07:12:02 +0900] "GET /replyToBlogEntry.action?entry=1297401660000&comment=1297711949849" 200 - - "Mozilla/5.0 (compatible; MJ12bot/v1.3.3; http://www.majestic12.co.uk/bot.php?+)"
208.77.41.78 - - [01/Mar/2011:07:12:04 +0900] "GET /replyToBlogEntry.action?entry=1297401660000&comment=1297728186695" 200 - - "Mozilla/5.0 (compatible; MJ12bot/v1.3.3; http://www.majestic12.co.uk/bot.php?+)"
208.77.41.78 - - [01/Mar/2011:07:12:06 +0900] "GET /replyToBlogEntry.action?entry=1297401660000&comment=1297760248231" 200 - - "Mozilla/5.0 (compatible; MJ12bot/v1.3.3; http://www.majestic12.co.uk/bot.php?+)"
208.77.41.78 - - [01/Mar/2011:07:12:08 +0900] "GET /replyToBlogEntry.action?entry=1297401660000&comment=1297773779974" 200 - - "Mozilla/5.0 (compatible; MJ12bot/v1.3.3; http://www.majestic12.co.uk/bot.php?+)"
208.77.41.78 - - [01/Mar/2011:07:12:10 +0900] "GET /responses/rss.xml" 200 - - "Mozilla/5.0 (compatible; MJ12bot/v1.3.3; http://www.majestic12.co.uk/bot.php?+)"
208.77.41.78 - - [01/Mar/2011:07:12:11 +0900] "GET /rss.xml" 200 - - "Mozilla/5.0 (compatible; MJ12bot/v1.3.3; http://www.majestic12.co.uk/bot.php?+)"
208.77.41.78 - - [01/Mar/2011:07:12:13 +0900] "GET /search.action" 200 - - "Mozilla/5.0 (compatible; MJ12bot/v1.3.3; http://www.majestic12.co.uk/bot.php?+)"
208.77.41.78 - - [01/Mar/2011:07:12:15 +0900] "GET /tags" 200 - - "Mozilla/5.0 (compatible; MJ12bot/v1.3.3; http://www.majestic12.co.uk/bot.php?+)"
208.77.41.78 - - [01/Mar/2011:07:12:50 +0900] "GET /" 200 - - "Mozilla/5.0 (compatible; MJ12bot/v1.3.3; http://www.majestic12.co.uk/bot.php?+)"
208.77.41.78 - - [01/Mar/2011:07:12:52 +0900] "GET /2011/02" 200 - - "Mozilla/5.0 (compatible; MJ12bot/v1.3.3; http://www.majestic12.co.uk/bot.php?+)"
208.77.41.78 - - [01/Mar/2011:07:12:55 +0900] "GET /2011/02/04" 200 - - "Mozilla/5.0 (compatible; MJ12bot/v1.3.3; http://www.majestic12.co.uk/bot.php?+)"
208.77.41.78 - - [01/Mar/2011:07:12:56 +0900] "GET /2011/02/11" 200 - - "Mozilla/5.0 (compatible; MJ12bot/v1.3.3; http://www.majestic12.co.uk/bot.php?+)"
208.77.41.78 - - [01/Mar/2011:07:12:58 +0900] "GET /2011/02/24" 200 - - "Mozilla/5.0 (compatible; MJ12bot/v1.3.3; http://www.majestic12.co.uk/bot.php?+)"
208.77.41.78 - - [01/Mar/2011:07:13:00 +0900] "GET /atom.xml" 200 - - "Mozilla/5.0 (compatible; MJ12bot/v1.3.3; http://www.majestic12.co.uk/bot.php?+)"
208.77.41.78 - - [01/Mar/2011:07:13:02 +0900] "GET /responses/rss.xml?entry=1297401660000" 200 - - "Mozilla/5.0 (compatible; MJ12bot/v1.3.3; http://www.majestic12.co.uk/bot.php?+)"
208.77.41.78 - - [01/Mar/2011:07:13:04 +0900] "GET /secret-alien-technology-ftw" 200 - - "Mozilla/5.0 (compatible; MJ12bot/v1.3.3; http://www.majestic12.co.uk/bot.php?+)"
208.77.41.78 - - [01/Mar/2011:07:13:06 +0900] "GET /subscribe.action" 200 - - "Mozilla/5.0 (compatible; MJ12bot/v1.3.3; http://www.majestic12.co.uk/bot.php?+)"
208.77.41.78 - - [01/Mar/2011:07:13:11 +0900] "GET /secret-alien-technology-ftw" 200 - - "Mozilla/5.0 (compatible; MJ12bot/v1.3.3; http://www.majestic12.co.uk/bot.php?+)"
208.77.41.78 - - [01/Mar/2011:07:13:14 +0900] "GET /what-if-lisp-was-invented-by-the-japanese" 200 - - "Mozilla/5.0 (compatible; MJ12bot/v1.3.3; http://www.majestic12.co.uk/bot.php?+)"
208.77.41.78 - - [01/Mar/2011:07:13:16 +0900] "GET /secret-alien-technology-ftw" 200 - - "Mozilla/5.0 (compatible; MJ12bot/v1.3.3; http://www.majestic12.co.uk/bot.php?+)"
208.77.41.78 - - [01/Mar/2011:07:13:20 +0900] "GET /what-if-lisp-was-invented-by-the-japanese" 200 - - "Mozilla/5.0 (compatible; MJ12bot/v1.3.3; http://www.majestic12.co.uk/bot.php?+)"
208.77.41.78 - - [01/Mar/2011:07:13:22 +0900] "GET /what-if-lisp-was-invented-by-the-japanese" 200 - - "Mozilla/5.0 (compatible; MJ12bot/v1.3.3; http://www.majestic12.co.uk/bot.php?+)"
184.73.239.99 - - [01/Mar/2011:07:17:47 +0900] "HEAD /what-if-lisp-was-invented-by-the-japanese" 200 - - "Mozilla/5.0 (compatible; woriobot support [at] worio [dot] com +http://worio.com)"
72.14.199.244 - - [01/Mar/2011:07:18:13 +0900] "GET /atom.xml" 304 - - "Feedfetcher-Google; (+http://www.google.com/feedfetcher.html; 3 subscribers; feed-id=5146562804069246624)"
72.14.199.244 - - [01/Mar/2011:07:26:18 +0900] "GET /rss.xml" 200 - - "Feedfetcher-Google; (+http://www.google.com/feedfetcher.html; 4 subscribers; feed-id=1720132379870088030)"
184.73.239.99 - - [01/Mar/2011:07:39:12 +0900] "HEAD /what-if-lisp-was-invented-by-the-japanese" 200 - - "Mozilla/5.0 (compatible; woriobot support [at] worio [dot] com +http://worio.com)"
171.64.50.181 - - [01/Mar/2011:07:46:13 +0900] "GET /what-if-lisp-was-invented-by-the-japanese" 200 - "http://www.forth.org/svfig/kk/02-2011.html" "Mozilla/4.0 (compatible; MSIE 7.0; Windows NT 5.1; .NET CLR 1.1.4322; .NET CLR 2.0.50727; .NET CLR 3.0.4506.2152; .NET CLR 3.5.30729)"
171.64.50.181 - - [01/Mar/2011:07:46:35 +0900] "GET /what-if-lisp-was-invented-by-the-japanese" 200 - "http://www.forth.org/svfig/kk/02-2011.html" "Mozilla/4.0 (compatible; MSIE 7.0; Windows NT 5.1; .NET CLR 1.1.4322; .NET CLR 2.0.50727; .NET CLR 3.0.4506.2152; .NET CLR 3.5.30729)"
216.39.58.18 - - [01/Mar/2011:07:51:12 +0900] "GET /what-if-lisp-was-invented-by-the-japanese" 200 - - "Mozilla/5.0 (compatible; Yahoo Pipes 2.0; +http://developer.yahoo.com/yql/provider) Gecko/20090729 Firefox/3.5.2"
184.73.239.99 - - [01/Mar/2011:07:56:57 +0900] "HEAD /what-if-lisp-was-invented-by-the-japanese" 200 - - "Mozilla/5.0 (compatible; woriobot support [at] worio [dot] com +http://worio.com)"
203.104.98.218 - - [01/Mar/2011:08:06:46 +0900] "GET /rss.xml" 304 - - "livedoor FeedFetcher/0.01 (http://reader.livedoor.com/; 1 subscriber)"
184.73.239.99 - - [01/Mar/2011:08:16:51 +0900] "HEAD /what-if-lisp-was-invented-by-the-japanese" 200 - - "Mozilla/5.0 (compatible; woriobot support [at] worio [dot] com +http://worio.com)"
72.14.199.244 - - [01/Mar/2011:08:21:33 +0900] "GET /atom.xml" 304 - - "Feedfetcher-Google; (+http://www.google.com/feedfetcher.html; 3 subscribers; feed-id=5146562804069246624)"
66.249.72.8 - - [01/Mar/2011:08:23:24 +0900] "GET /what-if-lisp-was-invented-by-the-japanese" 200 - - "Mozilla/5.0 (compatible; Googlebot/2.1; +http://www.google.com/bot.html)"
72.14.199.244 - - [01/Mar/2011:08:30:08 +0900] "GET /rss.xml" 200 - - "Feedfetcher-Google; (+http://www.google.com/feedfetcher.html; 4 subscribers; feed-id=1720132379870088030)"
184.73.239.99 - - [01/Mar/2011:08:36:16 +0900] "HEAD /what-if-lisp-was-invented-by-the-japanese" 200 - - "Mozilla/5.0 (compatible; woriobot support [at] worio [dot] com +http://worio.com)"
203.104.98.220 - - [01/Mar/2011:08:43:01 +0900] "GET /rss.xml" 304 - - "livedoor FeedFetcher/0.01 (http://reader.livedoor.com/; 1 subscriber)"
184.73.239.99 - - [01/Mar/2011:08:54:32 +0900] "HEAD /what-if-lisp-was-invented-by-the-japanese" 200 - - "Mozilla/5.0 (compatible; woriobot support [at] worio [dot] com +http://worio.com)"
216.39.58.17 - - [01/Mar/2011:08:58:30 +0900] "GET /what-if-lisp-was-invented-by-the-japanese" 200 - - "Mozilla/5.0 (compatible; Yahoo Pipes 2.0; +http://developer.yahoo.com/yql/provider) Gecko/20090729 Firefox/3.5.2"
216.39.58.18 - - [01/Mar/2011:09:04:56 +0900] "GET /what-if-lisp-was-invented-by-the-japanese" 200 - - "Mozilla/5.0 (compatible; Yahoo Pipes 2.0; +http://developer.yahoo.com/yql/provider) Gecko/20090729 Firefox/3.5.2"
184.73.239.99 - - [01/Mar/2011:09:12:07 +0900] "HEAD /what-if-lisp-was-invented-by-the-japanese" 200 - - "Mozilla/5.0 (compatible; woriobot support [at] worio [dot] com +http://worio.com)"
72.14.199.244 - - [01/Mar/2011:09:18:33 +0900] "GET /atom.xml" 200 - - "Feedfetcher-Google; (+http://www.google.com/feedfetcher.html; 3 subscribers; feed-id=5146562804069246624)"
72.14.199.244 - - [01/Mar/2011:09:27:47 +0900] "GET /rss.xml" 304 - - "Feedfetcher-Google; (+http://www.google.com/feedfetcher.html; 4 subscribers; feed-id=1720132379870088030)"
173.234.38.175 - - [01/Mar/2011:09:30:05 +0900] "GET /replyToBlogEntry.action?entry=1297401660000&comment=1297773779974" 200 - - "Mozilla/5.0 (Windows; U; Windows NT 5.1; en-US; rv:1.9.0.14) Gecko/2009082707 Firefox/3.0.14 (.NET CLR 3.5.30729)"
184.73.239.99 - - [01/Mar/2011:09:31:47 +0900] "HEAD /what-if-lisp-was-invented-by-the-japanese" 200 - - "Mozilla/5.0 (compatible; woriobot support [at] worio [dot] com +http://worio.com)"
92.195.54.220 - - [01/Mar/2011:09:44:28 +0900] "GET /what-if-lisp-was-invented-by-the-japanese" 200 - "http://www.reddit.com/r/lisp" "Mozilla/5.0 (X11; U; Linux x86_64; en-US; rv:1.9.1.16) Gecko/20110107 Conkeror/0.9.2 (Debian-0.9.2+git100804-1)"
92.195.54.220 - - [01/Mar/2011:09:47:20 +0900] "GET /what-if-lisp-was-invented-by-the-japanese" 200 - "http://www.reddit.com/r/lisp" "Mozilla/5.0 (X11; U; Linux x86_64; en-US; rv:1.9.1.16) Gecko/20110107 Conkeror/0.9.2 (Debian-0.9.2+git100804-1)"
184.73.239.99 - - [01/Mar/2011:09:49:49 +0900] "HEAD /what-if-lisp-was-invented-by-the-japanese" 200 - - "Mozilla/5.0 (compatible; woriobot support [at] worio [dot] com +http://worio.com)"
66.249.72.8 - - [01/Mar/2011:09:52:09 +0900] "GET /tags/" 200 - - "Mozilla/5.0 (compatible; Googlebot/2.1; +http://www.google.com/bot.html)"
184.73.239.99 - - [01/Mar/2011:10:08:14 +0900] "HEAD /what-if-lisp-was-invented-by-the-japanese" 200 - - "Mozilla/5.0 (compatible; woriobot support [at] worio [dot] com +http://worio.com)"
216.39.58.18 - - [01/Mar/2011:10:10:38 +0900] "GET /what-if-lisp-was-invented-by-the-japanese" 200 - - "Mozilla/5.0 (compatible; Yahoo Pipes 2.0; +http://developer.yahoo.com/yql/provider) Gecko/20090729 Firefox/3.5.2"
72.14.199.244 - - [01/Mar/2011:10:15:03 +0900] "GET /atom.xml" 304 - - "Feedfetcher-Google; (+http://www.google.com/feedfetcher.html; 3 subscribers; feed-id=5146562804069246624)"
184.73.239.99 - - [01/Mar/2011:10:25:28 +0900] "HEAD /what-if-lisp-was-invented-by-the-japanese" 200 - - "Mozilla/5.0 (compatible; woriobot support [at] worio [dot] com +http://worio.com)"
220.181.94.230 - - [01/Mar/2011:10:32:02 +0900] "GET /what-if-lisp-was-invented-by-the-japanese" 200 - - "Sogou web spider/4.0(+http://www.sogou.com/docs/help/webmasters.htm#07)"
72.14.199.244 - - [01/Mar/2011:10:37:48 +0900] "GET /rss.xml" 304 - - "Feedfetcher-Google; (+http://www.google.com/feedfetcher.html; 4 subscribers; feed-id=1720132379870088030)"
184.73.239.99 - - [01/Mar/2011:10:44:21 +0900] "HEAD /what-if-lisp-was-invented-by-the-japanese" 200 - - "Mozilla/5.0 (compatible; woriobot support [at] worio [dot] com +http://worio.com)"
184.73.239.99 - - [01/Mar/2011:11:02:08 +0900] "HEAD /what-if-lisp-was-invented-by-the-japanese" 200 - - "Mozilla/5.0 (compatible; woriobot support [at] worio [dot] com +http://worio.com)"
72.14.199.244 - - [01/Mar/2011:11:09:03 +0900] "GET /atom.xml" 200 - - "Feedfetcher-Google; (+http://www.google.com/feedfetcher.html; 3 subscribers; feed-id=5146562804069246624)"
203.104.98.218 - - [01/Mar/2011:11:12:30 +0900] "GET /rss.xml" 304 - - "livedoor FeedFetcher/0.01 (http://reader.livedoor.com/; 1 subscriber)"
216.39.58.78 - - [01/Mar/2011:11:19:08 +0900] "GET /what-if-lisp-was-invented-by-the-japanese" 200 - - "Mozilla/5.0 (compatible; Yahoo Pipes 2.0; +http://developer.yahoo.com/yql/provider) Gecko/20090729 Firefox/3.5.2"
184.73.239.99 - - [01/Mar/2011:11:21:31 +0900] "HEAD /what-if-lisp-was-invented-by-the-japanese" 200 - - "Mozilla/5.0 (compatible; woriobot support [at] worio [dot] com +http://worio.com)"
173.234.18.179 - - [01/Mar/2011:11:22:11 +0900] "GET /replyToBlogEntry.action?entry=1297401660000&comment=1297643709154" 200 - - "Mozilla/5.0 (Windows; U; Windows NT 5.1; pl; rv:1.9.1.3) Gecko/20090824 Firefox/3.5.3"
209.131.41.49 - - [01/Mar/2011:11:25:14 +0900] "GET /what-if-lisp-was-invented-by-the-japanese" 200 - - "Mozilla/5.0 (compatible; Yahoo Pipes 2.0; +http://developer.yahoo.com/yql/provider) Gecko/20090729 Firefox/3.5.2"
72.14.199.244 - - [01/Mar/2011:11:30:17 +0900] "GET /rss.xml" 304 - - "Feedfetcher-Google; (+http://www.google.com/feedfetcher.html; 4 subscribers; feed-id=1720132379870088030)"
184.73.239.99 - - [01/Mar/2011:11:38:33 +0900] "HEAD /what-if-lisp-was-invented-by-the-japanese" 200 - - "Mozilla/5.0 (compatible; woriobot support [at] worio [dot] com +http://worio.com)"
118.243.141.241 - - [01/Mar/2011:11:38:58 +0900] "GET /atom.xml" 304 - - "samidare"
203.104.98.220 - - [01/Mar/2011:11:54:26 +0900] "GET /rss.xml" 304 - - "livedoor FeedFetcher/0.01 (http://reader.livedoor.com/; 1 subscriber)"
173.208.71.136 - - [01/Mar/2011:11:54:49 +0900] "GET /replyToBlogEntry.action?entry=1297401660000&comment=1297625755177" 200 - - "Opera/9.64(Windows NT 5.1; U; en) Presto/2.1.1"
184.73.239.99 - - [01/Mar/2011:11:57:03 +0900] "HEAD /what-if-lisp-was-invented-by-the-japanese" 200 - - "Mozilla/5.0 (compatible; woriobot support [at] worio [dot] com +http://worio.com)"
72.14.199.244 - - [01/Mar/2011:12:15:23 +0900] "GET /atom.xml" 200 - - "Feedfetcher-Google; (+http://www.google.com/feedfetcher.html; 3 subscribers; feed-id=5146562804069246624)"
76.94.205.241 - - [01/Mar/2011:12:17:26 +0900] "GET /what-if-lisp-was-invented-by-the-japanese" 200 - - "Python-urllib/2.6"
184.73.239.99 - - [01/Mar/2011:12:17:50 +0900] "HEAD /what-if-lisp-was-invented-by-the-japanese" 200 - - "Mozilla/5.0 (compatible; woriobot support [at] worio [dot] com +http://worio.com)"
211.43.152.56 - - [01/Mar/2011:12:31:31 +0900] "GET /atom.xml" 200 - - "Mozilla/5.0 Firefox/3.0.5"
216.39.58.17 - - [01/Mar/2011:12:31:42 +0900] "GET /what-if-lisp-was-invented-by-the-japanese" 200 - - "Mozilla/5.0 (compatible; Yahoo Pipes 2.0; +http://developer.yahoo.com/yql/provider) Gecko/20090729 Firefox/3.5.2"
173.228.123.113 - - [01/Mar/2011:12:32:49 +0900] "GET /what-if-lisp-was-invented-by-the-japanese" 200 - "http://www.reddit.com/r/lisp/" "Mozilla/5.0 (Macintosh; U; Intel Mac OS X 10.6; en-US; rv:1.9.2.13) Gecko/20101203 Firefox/3.6.13"
72.14.199.244 - - [01/Mar/2011:12:36:27 +0900] "GET /rss.xml" 304 - - "Feedfetcher-Google; (+http://www.google.com/feedfetcher.html; 4 subscribers; feed-id=1720132379870088030)"
24.80.113.17 - - [01/Mar/2011:12:37:26 +0900] "GET /what-if-lisp-was-invented-by-the-japanese" 200 - "http://www.reddit.com/r/lisp/" "Mozilla/5.0 (Windows; U; Windows NT 6.1; en-US) AppleWebKit/534.13 (KHTML, like Gecko) Chrome/9.0.597.98 Safari/534.13"
184.73.239.99 - - [01/Mar/2011:12:38:49 +0900] "HEAD /what-if-lisp-was-invented-by-the-japanese" 200 - - "Mozilla/5.0 (compatible; woriobot support [at] worio [dot] com +http://worio.com)"
184.73.239.99 - - [01/Mar/2011:12:58:52 +0900] "HEAD /what-if-lisp-was-invented-by-the-japanese" 200 - - "Mozilla/5.0 (compatible; woriobot support [at] worio [dot] com +http://worio.com)"
72.14.199.244 - - [01/Mar/2011:13:07:43 +0900] "GET /atom.xml" 304 - - "Feedfetcher-Google; (+http://www.google.com/feedfetcher.html; 3 subscribers; feed-id=5146562804069246624)"
173.234.38.175 - - [01/Mar/2011:13:13:21 +0900] "GET /replyToBlogEntry.action?entry=1297401660000&comment=1297773779974" 200 - - "Mozilla/5.0 (Windows; U; Windows NT 6.1; en-GB; rv:1.9.1.3) Gecko/20090824 Firefox/3.5.3"
184.73.239.99 - - [01/Mar/2011:13:18:05 +0900] "HEAD /what-if-lisp-was-invented-by-the-japanese" 200 - - "Mozilla/5.0 (compatible; woriobot support [at] worio [dot] com +http://worio.com)"
72.14.199.244 - - [01/Mar/2011:13:28:38 +0900] "GET /rss.xml" 304 - - "Feedfetcher-Google; (+http://www.google.com/feedfetcher.html; 4 subscribers; feed-id=1720132379870088030)"
184.73.239.99 - - [01/Mar/2011:13:34:55 +0900] "HEAD /what-if-lisp-was-invented-by-the-japanese" 200 - - "Mozilla/5.0 (compatible; woriobot support [at] worio [dot] com +http://worio.com)"
216.39.58.78 - - [01/Mar/2011:13:36:34 +0900] "GET /what-if-lisp-was-invented-by-the-japanese" 200 - - "Mozilla/5.0 (compatible; Yahoo Pipes 2.0; +http://developer.yahoo.com/yql/provider) Gecko/20090729 Firefox/3.5.2"
216.39.58.78 - - [01/Mar/2011:13:43:10 +0900] "GET /what-if-lisp-was-invented-by-the-japanese" 200 - - "Mozilla/5.0 (compatible; Yahoo Pipes 2.0; +http://developer.yahoo.com/yql/provider) Gecko/20090729 Firefox/3.5.2"
184.73.239.99 - - [01/Mar/2011:13:51:18 +0900] "HEAD /what-if-lisp-was-invented-by-the-japanese" 200 - - "Mozilla/5.0 (compatible; woriobot support [at] worio [dot] com +http://worio.com)"
184.73.239.99 - - [01/Mar/2011:14:08:44 +0900] "HEAD /what-if-lisp-was-invented-by-the-japanese" 200 - - "Mozilla/5.0 (compatible; woriobot support [at] worio [dot] com +http://worio.com)"
72.14.199.244 - - [01/Mar/2011:14:11:23 +0900] "GET /atom.xml" 200 - - "Feedfetcher-Google; (+http://www.google.com/feedfetcher.html; 3 subscribers; feed-id=5146562804069246624)"
119.235.237.16 - - [01/Mar/2011:14:16:42 +0900] "GET /what-if-lisp-was-invented-by-the-japanese" 200 - - "Yeti/1.0 (NHN Corp.; http://help.naver.com/robots/)"
119.235.237.14 - - [01/Mar/2011:14:17:01 +0900] "GET /themes/lisp-nyc-barsky1/print.css" 500 - - "Yeti/1.0 (NHN Corp.; http://help.naver.com/robots/)"
119.235.237.15 - - [01/Mar/2011:14:17:21 +0900] "GET /themes/lisp-nyc-barsky1/screen.css" 500 - - "Yeti/1.0 (NHN Corp.; http://help.naver.com/robots/)"
119.235.237.14 - - [01/Mar/2011:14:17:41 +0900] "GET /pebble.css" 500 - - "Yeti/1.0 (NHN Corp.; http://help.naver.com/robots/)"
119.235.237.11 - - [01/Mar/2011:14:18:01 +0900] "GET /themes/_pebble/handheld.css" 500 - - "Yeti/1.0 (NHN Corp.; http://help.naver.com/robots/)"
203.104.98.220 - - [01/Mar/2011:14:19:03 +0900] "GET /rss.xml" 304 - - "livedoor FeedFetcher/0.01 (http://reader.livedoor.com/; 1 subscriber)"
184.73.239.99 - - [01/Mar/2011:14:25:41 +0900] "HEAD /what-if-lisp-was-invented-by-the-japanese" 200 - - "Mozilla/5.0 (compatible; woriobot support [at] worio [dot] com +http://worio.com)"
173.208.70.136 - - [01/Mar/2011:14:35:18 +0900] "GET /replyToBlogEntry.action?entry=1297401660000&comment=1297643709154" 200 - - "Mozilla/5.0 (Windows; U; Windows NT 5.1; pl; rv:1.9.1.3) Gecko/20090824 Firefox/3.5.3"
72.14.199.244 - - [01/Mar/2011:14:37:27 +0900] "GET /rss.xml" 304 - - "Feedfetcher-Google; (+http://www.google.com/feedfetcher.html; 4 subscribers; feed-id=1720132379870088030)"
184.73.239.99 - - [01/Mar/2011:14:43:05 +0900] "HEAD /what-if-lisp-was-invented-by-the-japanese" 200 - - "Mozilla/5.0 (compatible; woriobot support [at] worio [dot] com +http://worio.com)"
216.39.58.17 - - [01/Mar/2011:14:46:11 +0900] "GET /what-if-lisp-was-invented-by-the-japanese" 200 - - "Mozilla/5.0 (compatible; Yahoo Pipes 2.0; +http://developer.yahoo.com/yql/provider) Gecko/20090729 Firefox/3.5.2"
173.234.116.230 - - [01/Mar/2011:14:57:14 +0900] "GET /replyToBlogEntry.action?entry=1297401660000&comment=1297625755177" 200 - - "Opera/9.64(Windows NT 5.1; U; en) Presto/2.1.1"
184.73.239.99 - - [01/Mar/2011:15:02:31 +0900] "HEAD /what-if-lisp-was-invented-by-the-japanese" 200 - - "Mozilla/5.0 (compatible; woriobot support [at] worio [dot] com +http://worio.com)"
203.104.98.218 - - [01/Mar/2011:15:03:56 +0900] "GET /rss.xml" 304 - - "livedoor FeedFetcher/0.01 (http://reader.livedoor.com/; 1 subscriber)"
72.14.199.244 - - [01/Mar/2011:15:10:43 +0900] "GET /atom.xml" 200 - - "Feedfetcher-Google; (+http://www.google.com/feedfetcher.html; 3 subscribers; feed-id=5146562804069246624)"
184.73.239.99 - - [01/Mar/2011:15:19:37 +0900] "HEAD /what-if-lisp-was-invented-by-the-japanese" 200 - - "Mozilla/5.0 (compatible; woriobot support [at] worio [dot] com +http://worio.com)"
72.14.199.244 - - [01/Mar/2011:15:29:27 +0900] "GET /rss.xml" 304 - - "Feedfetcher-Google; (+http://www.google.com/feedfetcher.html; 4 subscribers; feed-id=1720132379870088030)"
184.73.239.99 - - [01/Mar/2011:15:35:21 +0900] "HEAD /what-if-lisp-was-invented-by-the-japanese" 200 - - "Mozilla/5.0 (compatible; woriobot support [at] worio [dot] com +http://worio.com)"
134.158.120.90 - - [01/Mar/2011:15:44:04 +0900] "GET /rss.xml" 304 - - "Mozilla/5.0 (X11; U; Linux i686; fr; rv:1.9.2.13) Gecko/20101209 Red Hat/3.6-3.el4 Firefox/3.6.13"
216.39.58.18 - - [01/Mar/2011:15:47:30 +0900] "GET /what-if-lisp-was-invented-by-the-japanese" 200 - - "Mozilla/5.0 (compatible; Yahoo Pipes 2.0; +http://developer.yahoo.com/yql/provider) Gecko/20090729 Firefox/3.5.2"
216.39.58.18 - - [01/Mar/2011:15:52:23 +0900] "GET /what-if-lisp-was-invented-by-the-japanese" 200 - - "Mozilla/5.0 (compatible; Yahoo Pipes 2.0; +http://developer.yahoo.com/yql/provider) Gecko/20090729 Firefox/3.5.2"
184.73.239.99 - - [01/Mar/2011:15:53:52 +0900] "HEAD /what-if-lisp-was-invented-by-the-japanese" 200 - - "Mozilla/5.0 (compatible; woriobot support [at] worio [dot] com +http://worio.com)"
72.14.199.244 - - [01/Mar/2011:16:09:43 +0900] "GET /atom.xml" 200 - - "Feedfetcher-Google; (+http://www.google.com/feedfetcher.html; 3 subscribers; feed-id=5146562804069246624)"
184.73.239.99 - - [01/Mar/2011:16:09:43 +0900] "HEAD /what-if-lisp-was-invented-by-the-japanese" 200 - - "Mozilla/5.0 (compatible; woriobot support [at] worio [dot] com +http://worio.com)"
97.126.46.252 - - [01/Mar/2011:16:12:20 +0900] "GET /what-if-lisp-was-invented-by-the-japanese" 200 - "http://www.reddit.com/r/lisp" "Mozilla/5.0 (Windows; U; Windows NT 6.0; en-US; rv:1.9.2.13) Gecko/20101203 Firefox/3.6.13 ( .NET CLR 3.5.30729)"
184.73.239.99 - - [01/Mar/2011:16:26:06 +0900] "HEAD /what-if-lisp-was-invented-by-the-japanese" 200 - - "Mozilla/5.0 (compatible; woriobot support [at] worio [dot] com +http://worio.com)"
72.14.199.244 - - [01/Mar/2011:16:37:07 +0900] "GET /rss.xml" 304 - - "Feedfetcher-Google; (+http://www.google.com/feedfetcher.html; 4 subscribers; feed-id=1720132379870088030)"
184.73.239.99 - - [01/Mar/2011:16:42:17 +0900] "HEAD /what-if-lisp-was-invented-by-the-japanese" 200 - - "Mozilla/5.0 (compatible; woriobot support [at] worio [dot] com +http://worio.com)"
134.158.120.90 - - [01/Mar/2011:16:46:23 +0900] "GET /rss.xml" 200 - - "Mozilla/5.0 (X11; U; Linux i686; fr; rv:1.9.2.13) Gecko/20101209 Red Hat/3.6-3.el4 Firefox/3.6.13"
66.249.72.8 - - [01/Mar/2011:16:51:19 +0900] "GET /2011/02/24" 200 - - "Mozilla/5.0 (compatible; Googlebot/2.1; +http://www.google.com/bot.html)"
216.39.58.78 - - [01/Mar/2011:16:55:42 +0900] "GET /what-if-lisp-was-invented-by-the-japanese" 200 - - "Mozilla/5.0 (compatible; Yahoo Pipes 2.0; +http://developer.yahoo.com/yql/provider) Gecko/20090729 Firefox/3.5.2"
184.73.239.99 - - [01/Mar/2011:16:57:57 +0900] "HEAD /what-if-lisp-was-invented-by-the-japanese" 200 - - "Mozilla/5.0 (compatible; woriobot support [at] worio [dot] com +http://worio.com)"
66.249.72.8 - - [01/Mar/2011:17:02:53 +0900] "GET /2011/02/25" 200 - - "Mozilla/5.0 (compatible; Googlebot/2.1; +http://www.google.com/bot.html)"
72.14.199.244 - - [01/Mar/2011:17:11:22 +0900] "GET /atom.xml" 304 - - "Feedfetcher-Google; (+http://www.google.com/feedfetcher.html; 3 subscribers; feed-id=5146562804069246624)"
184.73.239.99 - - [01/Mar/2011:17:13:34 +0900] "HEAD /what-if-lisp-was-invented-by-the-japanese" 200 - - "Mozilla/5.0 (compatible; woriobot support [at] worio [dot] com +http://worio.com)"
184.73.239.99 - - [01/Mar/2011:17:28:23 +0900] "HEAD /what-if-lisp-was-invented-by-the-japanese" 200 - - "Mozilla/5.0 (compatible; woriobot support [at] worio [dot] com +http://worio.com)"
72.14.199.244 - - [01/Mar/2011:17:28:37 +0900] "GET /rss.xml" 304 - - "Feedfetcher-Google; (+http://www.google.com/feedfetcher.html; 4 subscribers; feed-id=1720132379870088030)"
203.104.98.218 - - [01/Mar/2011:17:29:48 +0900] "GET /rss.xml" 304 - - "livedoor FeedFetcher/0.01 (http://reader.livedoor.com/; 1 subscriber)"
66.249.72.8 - - [01/Mar/2011:17:37:28 +0900] "GET /replyToBlogEntry.action?entry=1297401660000&comment=1297711949849" 200 - - "Mozilla/5.0 (compatible; Googlebot/2.1; +http://www.google.com/bot.html)"
125.6.162.3 - - [01/Mar/2011:17:41:18 +0900] "GET /atom.xml" 304 - - "Fastladder FeedFetcher/0.01 (http://fastladder.com/; 1 subscriber)"
184.73.239.99 - - [01/Mar/2011:17:43:33 +0900] "HEAD /what-if-lisp-was-invented-by-the-japanese" 200 - - "Mozilla/5.0 (compatible; woriobot support [at] worio [dot] com +http://worio.com)"
66.249.72.8 - - [01/Mar/2011:17:49:02 +0900] "GET /2011/02/27" 200 - - "Mozilla/5.0 (compatible; Googlebot/2.1; +http://www.google.com/bot.html)"
216.39.58.78 - - [01/Mar/2011:18:01:18 +0900] "GET /what-if-lisp-was-invented-by-the-japanese" 200 - - "Mozilla/5.0 (compatible; Yahoo Pipes 2.0; +http://developer.yahoo.com/yql/provider) Gecko/20090729 Firefox/3.5.2"
184.73.239.99 - - [01/Mar/2011:18:01:24 +0900] "HEAD /what-if-lisp-was-invented-by-the-japanese" 200 - - "Mozilla/5.0 (compatible; woriobot support [at] worio [dot] com +http://worio.com)"
209.131.41.48 - - [01/Mar/2011:18:07:11 +0900] "GET /what-if-lisp-was-invented-by-the-japanese" 200 - - "Mozilla/5.0 (compatible; Yahoo Pipes 2.0; +http://developer.yahoo.com/yql/provider) Gecko/20090729 Firefox/3.5.2"
203.104.98.220 - - [01/Mar/2011:18:10:11 +0900] "GET /rss.xml" 304 - - "livedoor FeedFetcher/0.01 (http://reader.livedoor.com/; 1 subscriber)"
72.14.199.244 - - [01/Mar/2011:18:18:32 +0900] "GET /atom.xml" 304 - - "Feedfetcher-Google; (+http://www.google.com/feedfetcher.html; 3 subscribers; feed-id=5146562804069246624)"
184.73.239.99 - - [01/Mar/2011:18:19:01 +0900] "HEAD /what-if-lisp-was-invented-by-the-japanese" 200 - - "Mozilla/5.0 (compatible; woriobot support [at] worio [dot] com +http://worio.com)"
72.14.199.244 - - [01/Mar/2011:18:26:44 +0900] "GET /rss.xml" 304 - - "Feedfetcher-Google; (+http://www.google.com/feedfetcher.html; 4 subscribers; feed-id=1720132379870088030)"
184.73.239.99 - - [01/Mar/2011:18:41:23 +0900] "HEAD /what-if-lisp-was-invented-by-the-japanese" 200 - - "Mozilla/5.0 (compatible; woriobot support [at] worio [dot] com +http://worio.com)"
184.73.239.99 - - [01/Mar/2011:18:57:54 +0900] "HEAD /what-if-lisp-was-invented-by-the-japanese" 200 - - "Mozilla/5.0 (compatible; woriobot support [at] worio [dot] com +http://worio.com)"
66.249.72.8 - - [01/Mar/2011:19:09:50 +0900] "GET /2011/02/15" 200 - - "Mozilla/5.0 (compatible; Googlebot/2.1; +http://www.google.com/bot.html)"
184.73.239.99 - - [01/Mar/2011:19:13:38 +0900] "HEAD /what-if-lisp-was-invented-by-the-japanese" 200 - - "Mozilla/5.0 (compatible; woriobot support [at] worio [dot] com +http://worio.com)"
216.39.58.17 - - [01/Mar/2011:19:14:48 +0900] "GET /what-if-lisp-was-invented-by-the-japanese" 200 - - "Mozilla/5.0 (compatible; Yahoo Pipes 2.0; +http://developer.yahoo.com/yql/provider) Gecko/20090729 Firefox/3.5.2"
72.14.199.244 - - [01/Mar/2011:19:24:07 +0900] "GET /rss.xml" 304 - - "Feedfetcher-Google; (+http://www.google.com/feedfetcher.html; 4 subscribers; feed-id=1720132379870088030)"
66.249.72.8 - - [01/Mar/2011:19:26:26 +0900] "GET /replyToBlogEntry.action?entry=1297401660000&comment=1297760248231" 200 - - "Mozilla/5.0 (compatible; Googlebot/2.1; +http://www.google.com/bot.html)"
72.14.199.244 - - [01/Mar/2011:19:26:52 +0900] "GET /atom.xml" 200 - - "Feedfetcher-Google; (+http://www.google.com/feedfetcher.html; 3 subscribers; feed-id=5146562804069246624)"
184.73.239.99 - - [01/Mar/2011:19:28:50 +0900] "HEAD /what-if-lisp-was-invented-by-the-japanese" 200 - - "Mozilla/5.0 (compatible; woriobot support [at] worio [dot] com +http://worio.com)"
184.73.239.99 - - [01/Mar/2011:19:48:35 +0900] "HEAD /what-if-lisp-was-invented-by-the-japanese" 200 - - "Mozilla/5.0 (compatible; woriobot support [at] worio [dot] com +http://worio.com)"
184.73.239.99 - - [01/Mar/2011:20:06:55 +0900] "HEAD /what-if-lisp-was-invented-by-the-japanese" 200 - - "Mozilla/5.0 (compatible; woriobot support [at] worio [dot] com +http://worio.com)"
72.14.199.244 - - [01/Mar/2011:20:14:17 +0900] "GET /rss.xml" 304 - - "Feedfetcher-Google; (+http://www.google.com/feedfetcher.html; 4 subscribers; feed-id=1720132379870088030)"
216.39.58.17 - - [01/Mar/2011:20:22:11 +0900] "GET /what-if-lisp-was-invented-by-the-japanese" 200 - - "Mozilla/5.0 (compatible; Yahoo Pipes 2.0; +http://developer.yahoo.com/yql/provider) Gecko/20090729 Firefox/3.5.2"
184.73.239.99 - - [01/Mar/2011:20:24:41 +0900] "HEAD /what-if-lisp-was-invented-by-the-japanese" 200 - - "Mozilla/5.0 (compatible; woriobot support [at] worio [dot] com +http://worio.com)"
216.39.58.17 - - [01/Mar/2011:20:27:48 +0900] "GET /what-if-lisp-was-invented-by-the-japanese" 200 - - "Mozilla/5.0 (compatible; Yahoo Pipes 2.0; +http://developer.yahoo.com/yql/provider) Gecko/20090729 Firefox/3.5.2"
66.249.72.8 - - [01/Mar/2011:20:30:38 +0900] "GET /replyToBlogEntry.action?entry=1297401660000&comment=1297710123628" 200 - - "Mozilla/5.0 (compatible; Googlebot/2.1; +http://www.google.com/bot.html)"
72.14.199.244 - - [01/Mar/2011:20:31:32 +0900] "GET /atom.xml" 304 - - "Feedfetcher-Google; (+http://www.google.com/feedfetcher.html; 3 subscribers; feed-id=5146562804069246624)"
203.104.98.220 - - [01/Mar/2011:20:39:53 +0900] "GET /rss.xml" 304 - - "livedoor FeedFetcher/0.01 (http://reader.livedoor.com/; 1 subscriber)"
66.249.72.8 - - [01/Mar/2011:20:42:11 +0900] "GET /replyToBlogEntry.action?entry=1297401660000&comment=1297773779974" 200 - - "Mozilla/5.0 (compatible; Googlebot/2.1; +http://www.google.com/bot.html)"
184.73.239.99 - - [01/Mar/2011:20:42:30 +0900] "HEAD /what-if-lisp-was-invented-by-the-japanese" 200 - - "Mozilla/5.0 (compatible; woriobot support [at] worio [dot] com +http://worio.com)"
184.73.239.99 - - [01/Mar/2011:20:59:59 +0900] "HEAD /what-if-lisp-was-invented-by-the-japanese" 200 - - "Mozilla/5.0 (compatible; woriobot support [at] worio [dot] com +http://worio.com)"
67.195.114.220 - - [01/Mar/2011:21:06:44 +0900] "GET /" 200 - - "Mozilla/5.0 (compatible; Yahoo! Slurp; http://help.yahoo.com/help/us/ysearch/slurp)"
67.195.114.220 - - [01/Mar/2011:21:08:11 +0900] "GET /2011/03/01" 200 - - "Mozilla/5.0 (compatible; Yahoo! Slurp; http://help.yahoo.com/help/us/ysearch/slurp)"
67.195.114.220 - - [01/Mar/2011:21:08:17 +0900] "GET /2011/03" 200 - - "Mozilla/5.0 (compatible; Yahoo! Slurp; http://help.yahoo.com/help/us/ysearch/slurp)"
87.91.112.181 - - [01/Mar/2011:21:12:55 +0900] "GET /secret-alien-technology-ftw" 200 - - "Mozilla/5.0 (compatible; Konqueror/4.6; Linux) KHTML/4.6.0 (like Gecko)"
72.14.199.244 - - [01/Mar/2011:21:13:07 +0900] "GET /rss.xml" 304 - - "Feedfetcher-Google; (+http://www.google.com/feedfetcher.html; 4 subscribers; feed-id=1720132379870088030)"
184.73.239.99 - - [01/Mar/2011:21:17:34 +0900] "HEAD /what-if-lisp-was-invented-by-the-japanese" 200 - - "Mozilla/5.0 (compatible; woriobot support [at] worio [dot] com +http://worio.com)"
203.104.98.220 - - [01/Mar/2011:21:17:41 +0900] "GET /rss.xml" 304 - - "livedoor FeedFetcher/0.01 (http://reader.livedoor.com/; 1 subscriber)"
72.14.199.244 - - [01/Mar/2011:21:28:12 +0900] "GET /atom.xml" 304 - - "Feedfetcher-Google; (+http://www.google.com/feedfetcher.html; 3 subscribers; feed-id=5146562804069246624)"
66.249.72.8 - - [01/Mar/2011:21:28:21 +0900] "GET /replyToBlogEntry.action?entry=1297401660000&comment=1297728186695" 200 - - "Mozilla/5.0 (compatible; Googlebot/2.1; +http://www.google.com/bot.html)"
66.249.67.229 - - [01/Mar/2011:21:30:18 +0900] "GET /2011/02/23" 200 - - "Mozilla/5.0 (compatible; Googlebot/2.1; +http://www.google.com/bot.html)"
184.73.239.99 - - [01/Mar/2011:21:34:37 +0900] "HEAD /what-if-lisp-was-invented-by-the-japanese" 200 - - "Mozilla/5.0 (compatible; woriobot support [at] worio [dot] com +http://worio.com)"
216.39.58.18 - - [01/Mar/2011:21:35:22 +0900] "GET /what-if-lisp-was-invented-by-the-japanese" 200 - - "Mozilla/5.0 (compatible; Yahoo Pipes 2.0; +http://developer.yahoo.com/yql/provider) Gecko/20090729 Firefox/3.5.2"
173.234.38.175 - - [01/Mar/2011:21:43:52 +0900] "GET /replyToBlogEntry.action?entry=1297401660000&comment=1297773779974" 200 - - "Mozilla/5.0 (X11; U; Linux i686; it-IT; rv:1.9.0.2) Gecko/2008092313 Ubuntu/9.25 (jaunty) Firefox/3.8"
184.73.239.99 - - [01/Mar/2011:21:50:15 +0900] "HEAD /what-if-lisp-was-invented-by-the-japanese" 200 - - "Mozilla/5.0 (compatible; woriobot support [at] worio [dot] com +http://worio.com)"
66.249.72.8 - - [01/Mar/2011:21:57:35 +0900] "GET /2011/02/13" 200 - - "Mozilla/5.0 (compatible; Googlebot/2.1; +http://www.google.com/bot.html)"
