72.14.199.244 - - [08/Mar/2011:00:04:05 +0900] "GET /atom.xml" 304 - - "Feedfetcher-Google; (+http://www.google.com/feedfetcher.html; 3 subscribers; feed-id=5146562804069246624)"
134.158.120.90 - - [08/Mar/2011:00:06:04 +0900] "GET /rss.xml" 304 - - "Mozilla/5.0 (X11; U; Linux i686; fr; rv:1.9.2.14) Gecko/20110302 Red Hat/3.6-4.el4 Firefox/3.6.14"
61.188.239.89 - - [08/Mar/2011:00:29:14 +0900] "GET /what-if-lisp-was-invented-by-the-japanese" 200 - "http://www.reddit.com/r/lisp/?count=25&after=t3_fo3w0" "Mozilla/5.0 (Windows; U; Windows NT 6.1; en-US) AppleWebKit/534.13 (KHTML, like Gecko) Chrome/9.0.597.107 Safari/534.13"
66.249.72.8 - - [08/Mar/2011:00:46:44 +0900] "GET /2011/02/05" 200 - - "Mozilla/5.0 (compatible; Googlebot/2.1; +http://www.google.com/bot.html)"
66.249.72.8 - - [08/Mar/2011:00:52:09 +0900] "GET /2011/02/05" 200 - - "Mozilla/5.0 (compatible; Googlebot/2.1; +http://www.google.com/bot.html)"
216.39.58.78 - - [08/Mar/2011:00:55:58 +0900] "GET /what-if-lisp-was-invented-by-the-japanese" 200 - - "Mozilla/5.0 (compatible; Yahoo Pipes 2.0; +http://developer.yahoo.com/yql/provider) Gecko/20090729 Firefox/3.5.2"
72.14.199.107 - - [08/Mar/2011:00:57:45 +0900] "GET /atom.xml" 200 - - "Feedfetcher-Google; (+http://www.google.com/feedfetcher.html; 3 subscribers; feed-id=5146562804069246624)"
174.120.186.2 - - [08/Mar/2011:00:58:13 +0900] "GET /what-if-lisp-was-invented-by-the-japanese" 200 - - "Mozilla/5.0 (Windows; U; Windows NT 5.2; en-US; rv:1.9.1.4) Gecko/20091007 Firefox/3.5.4"
174.120.186.2 - - [08/Mar/2011:00:58:13 +0900] "GET /what-if-lisp-was-invented-by-the-japanese" 200 - - "Mozilla/5.0 (Macintosh; U; Intel Mac OS X 10.5; en-US; rv:1.9.0.7) Gecko/2009021906 Firefox/3.0.7"
66.249.71.206 - - [08/Mar/2011:01:00:49 +0900] "GET /2011/02/03" 200 - - "Mozilla/5.0 (compatible; Googlebot/2.1; +http://www.google.com/bot.html)"
72.14.199.107 - - [08/Mar/2011:01:01:39 +0900] "GET /rss.xml" 200 - - "Feedfetcher-Google; (+http://www.google.com/feedfetcher.html; 4 subscribers; feed-id=1720132379870088030)"
203.104.98.220 - - [08/Mar/2011:01:04:39 +0900] "GET /rss.xml" 304 - - "livedoor FeedFetcher/0.01 (http://reader.livedoor.com/; 1 subscriber)"
134.158.120.90 - - [08/Mar/2011:01:08:17 +0900] "GET /rss.xml" 304 - - "Mozilla/5.0 (X11; U; Linux i686; fr; rv:1.9.2.14) Gecko/20110302 Red Hat/3.6-4.el4 Firefox/3.6.14"
67.188.147.218 - - [08/Mar/2011:01:22:52 +0900] "GET /what-if-lisp-was-invented-by-the-japanese" 200 - - "Mozilla/5.0 (Macintosh; U; Intel Mac OS X 10_6_6; en-us) AppleWebKit/533.19.4 (KHTML, like Gecko) Version/5.0.3 Safari/533.19.4"
203.104.98.218 - - [08/Mar/2011:01:26:44 +0900] "GET /rss.xml" 304 - - "livedoor FeedFetcher/0.01 (http://reader.livedoor.com/; 1 subscriber)"
67.195.114.220 - - [08/Mar/2011:01:33:11 +0900] "GET /replyToBlogEntry.action?entry=1297401660000&comment=1297643709154" 200 - - "Mozilla/5.0 (compatible; Yahoo! Slurp; http://help.yahoo.com/help/us/ysearch/slurp)"
67.195.114.220 - - [08/Mar/2011:01:34:29 +0900] "GET /replyToBlogEntry.action?entry=1297401660000&comment=1297596963430" 200 - - "Mozilla/5.0 (compatible; Yahoo! Slurp; http://help.yahoo.com/help/us/ysearch/slurp)"
72.14.199.107 - - [08/Mar/2011:01:48:55 +0900] "GET /atom.xml" 304 - - "Feedfetcher-Google; (+http://www.google.com/feedfetcher.html; 3 subscribers; feed-id=5146562804069246624)"
72.14.199.107 - - [08/Mar/2011:01:52:20 +0900] "GET /rss.xml" 304 - - "Feedfetcher-Google; (+http://www.google.com/feedfetcher.html; 4 subscribers; feed-id=1720132379870088030)"
216.39.58.17 - - [08/Mar/2011:02:12:23 +0900] "GET /what-if-lisp-was-invented-by-the-japanese" 200 - - "Mozilla/5.0 (compatible; Yahoo Pipes 2.0; +http://developer.yahoo.com/yql/provider) Gecko/20090729 Firefox/3.5.2"
216.39.58.78 - - [08/Mar/2011:02:18:37 +0900] "GET /what-if-lisp-was-invented-by-the-japanese" 200 - - "Mozilla/5.0 (compatible; Yahoo Pipes 2.0; +http://developer.yahoo.com/yql/provider) Gecko/20090729 Firefox/3.5.2"
134.158.120.90 - - [08/Mar/2011:02:25:43 +0900] "GET /rss.xml" 304 - - "Mozilla/5.0 (X11; U; Linux i686; fr; rv:1.9.2.14) Gecko/20110302 Red Hat/3.6-4.el4 Firefox/3.6.14"
66.249.71.206 - - [08/Mar/2011:02:25:46 +0900] "GET /secret-alien-technology-ftw" 200 - - "Mozilla/5.0 (compatible; Googlebot/2.1; +http://www.google.com/bot.html)"
72.14.199.107 - - [08/Mar/2011:02:36:16 +0900] "GET /atom.xml" 304 - - "Feedfetcher-Google; (+http://www.google.com/feedfetcher.html; 3 subscribers; feed-id=5146562804069246624)"
72.14.199.107 - - [08/Mar/2011:02:46:15 +0900] "GET /atom.xml" 304 - - "Feedfetcher-Google; (+http://www.google.com/feedfetcher.html; 3 subscribers; feed-id=5146562804069246624)"
72.14.199.107 - - [08/Mar/2011:02:52:00 +0900] "GET /rss.xml" 304 - - "Feedfetcher-Google; (+http://www.google.com/feedfetcher.html; 4 subscribers; feed-id=1720132379870088030)"
88.190.13.201 - - [08/Mar/2011:02:58:05 +0900] "GET /2011/03" 200 - - "Mozilla/5.0 (compatible; MJ12bot/v1.3.3; http://www.majestic12.co.uk/bot.php?+)"
88.190.13.201 - - [08/Mar/2011:02:58:07 +0900] "GET /2011/03/02" 200 - - "Mozilla/5.0 (compatible; MJ12bot/v1.3.3; http://www.majestic12.co.uk/bot.php?+)"
66.249.71.206 - - [08/Mar/2011:03:07:45 +0900] "GET /2011/03/08" 200 - - "Mozilla/5.0 (compatible; Googlebot/2.1; +http://www.google.com/bot.html)"
216.39.58.17 - - [08/Mar/2011:03:32:56 +0900] "GET /what-if-lisp-was-invented-by-the-japanese" 200 - - "Mozilla/5.0 (compatible; Yahoo Pipes 2.0; +http://developer.yahoo.com/yql/provider) Gecko/20090729 Firefox/3.5.2"
118.243.141.241 - - [08/Mar/2011:03:38:50 +0900] "GET /atom.xml" 304 - - "samidare"
65.52.110.49 - - [08/Mar/2011:03:42:42 +0900] "GET /what-if-lisp-was-invented-by-the-japanese" 200 - - "Mozilla/5.0 (compatible; bingbot/2.0; +http://www.bing.com/bingbot.htm)"
72.14.199.107 - - [08/Mar/2011:03:54:35 +0900] "GET /atom.xml" 304 - - "Feedfetcher-Google; (+http://www.google.com/feedfetcher.html; 3 subscribers; feed-id=5146562804069246624)"
72.14.199.107 - - [08/Mar/2011:03:59:30 +0900] "GET /rss.xml" 304 - - "Feedfetcher-Google; (+http://www.google.com/feedfetcher.html; 4 subscribers; feed-id=1720132379870088030)"
203.104.98.218 - - [08/Mar/2011:04:11:41 +0900] "GET /rss.xml" 304 - - "livedoor FeedFetcher/0.01 (http://reader.livedoor.com/; 1 subscriber)"
203.104.98.219 - - [08/Mar/2011:04:32:17 +0900] "GET /rss.xml" 304 - - "livedoor FeedFetcher/0.01 (http://reader.livedoor.com/; 1 subscriber)"
72.14.199.107 - - [08/Mar/2011:04:40:05 +0900] "GET /atom.xml" 304 - - "Feedfetcher-Google; (+http://www.google.com/feedfetcher.html; 3 subscribers; feed-id=5146562804069246624)"
216.39.58.78 - - [08/Mar/2011:04:51:07 +0900] "GET /what-if-lisp-was-invented-by-the-japanese" 200 - - "Mozilla/5.0 (compatible; Yahoo Pipes 2.0; +http://developer.yahoo.com/yql/provider) Gecko/20090729 Firefox/3.5.2"
72.14.199.107 - - [08/Mar/2011:04:53:33 +0900] "GET /rss.xml" 304 - - "Feedfetcher-Google; (+http://www.google.com/feedfetcher.html; 4 subscribers; feed-id=1720132379870088030)"
216.39.58.18 - - [08/Mar/2011:04:57:52 +0900] "GET /what-if-lisp-was-invented-by-the-japanese" 200 - - "Mozilla/5.0 (compatible; Yahoo Pipes 2.0; +http://developer.yahoo.com/yql/provider) Gecko/20090729 Firefox/3.5.2"
128.95.101.136 - - [08/Mar/2011:05:01:27 +0900] "GET /what-if-lisp-was-invented-by-the-japanese" 200 - "http://www.reddit.com/?count=25&after=t3_fl520" "Mozilla/5.0 (X11; U; Linux x86_64; en-US; rv:1.9.2.14) Gecko/20110302 Red Hat/3.6-4.el5_6 Firefox/3.6.14"
66.249.71.206 - - [08/Mar/2011:05:11:30 +0900] "GET /what-if-lisp-was-invented-by-the-japanese" 200 - - "Mozilla/5.0 (compatible; Googlebot/2.1; +http://www.google.com/bot.html)"
190.248.135.34 - - [08/Mar/2011:05:21:47 +0900] "GET /what-if-lisp-was-invented-by-the-japanese" 200 - - "Mozilla/5.0 (X11; U; Linux i686; en-US; rv:1.9.1.16) Gecko/20110107 Iceweasel/3.5.16 (like Firefox/3.5.16)"
145.53.159.62 - - [08/Mar/2011:05:29:31 +0900] "GET /what-if-lisp-was-invented-by-the-japanese" 200 - - "Mozilla/5.0 (Windows; U; Windows NT 5.1; en-US) AppleWebKit/534.13 (KHTML, like Gecko) Chrome/9.0.597.107 Safari/534.13"
72.14.199.107 - - [08/Mar/2011:05:40:04 +0900] "GET /atom.xml" 304 - - "Feedfetcher-Google; (+http://www.google.com/feedfetcher.html; 3 subscribers; feed-id=5146562804069246624)"
134.84.74.201 - - [08/Mar/2011:05:44:43 +0900] "GET /what-if-lisp-was-invented-by-the-japanese" 200 - "http://www.reddit.com/r/programming/?count=400&after=t3_fmm7v" "Mozilla/5.0 (Macintosh; U; Intel Mac OS X 10_6_6; en-US) AppleWebKit/534.13 (KHTML, like Gecko) Chrome/9.0.597.107 Safari/534.13"
65.49.34.13 - - [08/Mar/2011:05:49:37 +0900] "GET /replyToBlogEntry.action?entry=1297401660000&comment=1297613830060" 200 - - "Mozilla/4.0 (compatible; MSIE 6.0; Windows NT 5.1; SV1)"
128.95.101.136 - - [08/Mar/2011:05:49:59 +0900] "GET /what-if-lisp-was-invented-by-the-japanese" 200 - "http://www.reddit.com/?count=25&after=t3_fl520" "Mozilla/5.0 (X11; U; Linux x86_64; en-US; rv:1.9.2.14) Gecko/20110302 Red Hat/3.6-4.el5_6 Firefox/3.6.14"
209.131.41.48 - - [08/Mar/2011:06:15:44 +0900] "GET /what-if-lisp-was-invented-by-the-japanese" 200 - - "Mozilla/5.0 (compatible; Yahoo Pipes 2.0; +http://developer.yahoo.com/yql/provider) Gecko/20090729 Firefox/3.5.2"
66.249.71.206 - - [08/Mar/2011:06:19:42 +0900] "GET /what-if-lisp-was-invented-by-the-japanese" 200 - - "Mozilla/5.0 (compatible; Googlebot/2.1; +http://www.google.com/bot.html)"
72.14.199.107 - - [08/Mar/2011:06:26:04 +0900] "GET /rss.xml" 304 - - "Feedfetcher-Google; (+http://www.google.com/feedfetcher.html; 4 subscribers; feed-id=1720132379870088030)"
65.52.110.39 - - [08/Mar/2011:06:28:37 +0900] "GET /what-if-lisp-was-invented-by-the-japanese" 200 - - "Mozilla/5.0 (compatible; bingbot/2.0; +http://www.bing.com/bingbot.htm)"
72.14.199.107 - - [08/Mar/2011:06:38:34 +0900] "GET /atom.xml" 304 - - "Feedfetcher-Google; (+http://www.google.com/feedfetcher.html; 3 subscribers; feed-id=5146562804069246624)"
207.46.204.182 - - [08/Mar/2011:06:48:12 +0900] "GET /secret-alien-technology-ftw" 200 - - "Mozilla/5.0 (compatible; bingbot/2.0; +http://www.bing.com/bingbot.htm)"
203.104.98.218 - - [08/Mar/2011:07:14:52 +0900] "GET /rss.xml" 304 - - "livedoor FeedFetcher/0.01 (http://reader.livedoor.com/; 1 subscriber)"
72.14.199.107 - - [08/Mar/2011:07:24:33 +0900] "GET /rss.xml" 304 - - "Feedfetcher-Google; (+http://www.google.com/feedfetcher.html; 4 subscribers; feed-id=1720132379870088030)"
72.14.199.107 - - [08/Mar/2011:07:29:54 +0900] "GET /atom.xml" 304 - - "Feedfetcher-Google; (+http://www.google.com/feedfetcher.html; 3 subscribers; feed-id=5146562804069246624)"
203.104.98.220 - - [08/Mar/2011:07:35:35 +0900] "GET /rss.xml" 304 - - "livedoor FeedFetcher/0.01 (http://reader.livedoor.com/; 1 subscriber)"
216.39.58.78 - - [08/Mar/2011:07:45:36 +0900] "GET /what-if-lisp-was-invented-by-the-japanese" 200 - - "Mozilla/5.0 (compatible; Yahoo Pipes 2.0; +http://developer.yahoo.com/yql/provider) Gecko/20090729 Firefox/3.5.2"
216.39.58.78 - - [08/Mar/2011:07:53:29 +0900] "GET /what-if-lisp-was-invented-by-the-japanese" 200 - - "Mozilla/5.0 (compatible; Yahoo Pipes 2.0; +http://developer.yahoo.com/yql/provider) Gecko/20090729 Firefox/3.5.2"
218.213.130.199 - - [08/Mar/2011:07:56:15 +0900] "GET /" 200 - - "ichiro/4.0 (http://help.goo.ne.jp/door/crawler.html)"
218.213.130.199 - - [08/Mar/2011:08:09:03 +0900] "GET /rss.xml" 200 - - "ichiro/4.0 (http://help.goo.ne.jp/door/crawler.html)"
72.14.199.107 - - [08/Mar/2011:08:14:54 +0900] "GET /rss.xml" 304 - - "Feedfetcher-Google; (+http://www.google.com/feedfetcher.html; 4 subscribers; feed-id=1720132379870088030)"
77.88.28.246 - - [08/Mar/2011:08:30:37 +0900] "GET /replyToBlogEntry.action?entry=1297401660000&comment=1297613830060" 200 - - "Mozilla/5.0 (compatible; YandexBot/3.0; +http://yandex.com/bots)"
72.14.199.107 - - [08/Mar/2011:08:36:54 +0900] "GET /atom.xml" 304 - - "Feedfetcher-Google; (+http://www.google.com/feedfetcher.html; 3 subscribers; feed-id=5146562804069246624)"
72.14.199.107 - - [08/Mar/2011:09:24:34 +0900] "GET /rss.xml" 304 - - "Feedfetcher-Google; (+http://www.google.com/feedfetcher.html; 4 subscribers; feed-id=1720132379870088030)"
72.14.199.107 - - [08/Mar/2011:09:30:43 +0900] "GET /atom.xml" 304 - - "Feedfetcher-Google; (+http://www.google.com/feedfetcher.html; 3 subscribers; feed-id=5146562804069246624)"
203.104.98.220 - - [08/Mar/2011:10:22:09 +0900] "GET /rss.xml" 304 - - "livedoor FeedFetcher/0.01 (http://reader.livedoor.com/; 1 subscriber)"
72.14.199.107 - - [08/Mar/2011:10:22:53 +0900] "GET /atom.xml" 304 - - "Feedfetcher-Google; (+http://www.google.com/feedfetcher.html; 3 subscribers; feed-id=5146562804069246624)"
72.14.199.107 - - [08/Mar/2011:10:26:53 +0900] "GET /rss.xml" 304 - - "Feedfetcher-Google; (+http://www.google.com/feedfetcher.html; 4 subscribers; feed-id=1720132379870088030)"
216.39.58.17 - - [08/Mar/2011:10:34:08 +0900] "GET /what-if-lisp-was-invented-by-the-japanese" 200 - - "Mozilla/5.0 (compatible; Yahoo Pipes 2.0; +http://developer.yahoo.com/yql/provider) Gecko/20090729 Firefox/3.5.2"
203.104.98.218 - - [08/Mar/2011:10:45:12 +0900] "GET /rss.xml" 304 - - "livedoor FeedFetcher/0.01 (http://reader.livedoor.com/; 1 subscriber)"
72.14.199.107 - - [08/Mar/2011:11:29:43 +0900] "GET /rss.xml" 304 - - "Feedfetcher-Google; (+http://www.google.com/feedfetcher.html; 4 subscribers; feed-id=1720132379870088030)"
72.14.199.107 - - [08/Mar/2011:11:31:34 +0900] "GET /atom.xml" 304 - - "Feedfetcher-Google; (+http://www.google.com/feedfetcher.html; 3 subscribers; feed-id=5146562804069246624)"
118.243.141.241 - - [08/Mar/2011:11:38:49 +0900] "GET /atom.xml" 304 - - "samidare"
216.39.58.78 - - [08/Mar/2011:12:03:08 +0900] "GET /what-if-lisp-was-invented-by-the-japanese" 200 - - "Mozilla/5.0 (compatible; Yahoo Pipes 2.0; +http://developer.yahoo.com/yql/provider) Gecko/20090729 Firefox/3.5.2"
216.39.58.17 - - [08/Mar/2011:12:10:31 +0900] "GET /what-if-lisp-was-invented-by-the-japanese" 200 - - "Mozilla/5.0 (compatible; Yahoo Pipes 2.0; +http://developer.yahoo.com/yql/provider) Gecko/20090729 Firefox/3.5.2"
119.235.237.16 - - [08/Mar/2011:12:17:41 +0900] "GET /authors/euske/" 200 - - "Yeti/1.0 (NHN Corp.; http://help.naver.com/robots/)"
119.235.237.76 - - [08/Mar/2011:12:18:02 +0900] "GET /pebble.css" 500 - - "Yeti/1.0 (NHN Corp.; http://help.naver.com/robots/)"
119.235.237.75 - - [08/Mar/2011:12:18:22 +0900] "GET /themes/_pebble/handheld.css" 500 - - "Yeti/1.0 (NHN Corp.; http://help.naver.com/robots/)"
119.235.237.77 - - [08/Mar/2011:12:18:42 +0900] "GET /themes/lisp-nyc-barsky1/print.css" 500 - - "Yeti/1.0 (NHN Corp.; http://help.naver.com/robots/)"
119.235.237.75 - - [08/Mar/2011:12:19:02 +0900] "GET /themes/lisp-nyc-barsky1/screen.css" 500 - - "Yeti/1.0 (NHN Corp.; http://help.naver.com/robots/)"
72.14.199.107 - - [08/Mar/2011:12:26:02 +0900] "GET /rss.xml" 304 - - "Feedfetcher-Google; (+http://www.google.com/feedfetcher.html; 4 subscribers; feed-id=1720132379870088030)"
72.14.199.107 - - [08/Mar/2011:12:37:13 +0900] "GET /atom.xml" 304 - - "Feedfetcher-Google; (+http://www.google.com/feedfetcher.html; 3 subscribers; feed-id=5146562804069246624)"
72.14.199.107 - - [08/Mar/2011:13:23:13 +0900] "GET /rss.xml" 200 - - "Feedfetcher-Google; (+http://www.google.com/feedfetcher.html; 4 subscribers; feed-id=1720132379870088030)"
203.104.98.219 - - [08/Mar/2011:13:28:22 +0900] "GET /rss.xml" 304 - - "livedoor FeedFetcher/0.01 (http://reader.livedoor.com/; 1 subscriber)"
216.39.58.78 - - [08/Mar/2011:13:32:24 +0900] "GET /what-if-lisp-was-invented-by-the-japanese" 200 - - "Mozilla/5.0 (compatible; Yahoo Pipes 2.0; +http://developer.yahoo.com/yql/provider) Gecko/20090729 Firefox/3.5.2"
72.14.199.107 - - [08/Mar/2011:13:38:43 +0900] "GET /atom.xml" 304 - - "Feedfetcher-Google; (+http://www.google.com/feedfetcher.html; 3 subscribers; feed-id=5146562804069246624)"
203.104.98.220 - - [08/Mar/2011:13:57:18 +0900] "GET /rss.xml" 304 - - "livedoor FeedFetcher/0.01 (http://reader.livedoor.com/; 1 subscriber)"
66.249.71.206 - - [08/Mar/2011:14:06:14 +0900] "GET /what-if-lisp-was-invented-by-the-japanese" 200 - - "Mozilla/5.0 (compatible; Googlebot/2.1; +http://www.google.com/bot.html)"
98.173.25.21 - - [08/Mar/2011:14:21:05 +0900] "GET /what-if-lisp-was-invented-by-the-japanese" 200 - "http://news.ycombinator.com/" "Mozilla/5.0 (Windows; U; Windows NT 6.1; en-US; rv:1.9.2.15) Gecko/20110303 Firefox/3.6.15"
72.14.199.107 - - [08/Mar/2011:14:26:07 +0900] "GET /rss.xml" 304 - - "Feedfetcher-Google; (+http://www.google.com/feedfetcher.html; 4 subscribers; feed-id=1720132379870088030)"
71.62.120.143 - - [08/Mar/2011:14:55:52 +0900] "GET /what-if-lisp-was-invented-by-the-japanese" 200 - "http://www.reddit.com/r/lisp/?count=25&after=t3_fo4qx" "Mozilla/5.0 (X11; U; Linux x86_64; en-US; rv:1.9.2.14) Gecko/20110221 Ubuntu/10.04 (lucid) Firefox/3.6.14"
216.39.58.17 - - [08/Mar/2011:14:59:55 +0900] "GET /what-if-lisp-was-invented-by-the-japanese" 200 - - "Mozilla/5.0 (compatible; Yahoo Pipes 2.0; +http://developer.yahoo.com/yql/provider) Gecko/20090729 Firefox/3.5.2"
72.14.199.107 - - [08/Mar/2011:15:21:52 +0900] "GET /atom.xml" 304 - - "Feedfetcher-Google; (+http://www.google.com/feedfetcher.html; 3 subscribers; feed-id=5146562804069246624)"
72.53.195.199 - - [08/Mar/2011:15:28:06 +0900] "GET /rss.xml" 200 - - "Mozilla/5.0 (Windows; U; Windows NT 5.1; en-US; rv:1.9.0.5) Gecko/2008120122 Firefox/3.0.5\r\n"
72.14.199.107 - - [08/Mar/2011:15:30:27 +0900] "GET /rss.xml" 304 - - "Feedfetcher-Google; (+http://www.google.com/feedfetcher.html; 4 subscribers; feed-id=1720132379870088030)"
134.158.120.90 - - [08/Mar/2011:15:43:20 +0900] "GET /rss.xml" 304 - - "Mozilla/5.0 (X11; U; Linux i686; fr; rv:1.9.2.14) Gecko/20110302 Red Hat/3.6-4.el4 Firefox/3.6.14"
72.14.199.107 - - [08/Mar/2011:15:57:27 +0900] "GET /rss.xml" 304 - - "Feedfetcher-Google; (+http://www.google.com/feedfetcher.html; 4 subscribers; feed-id=1720132379870088030)"
72.14.199.107 - - [08/Mar/2011:16:24:22 +0900] "GET /atom.xml" 304 - - "Feedfetcher-Google; (+http://www.google.com/feedfetcher.html; 3 subscribers; feed-id=5146562804069246624)"
209.131.41.49 - - [08/Mar/2011:16:25:31 +0900] "GET /what-if-lisp-was-invented-by-the-japanese" 200 - - "Mozilla/5.0 (compatible; Yahoo Pipes 2.0; +http://developer.yahoo.com/yql/provider) Gecko/20090729 Firefox/3.5.2"
211.43.152.49 - - [08/Mar/2011:16:29:20 +0900] "GET /atom.xml" 200 - - "Mozilla/5.0 Firefox/3.0.5"
207.67.117.178 - - [08/Mar/2011:16:32:47 +0900] "GET /what-if-lisp-was-invented-by-the-japanese" 200 - - "binlar_2.6.3 binlar2.6.3@unspecified.mail"
203.104.98.219 - - [08/Mar/2011:16:37:53 +0900] "GET /rss.xml" 304 - - "livedoor FeedFetcher/0.01 (http://reader.livedoor.com/; 1 subscriber)"
134.158.120.90 - - [08/Mar/2011:16:45:42 +0900] "GET /rss.xml" 304 - - "Mozilla/5.0 (X11; U; Linux i686; fr; rv:1.9.2.14) Gecko/20110302 Red Hat/3.6-4.el4 Firefox/3.6.14"
72.14.199.107 - - [08/Mar/2011:16:53:07 +0900] "GET /rss.xml" 304 - - "Feedfetcher-Google; (+http://www.google.com/feedfetcher.html; 4 subscribers; feed-id=1720132379870088030)"
203.104.98.218 - - [08/Mar/2011:17:04:31 +0900] "GET /rss.xml" 304 - - "livedoor FeedFetcher/0.01 (http://reader.livedoor.com/; 1 subscriber)"
125.6.162.3 - - [08/Mar/2011:17:06:28 +0900] "GET /atom.xml" 304 - - "Fastladder FeedFetcher/0.01 (http://fastladder.com/; 1 subscriber)"
83.76.98.230 - - [08/Mar/2011:17:10:36 +0900] "GET /what-if-lisp-was-invented-by-the-japanese" 200 - "http://www.forth.org/svfig/kk/02-2011.html" "Mozilla/4.0 (compatible; MSIE 8.0; Windows NT 5.1; Trident/4.0; Mozilla/4.0 (compatible; MSIE 6.0; Windows NT 5.1; SV1) ; .NET CLR 2.0.50727; .NET CLR 3.0.4506.2152; .NET CLR 3.5.30729)"
66.249.71.206 - - [08/Mar/2011:17:26:11 +0900] "GET /search.action" 200 - - "Mozilla/5.0 (compatible; Googlebot/2.1; +http://www.google.com/bot.html)"
66.249.71.206 - - [08/Mar/2011:17:29:06 +0900] "GET /secret-alien-technology-ftw" 200 - - "Mozilla/5.0 (compatible; Googlebot/2.1; +http://www.google.com/bot.html)"
66.249.71.206 - - [08/Mar/2011:17:31:36 +0900] "GET /2011/03" 200 - - "Mozilla/5.0 (compatible; Googlebot/2.1; +http://www.google.com/bot.html)"
72.14.199.107 - - [08/Mar/2011:17:32:32 +0900] "GET /atom.xml" 304 - - "Feedfetcher-Google; (+http://www.google.com/feedfetcher.html; 3 subscribers; feed-id=5146562804069246624)"
66.249.71.206 - - [08/Mar/2011:17:37:24 +0900] "GET /secret-alien-technology-ftw" 200 - - "Mozilla/5.0 (compatible; Googlebot/2.1; +http://www.google.com/bot.html)"
66.249.71.206 - - [08/Mar/2011:17:45:31 +0900] "GET /replyToBlogEntry.action?entry=1297401660000&comment=1297613830060" 200 - - "Mozilla/5.0 (compatible; Googlebot/2.1; +http://www.google.com/bot.html)"
66.249.71.206 - - [08/Mar/2011:17:47:08 +0900] "GET /replyToBlogEntry.action?entry=1297401660000&comment=1297711949849" 200 - - "Mozilla/5.0 (compatible; Googlebot/2.1; +http://www.google.com/bot.html)"
134.158.120.90 - - [08/Mar/2011:17:48:08 +0900] "GET /rss.xml" 304 - - "Mozilla/5.0 (X11; U; Linux i686; fr; rv:1.9.2.14) Gecko/20110302 Red Hat/3.6-4.el4 Firefox/3.6.14"
66.249.71.206 - - [08/Mar/2011:17:48:43 +0900] "GET /replyToBlogEntry.action?entry=1297401660000&comment=1297773779974" 200 - - "Mozilla/5.0 (compatible; Googlebot/2.1; +http://www.google.com/bot.html)"
66.249.71.206 - - [08/Mar/2011:17:50:24 +0900] "GET /replyToBlogEntry.action?entry=1297401660000&comment=1297760248231" 200 - - "Mozilla/5.0 (compatible; Googlebot/2.1; +http://www.google.com/bot.html)"
66.249.71.206 - - [08/Mar/2011:17:51:53 +0900] "GET /replyToBlogEntry.action?entry=1297401660000&comment=1297643709154" 200 - - "Mozilla/5.0 (compatible; Googlebot/2.1; +http://www.google.com/bot.html)"
216.39.58.18 - - [08/Mar/2011:17:52:57 +0900] "GET /what-if-lisp-was-invented-by-the-japanese" 200 - - "Mozilla/5.0 (compatible; Yahoo Pipes 2.0; +http://developer.yahoo.com/yql/provider) Gecko/20090729 Firefox/3.5.2"
72.14.199.107 - - [08/Mar/2011:17:53:47 +0900] "GET /rss.xml" 304 - - "Feedfetcher-Google; (+http://www.google.com/feedfetcher.html; 4 subscribers; feed-id=1720132379870088030)"
216.39.58.78 - - [08/Mar/2011:18:01:02 +0900] "GET /what-if-lisp-was-invented-by-the-japanese" 200 - - "Mozilla/5.0 (compatible; Yahoo Pipes 2.0; +http://developer.yahoo.com/yql/provider) Gecko/20090729 Firefox/3.5.2"
72.14.199.107 - - [08/Mar/2011:18:24:12 +0900] "GET /atom.xml" 304 - - "Feedfetcher-Google; (+http://www.google.com/feedfetcher.html; 3 subscribers; feed-id=5146562804069246624)"
72.14.199.107 - - [08/Mar/2011:18:47:27 +0900] "GET /rss.xml" 304 - - "Feedfetcher-Google; (+http://www.google.com/feedfetcher.html; 4 subscribers; feed-id=1720132379870088030)"
134.158.120.90 - - [08/Mar/2011:18:50:23 +0900] "GET /rss.xml" 304 - - "Mozilla/5.0 (X11; U; Linux i686; fr; rv:1.9.2.14) Gecko/20110302 Red Hat/3.6-4.el4 Firefox/3.6.14"
208.115.111.75 - - [08/Mar/2011:18:52:41 +0900] "GET /what-if-lisp-was-invented-by-the-japanese" 200 - - "Mozilla/5.0 (compatible; Ezooms/1.0; ezooms.bot@gmail.com)"
61.135.249.204 - - [08/Mar/2011:18:55:50 +0900] "GET /what-if-lisp-was-invented-by-the-japanese" 200 - - "Mozilla/5.0 (compatible; YoudaoBot/1.0; http://www.youdao.com/help/webmaster/spider/; )"
72.14.199.107 - - [08/Mar/2011:19:22:52 +0900] "GET /atom.xml" 304 - - "Feedfetcher-Google; (+http://www.google.com/feedfetcher.html; 3 subscribers; feed-id=5146562804069246624)"
216.39.58.78 - - [08/Mar/2011:19:35:52 +0900] "GET /what-if-lisp-was-invented-by-the-japanese" 200 - - "Mozilla/5.0 (compatible; Yahoo Pipes 2.0; +http://developer.yahoo.com/yql/provider) Gecko/20090729 Firefox/3.5.2"
72.14.199.107 - - [08/Mar/2011:19:44:37 +0900] "GET /rss.xml" 304 - - "Feedfetcher-Google; (+http://www.google.com/feedfetcher.html; 4 subscribers; feed-id=1720132379870088030)"
74.205.121.139 - - [08/Mar/2011:19:48:23 +0900] "GET /what-if-lisp-was-invented-by-the-japanese" 200 - - "Mozilla/5.0 (X11; U; Linux x86_64; en-US) AppleWebKit/534.7 (KHTML, like Gecko) Chrome/7.0.517.36 Safari/534.7"
173.234.38.175 - - [08/Mar/2011:19:48:54 +0900] "GET /replyToBlogEntry.action?entry=1297401660000&comment=1297596963430" 200 - - "Mozilla/4.0 (compatible; ICS)"
134.158.120.90 - - [08/Mar/2011:19:52:46 +0900] "GET /rss.xml" 304 - - "Mozilla/5.0 (X11; U; Linux i686; fr; rv:1.9.2.14) Gecko/20110302 Red Hat/3.6-4.el4 Firefox/3.6.14"
203.104.98.220 - - [08/Mar/2011:19:55:32 +0900] "GET /rss.xml" 304 - - "livedoor FeedFetcher/0.01 (http://reader.livedoor.com/; 1 subscriber)"
203.104.98.218 - - [08/Mar/2011:20:20:00 +0900] "GET /rss.xml" 304 - - "livedoor FeedFetcher/0.01 (http://reader.livedoor.com/; 1 subscriber)"
72.14.199.107 - - [08/Mar/2011:20:25:42 +0900] "GET /atom.xml" 304 - - "Feedfetcher-Google; (+http://www.google.com/feedfetcher.html; 3 subscribers; feed-id=5146562804069246624)"
72.14.199.107 - - [08/Mar/2011:20:53:07 +0900] "GET /rss.xml" 304 - - "Feedfetcher-Google; (+http://www.google.com/feedfetcher.html; 4 subscribers; feed-id=1720132379870088030)"
216.39.58.78 - - [08/Mar/2011:20:54:05 +0900] "GET /what-if-lisp-was-invented-by-the-japanese" 200 - - "Mozilla/5.0 (compatible; Yahoo Pipes 2.0; +http://developer.yahoo.com/yql/provider) Gecko/20090729 Firefox/3.5.2"
134.158.120.90 - - [08/Mar/2011:20:55:12 +0900] "GET /rss.xml" 304 - - "Mozilla/5.0 (X11; U; Linux i686; fr; rv:1.9.2.14) Gecko/20110302 Red Hat/3.6-4.el4 Firefox/3.6.14"
216.39.58.78 - - [08/Mar/2011:21:01:34 +0900] "GET /what-if-lisp-was-invented-by-the-japanese" 200 - - "Mozilla/5.0 (compatible; Yahoo Pipes 2.0; +http://developer.yahoo.com/yql/provider) Gecko/20090729 Firefox/3.5.2"
134.134.137.75 - - [08/Mar/2011:21:04:57 +0900] "GET /themes/_pebble/handheld.css" 500 - - "Mozilla/4.0 (compatible;)"
67.195.114.220 - - [08/Mar/2011:21:10:03 +0900] "GET /2011/03" 200 - - "Mozilla/5.0 (compatible; Yahoo! Slurp; http://help.yahoo.com/help/us/ysearch/slurp)"
72.14.199.107 - - [08/Mar/2011:21:33:51 +0900] "GET /atom.xml" 304 - - "Feedfetcher-Google; (+http://www.google.com/feedfetcher.html; 3 subscribers; feed-id=5146562804069246624)"
46.4.73.54 - - [08/Mar/2011:21:34:56 +0900] "GET /replyToBlogEntry.action?entry=1297401660000&comment=1297643709154" 200 - - "Mozilla/4.0 (compatible; ICS)"
134.158.120.90 - - [08/Mar/2011:21:58:36 +0900] "GET /rss.xml" 200 - - "Mozilla/5.0 (X11; U; Linux i686; fr; rv:1.9.2.14) Gecko/20110302 Red Hat/3.6-4.el4 Firefox/3.6.14"
164.78.248.57 - - [08/Mar/2011:21:59:46 +0900] "GET /replyToBlogEntry.action?entry=1297401660000&comment=1297613830060" 200 - - "Mozilla/4.0 (compatible; MSIE 6.0; Windows NT 5.1; SV1)"
164.78.248.57 - - [08/Mar/2011:21:59:55 +0900] "POST /saveComment.action" 200 - "http://lispnyc.org/blog/euske/replyToBlogEntry.action?entry=1297401660000&comment=1297613830060" "Mozilla/4.0 (compatible; MSIE 6.0; Windows NT 5.1; SV1)"
79.174.195.80 - - [08/Mar/2011:21:59:56 +0900] "GET /replyToBlogEntry.action?entry=1297401660000&comment=1297613830060" 200 - - "Mozilla/4.0 (compatible; MSIE 6.0; Windows NT 5.1; SV1)"
78.159.112.128 - - [08/Mar/2011:22:00:46 +0900] "GET /replyToBlogEntry.action?entry=1297401660000&comment=1297613830060" 200 - - "Mozilla/4.0 (compatible; MSIE 6.0; Windows NT 5.1; SV1)"
78.159.112.128 - - [08/Mar/2011:22:00:47 +0900] "GET /" 200 - - "Mozilla/4.0 (compatible; MSIE 6.0; Windows NT 5.1; SV1)"
72.14.199.107 - - [08/Mar/2011:22:02:37 +0900] "GET /rss.xml" 304 - - "Feedfetcher-Google; (+http://www.google.com/feedfetcher.html; 4 subscribers; feed-id=1720132379870088030)"
209.131.41.48 - - [08/Mar/2011:22:21:29 +0900] "GET /what-if-lisp-was-invented-by-the-japanese" 200 - - "Mozilla/5.0 (compatible; Yahoo Pipes 2.0; +http://developer.yahoo.com/yql/provider) Gecko/20090729 Firefox/3.5.2"
72.14.199.107 - - [08/Mar/2011:22:24:41 +0900] "GET /atom.xml" 304 - - "Feedfetcher-Google; (+http://www.google.com/feedfetcher.html; 3 subscribers; feed-id=5146562804069246624)"
61.192.220.252 - - [08/Mar/2011:22:58:12 +0900] "GET /secret-alien-technology-ftw" 200 - "http://websearch.rakuten.co.jp/Web?col=OW&qt=secret+alien+technology+lisp&token=ed42071077dd56e4286a1d14f91c3a52&before_qt=secret+alian+technology+lisp&svx=s00037" "Mozilla/5.0 (Windows; U; Windows NT 6.0; ja; rv:1.9.2.15) Gecko/20110303 Firefox/3.6.15 GTB7.1 (.NET CLR 3.5.30729)"
66.249.85.1 - - [08/Mar/2011:22:59:27 +0900] "GET /rss.xml" 200 - - "Feedfetcher-Google; (+http://www.google.com/feedfetcher.html; feed-id=17109971124566794398)"
61.192.220.252 - - [08/Mar/2011:22:59:46 +0900] "GET /secret-alien-technology-ftw" 200 - "http://www.google.com/reader/view/feed/http://lispnyc.org:80/blog/euske/rss.xml?source=ignitionfork" "Mozilla/5.0 (Windows; U; Windows NT 6.0; ja; rv:1.9.2.15) Gecko/20110303 Firefox/3.6.15 GTB7.1 (.NET CLR 3.5.30729)"
61.192.220.252 - - [08/Mar/2011:23:00:02 +0900] "GET /secret-alien-technology-ftw" 200 - "http://websearch.rakuten.co.jp/Web?col=OW&qt=secret+alien+technology+lisp&token=ed42071077dd56e4286a1d14f91c3a52&before_qt=secret+alian+technology+lisp&svx=s00037" "Mozilla/5.0 (Windows; U; Windows NT 6.0; ja; rv:1.9.2.15) Gecko/20110303 Firefox/3.6.15 GTB7.1 (.NET CLR 3.5.30729)"
134.158.120.90 - - [08/Mar/2011:23:01:01 +0900] "GET /rss.xml" 304 - - "Mozilla/5.0 (X11; U; Linux i686; fr; rv:1.9.2.14) Gecko/20110302 Red Hat/3.6-4.el4 Firefox/3.6.14"
72.14.199.107 - - [08/Mar/2011:23:01:57 +0900] "GET /rss.xml" 304 - - "Feedfetcher-Google; (+http://www.google.com/feedfetcher.html; 4 subscribers; feed-id=1720132379870088030)"
203.104.98.220 - - [08/Mar/2011:23:05:46 +0900] "GET /rss.xml" 304 - - "livedoor FeedFetcher/0.01 (http://reader.livedoor.com/; 1 subscriber)"
203.104.98.220 - - [08/Mar/2011:23:30:36 +0900] "GET /rss.xml" 304 - - "livedoor FeedFetcher/0.01 (http://reader.livedoor.com/; 1 subscriber)"
72.14.199.107 - - [08/Mar/2011:23:33:41 +0900] "GET /atom.xml" 304 - - "Feedfetcher-Google; (+http://www.google.com/feedfetcher.html; 3 subscribers; feed-id=5146562804069246624)"
72.14.199.107 - - [08/Mar/2011:23:56:20 +0900] "GET /rss.xml" 304 - - "Feedfetcher-Google; (+http://www.google.com/feedfetcher.html; 4 subscribers; feed-id=1720132379870088030)"
