216.39.58.18 - - [22/Feb/2011:00:00:13 +0900] "GET /what-if-lisp-was-invented-by-the-japanese" 200 - - "Mozilla/5.0 (compatible; Yahoo Pipes 2.0; +http://developer.yahoo.com/yql/provider) Gecko/20090729 Firefox/3.5.2"
216.39.58.17 - - [22/Feb/2011:00:03:31 +0900] "GET /what-if-lisp-was-invented-by-the-japanese" 200 - - "Mozilla/5.0 (compatible; Yahoo Pipes 2.0; +http://developer.yahoo.com/yql/provider) Gecko/20090729 Firefox/3.5.2"
184.73.239.99 - - [22/Feb/2011:00:04:16 +0900] "HEAD /what-if-lisp-was-invented-by-the-japanese" 200 - - "Mozilla/5.0 (compatible; woriobot support [at] worio [dot] com +http://worio.com)"
92.229.13.72 - - [22/Feb/2011:00:06:51 +0900] "GET /what-if-lisp-was-invented-by-the-japanese" 200 - "http://www.reddit.com/r/lisp" "Mozilla/5.0 (X11; U; Linux x86_64; en-US; rv:1.9.2) Gecko/20100305 Iceweasel/3.6 (like Firefox/3.6)"
184.73.239.99 - - [22/Feb/2011:00:22:09 +0900] "HEAD /what-if-lisp-was-invented-by-the-japanese" 200 - - "Mozilla/5.0 (compatible; woriobot support [at] worio [dot] com +http://worio.com)"
72.53.195.199 - - [22/Feb/2011:00:22:44 +0900] "GET /rss.xml" 200 - - "Mozilla/5.0 (Windows; U; Windows NT 5.1; en-US; rv:1.9.0.5) Gecko/2008120122 Firefox/3.0.5\r\n"
203.104.98.218 - - [22/Feb/2011:00:32:17 +0900] "GET /rss.xml" 304 - - "livedoor FeedFetcher/0.01 (http://reader.livedoor.com/; 1 subscriber)"
134.158.120.90 - - [22/Feb/2011:00:34:34 +0900] "GET /rss.xml" 304 - - "Mozilla/5.0 (X11; U; Linux i686; fr; rv:1.9.2.13) Gecko/20101209 Red Hat/3.6-3.el4 Firefox/3.6.13"
72.14.199.148 - - [22/Feb/2011:00:39:49 +0900] "GET /atom.xml" 304 - - "Feedfetcher-Google; (+http://www.google.com/feedfetcher.html; 3 subscribers; feed-id=5146562804069246624)"
184.73.239.99 - - [22/Feb/2011:00:40:13 +0900] "HEAD /what-if-lisp-was-invented-by-the-japanese" 200 - - "Mozilla/5.0 (compatible; woriobot support [at] worio [dot] com +http://worio.com)"
212.178.227.52 - - [22/Feb/2011:00:44:19 +0900] "GET /what-if-lisp-was-invented-by-the-japanese" 200 - "http://www.reddit.com/r/programming/" "Mozilla/5.0 (X11; U; Linux i686; en-US; rv:1.9.2.13) Gecko/20101206 Ubuntu/10.04 (lucid) Firefox/3.6.13"
209.131.41.49 - - [22/Feb/2011:00:47:34 +0900] "GET /what-if-lisp-was-invented-by-the-japanese" 200 - - "Mozilla/5.0 (compatible; Yahoo Pipes 2.0; +http://developer.yahoo.com/yql/provider) Gecko/20090729 Firefox/3.5.2"
174.120.186.2 - - [22/Feb/2011:00:50:57 +0900] "GET /what-if-lisp-was-invented-by-the-japanese" 200 - - "Mozilla/5.0 (Windows; U; Windows NT 5.2; en-US; rv:1.9.1.4) Gecko/20091007 Firefox/3.5.4"
174.120.186.2 - - [22/Feb/2011:00:50:57 +0900] "GET /what-if-lisp-was-invented-by-the-japanese" 200 - - "Mozilla/5.0 (Macintosh; U; Intel Mac OS X 10.5; en-US; rv:1.9.0.7) Gecko/2009021906 Firefox/3.0.7"
184.73.239.99 - - [22/Feb/2011:00:58:56 +0900] "HEAD /what-if-lisp-was-invented-by-the-japanese" 200 - - "Mozilla/5.0 (compatible; woriobot support [at] worio [dot] com +http://worio.com)"
67.195.114.220 - - [22/Feb/2011:00:59:52 +0900] "GET /replyToBlogEntry.action?entry=1297401660000&comment=1297596963430" 200 - - "Mozilla/5.0 (compatible; Yahoo! Slurp; http://help.yahoo.com/help/us/ysearch/slurp)"
72.14.199.148 - - [22/Feb/2011:01:00:36 +0900] "GET /rss.xml" 304 - - "Feedfetcher-Google; (+http://www.google.com/feedfetcher.html; 4 subscribers; feed-id=1720132379870088030)"
184.73.239.99 - - [22/Feb/2011:01:17:46 +0900] "HEAD /what-if-lisp-was-invented-by-the-japanese" 200 - - "Mozilla/5.0 (compatible; woriobot support [at] worio [dot] com +http://worio.com)"
200.192.249.95 - - [22/Feb/2011:01:18:21 +0900] "GET /what-if-lisp-was-invented-by-the-japanese" 200 - - "Mozilla/5.0 (Windows; U; Windows NT 5.1; en-US; rv:1.9.0.14) Gecko/2009082707 Firefox/3.0.14 (.NET CLR 3.5.30729)"
67.195.114.220 - - [22/Feb/2011:01:30:57 +0900] "GET /replyToBlogEntry.action?entry=1297401660000&comment=1297643709154" 200 - - "Mozilla/5.0 (compatible; Yahoo! Slurp; http://help.yahoo.com/help/us/ysearch/slurp)"
216.39.58.17 - - [22/Feb/2011:01:33:41 +0900] "GET /what-if-lisp-was-invented-by-the-japanese" 200 - - "Mozilla/5.0 (compatible; Yahoo Pipes 2.0; +http://developer.yahoo.com/yql/provider) Gecko/20090729 Firefox/3.5.2"
184.73.239.99 - - [22/Feb/2011:01:37:00 +0900] "HEAD /what-if-lisp-was-invented-by-the-japanese" 200 - - "Mozilla/5.0 (compatible; woriobot support [at] worio [dot] com +http://worio.com)"
134.158.120.90 - - [22/Feb/2011:01:37:15 +0900] "GET /rss.xml" 304 - - "Mozilla/5.0 (X11; U; Linux i686; fr; rv:1.9.2.13) Gecko/20101209 Red Hat/3.6-3.el4 Firefox/3.6.13"
221.19.30.186 - - [22/Feb/2011:01:37:20 +0900] "GET /what-if-lisp-was-invented-by-the-japanese" 200 - "http://www.google.com/reader/view/feed/http%3A%2F%2Fd.hatena.ne.jp%2Fkarasuyamatengu%2Frss" "Mozilla/5.0 (Macintosh; U; Intel Mac OS X 10.6; ja-JP-mac; rv:1.9.2.13) Gecko/20101203 Firefox/3.6.13"
216.39.58.78 - - [22/Feb/2011:01:37:21 +0900] "GET /what-if-lisp-was-invented-by-the-japanese" 200 - - "Mozilla/5.0 (compatible; Yahoo Pipes 2.0; +http://developer.yahoo.com/yql/provider) Gecko/20090729 Firefox/3.5.2"
221.19.30.186 - - [22/Feb/2011:01:38:23 +0900] "GET /authors/euske/" 200 - "http://www.google.com/reader/view/feed/http%3A%2F%2Fd.hatena.ne.jp%2Fkarasuyamatengu%2Frss" "Mozilla/5.0 (Macintosh; U; Intel Mac OS X 10.6; ja-JP-mac; rv:1.9.2.13) Gecko/20101203 Firefox/3.6.13"
72.14.199.148 - - [22/Feb/2011:01:40:50 +0900] "GET /atom.xml" 304 - - "Feedfetcher-Google; (+http://www.google.com/feedfetcher.html; 3 subscribers; feed-id=5146562804069246624)"
84.119.16.23 - - [22/Feb/2011:01:55:02 +0900] "GET /what-if-lisp-was-invented-by-the-japanese" 200 - "http://www.reddit.com/?count=25&after=t3_fl3ag" "Mozilla/5.0 (Windows NT 6.1; WOW64; rv:2.0b11) Gecko/20100101 Firefox/4.0b11"
184.73.239.99 - - [22/Feb/2011:01:57:19 +0900] "HEAD /what-if-lisp-was-invented-by-the-japanese" 200 - - "Mozilla/5.0 (compatible; woriobot support [at] worio [dot] com +http://worio.com)"
203.104.98.220 - - [22/Feb/2011:01:59:50 +0900] "GET /rss.xml" 304 - - "livedoor FeedFetcher/0.01 (http://reader.livedoor.com/; 1 subscriber)"
72.14.199.148 - - [22/Feb/2011:02:10:16 +0900] "GET /rss.xml" 304 - - "Feedfetcher-Google; (+http://www.google.com/feedfetcher.html; 4 subscribers; feed-id=1720132379870088030)"
184.73.239.99 - - [22/Feb/2011:02:17:18 +0900] "HEAD /what-if-lisp-was-invented-by-the-japanese" 200 - - "Mozilla/5.0 (compatible; woriobot support [at] worio [dot] com +http://worio.com)"
209.131.41.48 - - [22/Feb/2011:02:18:00 +0900] "GET /what-if-lisp-was-invented-by-the-japanese" 200 - - "Mozilla/5.0 (compatible; Yahoo Pipes 2.0; +http://developer.yahoo.com/yql/provider) Gecko/20090729 Firefox/3.5.2"
217.41.71.94 - - [22/Feb/2011:02:31:00 +0900] "GET /what-if-lisp-was-invented-by-the-japanese" 200 - "http://www.reddit.com/r/programming/?count=150&after=t3_fl8lz" "Mozilla/5.0 (X11; U; Linux x86_64; en-US) AppleWebKit/534.13 (KHTML, like Gecko) Chrome/9.0.597.98 Safari/534.13"
184.73.239.99 - - [22/Feb/2011:02:37:22 +0900] "HEAD /what-if-lisp-was-invented-by-the-japanese" 200 - - "Mozilla/5.0 (compatible; woriobot support [at] worio [dot] com +http://worio.com)"
72.14.199.148 - - [22/Feb/2011:02:39:29 +0900] "GET /atom.xml" 304 - - "Feedfetcher-Google; (+http://www.google.com/feedfetcher.html; 3 subscribers; feed-id=5146562804069246624)"
184.73.239.99 - - [22/Feb/2011:02:57:07 +0900] "HEAD /what-if-lisp-was-invented-by-the-japanese" 200 - - "Mozilla/5.0 (compatible; woriobot support [at] worio [dot] com +http://worio.com)"
72.14.199.148 - - [22/Feb/2011:03:09:46 +0900] "GET /rss.xml" 304 - - "Feedfetcher-Google; (+http://www.google.com/feedfetcher.html; 4 subscribers; feed-id=1720132379870088030)"
209.131.41.48 - - [22/Feb/2011:03:13:43 +0900] "GET /what-if-lisp-was-invented-by-the-japanese" 200 - - "Mozilla/5.0 (compatible; Yahoo Pipes 2.0; +http://developer.yahoo.com/yql/provider) Gecko/20090729 Firefox/3.5.2"
184.73.239.99 - - [22/Feb/2011:03:17:00 +0900] "HEAD /what-if-lisp-was-invented-by-the-japanese" 200 - - "Mozilla/5.0 (compatible; woriobot support [at] worio [dot] com +http://worio.com)"
216.39.58.78 - - [22/Feb/2011:03:17:14 +0900] "GET /what-if-lisp-was-invented-by-the-japanese" 200 - - "Mozilla/5.0 (compatible; Yahoo Pipes 2.0; +http://developer.yahoo.com/yql/provider) Gecko/20090729 Firefox/3.5.2"
203.104.98.219 - - [22/Feb/2011:03:34:46 +0900] "GET /rss.xml" 304 - - "livedoor FeedFetcher/0.01 (http://reader.livedoor.com/; 1 subscriber)"
184.73.239.99 - - [22/Feb/2011:03:36:04 +0900] "HEAD /what-if-lisp-was-invented-by-the-japanese" 200 - - "Mozilla/5.0 (compatible; woriobot support [at] worio [dot] com +http://worio.com)"
118.243.141.241 - - [22/Feb/2011:03:39:07 +0900] "GET /atom.xml" 304 - - "samidare"
72.14.199.148 - - [22/Feb/2011:03:40:59 +0900] "GET /atom.xml" 304 - - "Feedfetcher-Google; (+http://www.google.com/feedfetcher.html; 3 subscribers; feed-id=5146562804069246624)"
128.12.19.73 - - [22/Feb/2011:03:42:02 +0900] "GET /what-if-lisp-was-invented-by-the-japanese" 200 - "http://www.google.com/reader/view/" "Mozilla/5.0 (Macintosh; U; Intel Mac OS X 10.6; en-US; rv:1.9.2.13) Gecko/20101203 Firefox/3.6.13"
84.119.16.23 - - [22/Feb/2011:03:44:44 +0900] "GET /what-if-lisp-was-invented-by-the-japanese" 200 - "http://www.reddit.com/?count=25&after=t3_fl3ag" "Mozilla/5.0 (Windows NT 6.1; WOW64; rv:2.0b11) Gecko/20100101 Firefox/4.0b11"
184.73.239.99 - - [22/Feb/2011:03:56:25 +0900] "HEAD /what-if-lisp-was-invented-by-the-japanese" 200 - - "Mozilla/5.0 (compatible; woriobot support [at] worio [dot] com +http://worio.com)"
72.30.161.246 - - [22/Feb/2011:04:01:03 +0900] "GET /responses/rss.xml" 200 - - "Mozilla/5.0 (compatible; Yahoo! Slurp; http://help.yahoo.com/help/us/ysearch/slurp)"
216.39.58.18 - - [22/Feb/2011:04:02:21 +0900] "GET /what-if-lisp-was-invented-by-the-japanese" 200 - - "Mozilla/5.0 (compatible; Yahoo Pipes 2.0; +http://developer.yahoo.com/yql/provider) Gecko/20090729 Firefox/3.5.2"
184.73.239.99 - - [22/Feb/2011:04:16:22 +0900] "HEAD /what-if-lisp-was-invented-by-the-japanese" 200 - - "Mozilla/5.0 (compatible; woriobot support [at] worio [dot] com +http://worio.com)"
87.91.112.181 - - [22/Feb/2011:04:32:21 +0900] "GET /secret-alien-technology-ftw" 200 - - "Mozilla/5.0 (compatible; Konqueror/4.6; Linux) KHTML/4.6.0 (like Gecko)"
207.46.204.192 - - [22/Feb/2011:04:38:42 +0900] "GET /what-if-lisp-was-invented-by-the-japanese" 200 - - "Mozilla/5.0 (compatible; bingbot/2.0; +http://www.bing.com/bingbot.htm)"
184.73.239.99 - - [22/Feb/2011:04:39:40 +0900] "HEAD /what-if-lisp-was-invented-by-the-japanese" 200 - - "Mozilla/5.0 (compatible; woriobot support [at] worio [dot] com +http://worio.com)"
121.97.59.11 - - [22/Feb/2011:04:40:29 +0900] "GET /what-if-lisp-was-invented-by-the-japanese" 200 - - "Mozilla/4.0 (compatible; MSIE 7.0; Windows NT 5.1; .NET CLR 1.1.4322; .NET CLR 2.0.50727; .NET CLR 3.0.04506.30)"
88.84.169.45 - - [22/Feb/2011:04:42:25 +0900] "GET /what-if-lisp-was-invented-by-the-japanese" 200 - - "Opera/9.80 (Windows NT 6.1; U; en) Presto/2.7.62 Version/11.01"
216.39.58.18 - - [22/Feb/2011:04:47:23 +0900] "GET /what-if-lisp-was-invented-by-the-japanese" 200 - - "Mozilla/5.0 (compatible; Yahoo Pipes 2.0; +http://developer.yahoo.com/yql/provider) Gecko/20090729 Firefox/3.5.2"
72.14.199.148 - - [22/Feb/2011:04:49:54 +0900] "GET /atom.xml" 304 - - "Feedfetcher-Google; (+http://www.google.com/feedfetcher.html; 3 subscribers; feed-id=5146562804069246624)"
209.131.41.48 - - [22/Feb/2011:04:51:08 +0900] "GET /what-if-lisp-was-invented-by-the-japanese" 200 - - "Mozilla/5.0 (compatible; Yahoo Pipes 2.0; +http://developer.yahoo.com/yql/provider) Gecko/20090729 Firefox/3.5.2"
92.74.53.83 - - [22/Feb/2011:04:55:45 +0900] "GET /what-if-lisp-was-invented-by-the-japanese" 200 - "http://www.reddit.com/r/lisp/comments/fl7ac/what_if_lisp_was_invented_by_the_japanese/" "Mozilla/5.0 (Windows NT 6.1; Win64; x64; rv:2.0b12pre) Gecko/20110220 Firefox/4.0b12pre"
72.30.161.246 - - [22/Feb/2011:04:56:39 +0900] "GET /what-if-lisp-was-invented-by-the-japanese" 200 - - "Mozilla/5.0 (compatible; Yahoo! Slurp; http://help.yahoo.com/help/us/ysearch/slurp)"
184.73.239.99 - - [22/Feb/2011:05:02:07 +0900] "HEAD /what-if-lisp-was-invented-by-the-japanese" 200 - - "Mozilla/5.0 (compatible; woriobot support [at] worio [dot] com +http://worio.com)"
66.249.72.43 - - [22/Feb/2011:05:03:19 +0900] "GET /responses/rss.xml?entry=1296823440000" 200 - - "Mozilla/5.0 (compatible; Googlebot/2.1; +http://www.google.com/bot.html)"
203.104.98.219 - - [22/Feb/2011:05:04:57 +0900] "GET /rss.xml" 304 - - "livedoor FeedFetcher/0.01 (http://reader.livedoor.com/; 1 subscriber)"
201.76.181.146 - - [22/Feb/2011:05:05:52 +0900] "GET /what-if-lisp-was-invented-by-the-japanese" 200 - "http://www.reddit.com/r/lisp" "Mozilla/5.0 (X11; U; Linux i686; en-US; rv:1.9.2.13) Gecko/20101206 Ubuntu/10.04 (lucid) Firefox/3.6.13 FirePHP/0.5"
72.14.199.148 - - [22/Feb/2011:05:22:02 +0900] "GET /rss.xml" 304 - - "Feedfetcher-Google; (+http://www.google.com/feedfetcher.html; 4 subscribers; feed-id=1720132379870088030)"
184.73.239.99 - - [22/Feb/2011:05:23:08 +0900] "HEAD /what-if-lisp-was-invented-by-the-japanese" 200 - - "Mozilla/5.0 (compatible; woriobot support [at] worio [dot] com +http://worio.com)"
216.39.58.17 - - [22/Feb/2011:05:34:44 +0900] "GET /what-if-lisp-was-invented-by-the-japanese" 200 - - "Mozilla/5.0 (compatible; Yahoo Pipes 2.0; +http://developer.yahoo.com/yql/provider) Gecko/20090729 Firefox/3.5.2"
72.14.199.148 - - [22/Feb/2011:05:42:58 +0900] "GET /atom.xml" 304 - - "Feedfetcher-Google; (+http://www.google.com/feedfetcher.html; 3 subscribers; feed-id=5146562804069246624)"
66.249.72.43 - - [22/Feb/2011:05:43:58 +0900] "GET /responses/rss.xml?entry=1296823440000" 200 - - "Mozilla/5.0 (compatible; Googlebot/2.1; +http://www.google.com/bot.html)"
174.120.186.2 - - [22/Feb/2011:05:44:51 +0900] "GET /what-if-lisp-was-invented-by-the-japanese" 200 - - "Mozilla/5.0 (Windows; U; Windows NT 5.2; en-US; rv:1.9.1.4) Gecko/20091007 Firefox/3.5.4"
184.73.239.99 - - [22/Feb/2011:05:45:07 +0900] "HEAD /what-if-lisp-was-invented-by-the-japanese" 200 - - "Mozilla/5.0 (compatible; woriobot support [at] worio [dot] com +http://worio.com)"
64.27.5.162 - - [22/Feb/2011:05:53:25 +0900] "GET /" 200 - - "Mozilla/4.0 (compatible; MSIE 6.0; Windows NT 5.1)"
50.16.45.108 - - [22/Feb/2011:06:06:21 +0900] "GET /what-if-lisp-was-invented-by-the-japanese" 200 - - "PostRank/2.0 (postrank.com; 1 subscribers)"
184.73.239.99 - - [22/Feb/2011:06:07:38 +0900] "HEAD /what-if-lisp-was-invented-by-the-japanese" 200 - - "Mozilla/5.0 (compatible; woriobot support [at] worio [dot] com +http://worio.com)"
72.14.199.148 - - [22/Feb/2011:06:19:21 +0900] "GET /rss.xml" 304 - - "Feedfetcher-Google; (+http://www.google.com/feedfetcher.html; 4 subscribers; feed-id=1720132379870088030)"
216.39.58.18 - - [22/Feb/2011:06:19:35 +0900] "GET /what-if-lisp-was-invented-by-the-japanese" 200 - - "Mozilla/5.0 (compatible; Yahoo Pipes 2.0; +http://developer.yahoo.com/yql/provider) Gecko/20090729 Firefox/3.5.2"
209.131.41.49 - - [22/Feb/2011:06:23:29 +0900] "GET /what-if-lisp-was-invented-by-the-japanese" 200 - - "Mozilla/5.0 (compatible; Yahoo Pipes 2.0; +http://developer.yahoo.com/yql/provider) Gecko/20090729 Firefox/3.5.2"
193.105.140.131 - - [22/Feb/2011:06:26:56 +0900] "GET /what-if-lisp-was-invented-by-the-japanese" 200 - - "Mozilla/5.0 (Macintosh; Intel Mac OS X 10.6; rv:2.0b11) Gecko/20100101 Firefox/4.0b11"
184.73.239.99 - - [22/Feb/2011:06:29:48 +0900] "HEAD /what-if-lisp-was-invented-by-the-japanese" 200 - - "Mozilla/5.0 (compatible; woriobot support [at] worio [dot] com +http://worio.com)"
72.14.199.148 - - [22/Feb/2011:06:35:58 +0900] "GET /atom.xml" 200 - - "Feedfetcher-Google; (+http://www.google.com/feedfetcher.html; 3 subscribers; feed-id=5146562804069246624)"
203.104.98.218 - - [22/Feb/2011:06:36:49 +0900] "GET /rss.xml" 304 - - "livedoor FeedFetcher/0.01 (http://reader.livedoor.com/; 1 subscriber)"
184.73.239.99 - - [22/Feb/2011:06:49:07 +0900] "HEAD /what-if-lisp-was-invented-by-the-japanese" 200 - - "Mozilla/5.0 (compatible; woriobot support [at] worio [dot] com +http://worio.com)"
72.14.199.148 - - [22/Feb/2011:06:53:26 +0900] "GET /atom.xml" 304 - - "Feedfetcher-Google; (+http://www.google.com/feedfetcher.html; 3 subscribers; feed-id=5146562804069246624)"
216.39.58.18 - - [22/Feb/2011:07:07:24 +0900] "GET /what-if-lisp-was-invented-by-the-japanese" 200 - - "Mozilla/5.0 (compatible; Yahoo Pipes 2.0; +http://developer.yahoo.com/yql/provider) Gecko/20090729 Firefox/3.5.2"
184.73.239.99 - - [22/Feb/2011:07:10:36 +0900] "HEAD /what-if-lisp-was-invented-by-the-japanese" 200 - - "Mozilla/5.0 (compatible; woriobot support [at] worio [dot] com +http://worio.com)"
184.73.239.99 - - [22/Feb/2011:07:29:47 +0900] "HEAD /what-if-lisp-was-invented-by-the-japanese" 200 - - "Mozilla/5.0 (compatible; woriobot support [at] worio [dot] com +http://worio.com)"
72.14.199.148 - - [22/Feb/2011:07:30:01 +0900] "GET /rss.xml" 304 - - "Feedfetcher-Google; (+http://www.google.com/feedfetcher.html; 4 subscribers; feed-id=1720132379870088030)"
67.195.114.220 - - [22/Feb/2011:07:31:17 +0900] "GET /2011/02/15" 200 - - "Mozilla/5.0 (compatible; Yahoo! Slurp; http://help.yahoo.com/help/us/ysearch/slurp)"
66.249.72.43 - - [22/Feb/2011:07:33:54 +0900] "GET /secret-alien-technology-ftw" 200 - - "Mozilla/5.0 (compatible; Googlebot/2.1; +http://www.google.com/bot.html)"
72.14.199.148 - - [22/Feb/2011:07:48:06 +0900] "GET /atom.xml" 304 - - "Feedfetcher-Google; (+http://www.google.com/feedfetcher.html; 3 subscribers; feed-id=5146562804069246624)"
184.73.239.99 - - [22/Feb/2011:07:49:47 +0900] "HEAD /what-if-lisp-was-invented-by-the-japanese" 200 - - "Mozilla/5.0 (compatible; woriobot support [at] worio [dot] com +http://worio.com)"
209.131.41.48 - - [22/Feb/2011:07:52:03 +0900] "GET /what-if-lisp-was-invented-by-the-japanese" 200 - - "Mozilla/5.0 (compatible; Yahoo Pipes 2.0; +http://developer.yahoo.com/yql/provider) Gecko/20090729 Firefox/3.5.2"
216.39.58.17 - - [22/Feb/2011:07:55:40 +0900] "GET /what-if-lisp-was-invented-by-the-japanese" 200 - - "Mozilla/5.0 (compatible; Yahoo Pipes 2.0; +http://developer.yahoo.com/yql/provider) Gecko/20090729 Firefox/3.5.2"
184.73.239.99 - - [22/Feb/2011:08:07:27 +0900] "HEAD /what-if-lisp-was-invented-by-the-japanese" 200 - - "Mozilla/5.0 (compatible; woriobot support [at] worio [dot] com +http://worio.com)"
220.108.253.39 - - [22/Feb/2011:08:08:23 +0900] "GET /" 200 - - "Mozilla/5.0 (X11; U; Linux i686; en-US; rv:1.9.2.13) Gecko/20110207 Firefox/3.6.13"
203.104.98.218 - - [22/Feb/2011:08:12:28 +0900] "GET /rss.xml" 304 - - "livedoor FeedFetcher/0.01 (http://reader.livedoor.com/; 1 subscriber)"
184.73.239.99 - - [22/Feb/2011:08:28:53 +0900] "HEAD /what-if-lisp-was-invented-by-the-japanese" 200 - - "Mozilla/5.0 (compatible; woriobot support [at] worio [dot] com +http://worio.com)"
220.181.94.230 - - [22/Feb/2011:08:29:55 +0900] "GET /what-if-lisp-was-invented-by-the-japanese" 200 - - "Sogou web spider/4.0(+http://www.sogou.com/docs/help/webmasters.htm#07)"
72.14.199.148 - - [22/Feb/2011:08:36:21 +0900] "GET /rss.xml" 304 - - "Feedfetcher-Google; (+http://www.google.com/feedfetcher.html; 4 subscribers; feed-id=1720132379870088030)"
209.131.41.48 - - [22/Feb/2011:08:38:25 +0900] "GET /what-if-lisp-was-invented-by-the-japanese" 200 - - "Mozilla/5.0 (compatible; Yahoo Pipes 2.0; +http://developer.yahoo.com/yql/provider) Gecko/20090729 Firefox/3.5.2"
72.14.199.148 - - [22/Feb/2011:08:47:26 +0900] "GET /atom.xml" 304 - - "Feedfetcher-Google; (+http://www.google.com/feedfetcher.html; 3 subscribers; feed-id=5146562804069246624)"
184.73.239.99 - - [22/Feb/2011:08:48:08 +0900] "HEAD /what-if-lisp-was-invented-by-the-japanese" 200 - - "Mozilla/5.0 (compatible; woriobot support [at] worio [dot] com +http://worio.com)"
24.56.250.76 - - [22/Feb/2011:09:05:39 +0900] "GET /what-if-lisp-was-invented-by-the-japanese" 200 - - "Mozilla/5.0 (X11; U; Linux i686; en-US) AppleWebKit/534.13 (KHTML, like Gecko) Ubuntu/10.10 Chromium/9.0.597.94 Chrome/9.0.597.94 Safari/534.13"
184.73.239.99 - - [22/Feb/2011:09:07:25 +0900] "HEAD /what-if-lisp-was-invented-by-the-japanese" 200 - - "Mozilla/5.0 (compatible; woriobot support [at] worio [dot] com +http://worio.com)"
66.249.72.87 - - [22/Feb/2011:09:20:20 +0900] "GET /2011/02/22" 200 - - "Mozilla/5.0 (compatible; Googlebot/2.1; +http://www.google.com/bot.html)"
216.39.58.78 - - [22/Feb/2011:09:24:36 +0900] "GET /what-if-lisp-was-invented-by-the-japanese" 200 - - "Mozilla/5.0 (compatible; Yahoo Pipes 2.0; +http://developer.yahoo.com/yql/provider) Gecko/20090729 Firefox/3.5.2"
131.107.0.107 - - [22/Feb/2011:09:25:53 +0900] "GET /what-if-lisp-was-invented-by-the-japanese" 200 - "http://www.reddit.com/r/programming/" "Mozilla/5.0 (Windows; U; Windows NT 6.1; en-US) AppleWebKit/534.16 (KHTML, like Gecko) Chrome/10.0.648.82 Safari/534.16"
184.73.239.99 - - [22/Feb/2011:09:27:59 +0900] "HEAD /what-if-lisp-was-invented-by-the-japanese" 200 - - "Mozilla/5.0 (compatible; woriobot support [at] worio [dot] com +http://worio.com)"
216.39.58.18 - - [22/Feb/2011:09:30:23 +0900] "GET /what-if-lisp-was-invented-by-the-japanese" 200 - - "Mozilla/5.0 (compatible; Yahoo Pipes 2.0; +http://developer.yahoo.com/yql/provider) Gecko/20090729 Firefox/3.5.2"
72.14.199.148 - - [22/Feb/2011:09:36:01 +0900] "GET /rss.xml" 304 - - "Feedfetcher-Google; (+http://www.google.com/feedfetcher.html; 4 subscribers; feed-id=1720132379870088030)"
72.14.199.148 - - [22/Feb/2011:09:37:36 +0900] "GET /atom.xml" 304 - - "Feedfetcher-Google; (+http://www.google.com/feedfetcher.html; 3 subscribers; feed-id=5146562804069246624)"
67.195.112.43 - - [22/Feb/2011:09:39:10 +0900] "GET /2011/02/22" 200 - - "Mozilla/5.0 (compatible; Yahoo! Slurp; http://help.yahoo.com/help/us/ysearch/slurp)"
203.104.98.218 - - [22/Feb/2011:09:43:34 +0900] "GET /rss.xml" 304 - - "livedoor FeedFetcher/0.01 (http://reader.livedoor.com/; 1 subscriber)"
184.73.239.99 - - [22/Feb/2011:09:46:42 +0900] "HEAD /what-if-lisp-was-invented-by-the-japanese" 200 - - "Mozilla/5.0 (compatible; woriobot support [at] worio [dot] com +http://worio.com)"
61.163.228.98 - - [22/Feb/2011:09:59:16 +0900] "GET /what-if-lisp-was-invented-by-the-japanese" 200 - - "Mozilla/5.0 (iPad; U; CPU OS 3_2 like Mac OS X; en-us) AppleWebKit/531.21.10 (KHTML, like Gecko) Version/4.0.4 Mobile/7B334b Safari/531.21.10"
207.46.13.42 - - [22/Feb/2011:10:01:15 +0900] "GET /what-if-lisp-was-invented-by-the-japanese" 200 - - "Mozilla/5.0 (compatible; bingbot/2.0; +http://www.bing.com/bingbot.htm)"
184.73.239.99 - - [22/Feb/2011:10:04:36 +0900] "HEAD /what-if-lisp-was-invented-by-the-japanese" 200 - - "Mozilla/5.0 (compatible; woriobot support [at] worio [dot] com +http://worio.com)"
66.249.72.43 - - [22/Feb/2011:10:05:25 +0900] "GET /replyToBlogEntry.action?entry=1297401660000&comment=1297711949849" 200 - - "Mozilla/5.0 (compatible; Googlebot/2.1; +http://www.google.com/bot.html)"
211.43.152.58 - - [22/Feb/2011:10:14:46 +0900] "GET /atom.xml" 200 - - "Mozilla/5.0 Firefox/3.0.5"
66.249.72.43 - - [22/Feb/2011:10:17:07 +0900] "GET /replyToBlogEntry.action?entry=1297401660000&comment=1297728186695" 200 - - "Mozilla/5.0 (compatible; Googlebot/2.1; +http://www.google.com/bot.html)"
209.131.41.49 - - [22/Feb/2011:10:19:33 +0900] "GET /what-if-lisp-was-invented-by-the-japanese" 200 - - "Mozilla/5.0 (compatible; Yahoo Pipes 2.0; +http://developer.yahoo.com/yql/provider) Gecko/20090729 Firefox/3.5.2"
184.73.239.99 - - [22/Feb/2011:10:22:22 +0900] "HEAD /what-if-lisp-was-invented-by-the-japanese" 200 - - "Mozilla/5.0 (compatible; woriobot support [at] worio [dot] com +http://worio.com)"
72.14.199.148 - - [22/Feb/2011:10:35:51 +0900] "GET /rss.xml" 304 - - "Feedfetcher-Google; (+http://www.google.com/feedfetcher.html; 4 subscribers; feed-id=1720132379870088030)"
72.14.199.148 - - [22/Feb/2011:10:40:56 +0900] "GET /atom.xml" 304 - - "Feedfetcher-Google; (+http://www.google.com/feedfetcher.html; 3 subscribers; feed-id=5146562804069246624)"
184.73.239.99 - - [22/Feb/2011:10:41:54 +0900] "HEAD /what-if-lisp-was-invented-by-the-japanese" 200 - - "Mozilla/5.0 (compatible; woriobot support [at] worio [dot] com +http://worio.com)"
66.249.72.43 - - [22/Feb/2011:10:44:32 +0900] "GET /replyToBlogEntry.action?entry=1297401660000&comment=1297728186695" 200 - - "Mozilla/5.0 (compatible; Googlebot/2.1; +http://www.google.com/bot.html)"
184.73.239.99 - - [22/Feb/2011:10:59:55 +0900] "HEAD /what-if-lisp-was-invented-by-the-japanese" 200 - - "Mozilla/5.0 (compatible; woriobot support [at] worio [dot] com +http://worio.com)"
216.39.58.17 - - [22/Feb/2011:11:07:54 +0900] "GET /what-if-lisp-was-invented-by-the-japanese" 200 - - "Mozilla/5.0 (compatible; Yahoo Pipes 2.0; +http://developer.yahoo.com/yql/provider) Gecko/20090729 Firefox/3.5.2"
216.39.58.17 - - [22/Feb/2011:11:11:52 +0900] "GET /what-if-lisp-was-invented-by-the-japanese" 200 - - "Mozilla/5.0 (compatible; Yahoo Pipes 2.0; +http://developer.yahoo.com/yql/provider) Gecko/20090729 Firefox/3.5.2"
203.104.98.218 - - [22/Feb/2011:11:17:04 +0900] "GET /rss.xml" 304 - - "livedoor FeedFetcher/0.01 (http://reader.livedoor.com/; 1 subscriber)"
184.73.239.99 - - [22/Feb/2011:11:17:44 +0900] "HEAD /what-if-lisp-was-invented-by-the-japanese" 200 - - "Mozilla/5.0 (compatible; woriobot support [at] worio [dot] com +http://worio.com)"
72.14.199.148 - - [22/Feb/2011:11:29:11 +0900] "GET /rss.xml" 304 - - "Feedfetcher-Google; (+http://www.google.com/feedfetcher.html; 4 subscribers; feed-id=1720132379870088030)"
184.73.239.99 - - [22/Feb/2011:11:35:15 +0900] "HEAD /what-if-lisp-was-invented-by-the-japanese" 200 - - "Mozilla/5.0 (compatible; woriobot support [at] worio [dot] com +http://worio.com)"
118.243.141.241 - - [22/Feb/2011:11:39:08 +0900] "GET /atom.xml" 304 - - "samidare"
72.14.199.148 - - [22/Feb/2011:11:39:36 +0900] "GET /atom.xml" 304 - - "Feedfetcher-Google; (+http://www.google.com/feedfetcher.html; 3 subscribers; feed-id=5146562804069246624)"
68.110.238.16 - - [22/Feb/2011:11:43:10 +0900] "GET /what-if-lisp-was-invented-by-the-japanese" 200 - "http://www.reddit.com/r/programming/?count=150&after=t3_fl4q6" "Mozilla/5.0 (X11; U; Linux i686; en-US) AppleWebKit/534.13 (KHTML, like Gecko) Chrome/9.0.597.98 Safari/534.13"
184.73.239.99 - - [22/Feb/2011:11:54:25 +0900] "HEAD /what-if-lisp-was-invented-by-the-japanese" 200 - - "Mozilla/5.0 (compatible; woriobot support [at] worio [dot] com +http://worio.com)"
216.39.58.17 - - [22/Feb/2011:11:54:49 +0900] "GET /what-if-lisp-was-invented-by-the-japanese" 200 - - "Mozilla/5.0 (compatible; Yahoo Pipes 2.0; +http://developer.yahoo.com/yql/provider) Gecko/20090729 Firefox/3.5.2"
184.73.239.99 - - [22/Feb/2011:12:13:08 +0900] "HEAD /what-if-lisp-was-invented-by-the-japanese" 200 - - "Mozilla/5.0 (compatible; woriobot support [at] worio [dot] com +http://worio.com)"
76.102.224.239 - - [22/Feb/2011:12:18:59 +0900] "GET /what-if-lisp-was-invented-by-the-japanese" 200 - - "Mozilla/5.0 (Macintosh; U; Intel Mac OS X 10.6; en; rv:1.9.0.19) Gecko/2010111021 Camino/2.0.6 (MultiLang) (like Firefox/3.0.19)"
76.102.224.239 - - [22/Feb/2011:12:20:28 +0900] "GET /what-if-lisp-was-invented-by-the-japanese" 200 - - "Mozilla/5.0 (Macintosh; U; Intel Mac OS X 10.6; en; rv:1.9.0.19) Gecko/2010111021 Camino/2.0.6 (MultiLang) (like Firefox/3.0.19)"
184.73.239.99 - - [22/Feb/2011:12:30:06 +0900] "HEAD /what-if-lisp-was-invented-by-the-japanese" 200 - - "Mozilla/5.0 (compatible; woriobot support [at] worio [dot] com +http://worio.com)"
60.224.52.182 - - [22/Feb/2011:12:34:33 +0900] "GET /what-if-lisp-was-invented-by-the-japanese" 200 - - "Mozilla/5.0 (X11; U; Linux x86_64; en-US) AppleWebKit/534.12 (KHTML, like Gecko) Chrome/9.0.587.0 Safari/534.12"
72.14.199.148 - - [22/Feb/2011:12:35:06 +0900] "GET /atom.xml" 200 - - "Feedfetcher-Google; (+http://www.google.com/feedfetcher.html; 3 subscribers; feed-id=5146562804069246624)"
72.14.199.148 - - [22/Feb/2011:12:35:41 +0900] "GET /rss.xml" 304 - - "Feedfetcher-Google; (+http://www.google.com/feedfetcher.html; 4 subscribers; feed-id=1720132379870088030)"
216.39.58.78 - - [22/Feb/2011:12:39:50 +0900] "GET /what-if-lisp-was-invented-by-the-japanese" 200 - - "Mozilla/5.0 (compatible; Yahoo Pipes 2.0; +http://developer.yahoo.com/yql/provider) Gecko/20090729 Firefox/3.5.2"
216.39.58.18 - - [22/Feb/2011:12:43:54 +0900] "GET /what-if-lisp-was-invented-by-the-japanese" 200 - - "Mozilla/5.0 (compatible; Yahoo Pipes 2.0; +http://developer.yahoo.com/yql/provider) Gecko/20090729 Firefox/3.5.2"
184.73.239.99 - - [22/Feb/2011:12:48:57 +0900] "HEAD /what-if-lisp-was-invented-by-the-japanese" 200 - - "Mozilla/5.0 (compatible; woriobot support [at] worio [dot] com +http://worio.com)"
203.104.98.220 - - [22/Feb/2011:12:49:26 +0900] "GET /rss.xml" 304 - - "livedoor FeedFetcher/0.01 (http://reader.livedoor.com/; 1 subscriber)"
184.73.239.99 - - [22/Feb/2011:13:06:42 +0900] "HEAD /what-if-lisp-was-invented-by-the-japanese" 200 - - "Mozilla/5.0 (compatible; woriobot support [at] worio [dot] com +http://worio.com)"
72.53.195.199 - - [22/Feb/2011:13:11:38 +0900] "GET /rss.xml" 200 - - "Mozilla/5.0 (Windows; U; Windows NT 5.1; en-US; rv:1.9.0.5) Gecko/2008120122 Firefox/3.0.5\r\n"
184.73.239.99 - - [22/Feb/2011:13:24:07 +0900] "HEAD /what-if-lisp-was-invented-by-the-japanese" 200 - - "Mozilla/5.0 (compatible; woriobot support [at] worio [dot] com +http://worio.com)"
216.39.58.78 - - [22/Feb/2011:13:25:44 +0900] "GET /what-if-lisp-was-invented-by-the-japanese" 200 - - "Mozilla/5.0 (compatible; Yahoo Pipes 2.0; +http://developer.yahoo.com/yql/provider) Gecko/20090729 Firefox/3.5.2"
72.14.199.148 - - [22/Feb/2011:13:33:31 +0900] "GET /rss.xml" 304 - - "Feedfetcher-Google; (+http://www.google.com/feedfetcher.html; 4 subscribers; feed-id=1720132379870088030)"
61.247.204.39 - - [22/Feb/2011:13:33:42 +0900] "GET /what-if-lisp-was-invented-by-the-japanese" 200 - - "Yeti/1.0 (NHN Corp.; http://help.naver.com/robots/)"
61.247.204.44 - - [22/Feb/2011:13:34:01 +0900] "GET /themes/_pebble/handheld.css" 500 - - "Yeti/1.0 (NHN Corp.; http://help.naver.com/robots/)"
61.247.204.44 - - [22/Feb/2011:13:34:12 +0900] "GET /themes/lisp-nyc-barsky1/print.css" 500 - - "Yeti/1.0 (NHN Corp.; http://help.naver.com/robots/)"
61.247.204.46 - - [22/Feb/2011:13:34:22 +0900] "GET /pebble.css" 500 - - "Yeti/1.0 (NHN Corp.; http://help.naver.com/robots/)"
61.247.204.46 - - [22/Feb/2011:13:34:32 +0900] "GET /themes/lisp-nyc-barsky1/screen.css" 500 - - "Yeti/1.0 (NHN Corp.; http://help.naver.com/robots/)"
184.73.239.99 - - [22/Feb/2011:13:41:47 +0900] "HEAD /what-if-lisp-was-invented-by-the-japanese" 200 - - "Mozilla/5.0 (compatible; woriobot support [at] worio [dot] com +http://worio.com)"
72.14.199.148 - - [22/Feb/2011:13:44:26 +0900] "GET /atom.xml" 200 - - "Feedfetcher-Google; (+http://www.google.com/feedfetcher.html; 3 subscribers; feed-id=5146562804069246624)"
201.165.109.254 - - [22/Feb/2011:14:00:15 +0900] "GET /what-if-lisp-was-invented-by-the-japanese" 200 - "http://www.reddit.com/r/linguistics/comments/flakx/what_if_lisp_were_invented_by_the_japanese_xpost/" "Opera/9.80 (Windows NT 5.1; U; es-LA) Presto/2.7.62 Version/11.01"
184.73.239.99 - - [22/Feb/2011:14:00:27 +0900] "HEAD /what-if-lisp-was-invented-by-the-japanese" 200 - - "Mozilla/5.0 (compatible; woriobot support [at] worio [dot] com +http://worio.com)"
216.39.58.17 - - [22/Feb/2011:14:09:57 +0900] "GET /what-if-lisp-was-invented-by-the-japanese" 200 - - "Mozilla/5.0 (compatible; Yahoo Pipes 2.0; +http://developer.yahoo.com/yql/provider) Gecko/20090729 Firefox/3.5.2"
216.39.58.78 - - [22/Feb/2011:14:13:31 +0900] "GET /what-if-lisp-was-invented-by-the-japanese" 200 - - "Mozilla/5.0 (compatible; Yahoo Pipes 2.0; +http://developer.yahoo.com/yql/provider) Gecko/20090729 Firefox/3.5.2"
184.73.239.99 - - [22/Feb/2011:14:17:08 +0900] "HEAD /what-if-lisp-was-invented-by-the-japanese" 200 - - "Mozilla/5.0 (compatible; woriobot support [at] worio [dot] com +http://worio.com)"
203.104.98.219 - - [22/Feb/2011:14:22:13 +0900] "GET /rss.xml" 304 - - "livedoor FeedFetcher/0.01 (http://reader.livedoor.com/; 1 subscriber)"
72.14.199.148 - - [22/Feb/2011:14:27:51 +0900] "GET /rss.xml" 304 - - "Feedfetcher-Google; (+http://www.google.com/feedfetcher.html; 4 subscribers; feed-id=1720132379870088030)"
184.73.239.99 - - [22/Feb/2011:14:33:40 +0900] "HEAD /what-if-lisp-was-invented-by-the-japanese" 200 - - "Mozilla/5.0 (compatible; woriobot support [at] worio [dot] com +http://worio.com)"
72.14.199.148 - - [22/Feb/2011:14:46:35 +0900] "GET /atom.xml" 304 - - "Feedfetcher-Google; (+http://www.google.com/feedfetcher.html; 3 subscribers; feed-id=5146562804069246624)"
184.73.239.99 - - [22/Feb/2011:14:51:50 +0900] "HEAD /what-if-lisp-was-invented-by-the-japanese" 200 - - "Mozilla/5.0 (compatible; woriobot support [at] worio [dot] com +http://worio.com)"
216.39.58.17 - - [22/Feb/2011:14:54:26 +0900] "GET /what-if-lisp-was-invented-by-the-japanese" 200 - - "Mozilla/5.0 (compatible; Yahoo Pipes 2.0; +http://developer.yahoo.com/yql/provider) Gecko/20090729 Firefox/3.5.2"
173.26.190.238 - - [22/Feb/2011:15:07:44 +0900] "GET /what-if-lisp-was-invented-by-the-japanese" 200 - "http://www.reddit.com/r/programming/?count=150&after=t3_flpao" "Mozilla/5.0 (Windows; U; Windows NT 6.1; en-US) AppleWebKit/534.20 (KHTML, like Gecko) Chrome/11.0.672.2 Safari/534.20"
184.73.239.99 - - [22/Feb/2011:15:07:58 +0900] "HEAD /what-if-lisp-was-invented-by-the-japanese" 200 - - "Mozilla/5.0 (compatible; woriobot support [at] worio [dot] com +http://worio.com)"
184.73.239.99 - - [22/Feb/2011:15:25:27 +0900] "HEAD /what-if-lisp-was-invented-by-the-japanese" 200 - - "Mozilla/5.0 (compatible; woriobot support [at] worio [dot] com +http://worio.com)"
66.249.72.43 - - [22/Feb/2011:15:25:59 +0900] "GET /2011/02/01" 200 - - "Mozilla/5.0 (compatible; Googlebot/2.1; +http://www.google.com/bot.html)"
72.14.199.148 - - [22/Feb/2011:15:30:11 +0900] "GET /rss.xml" 304 - - "Feedfetcher-Google; (+http://www.google.com/feedfetcher.html; 4 subscribers; feed-id=1720132379870088030)"
216.39.58.18 - - [22/Feb/2011:15:37:12 +0900] "GET /what-if-lisp-was-invented-by-the-japanese" 200 - - "Mozilla/5.0 (compatible; Yahoo Pipes 2.0; +http://developer.yahoo.com/yql/provider) Gecko/20090729 Firefox/3.5.2"
216.39.58.18 - - [22/Feb/2011:15:40:34 +0900] "GET /what-if-lisp-was-invented-by-the-japanese" 200 - - "Mozilla/5.0 (compatible; Yahoo Pipes 2.0; +http://developer.yahoo.com/yql/provider) Gecko/20090729 Firefox/3.5.2"
184.73.239.99 - - [22/Feb/2011:15:42:09 +0900] "HEAD /what-if-lisp-was-invented-by-the-japanese" 200 - - "Mozilla/5.0 (compatible; woriobot support [at] worio [dot] com +http://worio.com)"
72.14.199.148 - - [22/Feb/2011:15:46:05 +0900] "GET /atom.xml" 304 - - "Feedfetcher-Google; (+http://www.google.com/feedfetcher.html; 3 subscribers; feed-id=5146562804069246624)"
134.158.120.90 - - [22/Feb/2011:15:57:04 +0900] "GET /rss.xml" 304 - - "Mozilla/5.0 (X11; U; Linux i686; fr; rv:1.9.2.13) Gecko/20101209 Red Hat/3.6-3.el4 Firefox/3.6.13"
203.104.98.218 - - [22/Feb/2011:15:57:15 +0900] "GET /rss.xml" 304 - - "livedoor FeedFetcher/0.01 (http://reader.livedoor.com/; 1 subscriber)"
184.73.239.99 - - [22/Feb/2011:15:58:40 +0900] "HEAD /what-if-lisp-was-invented-by-the-japanese" 200 - - "Mozilla/5.0 (compatible; woriobot support [at] worio [dot] com +http://worio.com)"
184.73.239.99 - - [22/Feb/2011:16:14:07 +0900] "HEAD /what-if-lisp-was-invented-by-the-japanese" 200 - - "Mozilla/5.0 (compatible; woriobot support [at] worio [dot] com +http://worio.com)"
216.39.58.18 - - [22/Feb/2011:16:21:21 +0900] "GET /what-if-lisp-was-invented-by-the-japanese" 200 - - "Mozilla/5.0 (compatible; Yahoo Pipes 2.0; +http://developer.yahoo.com/yql/provider) Gecko/20090729 Firefox/3.5.2"
184.73.239.99 - - [22/Feb/2011:16:30:03 +0900] "HEAD /what-if-lisp-was-invented-by-the-japanese" 200 - - "Mozilla/5.0 (compatible; woriobot support [at] worio [dot] com +http://worio.com)"
72.14.199.148 - - [22/Feb/2011:16:32:31 +0900] "GET /rss.xml" 200 - - "Feedfetcher-Google; (+http://www.google.com/feedfetcher.html; 4 subscribers; feed-id=1720132379870088030)"
119.237.154.72 - - [22/Feb/2011:16:35:26 +0900] "GET /what-if-lisp-was-invented-by-the-japanese" 200 - "http://www.delicious.com/save?url=http%3A%2F%2Flispnyc.org%2Fblog%2Feuske%2Fwhat-if-lisp-was-invented-by-the-japanese&title=What%20if%20Lisp%20was%20invented%20by%20the%20Japanese%3F%20-%20Lisp-no-yama&v=5&jump=yes" "Mozilla/5.0 (Windows; U; Windows NT 6.1; en-US) AppleWebKit/534.20 (KHTML, like Gecko) Chrome/11.0.672.2 Safari/534.20"
184.73.239.99 - - [22/Feb/2011:16:48:09 +0900] "HEAD /what-if-lisp-was-invented-by-the-japanese" 200 - - "Mozilla/5.0 (compatible; woriobot support [at] worio [dot] com +http://worio.com)"
79.174.225.43 - - [22/Feb/2011:16:49:40 +0900] "GET /what-if-lisp-was-invented-by-the-japanese" 200 - - "WikioLabsBot"
79.174.225.43 - - [22/Feb/2011:16:49:40 +0900] "GET /what-if-lisp-was-invented-by-the-japanese" 200 - - "WikioLabsBot"
79.174.225.43 - - [22/Feb/2011:16:49:40 +0900] "GET /rss.xml" 200 - - "WikioLabsBot"
79.174.225.43 - - [22/Feb/2011:16:49:40 +0900] "GET /atom.xml" 200 - - "WikioLabsBot"
72.14.199.148 - - [22/Feb/2011:16:55:35 +0900] "GET /atom.xml" 304 - - "Feedfetcher-Google; (+http://www.google.com/feedfetcher.html; 3 subscribers; feed-id=5146562804069246624)"
134.158.120.90 - - [22/Feb/2011:16:59:43 +0900] "GET /rss.xml" 304 - - "Mozilla/5.0 (X11; U; Linux i686; fr; rv:1.9.2.13) Gecko/20101209 Red Hat/3.6-3.el4 Firefox/3.6.13"
216.39.58.78 - - [22/Feb/2011:17:04:20 +0900] "GET /what-if-lisp-was-invented-by-the-japanese" 200 - - "Mozilla/5.0 (compatible; Yahoo Pipes 2.0; +http://developer.yahoo.com/yql/provider) Gecko/20090729 Firefox/3.5.2"
184.73.239.99 - - [22/Feb/2011:17:06:36 +0900] "HEAD /what-if-lisp-was-invented-by-the-japanese" 200 - - "Mozilla/5.0 (compatible; woriobot support [at] worio [dot] com +http://worio.com)"
216.39.58.78 - - [22/Feb/2011:17:07:57 +0900] "GET /what-if-lisp-was-invented-by-the-japanese" 200 - - "Mozilla/5.0 (compatible; Yahoo Pipes 2.0; +http://developer.yahoo.com/yql/provider) Gecko/20090729 Firefox/3.5.2"
184.73.239.99 - - [22/Feb/2011:17:23:18 +0900] "HEAD /what-if-lisp-was-invented-by-the-japanese" 200 - - "Mozilla/5.0 (compatible; woriobot support [at] worio [dot] com +http://worio.com)"
72.14.199.148 - - [22/Feb/2011:17:24:51 +0900] "GET /rss.xml" 304 - - "Feedfetcher-Google; (+http://www.google.com/feedfetcher.html; 4 subscribers; feed-id=1720132379870088030)"
125.6.162.3 - - [22/Feb/2011:17:25:16 +0900] "GET /atom.xml" 304 - - "Fastladder FeedFetcher/0.01 (http://fastladder.com/; 1 subscriber)"
203.104.98.219 - - [22/Feb/2011:17:26:40 +0900] "GET /rss.xml" 304 - - "livedoor FeedFetcher/0.01 (http://reader.livedoor.com/; 1 subscriber)"
184.73.239.99 - - [22/Feb/2011:17:39:39 +0900] "HEAD /what-if-lisp-was-invented-by-the-japanese" 200 - - "Mozilla/5.0 (compatible; woriobot support [at] worio [dot] com +http://worio.com)"
216.39.58.17 - - [22/Feb/2011:17:48:11 +0900] "GET /what-if-lisp-was-invented-by-the-japanese" 200 - - "Mozilla/5.0 (compatible; Yahoo Pipes 2.0; +http://developer.yahoo.com/yql/provider) Gecko/20090729 Firefox/3.5.2"
119.63.192.143 - - [22/Feb/2011:17:54:09 +0900] "GET /what-if-lisp-was-invented-by-the-japanese" 200 - - "Baiduspider+(+http://www.baidu.jp/spider/)"
184.73.239.99 - - [22/Feb/2011:17:56:39 +0900] "HEAD /what-if-lisp-was-invented-by-the-japanese" 200 - - "Mozilla/5.0 (compatible; woriobot support [at] worio [dot] com +http://worio.com)"
72.14.199.148 - - [22/Feb/2011:17:58:05 +0900] "GET /atom.xml" 304 - - "Feedfetcher-Google; (+http://www.google.com/feedfetcher.html; 3 subscribers; feed-id=5146562804069246624)"
134.158.120.90 - - [22/Feb/2011:18:02:24 +0900] "GET /rss.xml" 304 - - "Mozilla/5.0 (X11; U; Linux i686; fr; rv:1.9.2.13) Gecko/20101209 Red Hat/3.6-3.el4 Firefox/3.6.13"
184.73.239.99 - - [22/Feb/2011:18:13:28 +0900] "HEAD /what-if-lisp-was-invented-by-the-japanese" 200 - - "Mozilla/5.0 (compatible; woriobot support [at] worio [dot] com +http://worio.com)"
67.195.114.220 - - [22/Feb/2011:18:19:05 +0900] "GET /what-if-lisp-was-invented-by-the-japanese" 200 - - "Mozilla/5.0 (compatible; Yahoo! Slurp; http://help.yahoo.com/help/us/ysearch/slurp)"
174.122.108.66 - - [22/Feb/2011:18:27:16 +0900] "GET /what-if-lisp-was-invented-by-the-japanese" 200 - - "Mozilla/5.0 (Windows; U; Windows NT 5.2; en-US; rv:1.9.1.4) Gecko/20091007 Firefox/3.5.4"
174.122.108.66 - - [22/Feb/2011:18:27:17 +0900] "GET /what-if-lisp-was-invented-by-the-japanese" 200 - - "Mozilla/5.0 (Macintosh; U; Intel Mac OS X 10.5; en-US; rv:1.9.0.7) Gecko/2009021906 Firefox/3.0.7"
72.14.199.148 - - [22/Feb/2011:18:27:20 +0900] "GET /rss.xml" 200 - - "Feedfetcher-Google; (+http://www.google.com/feedfetcher.html; 4 subscribers; feed-id=1720132379870088030)"
184.73.239.99 - - [22/Feb/2011:18:29:24 +0900] "HEAD /what-if-lisp-was-invented-by-the-japanese" 200 - - "Mozilla/5.0 (compatible; woriobot support [at] worio [dot] com +http://worio.com)"
216.39.58.18 - - [22/Feb/2011:18:29:39 +0900] "GET /what-if-lisp-was-invented-by-the-japanese" 200 - - "Mozilla/5.0 (compatible; Yahoo Pipes 2.0; +http://developer.yahoo.com/yql/provider) Gecko/20090729 Firefox/3.5.2"
216.39.58.18 - - [22/Feb/2011:18:33:32 +0900] "GET /what-if-lisp-was-invented-by-the-japanese" 200 - - "Mozilla/5.0 (compatible; Yahoo Pipes 2.0; +http://developer.yahoo.com/yql/provider) Gecko/20090729 Firefox/3.5.2"
184.73.239.99 - - [22/Feb/2011:18:47:11 +0900] "HEAD /what-if-lisp-was-invented-by-the-japanese" 200 - - "Mozilla/5.0 (compatible; woriobot support [at] worio [dot] com +http://worio.com)"
72.14.199.148 - - [22/Feb/2011:18:57:15 +0900] "GET /atom.xml" 200 - - "Feedfetcher-Google; (+http://www.google.com/feedfetcher.html; 3 subscribers; feed-id=5146562804069246624)"
184.73.239.99 - - [22/Feb/2011:19:03:25 +0900] "HEAD /what-if-lisp-was-invented-by-the-japanese" 200 - - "Mozilla/5.0 (compatible; woriobot support [at] worio [dot] com +http://worio.com)"
134.158.120.90 - - [22/Feb/2011:19:05:05 +0900] "GET /rss.xml" 304 - - "Mozilla/5.0 (X11; U; Linux i686; fr; rv:1.9.2.13) Gecko/20101209 Red Hat/3.6-3.el4 Firefox/3.6.13"
203.104.98.220 - - [22/Feb/2011:19:06:39 +0900] "GET /rss.xml" 304 - - "livedoor FeedFetcher/0.01 (http://reader.livedoor.com/; 1 subscriber)"
216.39.58.78 - - [22/Feb/2011:19:13:57 +0900] "GET /what-if-lisp-was-invented-by-the-japanese" 200 - - "Mozilla/5.0 (compatible; Yahoo Pipes 2.0; +http://developer.yahoo.com/yql/provider) Gecko/20090729 Firefox/3.5.2"
184.73.239.99 - - [22/Feb/2011:19:19:55 +0900] "HEAD /what-if-lisp-was-invented-by-the-japanese" 200 - - "Mozilla/5.0 (compatible; woriobot support [at] worio [dot] com +http://worio.com)"
72.14.199.148 - - [22/Feb/2011:19:27:10 +0900] "GET /rss.xml" 304 - - "Feedfetcher-Google; (+http://www.google.com/feedfetcher.html; 4 subscribers; feed-id=1720132379870088030)"
184.73.239.99 - - [22/Feb/2011:19:35:27 +0900] "HEAD /what-if-lisp-was-invented-by-the-japanese" 200 - - "Mozilla/5.0 (compatible; woriobot support [at] worio [dot] com +http://worio.com)"
184.73.239.99 - - [22/Feb/2011:19:51:57 +0900] "HEAD /what-if-lisp-was-invented-by-the-japanese" 200 - - "Mozilla/5.0 (compatible; woriobot support [at] worio [dot] com +http://worio.com)"
218.213.130.199 - - [22/Feb/2011:19:54:08 +0900] "GET /" 200 - - "ichiro/4.0 (http://help.goo.ne.jp/door/crawler.html)"
216.39.58.78 - - [22/Feb/2011:19:55:00 +0900] "GET /what-if-lisp-was-invented-by-the-japanese" 200 - - "Mozilla/5.0 (compatible; Yahoo Pipes 2.0; +http://developer.yahoo.com/yql/provider) Gecko/20090729 Firefox/3.5.2"
80.177.11.33 - - [22/Feb/2011:19:57:47 +0900] "GET /what-if-lisp-was-invented-by-the-japanese" 200 - "http://www.reddit.com/r/lisp/" "Mozilla/5.0 (X11; U; NetBSD i386; en-US; rv:1.9.2.13) Gecko/20101228 Namoroka/3.6.13"
216.39.58.78 - - [22/Feb/2011:19:59:08 +0900] "GET /what-if-lisp-was-invented-by-the-japanese" 200 - - "Mozilla/5.0 (compatible; Yahoo Pipes 2.0; +http://developer.yahoo.com/yql/provider) Gecko/20090729 Firefox/3.5.2"
218.213.130.199 - - [22/Feb/2011:20:00:23 +0900] "GET /rss.xml" 200 - - "ichiro/4.0 (http://help.goo.ne.jp/door/crawler.html)"
72.14.199.148 - - [22/Feb/2011:20:05:05 +0900] "GET /atom.xml" 304 - - "Feedfetcher-Google; (+http://www.google.com/feedfetcher.html; 3 subscribers; feed-id=5146562804069246624)"
184.73.239.99 - - [22/Feb/2011:20:07:39 +0900] "HEAD /what-if-lisp-was-invented-by-the-japanese" 200 - - "Mozilla/5.0 (compatible; woriobot support [at] worio [dot] com +http://worio.com)"
134.158.120.90 - - [22/Feb/2011:20:07:50 +0900] "GET /rss.xml" 304 - - "Mozilla/5.0 (X11; U; Linux i686; fr; rv:1.9.2.13) Gecko/20101209 Red Hat/3.6-3.el4 Firefox/3.6.13"
184.73.239.99 - - [22/Feb/2011:20:23:59 +0900] "HEAD /what-if-lisp-was-invented-by-the-japanese" 200 - - "Mozilla/5.0 (compatible; woriobot support [at] worio [dot] com +http://worio.com)"
72.14.199.148 - - [22/Feb/2011:20:28:40 +0900] "GET /rss.xml" 304 - - "Feedfetcher-Google; (+http://www.google.com/feedfetcher.html; 4 subscribers; feed-id=1720132379870088030)"
67.195.114.220 - - [22/Feb/2011:20:32:17 +0900] "GET /authors/euske/" 200 - - "Mozilla/5.0 (compatible; Yahoo! Slurp; http://help.yahoo.com/help/us/ysearch/slurp)"
202.246.252.97 - - [22/Feb/2011:20:32:20 +0900] "GET /authors/euske/" 200 - "http://d.hatena.ne.jp/karasuyamatengu/?of=5" "Mozilla/5.0 (Windows; U; Windows NT 5.1; ja; rv:1.9.2.13) Gecko/20101203 Firefox/3.6.13 (.NET CLR 3.5.30729)"
202.246.252.97 - - [22/Feb/2011:20:32:21 +0900] "GET /what-if-lisp-was-invented-by-the-japanese" 200 - "http://d.hatena.ne.jp/karasuyamatengu/?of=5" "Mozilla/5.0 (Windows; U; Windows NT 5.1; ja; rv:1.9.2.13) Gecko/20101203 Firefox/3.6.13 (.NET CLR 3.5.30729)"
202.246.252.97 - - [22/Feb/2011:20:32:22 +0900] "GET /themes/_pebble/handheld.css" 500 - "http://lispnyc.org/blog/euske/authors/euske/" "Mozilla/5.0 (Windows; U; Windows NT 5.1; ja; rv:1.9.2.13) Gecko/20101203 Firefox/3.6.13 (.NET CLR 3.5.30729)"
202.246.252.97 - - [22/Feb/2011:20:32:22 +0900] "GET /themes/lisp-nyc-barsky1/screen.css" 500 - "http://lispnyc.org/blog/euske/authors/euske/" "Mozilla/5.0 (Windows; U; Windows NT 5.1; ja; rv:1.9.2.13) Gecko/20101203 Firefox/3.6.13 (.NET CLR 3.5.30729)"
202.246.252.97 - - [22/Feb/2011:20:32:22 +0900] "GET /themes/lisp-nyc-barsky1/print.css" 500 - "http://lispnyc.org/blog/euske/authors/euske/" "Mozilla/5.0 (Windows; U; Windows NT 5.1; ja; rv:1.9.2.13) Gecko/20101203 Firefox/3.6.13 (.NET CLR 3.5.30729)"
202.246.252.97 - - [22/Feb/2011:20:32:22 +0900] "GET /pebble.css" 500 - "http://lispnyc.org/blog/euske/authors/euske/" "Mozilla/5.0 (Windows; U; Windows NT 5.1; ja; rv:1.9.2.13) Gecko/20101203 Firefox/3.6.13 (.NET CLR 3.5.30729)"
202.246.252.97 - - [22/Feb/2011:20:32:22 +0900] "GET /themes/_pebble/handheld.css" 500 - "http://lispnyc.org/blog/euske/what-if-lisp-was-invented-by-the-japanese" "Mozilla/5.0 (Windows; U; Windows NT 5.1; ja; rv:1.9.2.13) Gecko/20101203 Firefox/3.6.13 (.NET CLR 3.5.30729)"
202.246.252.97 - - [22/Feb/2011:20:32:22 +0900] "GET /themes/lisp-nyc-barsky1/print.css" 500 - "http://lispnyc.org/blog/euske/what-if-lisp-was-invented-by-the-japanese" "Mozilla/5.0 (Windows; U; Windows NT 5.1; ja; rv:1.9.2.13) Gecko/20101203 Firefox/3.6.13 (.NET CLR 3.5.30729)"
202.246.252.97 - - [22/Feb/2011:20:32:22 +0900] "GET /themes/lisp-nyc-barsky1/screen.css" 500 - "http://lispnyc.org/blog/euske/what-if-lisp-was-invented-by-the-japanese" "Mozilla/5.0 (Windows; U; Windows NT 5.1; ja; rv:1.9.2.13) Gecko/20101203 Firefox/3.6.13 (.NET CLR 3.5.30729)"
202.246.252.97 - - [22/Feb/2011:20:32:23 +0900] "GET /pebble.css" 500 - "http://lispnyc.org/blog/euske/what-if-lisp-was-invented-by-the-japanese" "Mozilla/5.0 (Windows; U; Windows NT 5.1; ja; rv:1.9.2.13) Gecko/20101203 Firefox/3.6.13 (.NET CLR 3.5.30729)"
203.104.98.220 - - [22/Feb/2011:20:35:45 +0900] "GET /rss.xml" 304 - - "livedoor FeedFetcher/0.01 (http://reader.livedoor.com/; 1 subscriber)"
216.39.58.18 - - [22/Feb/2011:20:39:08 +0900] "GET /what-if-lisp-was-invented-by-the-japanese" 200 - - "Mozilla/5.0 (compatible; Yahoo Pipes 2.0; +http://developer.yahoo.com/yql/provider) Gecko/20090729 Firefox/3.5.2"
220.141.175.191 - - [22/Feb/2011:20:40:33 +0900] "GET /what-if-lisp-was-invented-by-the-japanese" 200 - "http://www.reddit.com/r/lisp/" "Mozilla/5.0 (Macintosh; U; Intel Mac OS X 10_6_6; en-US) AppleWebKit/534.13 (KHTML, like Gecko) Chrome/9.0.597.102 Safari/534.13"
184.73.239.99 - - [22/Feb/2011:20:40:49 +0900] "HEAD /what-if-lisp-was-invented-by-the-japanese" 200 - - "Mozilla/5.0 (compatible; woriobot support [at] worio [dot] com +http://worio.com)"
66.249.72.43 - - [22/Feb/2011:20:55:19 +0900] "GET /" 200 - - "Mozilla/5.0 (compatible; Googlebot/2.1; +http://www.google.com/bot.html)"
184.73.239.99 - - [22/Feb/2011:20:57:26 +0900] "HEAD /what-if-lisp-was-invented-by-the-japanese" 200 - - "Mozilla/5.0 (compatible; woriobot support [at] worio [dot] com +http://worio.com)"
72.14.199.148 - - [22/Feb/2011:20:57:35 +0900] "GET /atom.xml" 304 - - "Feedfetcher-Google; (+http://www.google.com/feedfetcher.html; 3 subscribers; feed-id=5146562804069246624)"
134.158.120.90 - - [22/Feb/2011:21:10:22 +0900] "GET /rss.xml" 304 - - "Mozilla/5.0 (X11; U; Linux i686; fr; rv:1.9.2.13) Gecko/20101209 Red Hat/3.6-3.el4 Firefox/3.6.13"
184.73.239.99 - - [22/Feb/2011:21:14:15 +0900] "HEAD /what-if-lisp-was-invented-by-the-japanese" 200 - - "Mozilla/5.0 (compatible; woriobot support [at] worio [dot] com +http://worio.com)"
216.39.58.17 - - [22/Feb/2011:21:22:14 +0900] "GET /what-if-lisp-was-invented-by-the-japanese" 200 - - "Mozilla/5.0 (compatible; Yahoo Pipes 2.0; +http://developer.yahoo.com/yql/provider) Gecko/20090729 Firefox/3.5.2"
