67.195.114.220 - - [28/Feb/2011:00:01:41 +0100] "GET /rdf.xml" 200 - - "Mozilla/5.0 (compatible; Yahoo! Slurp; http://help.yahoo.com/help/us/ysearch/slurp)"
216.39.58.17 - - [28/Feb/2011:00:19:08 +0100] "GET /what-is-acheron-lisp" 200 - - "Mozilla/5.0 (compatible; Yahoo Pipes 2.0; +http://developer.yahoo.com/yql/provider) Gecko/20090729 Firefox/3.5.2"
141.153.216.194 - - [28/Feb/2011:00:41:15 +0100] "GET /using-the-repl" 200 - "http://lispnyc.org/blog/" "Mozilla/5.0 (X11; U; Linux x86_64; en-US; rv:1.8.1.19) Gecko/20081216 Ubuntu/7.10 (gutsy) Firefox/2.0.0.19"
209.131.41.49 - - [28/Feb/2011:01:23:11 +0100] "GET /what-is-acheron-lisp" 200 - - "Mozilla/5.0 (compatible; Yahoo Pipes 2.0; +http://developer.yahoo.com/yql/provider) Gecko/20090729 Firefox/3.5.2"
67.195.114.220 - - [28/Feb/2011:01:35:31 +0100] "GET /search.action" 200 - - "Mozilla/5.0 (compatible; Yahoo! Slurp; http://help.yahoo.com/help/us/ysearch/slurp)"
216.39.58.18 - - [28/Feb/2011:01:53:12 +0100] "GET /what-is-acheron-lisp" 200 - - "Mozilla/5.0 (compatible; Yahoo Pipes 2.0; +http://developer.yahoo.com/yql/provider) Gecko/20090729 Firefox/3.5.2"
72.14.199.244 - - [28/Feb/2011:02:01:58 +0100] "GET /rss.xml" 304 - - "Feedfetcher-Google; (+http://www.google.com/feedfetcher.html; 1 subscribers; feed-id=11916054194069086820)"
91.54.81.226 - - [28/Feb/2011:02:02:05 +0100] "GET /" 200 - "http://www.lispnyc.org/blog/" "Mozilla/5.0 (X11; U; Linux i686; en-US) AppleWebKit/534.16 (KHTML, like Gecko) Chrome/10.0.648.82 Safari/534.16"
91.54.81.226 - - [28/Feb/2011:02:02:18 +0100] "GET /authors/17/" 200 - "http://lispnyc.org/blog/acheron/" "Mozilla/5.0 (X11; U; Linux i686; en-US) AppleWebKit/534.16 (KHTML, like Gecko) Chrome/10.0.648.82 Safari/534.16"
216.39.58.17 - - [28/Feb/2011:02:28:47 +0100] "GET /what-is-acheron-lisp" 200 - - "Mozilla/5.0 (compatible; Yahoo Pipes 2.0; +http://developer.yahoo.com/yql/provider) Gecko/20090729 Firefox/3.5.2"
66.147.236.94 - - [28/Feb/2011:02:44:24 +0100] "GET /rss.xml" 200 - - "Mozilla/5.0 (compatible; Mp3Bot/0.7; +http://mp3realm.org/mp3bot/)"
66.147.236.94 - - [28/Feb/2011:02:44:25 +0100] "GET /responses/rss.xml?entry=1298323140000" 200 - - "Mozilla/5.0 (compatible; Mp3Bot/0.7; +http://mp3realm.org/mp3bot/)"
66.147.236.94 - - [28/Feb/2011:02:44:31 +0100] "GET /" 200 - - "Mozilla/5.0 (compatible; Mp3Bot/0.7; +http://mp3realm.org/mp3bot/)"
66.147.236.94 - - [28/Feb/2011:02:44:32 +0100] "GET /what-is-acheron-lisp" 200 - - "Mozilla/5.0 (compatible; Mp3Bot/0.7; +http://mp3realm.org/mp3bot/)"
66.147.236.94 - - [28/Feb/2011:02:44:33 +0100] "GET /replyToBlogEntry.action?entry=1296676224366" 200 - - "Mozilla/5.0 (compatible; Mp3Bot/0.7; +http://mp3realm.org/mp3bot/)"
66.147.236.94 - - [28/Feb/2011:02:44:33 +0100] "GET /using-the-repl" 200 - - "Mozilla/5.0 (compatible; Mp3Bot/0.7; +http://mp3realm.org/mp3bot/)"
66.147.236.94 - - [28/Feb/2011:02:44:47 +0100] "GET /responses/rss.xml" 200 - - "Mozilla/5.0 (compatible; Mp3Bot/0.7; +http://mp3realm.org/mp3bot/)"
66.147.236.94 - - [28/Feb/2011:02:44:49 +0100] "GET /rss.xml" 200 - - "Mozilla/5.0 (compatible; Mp3Bot/0.7; +http://mp3realm.org/mp3bot/)"
66.147.236.94 - - [28/Feb/2011:02:44:49 +0100] "GET /generateTrackBackLink.action?entry=1298323140000" 200 - - "Mozilla/5.0 (compatible; Mp3Bot/0.7; +http://mp3realm.org/mp3bot/)"
66.147.236.94 - - [28/Feb/2011:02:44:54 +0100] "GET /replyToBlogEntry.action?entry=1298323140000&amp;comment=1298414860886" 200 - - "Mozilla/5.0 (compatible; Mp3Bot/0.7; +http://mp3realm.org/mp3bot/)"
66.147.236.94 - - [28/Feb/2011:02:44:56 +0100] "GET /search.action" 200 - - "Mozilla/5.0 (compatible; Mp3Bot/0.7; +http://mp3realm.org/mp3bot/)"
66.147.236.94 - - [28/Feb/2011:02:44:57 +0100] "GET /generateTrackBackLink.action?entry=1296676224366" 200 - - "Mozilla/5.0 (compatible; Mp3Bot/0.7; +http://mp3realm.org/mp3bot/)"
66.147.236.94 - - [28/Feb/2011:02:44:57 +0100] "GET /authors/17/" 200 - - "Mozilla/5.0 (compatible; Mp3Bot/0.7; +http://mp3realm.org/mp3bot/)"
209.131.41.48 - - [28/Feb/2011:03:35:23 +0100] "GET /what-is-acheron-lisp" 200 - - "Mozilla/5.0 (compatible; Yahoo Pipes 2.0; +http://developer.yahoo.com/yql/provider) Gecko/20090729 Firefox/3.5.2"
210.198.152.225 - - [28/Feb/2011:03:49:44 +0100] "GET /using-the-repl" 200 - - "Mozilla/5.0 (Macintosh; U; Intel Mac OS X 10.6; ja-JP-mac; rv:1.9.2.13) Gecko/20101203 Firefox/3.6.13"
216.39.58.18 - - [28/Feb/2011:04:04:54 +0100] "GET /what-is-acheron-lisp" 200 - - "Mozilla/5.0 (compatible; Yahoo Pipes 2.0; +http://developer.yahoo.com/yql/provider) Gecko/20090729 Firefox/3.5.2"
216.39.58.18 - - [28/Feb/2011:04:41:27 +0100] "GET /what-is-acheron-lisp" 200 - - "Mozilla/5.0 (compatible; Yahoo Pipes 2.0; +http://developer.yahoo.com/yql/provider) Gecko/20090729 Firefox/3.5.2"
72.14.199.244 - - [28/Feb/2011:05:00:47 +0100] "GET /rss.xml" 304 - - "Feedfetcher-Google; (+http://www.google.com/feedfetcher.html; 1 subscribers; feed-id=11916054194069086820)"
216.39.58.18 - - [28/Feb/2011:05:45:25 +0100] "GET /what-is-acheron-lisp" 200 - - "Mozilla/5.0 (compatible; Yahoo Pipes 2.0; +http://developer.yahoo.com/yql/provider) Gecko/20090729 Firefox/3.5.2"
66.249.72.8 - - [28/Feb/2011:05:45:38 +0100] "GET /2011/02/13" 200 - - "Mozilla/5.0 (compatible; Googlebot/2.1; +http://www.google.com/bot.html)"
216.39.58.17 - - [28/Feb/2011:06:14:20 +0100] "GET /what-is-acheron-lisp" 200 - - "Mozilla/5.0 (compatible; Yahoo Pipes 2.0; +http://developer.yahoo.com/yql/provider) Gecko/20090729 Firefox/3.5.2"
67.195.114.220 - - [28/Feb/2011:06:17:44 +0100] "GET /subscribe.action" 200 - - "Mozilla/5.0 (compatible; Yahoo! Slurp; http://help.yahoo.com/help/us/ysearch/slurp)"
89.149.208.197 - - [28/Feb/2011:06:47:45 +0100] "GET /rss.xml" 304 - - "rss2email/2.65 +http://www.aaronsw.com/2002/rss2email/"
216.39.58.17 - - [28/Feb/2011:06:49:45 +0100] "GET /what-is-acheron-lisp" 200 - - "Mozilla/5.0 (compatible; Yahoo Pipes 2.0; +http://developer.yahoo.com/yql/provider) Gecko/20090729 Firefox/3.5.2"
216.39.58.17 - - [28/Feb/2011:07:50:57 +0100] "GET /what-is-acheron-lisp" 200 - - "Mozilla/5.0 (compatible; Yahoo Pipes 2.0; +http://developer.yahoo.com/yql/provider) Gecko/20090729 Firefox/3.5.2"
66.249.72.8 - - [28/Feb/2011:07:51:38 +0100] "GET /2011/02/28" 200 - - "Mozilla/5.0 (compatible; Googlebot/2.1; +http://www.google.com/bot.html)"
66.249.72.8 - - [28/Feb/2011:08:02:59 +0100] "GET /2011/02/17" 200 - - "Mozilla/5.0 (compatible; Googlebot/2.1; +http://www.google.com/bot.html)"
72.14.199.244 - - [28/Feb/2011:08:07:47 +0100] "GET /rss.xml" 200 - - "Feedfetcher-Google; (+http://www.google.com/feedfetcher.html; 1 subscribers; feed-id=11916054194069086820)"
66.249.72.8 - - [28/Feb/2011:08:11:45 +0100] "GET /2011/02/17" 200 - - "Mozilla/5.0 (compatible; Googlebot/2.1; +http://www.google.com/bot.html)"
216.39.58.78 - - [28/Feb/2011:08:19:10 +0100] "GET /what-is-acheron-lisp" 200 - - "Mozilla/5.0 (compatible; Yahoo Pipes 2.0; +http://developer.yahoo.com/yql/provider) Gecko/20090729 Firefox/3.5.2"
67.164.72.190 - - [28/Feb/2011:08:43:28 +0100] "GET /using-the-repl" 200 - - "Mozilla/5.0 (Macintosh; U; Intel Mac OS X 10_6_6; en-US) AppleWebKit/534.13 (KHTML, like Gecko) Chrome/9.0.597.10 Safari/534.13"
216.39.58.78 - - [28/Feb/2011:08:55:08 +0100] "GET /what-is-acheron-lisp" 200 - - "Mozilla/5.0 (compatible; Yahoo Pipes 2.0; +http://developer.yahoo.com/yql/provider) Gecko/20090729 Firefox/3.5.2"
209.131.41.49 - - [28/Feb/2011:09:58:53 +0100] "GET /what-is-acheron-lisp" 200 - - "Mozilla/5.0 (compatible; Yahoo Pipes 2.0; +http://developer.yahoo.com/yql/provider) Gecko/20090729 Firefox/3.5.2"
216.39.58.18 - - [28/Feb/2011:10:27:42 +0100] "GET /what-is-acheron-lisp" 200 - - "Mozilla/5.0 (compatible; Yahoo Pipes 2.0; +http://developer.yahoo.com/yql/provider) Gecko/20090729 Firefox/3.5.2"
66.249.72.8 - - [28/Feb/2011:10:57:22 +0100] "GET /2011/02/09" 200 - - "Mozilla/5.0 (compatible; Googlebot/2.1; +http://www.google.com/bot.html)"
216.39.58.78 - - [28/Feb/2011:11:04:17 +0100] "GET /what-is-acheron-lisp" 200 - - "Mozilla/5.0 (compatible; Yahoo Pipes 2.0; +http://developer.yahoo.com/yql/provider) Gecko/20090729 Firefox/3.5.2"
72.14.199.244 - - [28/Feb/2011:11:14:37 +0100] "GET /rss.xml" 200 - - "Feedfetcher-Google; (+http://www.google.com/feedfetcher.html; 1 subscribers; feed-id=11916054194069086820)"
216.39.58.17 - - [28/Feb/2011:12:05:38 +0100] "GET /what-is-acheron-lisp" 200 - - "Mozilla/5.0 (compatible; Yahoo Pipes 2.0; +http://developer.yahoo.com/yql/provider) Gecko/20090729 Firefox/3.5.2"
66.249.72.8 - - [28/Feb/2011:12:24:21 +0100] "GET /2011/02/10" 200 - - "Mozilla/5.0 (compatible; Googlebot/2.1; +http://www.google.com/bot.html)"
216.39.58.17 - - [28/Feb/2011:12:34:05 +0100] "GET /what-is-acheron-lisp" 200 - - "Mozilla/5.0 (compatible; Yahoo Pipes 2.0; +http://developer.yahoo.com/yql/provider) Gecko/20090729 Firefox/3.5.2"
216.39.58.78 - - [28/Feb/2011:13:10:14 +0100] "GET /what-is-acheron-lisp" 200 - - "Mozilla/5.0 (compatible; Yahoo Pipes 2.0; +http://developer.yahoo.com/yql/provider) Gecko/20090729 Firefox/3.5.2"
218.213.130.199 - - [28/Feb/2011:13:17:38 +0100] "GET /rss.xml" 200 - - "DoCoMo/2.0 P901i(c100;TB;W24H11) (compatible; ichiro/mobile goo; +http://help.goo.ne.jp/door/crawler.html)"
218.213.130.199 - - [28/Feb/2011:13:24:01 +0100] "GET /" 200 - - "DoCoMo/2.0 P901i(c100;TB;W24H11) (compatible; ichiro/mobile goo; +http://help.goo.ne.jp/door/crawler.html)"
72.14.199.244 - - [28/Feb/2011:14:13:17 +0100] "GET /rss.xml" 304 - - "Feedfetcher-Google; (+http://www.google.com/feedfetcher.html; 1 subscribers; feed-id=11916054194069086820)"
216.39.58.78 - - [28/Feb/2011:14:22:42 +0100] "GET /what-is-acheron-lisp" 200 - - "Mozilla/5.0 (compatible; Yahoo Pipes 2.0; +http://developer.yahoo.com/yql/provider) Gecko/20090729 Firefox/3.5.2"
89.149.208.197 - - [28/Feb/2011:14:46:12 +0100] "GET /rss.xml" 304 - - "rss2email/2.65 +http://www.aaronsw.com/2002/rss2email/"
216.39.58.17 - - [28/Feb/2011:14:56:04 +0100] "GET /what-is-acheron-lisp" 200 - - "Mozilla/5.0 (compatible; Yahoo Pipes 2.0; +http://developer.yahoo.com/yql/provider) Gecko/20090729 Firefox/3.5.2"
216.39.58.78 - - [28/Feb/2011:15:36:56 +0100] "GET /what-is-acheron-lisp" 200 - - "Mozilla/5.0 (compatible; Yahoo Pipes 2.0; +http://developer.yahoo.com/yql/provider) Gecko/20090729 Firefox/3.5.2"
99.157.106.84 - - [28/Feb/2011:15:58:36 +0100] "GET /what-is-acheron-lisp" 200 - "http://news.ycombinator.com/x?fnid=8cbxKZeSkW" "Mozilla/5.0 (X11; U; Linux i686; en-US; rv:1.9.2.13) Gecko/20101206 Ubuntu/10.10 (maverick) Firefox/3.6.13"
66.249.72.46 - - [28/Feb/2011:15:59:03 +0100] "GET /2011/02/18" 200 - - "Mozilla/5.0 (compatible; Googlebot/2.1; +http://www.google.com/bot.html)"
66.249.72.46 - - [28/Feb/2011:16:26:19 +0100] "GET /2011/02/18" 200 - - "Mozilla/5.0 (compatible; Googlebot/2.1; +http://www.google.com/bot.html)"
216.39.58.78 - - [28/Feb/2011:16:48:34 +0100] "GET /what-is-acheron-lisp" 200 - - "Mozilla/5.0 (compatible; Yahoo Pipes 2.0; +http://developer.yahoo.com/yql/provider) Gecko/20090729 Firefox/3.5.2"
66.249.72.8 - - [28/Feb/2011:16:57:33 +0100] "GET /2011/02/25" 200 - - "Mozilla/5.0 (compatible; Googlebot/2.1; +http://www.google.com/bot.html)"
66.249.72.46 - - [28/Feb/2011:17:06:39 +0100] "GET /using-the-repl" 200 - - "Mozilla/5.0 (compatible; Googlebot/2.1; +http://www.google.com/bot.html)"
66.249.72.46 - - [28/Feb/2011:17:07:18 +0100] "GET /using-the-repl" 200 - - "Mozilla/5.0 (compatible; Googlebot/2.1; +http://www.google.com/bot.html)"
72.14.199.244 - - [28/Feb/2011:17:15:17 +0100] "GET /rss.xml" 304 - - "Feedfetcher-Google; (+http://www.google.com/feedfetcher.html; 1 subscribers; feed-id=11916054194069086820)"
216.39.58.18 - - [28/Feb/2011:17:21:35 +0100] "GET /what-is-acheron-lisp" 200 - - "Mozilla/5.0 (compatible; Yahoo Pipes 2.0; +http://developer.yahoo.com/yql/provider) Gecko/20090729 Firefox/3.5.2"
209.131.41.49 - - [28/Feb/2011:18:01:55 +0100] "GET /what-is-acheron-lisp" 200 - - "Mozilla/5.0 (compatible; Yahoo Pipes 2.0; +http://developer.yahoo.com/yql/provider) Gecko/20090729 Firefox/3.5.2"
66.249.72.46 - - [28/Feb/2011:18:35:00 +0100] "GET /" 200 - - "Mozilla/5.0 (compatible; Googlebot/2.1; +http://www.google.com/bot.html)"
209.131.41.49 - - [28/Feb/2011:19:14:19 +0100] "GET /what-is-acheron-lisp" 200 - - "Mozilla/5.0 (compatible; Yahoo Pipes 2.0; +http://developer.yahoo.com/yql/provider) Gecko/20090729 Firefox/3.5.2"
66.249.72.46 - - [28/Feb/2011:19:17:44 +0100] "GET /" 200 - - "Mozilla/5.0 (compatible; Googlebot/2.1; +http://www.google.com/bot.html)"
50.16.45.108 - - [28/Feb/2011:19:40:06 +0100] "GET /what-is-acheron-lisp" 200 - - "PostRank/2.0 (postrank.com; 1 subscribers)"
209.131.41.49 - - [28/Feb/2011:19:47:04 +0100] "GET /what-is-acheron-lisp" 200 - - "Mozilla/5.0 (compatible; Yahoo Pipes 2.0; +http://developer.yahoo.com/yql/provider) Gecko/20090729 Firefox/3.5.2"
72.14.199.244 - - [28/Feb/2011:20:15:07 +0100] "GET /rss.xml" 304 - - "Feedfetcher-Google; (+http://www.google.com/feedfetcher.html; 1 subscribers; feed-id=11916054194069086820)"
209.131.41.48 - - [28/Feb/2011:20:28:08 +0100] "GET /what-is-acheron-lisp" 200 - - "Mozilla/5.0 (compatible; Yahoo Pipes 2.0; +http://developer.yahoo.com/yql/provider) Gecko/20090729 Firefox/3.5.2"
67.195.114.220 - - [28/Feb/2011:20:45:10 +0100] "GET /" 200 - - "Mozilla/5.0 (compatible; Yahoo! Slurp; http://help.yahoo.com/help/us/ysearch/slurp)"
216.39.58.78 - - [28/Feb/2011:21:38:28 +0100] "GET /what-is-acheron-lisp" 200 - - "Mozilla/5.0 (compatible; Yahoo Pipes 2.0; +http://developer.yahoo.com/yql/provider) Gecko/20090729 Firefox/3.5.2"
216.39.58.18 - - [28/Feb/2011:22:10:18 +0100] "GET /what-is-acheron-lisp" 200 - - "Mozilla/5.0 (compatible; Yahoo Pipes 2.0; +http://developer.yahoo.com/yql/provider) Gecko/20090729 Firefox/3.5.2"
216.39.58.78 - - [28/Feb/2011:22:53:07 +0100] "GET /what-is-acheron-lisp" 200 - - "Mozilla/5.0 (compatible; Yahoo Pipes 2.0; +http://developer.yahoo.com/yql/provider) Gecko/20090729 Firefox/3.5.2"
72.14.199.244 - - [28/Feb/2011:23:12:16 +0100] "GET /rss.xml" 200 - - "Feedfetcher-Google; (+http://www.google.com/feedfetcher.html; 1 subscribers; feed-id=11916054194069086820)"
208.77.41.78 - - [28/Feb/2011:23:12:19 +0100] "GET /" 200 - - "Mozilla/5.0 (compatible; MJ12bot/v1.3.3; http://www.majestic12.co.uk/bot.php?+)"
208.77.41.78 - - [28/Feb/2011:23:12:21 +0100] "GET /rss.xml" 200 - - "Mozilla/5.0 (compatible; MJ12bot/v1.3.3; http://www.majestic12.co.uk/bot.php?+)"
94.220.201.9 - - [28/Feb/2011:23:41:05 +0100] "GET /" 200 - - "Opera/9.80 (Windows NT 6.1; U; de) Presto/2.7.62 Version/11.01"
94.220.201.9 - - [28/Feb/2011:23:41:19 +0100] "GET /using-the-repl" 200 - "http://lispnyc.org/blog/acheron" "Opera/9.80 (Windows NT 6.1; U; de) Presto/2.7.62 Version/11.01"
