218.213.130.199 - - [20/Feb/2011:00:48:56 +0100] "GET /" 200 - - "DoCoMo/2.0 P901i(c100;TB;W24H11) (compatible; ichiro/mobile goo; +http://help.goo.ne.jp/door/crawler.html)"
218.213.130.199 - - [20/Feb/2011:01:17:23 +0100] "GET /rss.xml" 200 - - "DoCoMo/2.0 P901i(c100;TB;W24H11) (compatible; ichiro/mobile goo; +http://help.goo.ne.jp/door/crawler.html)"
72.14.199.148 - - [20/Feb/2011:01:39:56 +0100] "GET /rss.xml" 200 - - "Feedfetcher-Google; (+http://www.google.com/feedfetcher.html; 1 subscribers; feed-id=11916054194069086820)"
66.249.72.87 - - [20/Feb/2011:04:33:03 +0100] "GET /2011/02/10" 200 - - "Mozilla/5.0 (compatible; Googlebot/2.1; +http://www.google.com/bot.html)"
66.249.72.43 - - [20/Feb/2011:04:45:45 +0100] "GET /2011/02/17" 200 - - "Mozilla/5.0 (compatible; Googlebot/2.1; +http://www.google.com/bot.html)"
72.14.199.148 - - [20/Feb/2011:04:46:38 +0100] "GET /rss.xml" 304 - - "Feedfetcher-Google; (+http://www.google.com/feedfetcher.html; 1 subscribers; feed-id=11916054194069086820)"
66.249.72.43 - - [20/Feb/2011:04:48:02 +0100] "GET /2011/02/17" 200 - - "Mozilla/5.0 (compatible; Googlebot/2.1; +http://www.google.com/bot.html)"
66.249.72.43 - - [20/Feb/2011:05:36:24 +0100] "GET /2011/02/13" 200 - - "Mozilla/5.0 (compatible; Googlebot/2.1; +http://www.google.com/bot.html)"
66.249.72.87 - - [20/Feb/2011:06:29:08 +0100] "GET /2011/02/20" 200 - - "Mozilla/5.0 (compatible; Googlebot/2.1; +http://www.google.com/bot.html)"
89.149.208.197 - - [20/Feb/2011:06:46:29 +0100] "GET /rss.xml" 304 - - "rss2email/2.65 +http://www.aaronsw.com/2002/rss2email/"
66.249.72.43 - - [20/Feb/2011:06:53:08 +0100] "GET /" 200 - - "Mozilla/5.0 (compatible; Googlebot/2.1; +http://www.google.com/bot.html)"
66.249.72.87 - - [20/Feb/2011:07:02:21 +0100] "GET /2011/02/18" 200 - - "Mozilla/5.0 (compatible; Googlebot/2.1; +http://www.google.com/bot.html)"
72.14.199.148 - - [20/Feb/2011:07:39:11 +0100] "GET /rss.xml" 200 - - "Feedfetcher-Google; (+http://www.google.com/feedfetcher.html; 1 subscribers; feed-id=11916054194069086820)"
66.249.72.87 - - [20/Feb/2011:08:12:45 +0100] "GET /2011/02/18" 200 - - "Mozilla/5.0 (compatible; Googlebot/2.1; +http://www.google.com/bot.html)"
66.249.72.43 - - [20/Feb/2011:08:28:40 +0100] "GET /replyToBlogEntry.action?entry=1296676224366" 200 - - "Mozilla/5.0 (compatible; Googlebot/2.1; +http://www.google.com/bot.html)"
66.249.72.43 - - [20/Feb/2011:09:05:55 +0100] "GET /replyToBlogEntry.action?entry=1296676224366" 200 - - "Mozilla/5.0 (compatible; Googlebot/2.1; +http://www.google.com/bot.html)"
66.249.72.43 - - [20/Feb/2011:10:14:49 +0100] "GET /what-is-acheron-lisp" 200 - - "Mozilla/5.0 (compatible; Googlebot/2.1; +http://www.google.com/bot.html)"
72.14.199.148 - - [20/Feb/2011:10:31:36 +0100] "GET /rss.xml" 200 - - "Feedfetcher-Google; (+http://www.google.com/feedfetcher.html; 1 subscribers; feed-id=11916054194069086820)"
195.42.102.25 - - [20/Feb/2011:10:35:27 +0100] "GET /" 200 - - "Mozilla/5.0 (compatible; Purebot/1.1; +http://www.puritysearch.net/)"
195.42.102.25 - - [20/Feb/2011:10:36:11 +0100] "GET /rss.xml" 200 - - "Mozilla/5.0 (compatible; Purebot/1.1; +http://www.puritysearch.net/)"
195.42.102.25 - - [20/Feb/2011:10:36:27 +0100] "GET /rdf.xml" 200 - - "Mozilla/5.0 (compatible; Purebot/1.1; +http://www.puritysearch.net/)"
195.42.102.25 - - [20/Feb/2011:10:36:30 +0100] "GET /2011/02/02" 200 - - "Mozilla/5.0 (compatible; Purebot/1.1; +http://www.puritysearch.net/)"
195.42.102.25 - - [20/Feb/2011:10:36:47 +0100] "GET /search.action" 200 - - "Mozilla/5.0 (compatible; Purebot/1.1; +http://www.puritysearch.net/)"
195.42.102.25 - - [20/Feb/2011:10:37:07 +0100] "GET /what-is-acheron-lisp" 200 - - "Mozilla/5.0 (compatible; Purebot/1.1; +http://www.puritysearch.net/)"
195.42.102.25 - - [20/Feb/2011:10:38:44 +0100] "GET /responses/rss.xml?entry=1296676224366" 200 - - "Mozilla/5.0 (compatible; Purebot/1.1; +http://www.puritysearch.net/)"
195.42.102.25 - - [20/Feb/2011:10:39:04 +0100] "GET /2011/02/authors/17/" 404 - - "Mozilla/5.0 (compatible; Purebot/1.1; +http://www.puritysearch.net/)"
195.42.102.25 - - [20/Feb/2011:10:39:27 +0100] "GET /subscribe.action" 200 - - "Mozilla/5.0 (compatible; Purebot/1.1; +http://www.puritysearch.net/)"
195.42.102.25 - - [20/Feb/2011:10:40:09 +0100] "GET /replyToBlogEntry.action?entry=1296676224366" 200 - - "Mozilla/5.0 (compatible; Purebot/1.1; +http://www.puritysearch.net/)"
195.42.102.25 - - [20/Feb/2011:10:40:16 +0100] "GET /2011/02/03" 200 - - "Mozilla/5.0 (compatible; Purebot/1.1; +http://www.puritysearch.net/)"
195.42.102.25 - - [20/Feb/2011:10:40:45 +0100] "GET /generateTrackBackLink.action?entry=1296676224366" 200 - - "Mozilla/5.0 (compatible; Purebot/1.1; +http://www.puritysearch.net/)"
66.249.72.43 - - [20/Feb/2011:10:41:21 +0100] "GET /authors/17/" 200 - - "Mozilla/5.0 (compatible; Googlebot/2.1; +http://www.google.com/bot.html)"
195.42.102.25 - - [20/Feb/2011:10:42:50 +0100] "GET /"http://sourceforge.net/projects/acheron/">http://sourceforge.net/projects/acheron/</a></p>" 404 - - "Mozilla/5.0 (compatible; Purebot/1.1; +http://www.puritysearch.net/)"
195.42.102.25 - - [20/Feb/2011:10:43:01 +0100] "GET /2011/02/search.action" 200 - - "Mozilla/5.0 (compatible; Purebot/1.1; +http://www.puritysearch.net/)"
195.42.102.25 - - [20/Feb/2011:10:44:46 +0100] "GET /2011/02/01" 200 - - "Mozilla/5.0 (compatible; Purebot/1.1; +http://www.puritysearch.net/)"
195.42.102.25 - - [20/Feb/2011:10:44:52 +0100] "GET /authors/17/" 200 - - "Mozilla/5.0 (compatible; Purebot/1.1; +http://www.puritysearch.net/)"
66.249.72.43 - - [20/Feb/2011:10:48:00 +0100] "GET /what-is-acheron-lisp" 200 - - "Mozilla/5.0 (compatible; Googlebot/2.1; +http://www.google.com/bot.html)"
195.42.102.25 - - [20/Feb/2011:10:52:55 +0100] "GET /2011/02/20" 200 - - "Mozilla/5.0 (compatible; Purebot/1.1; +http://www.puritysearch.net/)"
195.42.102.25 - - [20/Feb/2011:10:54:59 +0100] "GET /atom.xml" 200 - - "Mozilla/5.0 (compatible; Purebot/1.1; +http://www.puritysearch.net/)"
195.42.102.25 - - [20/Feb/2011:10:55:41 +0100] "GET /2011/02/authors/17/rss.xml" 404 - - "Mozilla/5.0 (compatible; Purebot/1.1; +http://www.puritysearch.net/)"
195.42.102.25 - - [20/Feb/2011:10:56:06 +0100] "GET /2011/02/19" 200 - - "Mozilla/5.0 (compatible; Purebot/1.1; +http://www.puritysearch.net/)"
195.42.102.25 - - [20/Feb/2011:10:56:16 +0100] "GET /2011/02/authors/17/search.action" 200 - - "Mozilla/5.0 (compatible; Purebot/1.1; +http://www.puritysearch.net/)"
195.42.102.25 - - [20/Feb/2011:11:00:28 +0100] "GET /"http://sourceforge.net/projects/acheron/">http://sourceforge.net/projects/acheron/</a></search.action" 200 - - "Mozilla/5.0 (compatible; Purebot/1.1; +http://www.puritysearch.net/)"
195.42.102.25 - - [20/Feb/2011:11:00:55 +0100] "GET /2011/02" 200 - - "Mozilla/5.0 (compatible; Purebot/1.1; +http://www.puritysearch.net/)"
195.42.102.25 - - [20/Feb/2011:11:00:58 +0100] "GET /2011/02/04" 200 - - "Mozilla/5.0 (compatible; Purebot/1.1; +http://www.puritysearch.net/)"
195.42.102.25 - - [20/Feb/2011:11:01:02 +0100] "GET /2011/02/rss.xml" 404 - - "Mozilla/5.0 (compatible; Purebot/1.1; +http://www.puritysearch.net/)"
195.42.102.25 - - [20/Feb/2011:11:03:35 +0100] "GET /2011/02/18" 200 - - "Mozilla/5.0 (compatible; Purebot/1.1; +http://www.puritysearch.net/)"
195.42.102.25 - - [20/Feb/2011:11:05:30 +0100] "GET /authors/17/rss.xml" 200 - - "Mozilla/5.0 (compatible; Purebot/1.1; +http://www.puritysearch.net/)"
195.42.102.25 - - [20/Feb/2011:11:05:54 +0100] "GET /2011/rss.xml" 404 - - "Mozilla/5.0 (compatible; Purebot/1.1; +http://www.puritysearch.net/)"
195.42.102.25 - - [20/Feb/2011:11:06:05 +0100] "GET /authors/17/"http://sourceforge.net/projects/acheron/">http://sourceforge.net/projects/acheron/</a></p>" 404 - - "Mozilla/5.0 (compatible; Purebot/1.1; +http://www.puritysearch.net/)"
195.42.102.25 - - [20/Feb/2011:11:06:05 +0100] "GET /authors/17/"http://sourceforge.net/projects/acheron/">http://sourceforge.net/projects/acheron/</a></p>" 404 - - "Mozilla/5.0 (compatible; Purebot/1.1; +http://www.puritysearch.net/)"
195.42.102.25 - - [20/Feb/2011:11:08:10 +0100] "GET /2011/02/17" 200 - - "Mozilla/5.0 (compatible; Purebot/1.1; +http://www.puritysearch.net/)"
195.42.102.25 - - [20/Feb/2011:11:09:04 +0100] "GET /authors/17/search.action" 404 - - "Mozilla/5.0 (compatible; Purebot/1.1; +http://www.puritysearch.net/)"
195.42.102.25 - - [20/Feb/2011:11:09:04 +0100] "GET /authors/17/search.action" 404 - - "Mozilla/5.0 (compatible; Purebot/1.1; +http://www.puritysearch.net/)"
195.42.102.25 - - [20/Feb/2011:11:09:41 +0100] "GET /authors/17/"http://sourceforge.net/projects/acheron/">http://sourceforge.net/projects/acheron/</a></search.action" 404 - - "Mozilla/5.0 (compatible; Purebot/1.1; +http://www.puritysearch.net/)"
195.42.102.25 - - [20/Feb/2011:11:09:41 +0100] "GET /authors/17/"http://sourceforge.net/projects/acheron/">http://sourceforge.net/projects/acheron/</a></search.action" 404 - - "Mozilla/5.0 (compatible; Purebot/1.1; +http://www.puritysearch.net/)"
195.42.102.25 - - [20/Feb/2011:11:10:02 +0100] "GET /"http://sourceforge.net/projects/acheron/">http://sourceforge.net/projects/acheron/</a></rss.xml" 404 - - "Mozilla/5.0 (compatible; Purebot/1.1; +http://www.puritysearch.net/)"
195.42.102.25 - - [20/Feb/2011:11:10:07 +0100] "GET /2011/02/05" 200 - - "Mozilla/5.0 (compatible; Purebot/1.1; +http://www.puritysearch.net/)"
66.249.72.43 - - [20/Feb/2011:11:45:03 +0100] "GET /search.action" 200 - - "Mozilla/5.0 (compatible; Googlebot/2.1; +http://www.google.com/bot.html)"
72.14.199.148 - - [20/Feb/2011:13:31:36 +0100] "GET /rss.xml" 304 - - "Feedfetcher-Google; (+http://www.google.com/feedfetcher.html; 1 subscribers; feed-id=11916054194069086820)"
92.82.225.80 - - [20/Feb/2011:14:46:46 +0100] "GET /" 200 - - "Java/1.6.0_04"
92.82.225.80 - - [20/Feb/2011:14:46:47 +0100] "GET /replyToBlogEntry.action?entry=1296676224366" 200 - - "Java/1.6.0_04"
92.82.225.80 - - [20/Feb/2011:14:46:49 +0100] "GET /rss.xml" 200 - - "Java/1.6.0_04"
89.149.208.197 - - [20/Feb/2011:15:18:23 +0100] "GET /rss.xml" 304 - - "rss2email/2.65 +http://www.aaronsw.com/2002/rss2email/"
66.249.72.43 - - [20/Feb/2011:15:43:24 +0100] "GET /2011/02/03" 200 - - "Mozilla/5.0 (compatible; Googlebot/2.1; +http://www.google.com/bot.html)"
72.14.199.148 - - [20/Feb/2011:16:35:07 +0100] "GET /rss.xml" 304 - - "Feedfetcher-Google; (+http://www.google.com/feedfetcher.html; 1 subscribers; feed-id=11916054194069086820)"
89.149.208.197 - - [20/Feb/2011:17:59:50 +0100] "GET /rss.xml" 304 - - "rss2email/2.65 +http://www.aaronsw.com/2002/rss2email/"
218.213.130.199 - - [20/Feb/2011:19:29:36 +0100] "GET /rss.xml" 200 - - "ichiro/4.0 (http://help.goo.ne.jp/door/crawler.html)"
72.14.199.148 - - [20/Feb/2011:19:38:55 +0100] "GET /rss.xml" 304 - - "Feedfetcher-Google; (+http://www.google.com/feedfetcher.html; 1 subscribers; feed-id=11916054194069086820)"
218.213.130.199 - - [20/Feb/2011:19:44:55 +0100] "GET /what-is-acheron-lisp" 200 - - "ichiro/4.0 (http://help.goo.ne.jp/door/crawler.html)"
89.149.208.197 - - [20/Feb/2011:20:02:09 +0100] "GET /rss.xml" 304 - - "rss2email/2.65 +http://www.aaronsw.com/2002/rss2email/"
218.213.130.199 - - [20/Feb/2011:20:03:34 +0100] "GET /" 200 - - "ichiro/4.0 (http://help.goo.ne.jp/door/crawler.html)"
218.213.130.199 - - [20/Feb/2011:21:09:57 +0100] "GET /replyToBlogEntry.action?entry=1296676224366" 200 - - "ichiro/4.0 (http://help.goo.ne.jp/door/crawler.html)"
72.14.199.148 - - [20/Feb/2011:22:48:15 +0100] "GET /rss.xml" 304 - - "Feedfetcher-Google; (+http://www.google.com/feedfetcher.html; 1 subscribers; feed-id=11916054194069086820)"
67.195.114.220 - - [20/Feb/2011:22:58:52 +0100] "GET /2011/02" 200 - - "Mozilla/5.0 (compatible; Yahoo! Slurp; http://help.yahoo.com/help/us/ysearch/slurp)"
67.195.114.220 - - [20/Feb/2011:23:12:33 +0100] "GET /2011/02/02" 200 - - "Mozilla/5.0 (compatible; Yahoo! Slurp; http://help.yahoo.com/help/us/ysearch/slurp)"
67.195.114.220 - - [20/Feb/2011:23:25:21 +0100] "GET /rdf.xml" 200 - - "Mozilla/5.0 (compatible; Yahoo! Slurp; http://help.yahoo.com/help/us/ysearch/slurp)"
