66.249.72.43 - - [18/Feb/2011:00:10:26 +0100] "GET /generateTrackBackLink.action?entry=1296676224366" 200 - - "Mozilla/5.0 (compatible; Googlebot/2.1; +http://www.google.com/bot.html)"
66.249.72.43 - - [18/Feb/2011:00:36:31 +0100] "GET /replyToBlogEntry.action?entry=1296676224366" 200 - - "Mozilla/5.0 (compatible; Googlebot/2.1; +http://www.google.com/bot.html)"
66.249.72.43 - - [18/Feb/2011:01:49:21 +0100] "GET /2011/02/18" 200 - - "Mozilla/5.0 (compatible; Googlebot/2.1; +http://www.google.com/bot.html)"
66.249.72.43 - - [18/Feb/2011:02:44:10 +0100] "GET /2011/02/03" 200 - - "Mozilla/5.0 (compatible; Googlebot/2.1; +http://www.google.com/bot.html)"
66.249.72.43 - - [18/Feb/2011:02:44:47 +0100] "GET /2011/02/01" 200 - - "Mozilla/5.0 (compatible; Googlebot/2.1; +http://www.google.com/bot.html)"
66.249.72.43 - - [18/Feb/2011:02:45:36 +0100] "GET /2011/02/16" 200 - - "Mozilla/5.0 (compatible; Googlebot/2.1; +http://www.google.com/bot.html)"
66.249.72.43 - - [18/Feb/2011:02:59:56 +0100] "GET /authors/17/rss.xml" 200 - - "Mozilla/5.0 (compatible; Googlebot/2.1; +http://www.google.com/bot.html)"
66.249.72.43 - - [18/Feb/2011:03:04:12 +0100] "GET /generateTrackBackLink.action?entry=1296676224366" 200 - - "Mozilla/5.0 (compatible; Googlebot/2.1; +http://www.google.com/bot.html)"
72.14.199.148 - - [18/Feb/2011:04:29:12 +0100] "GET /rss.xml" 304 - - "Feedfetcher-Google; (+http://www.google.com/feedfetcher.html; 1 subscribers; feed-id=11916054194069086820)"
89.149.208.197 - - [18/Feb/2011:06:47:15 +0100] "GET /rss.xml" 304 - - "rss2email/2.65 +http://www.aaronsw.com/2002/rss2email/"
72.14.199.148 - - [18/Feb/2011:07:20:51 +0100] "GET /rss.xml" 200 - - "Feedfetcher-Google; (+http://www.google.com/feedfetcher.html; 1 subscribers; feed-id=11916054194069086820)"
72.14.199.148 - - [18/Feb/2011:08:55:58 +0100] "GET /rss.xml" 304 - - "Feedfetcher-Google; (+http://www.google.com/feedfetcher.html; 1 subscribers; feed-id=11916054194069086820)"
72.14.199.148 - - [18/Feb/2011:11:55:48 +0100] "GET /rss.xml" 200 - - "Feedfetcher-Google; (+http://www.google.com/feedfetcher.html; 1 subscribers; feed-id=11916054194069086820)"
89.149.208.197 - - [18/Feb/2011:13:11:10 +0100] "GET /rss.xml" 304 - - "rss2email/2.65 +http://www.aaronsw.com/2002/rss2email/"
72.14.199.148 - - [18/Feb/2011:15:04:17 +0100] "GET /rss.xml" 304 - - "Feedfetcher-Google; (+http://www.google.com/feedfetcher.html; 1 subscribers; feed-id=11916054194069086820)"
67.195.112.43 - - [18/Feb/2011:16:05:57 +0100] "GET /rss.xml" 200 - - "Mozilla/5.0 (compatible; Yahoo! Slurp; http://help.yahoo.com/help/us/ysearch/slurp)"
143.93.249.127 - - [18/Feb/2011:17:12:16 +0100] "GET /" 200 - - "Mozilla/5.0 (X11; U; Linux x86_64; de; rv:1.9.2.13) Gecko/20101206 Ubuntu/10.10 (maverick) Firefox/3.6.13"
66.249.72.43 - - [18/Feb/2011:17:37:02 +0100] "GET /" 200 - - "Mozilla/5.0 (compatible; Googlebot/2.1; +http://www.google.com/bot.html)"
67.195.112.43 - - [18/Feb/2011:17:55:37 +0100] "GET /" 200 - - "Mozilla/5.0 (compatible; Yahoo! Slurp; http://help.yahoo.com/help/us/ysearch/slurp)"
66.249.72.87 - - [18/Feb/2011:18:00:33 +0100] "GET /" 200 - - "Mozilla/5.0 (compatible; Googlebot/2.1; +http://www.google.com/bot.html)"
66.249.72.43 - - [18/Feb/2011:18:08:58 +0100] "GET /2011/02" 200 - - "Mozilla/5.0 (compatible; Googlebot/2.1; +http://www.google.com/bot.html)"
66.249.72.87 - - [18/Feb/2011:18:15:16 +0100] "GET /rss.xml" 200 - - "Mozilla/5.0 (compatible; Googlebot/2.1; +http://www.google.com/bot.html)"
67.195.112.43 - - [18/Feb/2011:18:16:12 +0100] "GET /what-is-acheron-lisp" 200 - - "Mozilla/5.0 (compatible; Yahoo! Slurp; http://help.yahoo.com/help/us/ysearch/slurp)"
67.195.112.43 - - [18/Feb/2011:18:18:13 +0100] "GET /replyToBlogEntry.action?entry=1296676224366" 200 - - "Mozilla/5.0 (compatible; Yahoo! Slurp; http://help.yahoo.com/help/us/ysearch/slurp)"
67.195.112.43 - - [18/Feb/2011:18:36:33 +0100] "GET /responses/rss.xml?entry=1296676224366" 200 - - "Mozilla/5.0 (compatible; Yahoo! Slurp; http://help.yahoo.com/help/us/ysearch/slurp)"
72.14.199.148 - - [18/Feb/2011:18:46:14 +0100] "GET /rss.xml" 304 - - "Feedfetcher-Google; (+http://www.google.com/feedfetcher.html; 1 subscribers; feed-id=11916054194069086820)"
67.195.114.220 - - [18/Feb/2011:18:58:17 +0100] "GET /atom.xml" 200 - - "Mozilla/5.0 (compatible; Yahoo! Slurp; http://help.yahoo.com/help/us/ysearch/slurp)"
66.249.72.43 - - [18/Feb/2011:19:00:44 +0100] "GET /2011/02/01" 200 - - "Mozilla/5.0 (compatible; Googlebot/2.1; +http://www.google.com/bot.html)"
66.249.72.43 - - [18/Feb/2011:19:18:12 +0100] "GET /subscribe.action" 200 - - "Mozilla/5.0 (compatible; Googlebot/2.1; +http://www.google.com/bot.html)"
66.249.72.87 - - [18/Feb/2011:19:20:03 +0100] "GET /what-is-acheron-lisp" 200 - - "Mozilla/5.0 (compatible; Googlebot/2.1; +http://www.google.com/bot.html)"
66.249.72.87 - - [18/Feb/2011:19:28:50 +0100] "GET /atom.xml" 200 - - "Mozilla/5.0 (compatible; Googlebot/2.1; +http://www.google.com/bot.html)"
66.249.72.87 - - [18/Feb/2011:19:32:43 +0100] "GET /search.action" 200 - - "Mozilla/5.0 (compatible; Googlebot/2.1; +http://www.google.com/bot.html)"
66.249.72.87 - - [18/Feb/2011:19:39:03 +0100] "GET /subscribe.action" 200 - - "Mozilla/5.0 (compatible; Googlebot/2.1; +http://www.google.com/bot.html)"
128.186.178.169 - - [18/Feb/2011:19:40:51 +0100] "GET /" 200 - "http://lispnyc.org/blog/heow/programming-power-font" "Mozilla/5.0 (Macintosh; U; Intel Mac OS X 10_6_6; en-us) AppleWebKit/533.19.4 (KHTML, like Gecko) Version/5.0.3 Safari/533.19.4"
66.249.72.43 - - [18/Feb/2011:19:41:15 +0100] "GET /search.action" 200 - - "Mozilla/5.0 (compatible; Googlebot/2.1; +http://www.google.com/bot.html)"
66.249.72.43 - - [18/Feb/2011:19:46:03 +0100] "GET /subscribe.action" 200 - - "Mozilla/5.0 (compatible; Googlebot/2.1; +http://www.google.com/bot.html)"
66.249.72.87 - - [18/Feb/2011:19:46:21 +0100] "GET /2011/02" 200 - - "Mozilla/5.0 (compatible; Googlebot/2.1; +http://www.google.com/bot.html)"
66.249.72.87 - - [18/Feb/2011:19:53:38 +0100] "GET /2011/02/02" 200 - - "Mozilla/5.0 (compatible; Googlebot/2.1; +http://www.google.com/bot.html)"
66.249.72.87 - - [18/Feb/2011:19:54:07 +0100] "GET /2011/02/18" 200 - - "Mozilla/5.0 (compatible; Googlebot/2.1; +http://www.google.com/bot.html)"
66.249.72.87 - - [18/Feb/2011:19:55:35 +0100] "GET /authors/17/" 200 - - "Mozilla/5.0 (compatible; Googlebot/2.1; +http://www.google.com/bot.html)"
66.249.72.87 - - [18/Feb/2011:19:59:57 +0100] "GET /replyToBlogEntry.action?entry=1296676224366" 200 - - "Mozilla/5.0 (compatible; Googlebot/2.1; +http://www.google.com/bot.html)"
66.249.72.87 - - [18/Feb/2011:20:04:20 +0100] "GET /responses/rss.xml?entry=1296676224366" 200 - - "Mozilla/5.0 (compatible; Googlebot/2.1; +http://www.google.com/bot.html)"
66.249.72.87 - - [18/Feb/2011:20:07:20 +0100] "GET /2011/02/18" 200 - - "Mozilla/5.0 (compatible; Googlebot/2.1; +http://www.google.com/bot.html)"
66.249.72.43 - - [18/Feb/2011:20:54:18 +0100] "GET /2011/02/14" 200 - - "Mozilla/5.0 (compatible; Googlebot/2.1; +http://www.google.com/bot.html)"
66.249.72.43 - - [18/Feb/2011:20:55:39 +0100] "GET /2011/02/05" 200 - - "Mozilla/5.0 (compatible; Googlebot/2.1; +http://www.google.com/bot.html)"
66.249.72.87 - - [18/Feb/2011:20:59:01 +0100] "GET /generateTrackBackLink.action?entry=1296676224366" 200 - - "Mozilla/5.0 (compatible; Googlebot/2.1; +http://www.google.com/bot.html)"
67.195.112.43 - - [18/Feb/2011:21:04:55 +0100] "GET /search.action" 200 - - "Mozilla/5.0 (compatible; Yahoo! Slurp; http://help.yahoo.com/help/us/ysearch/slurp)"
67.195.112.43 - - [18/Feb/2011:21:05:59 +0100] "GET /2011/02" 200 - - "Mozilla/5.0 (compatible; Yahoo! Slurp; http://help.yahoo.com/help/us/ysearch/slurp)"
66.249.72.87 - - [18/Feb/2011:21:16:59 +0100] "GET /2011/02/03" 200 - - "Mozilla/5.0 (compatible; Googlebot/2.1; +http://www.google.com/bot.html)"
66.249.72.87 - - [18/Feb/2011:21:17:59 +0100] "GET /2011/02/01" 200 - - "Mozilla/5.0 (compatible; Googlebot/2.1; +http://www.google.com/bot.html)"
66.249.72.87 - - [18/Feb/2011:21:19:00 +0100] "GET /2011/02/17" 200 - - "Mozilla/5.0 (compatible; Googlebot/2.1; +http://www.google.com/bot.html)"
67.195.112.43 - - [18/Feb/2011:21:20:44 +0100] "GET /atom.xml" 200 - - "Mozilla/5.0 (compatible; Yahoo! Slurp; http://help.yahoo.com/help/us/ysearch/slurp)"
66.249.72.87 - - [18/Feb/2011:21:30:08 +0100] "GET /authors/17/rss.xml" 200 - - "Mozilla/5.0 (compatible; Googlebot/2.1; +http://www.google.com/bot.html)"
72.14.199.148 - - [18/Feb/2011:21:45:13 +0100] "GET /rss.xml" 304 - - "Feedfetcher-Google; (+http://www.google.com/feedfetcher.html; 1 subscribers; feed-id=11916054194069086820)"
66.249.72.87 - - [18/Feb/2011:22:58:12 +0100] "GET /2011/02/16" 200 - - "Mozilla/5.0 (compatible; Googlebot/2.1; +http://www.google.com/bot.html)"
66.249.72.87 - - [18/Feb/2011:22:58:57 +0100] "GET /2011/02/04" 200 - - "Mozilla/5.0 (compatible; Googlebot/2.1; +http://www.google.com/bot.html)"
