66.249.72.43 - - [03/Feb/2011:00:59:03 +0100] "GET /replyToBlogEntry.action?entry=1296676224366" 200 - - "Mozilla/5.0 (compatible; Googlebot/2.1; +http://www.google.com/bot.html)"
66.249.72.43 - - [03/Feb/2011:00:59:07 +0100] "GET /authors/17/" 200 - - "Mozilla/5.0 (compatible; Googlebot/2.1; +http://www.google.com/bot.html)"
66.249.72.43 - - [03/Feb/2011:00:59:10 +0100] "GET /responses/rss.xml?entry=1296676224366" 200 - - "Mozilla/5.0 (compatible; Googlebot/2.1; +http://www.google.com/bot.html)"
66.249.72.43 - - [03/Feb/2011:00:59:12 +0100] "GET /2011/02/02" 200 - - "Mozilla/5.0 (compatible; Googlebot/2.1; +http://www.google.com/bot.html)"
66.249.72.43 - - [03/Feb/2011:00:59:14 +0100] "GET /what-is-acheron-lisp" 200 - - "Mozilla/5.0 (compatible; Googlebot/2.1; +http://www.google.com/bot.html)"
72.14.199.148 - - [03/Feb/2011:02:14:45 +0100] "GET /rss.xml" 200 - - "Feedfetcher-Google; (+http://www.google.com/feedfetcher.html; 1 subscribers; feed-id=11916054194069086820)"
66.249.72.43 - - [03/Feb/2011:04:16:37 +0100] "GET /2011/02/03" 200 - - "Mozilla/5.0 (compatible; Googlebot/2.1; +http://www.google.com/bot.html)"
66.249.72.43 - - [03/Feb/2011:04:16:43 +0100] "GET /authors/17/rss.xml" 200 - - "Mozilla/5.0 (compatible; Googlebot/2.1; +http://www.google.com/bot.html)"
66.249.72.43 - - [03/Feb/2011:04:16:48 +0100] "GET /generateTrackBackLink.action?entry=1296676224366" 200 - - "Mozilla/5.0 (compatible; Googlebot/2.1; +http://www.google.com/bot.html)"
67.195.114.224 - - [03/Feb/2011:04:23:03 +0100] "GET /responses/rss.xml?entry=1296676224366" 200 - - "Mozilla/5.0 (compatible; Yahoo! Slurp; http://help.yahoo.com/help/us/ysearch/slurp)"
174.91.46.216 - - [03/Feb/2011:04:24:31 +0100] "GET /what-is-acheron-lisp" 200 - "http://lispnyc.org/blog/" "Mozilla/5.0 (Windows; U; Windows NT 5.1; en-US; rv:1.9.2.13) Gecko/20101203 Firefox/3.6.13"
67.195.114.224 - - [03/Feb/2011:04:24:32 +0100] "GET /what-is-acheron-lisp" 200 - - "Mozilla/5.0 (compatible; Yahoo! Slurp; http://help.yahoo.com/help/us/ysearch/slurp)"
67.195.114.224 - - [03/Feb/2011:04:26:40 +0100] "GET /replyToBlogEntry.action?entry=1296676224366" 200 - - "Mozilla/5.0 (compatible; Yahoo! Slurp; http://help.yahoo.com/help/us/ysearch/slurp)"
68.175.66.95 - - [03/Feb/2011:04:40:15 +0100] "GET /viewPlugins.secureaction" 200 - "http://lispnyc.org/blog/viewBlogs.secureaction" "Mozilla/5.0 (X11; U; Linux x86_64; en-US; rv:1.9.2.13) Gecko/20101206 Ubuntu/10.04 (lucid) Firefox/3.6.13"
68.175.66.95 - - [03/Feb/2011:04:53:46 +0100] "GET /" 200 - "http://lispnyc.org/blog/acheron/viewPlugins.secureaction" "Mozilla/5.0 (X11; U; Linux x86_64; en-US; rv:1.9.2.13) Gecko/20101206 Ubuntu/10.04 (lucid) Firefox/3.6.13"
68.175.66.95 - - [03/Feb/2011:04:53:55 +0100] "GET /" 200 - "http://lispnyc.org/blog/acheron/" "Mozilla/5.0 (X11; U; Linux x86_64; en-US; rv:1.9.2.13) Gecko/20101206 Ubuntu/10.04 (lucid) Firefox/3.6.13"
68.175.66.95 - - [03/Feb/2011:04:54:00 +0100] "GET /" 200 - "http://lispnyc.org/blog/acheron/" "Mozilla/5.0 (X11; U; Linux x86_64; en-US; rv:1.9.2.13) Gecko/20101206 Ubuntu/10.04 (lucid) Firefox/3.6.13"
68.175.66.95 - - [03/Feb/2011:04:54:08 +0100] "GET /" 200 - "http://lispnyc.org/blog/acheron/" "Mozilla/5.0 (X11; U; Linux x86_64; en-US; rv:1.9.2.13) Gecko/20101206 Ubuntu/10.04 (lucid) Firefox/3.6.13"
68.175.66.95 - - [03/Feb/2011:04:54:13 +0100] "GET /changePassword.secureaction" 403 - "http://lispnyc.org/blog/acheron/" "Mozilla/5.0 (X11; U; Linux x86_64; en-US; rv:1.9.2.13) Gecko/20101206 Ubuntu/10.04 (lucid) Firefox/3.6.13"
68.175.66.95 - - [03/Feb/2011:05:02:09 +0100] "GET /" 200 - "http://lispnyc.org/blog/acheron/changePassword.secureaction" "Mozilla/5.0 (X11; U; Linux x86_64; en-US; rv:1.9.2.13) Gecko/20101206 Ubuntu/10.04 (lucid) Firefox/3.6.13"
68.175.66.95 - - [03/Feb/2011:05:02:11 +0100] "GET /" 200 - "http://lispnyc.org/blog/acheron/" "Mozilla/5.0 (X11; U; Linux x86_64; en-US; rv:1.9.2.13) Gecko/20101206 Ubuntu/10.04 (lucid) Firefox/3.6.13"
68.175.66.95 - - [03/Feb/2011:05:15:26 +0100] "GET /what-is-acheron-lisp" 200 - "http://lispnyc.org/blog/" "Mozilla/5.0 (X11; U; Linux x86_64; en-US; rv:1.9.2.13) Gecko/20101206 Ubuntu/10.04 (lucid) Firefox/3.6.13"
68.175.66.95 - - [03/Feb/2011:05:15:33 +0100] "GET /viewBlogProperties.secureaction" 200 - "http://lispnyc.org/blog/acheron/what-is-acheron-lisp" "Mozilla/5.0 (X11; U; Linux x86_64; en-US; rv:1.9.2.13) Gecko/20101206 Ubuntu/10.04 (lucid) Firefox/3.6.13"
68.175.66.95 - - [03/Feb/2011:05:15:54 +0100] "GET /" 200 - "http://lispnyc.org/blog/acheron/viewBlogProperties.secureaction" "Mozilla/5.0 (X11; U; Linux x86_64; en-US; rv:1.9.2.13) Gecko/20101206 Ubuntu/10.04 (lucid) Firefox/3.6.13"
68.175.66.95 - - [03/Feb/2011:05:19:58 +0100] "GET /what-is-acheron-lisp" 200 - "http://lispnyc.org/blog/" "Mozilla/5.0 (X11; U; Linux x86_64; en-US; rv:1.9.2.13) Gecko/20101206 Ubuntu/10.04 (lucid) Firefox/3.6.13"
72.14.199.148 - - [03/Feb/2011:05:21:36 +0100] "GET /rss.xml" 304 - - "Feedfetcher-Google; (+http://www.google.com/feedfetcher.html; 1 subscribers; feed-id=11916054194069086820)"
67.195.114.224 - - [03/Feb/2011:07:05:48 +0100] "GET /" 200 - - "Mozilla/5.0 (compatible; Yahoo! Slurp; http://help.yahoo.com/help/us/ysearch/slurp)"
72.14.199.148 - - [03/Feb/2011:08:14:54 +0100] "GET /rss.xml" 200 - - "Feedfetcher-Google; (+http://www.google.com/feedfetcher.html; 1 subscribers; feed-id=11916054194069086820)"
66.249.72.43 - - [03/Feb/2011:10:47:46 +0100] "GET /2011/02/02" 200 - - "Mozilla/5.0 (compatible; Googlebot/2.1; +http://www.google.com/bot.html)"
72.14.199.148 - - [03/Feb/2011:11:08:14 +0100] "GET /rss.xml" 304 - - "Feedfetcher-Google; (+http://www.google.com/feedfetcher.html; 1 subscribers; feed-id=11916054194069086820)"
66.249.72.43 - - [03/Feb/2011:11:54:42 +0100] "GET /generateTrackBackLink.action?entry=1296676224366" 200 - - "Mozilla/5.0 (compatible; Googlebot/2.1; +http://www.google.com/bot.html)"
66.249.72.43 - - [03/Feb/2011:11:54:43 +0100] "GET /authors/17/rss.xml" 200 - - "Mozilla/5.0 (compatible; Googlebot/2.1; +http://www.google.com/bot.html)"
66.249.72.43 - - [03/Feb/2011:11:54:45 +0100] "GET /2011/02/03" 200 - - "Mozilla/5.0 (compatible; Googlebot/2.1; +http://www.google.com/bot.html)"
72.14.199.148 - - [03/Feb/2011:14:00:44 +0100] "GET /rss.xml" 304 - - "Feedfetcher-Google; (+http://www.google.com/feedfetcher.html; 1 subscribers; feed-id=11916054194069086820)"
58.93.34.139 - - [03/Feb/2011:15:05:54 +0100] "GET /" 200 - "http://lispnyc.org/blog/" "Mozilla/5.0 (X11; U; Linux i686; en-US; rv:1.9.2.13) Gecko/20101230 Firefox/3.6.13"
58.93.34.139 - - [03/Feb/2011:15:06:14 +0100] "GET /authors/17/" 200 - "http://lispnyc.org/blog/acheron/" "Mozilla/5.0 (X11; U; Linux i686; en-US; rv:1.9.2.13) Gecko/20101230 Firefox/3.6.13"
58.93.34.139 - - [03/Feb/2011:15:07:18 +0100] "GET /" 200 - "http://lispnyc.org/blog/" "Mozilla/5.0 (X11; U; Linux i686; en-US; rv:1.9.2.13) Gecko/20101230 Firefox/3.6.13"
58.93.34.139 - - [03/Feb/2011:15:14:31 +0100] "GET /" 200 - "http://lispnyc.org/blog/" "Mozilla/5.0 (X11; U; Linux i686; en-US; rv:1.9.2.13) Gecko/20101230 Firefox/3.6.13"
68.175.66.95 - - [03/Feb/2011:15:39:45 +0100] "GET /viewBlogProperties.secureaction" 200 - "http://lispnyc.org/blog/viewBlogs.secureaction" "Mozilla/5.0 (X11; U; Linux x86_64; en-US; rv:1.9.2.13) Gecko/20101206 Ubuntu/10.04 (lucid) Firefox/3.6.13"
68.175.66.95 - - [03/Feb/2011:15:40:02 +0100] "GET /viewBlogProperties.secureaction" 200 - "http://lispnyc.org/blog/acheron/viewBlogProperties.secureaction" "Mozilla/5.0 (X11; U; Linux x86_64; en-US; rv:1.9.2.13) Gecko/20101206 Ubuntu/10.04 (lucid) Firefox/3.6.13"
68.175.66.95 - - [03/Feb/2011:15:40:07 +0100] "GET /viewBlogProperties.secureaction" 200 - "http://lispnyc.org/blog/acheron/viewBlogProperties.secureaction" "Mozilla/5.0 (X11; U; Linux x86_64; en-US; rv:1.9.2.13) Gecko/20101206 Ubuntu/10.04 (lucid) Firefox/3.6.13"
68.175.66.95 - - [03/Feb/2011:15:43:43 +0100] "GET /" 200 - "http://lispnyc.org/blog/" "Mozilla/5.0 (X11; U; Linux x86_64; en-US; rv:1.9.2.13) Gecko/20101206 Ubuntu/10.04 (lucid) Firefox/3.6.13"
68.175.66.95 - - [03/Feb/2011:16:08:59 +0100] "GET /" 200 - "http://lispnyc.org/blog/euske/viewBlogSecurity.secureaction" "Mozilla/5.0 (X11; U; Linux x86_64; en-US; rv:1.9.2.13) Gecko/20101206 Ubuntu/10.04 (lucid) Firefox/3.6.13"
68.175.66.95 - - [03/Feb/2011:16:09:04 +0100] "GET /viewBlogSecurity.secureaction" 200 - "http://lispnyc.org/blog/acheron/" "Mozilla/5.0 (X11; U; Linux x86_64; en-US; rv:1.9.2.13) Gecko/20101206 Ubuntu/10.04 (lucid) Firefox/3.6.13"
72.14.199.148 - - [03/Feb/2011:16:54:34 +0100] "GET /rss.xml" 200 - - "Feedfetcher-Google; (+http://www.google.com/feedfetcher.html; 1 subscribers; feed-id=11916054194069086820)"
91.12.64.79 - - [03/Feb/2011:18:43:46 +0100] "GET /" 200 - "http://www.lispnyc.org/blog/" "Mozilla/5.0 (Macintosh; Intel Mac OS X 10.6; rv:2.0b10) Gecko/20100101 Firefox/4.0b10"
91.12.64.79 - - [03/Feb/2011:18:44:30 +0100] "GET /" 200 - "http://lispnyc.org/blog/" "Mozilla/5.0 (Macintosh; Intel Mac OS X 10.6; rv:2.0b10) Gecko/20100101 Firefox/4.0b10"
91.12.64.79 - - [03/Feb/2011:18:44:40 +0100] "GET /viewMessages.secureaction" 200 - "http://lispnyc.org/blog/acheron/" "Mozilla/5.0 (Macintosh; Intel Mac OS X 10.6; rv:2.0b10) Gecko/20100101 Firefox/4.0b10"
91.12.64.79 - - [03/Feb/2011:18:44:46 +0100] "GET /" 200 - "http://lispnyc.org/blog/acheron/viewMessages.secureaction" "Mozilla/5.0 (Macintosh; Intel Mac OS X 10.6; rv:2.0b10) Gecko/20100101 Firefox/4.0b10"
72.14.199.148 - - [03/Feb/2011:19:52:53 +0100] "GET /rss.xml" 304 - - "Feedfetcher-Google; (+http://www.google.com/feedfetcher.html; 1 subscribers; feed-id=11916054194069086820)"
72.14.199.148 - - [03/Feb/2011:22:48:23 +0100] "GET /rss.xml" 200 - - "Feedfetcher-Google; (+http://www.google.com/feedfetcher.html; 1 subscribers; feed-id=11916054194069086820)"
