72.14.199.148 - - [13/Feb/2011:00:22:10 +0100] "GET /rss.xml" 304 - - "Feedfetcher-Google; (+http://www.google.com/feedfetcher.html; 1 subscribers; feed-id=11916054194069086820)"
72.14.199.148 - - [13/Feb/2011:03:30:30 +0100] "GET /rss.xml" 304 - - "Feedfetcher-Google; (+http://www.google.com/feedfetcher.html; 1 subscribers; feed-id=11916054194069086820)"
72.14.199.148 - - [13/Feb/2011:06:40:20 +0100] "GET /rss.xml" 200 - - "Feedfetcher-Google; (+http://www.google.com/feedfetcher.html; 1 subscribers; feed-id=11916054194069086820)"
89.149.208.197 - - [13/Feb/2011:06:46:32 +0100] "GET /rss.xml" 304 - - "rss2email/2.65 +http://www.aaronsw.com/2002/rss2email/"
72.14.199.148 - - [13/Feb/2011:09:35:10 +0100] "GET /rss.xml" 304 - - "Feedfetcher-Google; (+http://www.google.com/feedfetcher.html; 1 subscribers; feed-id=11916054194069086820)"
67.195.114.220 - - [13/Feb/2011:10:41:44 +0100] "GET /2011/02" 200 - - "Mozilla/5.0 (compatible; Yahoo! Slurp; http://help.yahoo.com/help/us/ysearch/slurp)"
72.14.199.148 - - [13/Feb/2011:12:37:59 +0100] "GET /rss.xml" 304 - - "Feedfetcher-Google; (+http://www.google.com/feedfetcher.html; 1 subscribers; feed-id=11916054194069086820)"
67.195.114.220 - - [13/Feb/2011:13:02:24 +0100] "GET /rdf.xml" 200 - - "Mozilla/5.0 (compatible; Yahoo! Slurp; http://help.yahoo.com/help/us/ysearch/slurp)"
72.14.199.148 - - [13/Feb/2011:15:47:49 +0100] "GET /rss.xml" 304 - - "Feedfetcher-Google; (+http://www.google.com/feedfetcher.html; 1 subscribers; feed-id=11916054194069086820)"
95.129.49.108 - - [13/Feb/2011:17:36:41 +0100] "GET /authors/17/" 200 - "http://www.google.de/search?hl=de&safe=off&q=Michael+Bohn+lisp&aq=f&aqi=&aql=&oq=" "Mozilla/5.0 (Macintosh; U; Intel Mac OS X 10_6_4; en-US) AppleWebKit/534.13 (KHTML, like Gecko) Chrome/9.0.597.102 Safari/534.13"
166.137.137.138 - - [13/Feb/2011:18:08:49 +0100] "GET /" 200 - "http://lispnyc.org:80/blog/mjp/" "Mozilla/5.0 (iPhone; U; CPU iPhone OS 4_2_1 like Mac OS X; en-us) AppleWebKit/533.17.9 (KHTML, like Gecko) Version/5.0.2 Mobile/8C148 Safari/6533.18.5"
89.149.208.197 - - [13/Feb/2011:18:35:35 +0100] "GET /rss.xml" 304 - - "rss2email/2.65 +http://www.aaronsw.com/2002/rss2email/"
72.14.199.148 - - [13/Feb/2011:18:42:29 +0100] "GET /rss.xml" 304 - - "Feedfetcher-Google; (+http://www.google.com/feedfetcher.html; 1 subscribers; feed-id=11916054194069086820)"
166.137.137.233 - - [13/Feb/2011:19:05:09 +0100] "GET /" 200 - "http://lispnyc.org:80/blog/euske/secret-alien-technology-ftw" "Mozilla/5.0 (iPad; U; CPU OS 4_2_1 like Mac OS X; en-us) AppleWebKit/533.17.9 (KHTML, like Gecko) Version/5.0.2 Mobile/8C148 Safari/6533.18.5"
67.195.114.220 - - [13/Feb/2011:19:05:33 +0100] "GET /2011/02/02" 200 - - "Mozilla/5.0 (compatible; Yahoo! Slurp; http://help.yahoo.com/help/us/ysearch/slurp)"
173.45.107.170 - - [13/Feb/2011:19:05:48 +0100] "GET /" 200 - - "Java/1.6.0_23"
173.45.107.170 - - [13/Feb/2011:19:05:48 +0100] "GET /replyToBlogEntry.action?entry=1296676224366" 200 - - "Java/1.6.0_23"
166.137.137.233 - - [13/Feb/2011:19:06:33 +0100] "GET /" 200 - "http://lispnyc.org:80/blog/euske/secret-alien-technology-ftw" "Mozilla/5.0 (iPad; U; CPU OS 4_2_1 like Mac OS X; en-us) AppleWebKit/533.17.9 (KHTML, like Gecko) Version/5.0.2 Mobile/8C148 Safari/6533.18.5"
67.195.114.220 - - [13/Feb/2011:19:30:14 +0100] "GET /" 200 - - "Mozilla/5.0 (compatible; Yahoo! Slurp; http://help.yahoo.com/help/us/ysearch/slurp)"
67.195.114.220 - - [13/Feb/2011:19:35:46 +0100] "GET /rss.xml" 200 - - "Mozilla/5.0 (compatible; Yahoo! Slurp; http://help.yahoo.com/help/us/ysearch/slurp)"
193.198.207.8 - - [13/Feb/2011:19:59:19 +0100] "GET /" 200 - "http://lispnyc.org/blog/ericlavigne/a-tour-of-the-clojure-landscape" "Mozilla/5.0 (X11; U; Linux i686; en; rv:1.9.2.13) Gecko/20101203 SUSE/3.6.13-0.2.1 Firefox/3.6.13"
95.143.193.145 - - [13/Feb/2011:20:01:54 +0100] "GET /" 200 - "http://lispnyc.org/blog/acheron/" "Mozilla/5.0 (X11; U; Linux i686; en; rv:1.9.2.13) Gecko/20101203 SUSE/3.6.13-0.2.1 Firefox/3.6.13"
67.195.114.220 - - [13/Feb/2011:20:12:23 +0100] "GET /what-is-acheron-lisp" 200 - - "Mozilla/5.0 (compatible; Yahoo! Slurp; http://help.yahoo.com/help/us/ysearch/slurp)"
75.204.167.114 - - [13/Feb/2011:20:58:32 +0100] "GET /" 200 - "http://lispnyc.org/blog/cfield/expected-blog-contents" "Mozilla/5.0 (Windows; U; Windows NT 6.0; en-US; rv:1.9.2.13) Gecko/20101203 Firefox/3.5.3 NET_mmhpset ( .NET CLR 3.5.30729; .NET4.0E)"
75.204.167.114 - - [13/Feb/2011:20:59:44 +0100] "GET /" 200 - "http://lispnyc.org/blog/cfield/expected-blog-contents" "Mozilla/5.0 (Windows; U; Windows NT 6.0; en-US; rv:1.9.2.13) Gecko/20101203 Firefox/3.5.3 NET_mmhpset ( .NET CLR 3.5.30729; .NET4.0E)"
72.14.199.148 - - [13/Feb/2011:21:39:09 +0100] "GET /rss.xml" 200 - - "Feedfetcher-Google; (+http://www.google.com/feedfetcher.html; 1 subscribers; feed-id=11916054194069086820)"
67.195.114.220 - - [13/Feb/2011:22:01:11 +0100] "GET /search.action" 200 - - "Mozilla/5.0 (compatible; Yahoo! Slurp; http://help.yahoo.com/help/us/ysearch/slurp)"
66.249.72.43 - - [13/Feb/2011:22:31:03 +0100] "GET /what-is-acheron-lisp" 200 - - "Mozilla/5.0 (compatible; Googlebot/2.1; +http://www.google.com/bot.html)"
66.249.72.43 - - [13/Feb/2011:22:48:06 +0100] "GET /replyToBlogEntry.action?entry=1296676224366" 200 - - "Mozilla/5.0 (compatible; Googlebot/2.1; +http://www.google.com/bot.html)"
66.249.72.43 - - [13/Feb/2011:23:05:08 +0100] "GET /2011/02" 200 - - "Mozilla/5.0 (compatible; Googlebot/2.1; +http://www.google.com/bot.html)"
66.249.72.43 - - [13/Feb/2011:23:22:19 +0100] "GET /subscribe.action" 200 - - "Mozilla/5.0 (compatible; Googlebot/2.1; +http://www.google.com/bot.html)"
66.249.72.43 - - [13/Feb/2011:23:39:10 +0100] "GET /search.action" 200 - - "Mozilla/5.0 (compatible; Googlebot/2.1; +http://www.google.com/bot.html)"
66.249.72.43 - - [13/Feb/2011:23:56:19 +0100] "GET /2011/02/01" 200 - - "Mozilla/5.0 (compatible; Googlebot/2.1; +http://www.google.com/bot.html)"
