216.39.58.78 - - [01/Mar/2011:00:00:47 +0100] "GET /what-is-acheron-lisp" 200 - - "Mozilla/5.0 (compatible; Yahoo Pipes 2.0; +http://developer.yahoo.com/yql/provider) Gecko/20090729 Firefox/3.5.2"
67.195.114.220 - - [01/Mar/2011:00:15:17 +0100] "GET /2011/02/28" 200 - - "Mozilla/5.0 (compatible; Yahoo! Slurp; http://help.yahoo.com/help/us/ysearch/slurp)"
209.131.41.48 - - [01/Mar/2011:00:32:16 +0100] "GET /what-is-acheron-lisp" 200 - - "Mozilla/5.0 (compatible; Yahoo Pipes 2.0; +http://developer.yahoo.com/yql/provider) Gecko/20090729 Firefox/3.5.2"
216.39.58.18 - - [01/Mar/2011:01:12:14 +0100] "GET /what-is-acheron-lisp" 200 - - "Mozilla/5.0 (compatible; Yahoo Pipes 2.0; +http://developer.yahoo.com/yql/provider) Gecko/20090729 Firefox/3.5.2"
166.137.137.206 - - [01/Mar/2011:01:56:23 +0100] "GET /using-the-repl" 200 - - "Mozilla/5.0 (iPhone; U; CPU iPhone OS 4_2_1 like Mac OS X; en-us) AppleWebKit/533.17.9 (KHTML, like Gecko) Version/5.0.2 Mobile/8C148a Safari/6533.18.5"
72.14.199.244 - - [01/Mar/2011:02:07:16 +0100] "GET /rss.xml" 200 - - "Feedfetcher-Google; (+http://www.google.com/feedfetcher.html; 1 subscribers; feed-id=11916054194069086820)"
218.213.130.199 - - [01/Mar/2011:02:14:52 +0100] "GET /what-is-acheron-lisp" 200 - - "ichiro/4.0 (http://help.goo.ne.jp/door/crawler.html)"
209.131.41.48 - - [01/Mar/2011:02:20:06 +0100] "GET /what-is-acheron-lisp" 200 - - "Mozilla/5.0 (compatible; Yahoo Pipes 2.0; +http://developer.yahoo.com/yql/provider) Gecko/20090729 Firefox/3.5.2"
218.213.130.199 - - [01/Mar/2011:02:24:05 +0100] "GET /authors/17/" 200 - - "DoCoMo/2.0 P901i(c100;TB;W24H11) (compatible; ichiro/mobile goo; +http://help.goo.ne.jp/door/crawler.html)"
66.249.72.8 - - [01/Mar/2011:02:30:22 +0100] "GET /2011/02/24" 200 - - "Mozilla/5.0 (compatible; Googlebot/2.1; +http://www.google.com/bot.html)"
209.131.41.49 - - [01/Mar/2011:02:52:04 +0100] "GET /what-is-acheron-lisp" 200 - - "Mozilla/5.0 (compatible; Yahoo Pipes 2.0; +http://developer.yahoo.com/yql/provider) Gecko/20090729 Firefox/3.5.2"
66.249.72.8 - - [01/Mar/2011:02:53:27 +0100] "GET /2011/02/27" 200 - - "Mozilla/5.0 (compatible; Googlebot/2.1; +http://www.google.com/bot.html)"
216.39.58.17 - - [01/Mar/2011:03:32:18 +0100] "GET /what-is-acheron-lisp" 200 - - "Mozilla/5.0 (compatible; Yahoo Pipes 2.0; +http://developer.yahoo.com/yql/provider) Gecko/20090729 Firefox/3.5.2"
66.249.72.8 - - [01/Mar/2011:04:18:50 +0100] "GET /2011/03/01" 200 - - "Mozilla/5.0 (compatible; Googlebot/2.1; +http://www.google.com/bot.html)"
66.249.72.8 - - [01/Mar/2011:04:18:51 +0100] "GET /2011/03" 200 - - "Mozilla/5.0 (compatible; Googlebot/2.1; +http://www.google.com/bot.html)"
216.39.58.17 - - [01/Mar/2011:04:40:34 +0100] "GET /what-is-acheron-lisp" 200 - - "Mozilla/5.0 (compatible; Yahoo Pipes 2.0; +http://developer.yahoo.com/yql/provider) Gecko/20090729 Firefox/3.5.2"
216.39.58.78 - - [01/Mar/2011:05:11:31 +0100] "GET /what-is-acheron-lisp" 200 - - "Mozilla/5.0 (compatible; Yahoo Pipes 2.0; +http://developer.yahoo.com/yql/provider) Gecko/20090729 Firefox/3.5.2"
72.14.199.244 - - [01/Mar/2011:05:13:26 +0100] "GET /rss.xml" 304 - - "Feedfetcher-Google; (+http://www.google.com/feedfetcher.html; 1 subscribers; feed-id=11916054194069086820)"
216.39.58.17 - - [01/Mar/2011:05:49:43 +0100] "GET /what-is-acheron-lisp" 200 - - "Mozilla/5.0 (compatible; Yahoo Pipes 2.0; +http://developer.yahoo.com/yql/provider) Gecko/20090729 Firefox/3.5.2"
66.249.72.8 - - [01/Mar/2011:06:12:31 +0100] "GET /2011/03/01" 200 - - "Mozilla/5.0 (compatible; Googlebot/2.1; +http://www.google.com/bot.html)"
89.149.208.197 - - [01/Mar/2011:06:46:05 +0100] "GET /rss.xml" 304 - - "rss2email/2.65 +http://www.aaronsw.com/2002/rss2email/"
216.39.58.78 - - [01/Mar/2011:06:55:06 +0100] "GET /what-is-acheron-lisp" 200 - - "Mozilla/5.0 (compatible; Yahoo Pipes 2.0; +http://developer.yahoo.com/yql/provider) Gecko/20090729 Firefox/3.5.2"
216.39.58.78 - - [01/Mar/2011:07:23:44 +0100] "GET /what-is-acheron-lisp" 200 - - "Mozilla/5.0 (compatible; Yahoo Pipes 2.0; +http://developer.yahoo.com/yql/provider) Gecko/20090729 Firefox/3.5.2"
216.39.58.78 - - [01/Mar/2011:07:58:42 +0100] "GET /what-is-acheron-lisp" 200 - - "Mozilla/5.0 (compatible; Yahoo Pipes 2.0; +http://developer.yahoo.com/yql/provider) Gecko/20090729 Firefox/3.5.2"
72.14.199.244 - - [01/Mar/2011:08:12:26 +0100] "GET /rss.xml" 200 - - "Feedfetcher-Google; (+http://www.google.com/feedfetcher.html; 1 subscribers; feed-id=11916054194069086820)"
216.39.58.78 - - [01/Mar/2011:09:04:39 +0100] "GET /what-is-acheron-lisp" 200 - - "Mozilla/5.0 (compatible; Yahoo Pipes 2.0; +http://developer.yahoo.com/yql/provider) Gecko/20090729 Firefox/3.5.2"
209.131.41.49 - - [01/Mar/2011:09:36:03 +0100] "GET /what-is-acheron-lisp" 200 - - "Mozilla/5.0 (compatible; Yahoo Pipes 2.0; +http://developer.yahoo.com/yql/provider) Gecko/20090729 Firefox/3.5.2"
66.249.72.46 - - [01/Mar/2011:09:45:05 +0100] "GET /replyToBlogEntry.action?entry=1296676224366" 200 - - "Mozilla/5.0 (compatible; Googlebot/2.1; +http://www.google.com/bot.html)"
66.249.72.46 - - [01/Mar/2011:09:56:21 +0100] "GET /what-is-acheron-lisp" 200 - - "Mozilla/5.0 (compatible; Googlebot/2.1; +http://www.google.com/bot.html)"
216.39.58.17 - - [01/Mar/2011:10:14:00 +0100] "GET /what-is-acheron-lisp" 200 - - "Mozilla/5.0 (compatible; Yahoo Pipes 2.0; +http://developer.yahoo.com/yql/provider) Gecko/20090729 Firefox/3.5.2"
66.249.72.46 - - [01/Mar/2011:10:18:55 +0100] "GET /authors/17/" 200 - - "Mozilla/5.0 (compatible; Googlebot/2.1; +http://www.google.com/bot.html)"
66.249.72.46 - - [01/Mar/2011:10:41:23 +0100] "GET /2011/02/21" 200 - - "Mozilla/5.0 (compatible; Googlebot/2.1; +http://www.google.com/bot.html)"
66.249.72.46 - - [01/Mar/2011:11:03:55 +0100] "GET /generateTrackBackLink.action?entry=1298323140000" 200 - - "Mozilla/5.0 (compatible; Googlebot/2.1; +http://www.google.com/bot.html)"
72.14.199.244 - - [01/Mar/2011:11:09:56 +0100] "GET /rss.xml" 304 - - "Feedfetcher-Google; (+http://www.google.com/feedfetcher.html; 1 subscribers; feed-id=11916054194069086820)"
216.39.58.18 - - [01/Mar/2011:11:23:49 +0100] "GET /what-is-acheron-lisp" 200 - - "Mozilla/5.0 (compatible; Yahoo Pipes 2.0; +http://developer.yahoo.com/yql/provider) Gecko/20090729 Firefox/3.5.2"
66.249.72.46 - - [01/Mar/2011:11:37:42 +0100] "GET /search.action" 200 - - "Mozilla/5.0 (compatible; Googlebot/2.1; +http://www.google.com/bot.html)"
66.249.72.46 - - [01/Mar/2011:11:48:57 +0100] "GET /subscribe.action" 200 - - "Mozilla/5.0 (compatible; Googlebot/2.1; +http://www.google.com/bot.html)"
216.39.58.17 - - [01/Mar/2011:11:56:42 +0100] "GET /what-is-acheron-lisp" 200 - - "Mozilla/5.0 (compatible; Yahoo Pipes 2.0; +http://developer.yahoo.com/yql/provider) Gecko/20090729 Firefox/3.5.2"
66.249.72.46 - - [01/Mar/2011:12:11:28 +0100] "GET /2011/02/02" 200 - - "Mozilla/5.0 (compatible; Googlebot/2.1; +http://www.google.com/bot.html)"
66.249.72.46 - - [01/Mar/2011:12:19:06 +0100] "GET /2011/02" 200 - - "Mozilla/5.0 (compatible; Googlebot/2.1; +http://www.google.com/bot.html)"
216.39.58.78 - - [01/Mar/2011:12:34:54 +0100] "GET /what-is-acheron-lisp" 200 - - "Mozilla/5.0 (compatible; Yahoo Pipes 2.0; +http://developer.yahoo.com/yql/provider) Gecko/20090729 Firefox/3.5.2"
66.249.72.46 - - [01/Mar/2011:13:19:03 +0100] "GET /2011/02/20" 200 - - "Mozilla/5.0 (compatible; Googlebot/2.1; +http://www.google.com/bot.html)"
216.39.58.78 - - [01/Mar/2011:13:44:52 +0100] "GET /what-is-acheron-lisp" 200 - - "Mozilla/5.0 (compatible; Yahoo Pipes 2.0; +http://developer.yahoo.com/yql/provider) Gecko/20090729 Firefox/3.5.2"
72.14.199.244 - - [01/Mar/2011:14:03:36 +0100] "GET /rss.xml" 304 - - "Feedfetcher-Google; (+http://www.google.com/feedfetcher.html; 1 subscribers; feed-id=11916054194069086820)"
216.39.58.78 - - [01/Mar/2011:14:17:22 +0100] "GET /what-is-acheron-lisp" 200 - - "Mozilla/5.0 (compatible; Yahoo Pipes 2.0; +http://developer.yahoo.com/yql/provider) Gecko/20090729 Firefox/3.5.2"
216.39.58.18 - - [01/Mar/2011:14:57:02 +0100] "GET /what-is-acheron-lisp" 200 - - "Mozilla/5.0 (compatible; Yahoo Pipes 2.0; +http://developer.yahoo.com/yql/provider) Gecko/20090729 Firefox/3.5.2"
84.168.176.101 - - [01/Mar/2011:15:02:50 +0100] "GET /using-the-repl" 200 - - "Mozilla/5.0 (compatible; MJ12bot/v1.3.3; http://www.majestic12.co.uk/bot.php?+)"
84.168.176.101 - - [01/Mar/2011:15:02:55 +0100] "GET /using-the-repl" 200 - - "Mozilla/5.0 (compatible; MJ12bot/v1.3.3; http://www.majestic12.co.uk/bot.php?+)"
216.39.58.78 - - [01/Mar/2011:16:12:38 +0100] "GET /what-is-acheron-lisp" 200 - - "Mozilla/5.0 (compatible; Yahoo Pipes 2.0; +http://developer.yahoo.com/yql/provider) Gecko/20090729 Firefox/3.5.2"
216.39.58.18 - - [01/Mar/2011:16:48:19 +0100] "GET /what-is-acheron-lisp" 200 - - "Mozilla/5.0 (compatible; Yahoo Pipes 2.0; +http://developer.yahoo.com/yql/provider) Gecko/20090729 Firefox/3.5.2"
72.14.199.244 - - [01/Mar/2011:17:03:05 +0100] "GET /rss.xml" 200 - - "Feedfetcher-Google; (+http://www.google.com/feedfetcher.html; 1 subscribers; feed-id=11916054194069086820)"
216.39.58.18 - - [01/Mar/2011:17:32:31 +0100] "GET /what-is-acheron-lisp" 200 - - "Mozilla/5.0 (compatible; Yahoo Pipes 2.0; +http://developer.yahoo.com/yql/provider) Gecko/20090729 Firefox/3.5.2"
66.249.72.8 - - [01/Mar/2011:17:49:18 +0100] "GET /2011/02/23" 200 - - "Mozilla/5.0 (compatible; Googlebot/2.1; +http://www.google.com/bot.html)"
216.39.58.18 - - [01/Mar/2011:18:48:56 +0100] "GET /what-is-acheron-lisp" 200 - - "Mozilla/5.0 (compatible; Yahoo Pipes 2.0; +http://developer.yahoo.com/yql/provider) Gecko/20090729 Firefox/3.5.2"
216.39.58.17 - - [01/Mar/2011:19:23:26 +0100] "GET /what-is-acheron-lisp" 200 - - "Mozilla/5.0 (compatible; Yahoo Pipes 2.0; +http://developer.yahoo.com/yql/provider) Gecko/20090729 Firefox/3.5.2"
72.14.199.244 - - [01/Mar/2011:20:04:25 +0100] "GET /rss.xml" 304 - - "Feedfetcher-Google; (+http://www.google.com/feedfetcher.html; 1 subscribers; feed-id=11916054194069086820)"
216.39.58.17 - - [01/Mar/2011:20:07:15 +0100] "GET /what-is-acheron-lisp" 200 - - "Mozilla/5.0 (compatible; Yahoo Pipes 2.0; +http://developer.yahoo.com/yql/provider) Gecko/20090729 Firefox/3.5.2"
67.195.114.220 - - [01/Mar/2011:20:45:43 +0100] "GET /" 200 - - "Mozilla/5.0 (compatible; Yahoo! Slurp; http://help.yahoo.com/help/us/ysearch/slurp)"
66.249.72.8 - - [01/Mar/2011:20:46:56 +0100] "GET /replyToBlogEntry.action?entry=1298323140000&comment=1298414860886" 200 - - "Mozilla/5.0 (compatible; Googlebot/2.1; +http://www.google.com/bot.html)"
67.195.114.220 - - [01/Mar/2011:20:47:06 +0100] "GET /2011/03/01" 200 - - "Mozilla/5.0 (compatible; Yahoo! Slurp; http://help.yahoo.com/help/us/ysearch/slurp)"
67.195.114.220 - - [01/Mar/2011:20:47:59 +0100] "GET /2011/03" 200 - - "Mozilla/5.0 (compatible; Yahoo! Slurp; http://help.yahoo.com/help/us/ysearch/slurp)"
67.195.114.220 - - [01/Mar/2011:20:56:52 +0100] "GET /rss.xml" 200 - - "Mozilla/5.0 (compatible; Yahoo! Slurp; http://help.yahoo.com/help/us/ysearch/slurp)"
216.39.58.78 - - [01/Mar/2011:21:23:42 +0100] "GET /what-is-acheron-lisp" 200 - - "Mozilla/5.0 (compatible; Yahoo Pipes 2.0; +http://developer.yahoo.com/yql/provider) Gecko/20090729 Firefox/3.5.2"
216.39.58.78 - - [01/Mar/2011:22:02:31 +0100] "GET /what-is-acheron-lisp" 200 - - "Mozilla/5.0 (compatible; Yahoo Pipes 2.0; +http://developer.yahoo.com/yql/provider) Gecko/20090729 Firefox/3.5.2"
67.195.114.220 - - [01/Mar/2011:22:22:13 +0100] "GET /responses/rss.xml?entry=1298323140000" 200 - - "Mozilla/5.0 (compatible; Yahoo! Slurp; http://help.yahoo.com/help/us/ysearch/slurp)"
66.249.72.8 - - [01/Mar/2011:22:44:24 +0100] "GET /replyToBlogEntry.action?entry=1298323140000&comment=1298414860886" 200 - - "Mozilla/5.0 (compatible; Googlebot/2.1; +http://www.google.com/bot.html)"
216.39.58.17 - - [01/Mar/2011:22:59:28 +0100] "GET /what-is-acheron-lisp" 200 - - "Mozilla/5.0 (compatible; Yahoo Pipes 2.0; +http://developer.yahoo.com/yql/provider) Gecko/20090729 Firefox/3.5.2"
72.14.199.244 - - [01/Mar/2011:23:00:55 +0100] "GET /rss.xml" 304 - - "Feedfetcher-Google; (+http://www.google.com/feedfetcher.html; 1 subscribers; feed-id=11916054194069086820)"
99.157.106.84 - - [01/Mar/2011:23:31:09 +0100] "GET /what-is-acheron-lisp" 200 - "http://news.ycombinator.com/x?fnid=8cbxKZeSkW" "Mozilla/5.0 (X11; U; Linux i686; en-US; rv:1.9.2.13) Gecko/20101206 Ubuntu/10.10 (maverick) Firefox/3.6.13"
