204.236.221.246 - - [25/Feb/2011:00:12:01 +0100] "GET /what-is-acheron-lisp" 200 - - "PostRank/2.0 (postrank.com; 1 subscribers)"
218.213.130.199 - - [25/Feb/2011:00:32:26 +0100] "GET /using-the-repl" 200 - - "ichiro/4.0 (http://help.goo.ne.jp/door/crawler.html)"
216.39.58.17 - - [25/Feb/2011:00:38:28 +0100] "GET /what-is-acheron-lisp" 200 - - "Mozilla/5.0 (compatible; Yahoo Pipes 2.0; +http://developer.yahoo.com/yql/provider) Gecko/20090729 Firefox/3.5.2"
72.14.199.107 - - [25/Feb/2011:00:58:30 +0100] "GET /rss.xml" 304 - - "Feedfetcher-Google; (+http://www.google.com/feedfetcher.html; 1 subscribers; feed-id=11916054194069086820)"
72.14.199.107 - - [25/Feb/2011:01:10:32 +0100] "GET /rss.xml" 304 - - "Feedfetcher-Google; (+http://www.google.com/feedfetcher.html; 1 subscribers; feed-id=11916054194069086820)"
216.39.58.17 - - [25/Feb/2011:02:22:19 +0100] "GET /what-is-acheron-lisp" 200 - - "Mozilla/5.0 (compatible; Yahoo Pipes 2.0; +http://developer.yahoo.com/yql/provider) Gecko/20090729 Firefox/3.5.2"
209.131.41.48 - - [25/Feb/2011:03:02:32 +0100] "GET /what-is-acheron-lisp" 200 - - "Mozilla/5.0 (compatible; Yahoo Pipes 2.0; +http://developer.yahoo.com/yql/provider) Gecko/20090729 Firefox/3.5.2"
66.249.71.244 - - [25/Feb/2011:03:22:31 +0100] "GET /using-the-repl" 200 - - "Mozilla/5.0 (compatible; Googlebot/2.1; +http://www.google.com/bot.html)"
207.237.211.12 - - [25/Feb/2011:03:36:16 +0100] "GET /using-the-repl" 200 - - "Mozilla/5.0 (Macintosh; U; Intel Mac OS X 10_6_6; en-US) AppleWebKit/534.13 (KHTML, like Gecko) Chrome/9.0.597.102 Safari/534.13"
216.39.58.18 - - [25/Feb/2011:04:07:08 +0100] "GET /what-is-acheron-lisp" 200 - - "Mozilla/5.0 (compatible; Yahoo Pipes 2.0; +http://developer.yahoo.com/yql/provider) Gecko/20090729 Firefox/3.5.2"
72.14.199.107 - - [25/Feb/2011:04:07:22 +0100] "GET /rss.xml" 304 - - "Feedfetcher-Google; (+http://www.google.com/feedfetcher.html; 1 subscribers; feed-id=11916054194069086820)"
209.131.41.49 - - [25/Feb/2011:04:32:44 +0100] "GET /what-is-acheron-lisp" 200 - - "Mozilla/5.0 (compatible; Yahoo Pipes 2.0; +http://developer.yahoo.com/yql/provider) Gecko/20090729 Firefox/3.5.2"
66.249.71.244 - - [25/Feb/2011:05:01:17 +0100] "GET /2011/02/22" 200 - - "Mozilla/5.0 (compatible; Googlebot/2.1; +http://www.google.com/bot.html)"
216.39.58.17 - - [25/Feb/2011:05:07:26 +0100] "GET /what-is-acheron-lisp" 200 - - "Mozilla/5.0 (compatible; Yahoo Pipes 2.0; +http://developer.yahoo.com/yql/provider) Gecko/20090729 Firefox/3.5.2"
66.249.71.244 - - [25/Feb/2011:05:16:29 +0100] "GET /replyToBlogEntry.action?entry=1298323140000" 200 - - "Mozilla/5.0 (compatible; Googlebot/2.1; +http://www.google.com/bot.html)"
66.249.71.244 - - [25/Feb/2011:05:24:05 +0100] "GET /generateTrackBackLink.action?entry=1298323140000" 200 - - "Mozilla/5.0 (compatible; Googlebot/2.1; +http://www.google.com/bot.html)"
66.249.71.244 - - [25/Feb/2011:05:31:40 +0100] "GET /2011/02/21" 200 - - "Mozilla/5.0 (compatible; Googlebot/2.1; +http://www.google.com/bot.html)"
216.39.58.18 - - [25/Feb/2011:06:03:20 +0100] "GET /what-is-acheron-lisp" 200 - - "Mozilla/5.0 (compatible; Yahoo Pipes 2.0; +http://developer.yahoo.com/yql/provider) Gecko/20090729 Firefox/3.5.2"
216.39.58.18 - - [25/Feb/2011:06:27:54 +0100] "GET /what-is-acheron-lisp" 200 - - "Mozilla/5.0 (compatible; Yahoo Pipes 2.0; +http://developer.yahoo.com/yql/provider) Gecko/20090729 Firefox/3.5.2"
66.249.71.244 - - [25/Feb/2011:06:40:02 +0100] "GET /replyToBlogEntry.action?entry=1296676224366" 200 - - "Mozilla/5.0 (compatible; Googlebot/2.1; +http://www.google.com/bot.html)"
89.149.208.197 - - [25/Feb/2011:06:46:16 +0100] "GET /rss.xml" 304 - - "rss2email/2.65 +http://www.aaronsw.com/2002/rss2email/"
66.249.71.244 - - [25/Feb/2011:06:47:39 +0100] "GET /what-is-acheron-lisp" 200 - - "Mozilla/5.0 (compatible; Googlebot/2.1; +http://www.google.com/bot.html)"
66.249.71.244 - - [25/Feb/2011:06:55:15 +0100] "GET /authors/17/" 200 - - "Mozilla/5.0 (compatible; Googlebot/2.1; +http://www.google.com/bot.html)"
216.39.58.17 - - [25/Feb/2011:06:57:44 +0100] "GET /what-is-acheron-lisp" 200 - - "Mozilla/5.0 (compatible; Yahoo Pipes 2.0; +http://developer.yahoo.com/yql/provider) Gecko/20090729 Firefox/3.5.2"
72.14.199.107 - - [25/Feb/2011:07:14:52 +0100] "GET /rss.xml" 200 - - "Feedfetcher-Google; (+http://www.google.com/feedfetcher.html; 1 subscribers; feed-id=11916054194069086820)"
66.249.71.206 - - [25/Feb/2011:07:33:21 +0100] "GET /2011/02/25" 200 - - "Mozilla/5.0 (compatible; Googlebot/2.1; +http://www.google.com/bot.html)"
66.249.71.244 - - [25/Feb/2011:07:40:50 +0100] "GET /2011/02/18" 200 - - "Mozilla/5.0 (compatible; Googlebot/2.1; +http://www.google.com/bot.html)"
216.39.58.78 - - [25/Feb/2011:07:51:05 +0100] "GET /what-is-acheron-lisp" 200 - - "Mozilla/5.0 (compatible; Yahoo Pipes 2.0; +http://developer.yahoo.com/yql/provider) Gecko/20090729 Firefox/3.5.2"
66.249.71.244 - - [25/Feb/2011:07:56:01 +0100] "GET /subscribe.action" 200 - - "Mozilla/5.0 (compatible; Googlebot/2.1; +http://www.google.com/bot.html)"
66.249.71.244 - - [25/Feb/2011:08:11:13 +0100] "GET /2011/02/02" 200 - - "Mozilla/5.0 (compatible; Googlebot/2.1; +http://www.google.com/bot.html)"
209.131.41.48 - - [25/Feb/2011:08:15:38 +0100] "GET /what-is-acheron-lisp" 200 - - "Mozilla/5.0 (compatible; Yahoo Pipes 2.0; +http://developer.yahoo.com/yql/provider) Gecko/20090729 Firefox/3.5.2"
66.249.71.244 - - [25/Feb/2011:08:41:36 +0100] "GET /search.action" 200 - - "Mozilla/5.0 (compatible; Googlebot/2.1; +http://www.google.com/bot.html)"
216.39.58.18 - - [25/Feb/2011:08:45:45 +0100] "GET /what-is-acheron-lisp" 200 - - "Mozilla/5.0 (compatible; Yahoo Pipes 2.0; +http://developer.yahoo.com/yql/provider) Gecko/20090729 Firefox/3.5.2"
66.249.71.244 - - [25/Feb/2011:08:56:48 +0100] "GET /2011/02/20" 200 - - "Mozilla/5.0 (compatible; Googlebot/2.1; +http://www.google.com/bot.html)"
216.39.58.18 - - [25/Feb/2011:09:38:14 +0100] "GET /what-is-acheron-lisp" 200 - - "Mozilla/5.0 (compatible; Yahoo Pipes 2.0; +http://developer.yahoo.com/yql/provider) Gecko/20090729 Firefox/3.5.2"
216.39.58.78 - - [25/Feb/2011:10:03:07 +0100] "GET /what-is-acheron-lisp" 200 - - "Mozilla/5.0 (compatible; Yahoo Pipes 2.0; +http://developer.yahoo.com/yql/provider) Gecko/20090729 Firefox/3.5.2"
72.14.199.107 - - [25/Feb/2011:10:24:52 +0100] "GET /rss.xml" 304 - - "Feedfetcher-Google; (+http://www.google.com/feedfetcher.html; 1 subscribers; feed-id=11916054194069086820)"
150.101.154.212 - - [25/Feb/2011:10:28:15 +0100] "GET /what-is-acheron-lisp" 200 - "http://news.ycombinator.com/x?fnid=OlIFWYeesJ" "Mozilla/5.0 (Windows; U; Windows NT 6.0; en-US; rv:1.9.2.13) Gecko/20101203 Firefox/3.6.13 ( .NET CLR 3.5.30729; .NET4.0C)"
216.39.58.78 - - [25/Feb/2011:10:33:49 +0100] "GET /what-is-acheron-lisp" 200 - - "Mozilla/5.0 (compatible; Yahoo Pipes 2.0; +http://developer.yahoo.com/yql/provider) Gecko/20090729 Firefox/3.5.2"
66.249.71.244 - - [25/Feb/2011:10:34:07 +0100] "GET /2011/02" 200 - - "Mozilla/5.0 (compatible; Googlebot/2.1; +http://www.google.com/bot.html)"
209.131.41.49 - - [25/Feb/2011:11:27:21 +0100] "GET /what-is-acheron-lisp" 200 - - "Mozilla/5.0 (compatible; Yahoo Pipes 2.0; +http://developer.yahoo.com/yql/provider) Gecko/20090729 Firefox/3.5.2"
38.99.98.18 - - [25/Feb/2011:11:31:52 +0100] "GET /rss.xml" 200 - - "Mozilla/5.0 (compatible; ScoutJet; +http://www.scoutjet.com/)"
209.131.41.49 - - [25/Feb/2011:11:51:36 +0100] "GET /what-is-acheron-lisp" 200 - - "Mozilla/5.0 (compatible; Yahoo Pipes 2.0; +http://developer.yahoo.com/yql/provider) Gecko/20090729 Firefox/3.5.2"
216.39.58.18 - - [25/Feb/2011:12:22:43 +0100] "GET /what-is-acheron-lisp" 200 - - "Mozilla/5.0 (compatible; Yahoo Pipes 2.0; +http://developer.yahoo.com/yql/provider) Gecko/20090729 Firefox/3.5.2"
184.154.7.186 - - [25/Feb/2011:13:08:28 +0100] "GET /" 200 - - "Mozilla/5.0 (compatible; MJ12bot/v1.3.3; http://www.majestic12.co.uk/bot.php?+)"
77.250.37.148 - - [25/Feb/2011:13:10:14 +0100] "GET /" 200 - - "Java/1.6.0_22"
77.250.37.148 - - [25/Feb/2011:13:10:15 +0100] "GET /replyToBlogEntry.action?entry=1296676224366" 200 - - "Java/1.6.0_22"
77.250.37.148 - - [25/Feb/2011:13:10:15 +0100] "GET /rss.xml" 200 - - "Java/1.6.0_22"
216.39.58.18 - - [25/Feb/2011:13:16:13 +0100] "GET /what-is-acheron-lisp" 200 - - "Mozilla/5.0 (compatible; Yahoo Pipes 2.0; +http://developer.yahoo.com/yql/provider) Gecko/20090729 Firefox/3.5.2"
72.14.199.107 - - [25/Feb/2011:13:17:11 +0100] "GET /rss.xml" 304 - - "Feedfetcher-Google; (+http://www.google.com/feedfetcher.html; 1 subscribers; feed-id=11916054194069086820)"
209.131.41.48 - - [25/Feb/2011:13:40:23 +0100] "GET /what-is-acheron-lisp" 200 - - "Mozilla/5.0 (compatible; Yahoo Pipes 2.0; +http://developer.yahoo.com/yql/provider) Gecko/20090729 Firefox/3.5.2"
216.39.58.17 - - [25/Feb/2011:14:12:15 +0100] "GET /what-is-acheron-lisp" 200 - - "Mozilla/5.0 (compatible; Yahoo Pipes 2.0; +http://developer.yahoo.com/yql/provider) Gecko/20090729 Firefox/3.5.2"
99.157.106.84 - - [25/Feb/2011:14:50:18 +0100] "GET /what-is-acheron-lisp" 200 - "http://news.ycombinator.com/x?fnid=8cbxKZeSkW" "Mozilla/5.0 (X11; U; Linux i686; en-US; rv:1.9.2.13) Gecko/20101206 Ubuntu/10.10 (maverick) Firefox/3.6.13"
216.39.58.17 - - [25/Feb/2011:15:07:20 +0100] "GET /what-is-acheron-lisp" 200 - - "Mozilla/5.0 (compatible; Yahoo Pipes 2.0; +http://developer.yahoo.com/yql/provider) Gecko/20090729 Firefox/3.5.2"
217.44.60.49 - - [25/Feb/2011:15:16:14 +0100] "GET /using-the-repl" 200 - "http://lispnyc.org/blog/" "Mozilla/5.0 (Macintosh; U; Intel Mac OS X 10.4; fr; rv:1.9.2.13) Gecko/20101203 Firefox/3.6.13"
217.44.60.49 - - [25/Feb/2011:15:17:19 +0100] "GET /using-the-repl" 200 - "http://lispnyc.org/blog/" "Mozilla/5.0 (Macintosh; U; Intel Mac OS X 10.4; fr; rv:1.9.2.13) Gecko/20101203 Firefox/3.6.13"
216.39.58.17 - - [25/Feb/2011:15:33:00 +0100] "GET /what-is-acheron-lisp" 200 - - "Mozilla/5.0 (compatible; Yahoo Pipes 2.0; +http://developer.yahoo.com/yql/provider) Gecko/20090729 Firefox/3.5.2"
216.39.58.17 - - [25/Feb/2011:16:06:04 +0100] "GET /what-is-acheron-lisp" 200 - - "Mozilla/5.0 (compatible; Yahoo Pipes 2.0; +http://developer.yahoo.com/yql/provider) Gecko/20090729 Firefox/3.5.2"
67.195.112.43 - - [25/Feb/2011:16:15:50 +0100] "GET /rss.xml" 200 - - "Mozilla/5.0 (compatible; Yahoo! Slurp; http://help.yahoo.com/help/us/ysearch/slurp)"
72.14.199.107 - - [25/Feb/2011:16:25:51 +0100] "GET /rss.xml" 200 - - "Feedfetcher-Google; (+http://www.google.com/feedfetcher.html; 1 subscribers; feed-id=11916054194069086820)"
89.149.208.197 - - [25/Feb/2011:16:27:28 +0100] "GET /rss.xml" 304 - - "rss2email/2.65 +http://www.aaronsw.com/2002/rss2email/"
180.230.65.160 - - [25/Feb/2011:17:08:14 +0100] "GET /" 200 - "http://lispnyc.org/blog/" "Mozilla/5.0 (Windows; U; Windows NT 5.1; ko; rv:1.9.2.13) Gecko/20101203 FireDownload/2.0.1 Firefox/3.6.13 ( .NET CLR 3.5.30729)"
180.230.65.160 - - [25/Feb/2011:17:10:53 +0100] "GET /" 200 - "http://lispnyc.org/blog/" "Mozilla/5.0 (Windows; U; Windows NT 5.1; ko; rv:1.9.2.13) Gecko/20101203 FireDownload/2.0.1 Firefox/3.6.13 ( .NET CLR 3.5.30729)"
216.39.58.78 - - [25/Feb/2011:17:17:57 +0100] "GET /what-is-acheron-lisp" 200 - - "Mozilla/5.0 (compatible; Yahoo Pipes 2.0; +http://developer.yahoo.com/yql/provider) Gecko/20090729 Firefox/3.5.2"
66.249.71.206 - - [25/Feb/2011:17:22:35 +0100] "GET /2011/02/15" 200 - - "Mozilla/5.0 (compatible; Googlebot/2.1; +http://www.google.com/bot.html)"
216.39.58.17 - - [25/Feb/2011:17:46:17 +0100] "GET /what-is-acheron-lisp" 200 - - "Mozilla/5.0 (compatible; Yahoo Pipes 2.0; +http://developer.yahoo.com/yql/provider) Gecko/20090729 Firefox/3.5.2"
67.195.112.43 - - [25/Feb/2011:17:56:20 +0100] "GET /" 200 - - "Mozilla/5.0 (compatible; Yahoo! Slurp; http://help.yahoo.com/help/us/ysearch/slurp)"
67.195.112.43 - - [25/Feb/2011:18:18:01 +0100] "GET /what-is-acheron-lisp" 200 - - "Mozilla/5.0 (compatible; Yahoo! Slurp; http://help.yahoo.com/help/us/ysearch/slurp)"
67.195.112.43 - - [25/Feb/2011:18:20:32 +0100] "GET /replyToBlogEntry.action?entry=1296676224366" 200 - - "Mozilla/5.0 (compatible; Yahoo! Slurp; http://help.yahoo.com/help/us/ysearch/slurp)"
67.195.112.43 - - [25/Feb/2011:18:37:39 +0100] "GET /responses/rss.xml?entry=1296676224366" 200 - - "Mozilla/5.0 (compatible; Yahoo! Slurp; http://help.yahoo.com/help/us/ysearch/slurp)"
216.39.58.78 - - [25/Feb/2011:18:43:29 +0100] "GET /what-is-acheron-lisp" 200 - - "Mozilla/5.0 (compatible; Yahoo Pipes 2.0; +http://developer.yahoo.com/yql/provider) Gecko/20090729 Firefox/3.5.2"
208.115.111.75 - - [25/Feb/2011:18:46:42 +0100] "GET /using-the-repl" 200 - - "Mozilla/5.0 (compatible; Ezooms/1.0; ezooms.bot@gmail.com)"
72.14.199.244 - - [25/Feb/2011:19:35:41 +0100] "GET /rss.xml" 200 - - "Feedfetcher-Google; (+http://www.google.com/feedfetcher.html; 1 subscribers; feed-id=11916054194069086820)"
216.39.58.18 - - [25/Feb/2011:19:44:22 +0100] "GET /what-is-acheron-lisp" 200 - - "Mozilla/5.0 (compatible; Yahoo Pipes 2.0; +http://developer.yahoo.com/yql/provider) Gecko/20090729 Firefox/3.5.2"
209.131.41.48 - - [25/Feb/2011:20:09:20 +0100] "GET /what-is-acheron-lisp" 200 - - "Mozilla/5.0 (compatible; Yahoo Pipes 2.0; +http://developer.yahoo.com/yql/provider) Gecko/20090729 Firefox/3.5.2"
69.200.232.219 - - [25/Feb/2011:20:15:22 +0100] "GET /using-the-repl" 200 - - "Mozilla/5.0 (iPhone; U; CPU iPhone OS 4_2_1 like Mac OS X; en-us) AppleWebKit/533.17.9 (KHTML, like Gecko) Version/5.0.2 Mobile/8C148 Safari/6533.18.5"
66.249.72.46 - - [25/Feb/2011:20:43:47 +0100] "GET /2011/02/19" 200 - - "Mozilla/5.0 (compatible; Googlebot/2.1; +http://www.google.com/bot.html)"
209.131.41.49 - - [25/Feb/2011:20:44:09 +0100] "GET /what-is-acheron-lisp" 200 - - "Mozilla/5.0 (compatible; Yahoo Pipes 2.0; +http://developer.yahoo.com/yql/provider) Gecko/20090729 Firefox/3.5.2"
97.87.29.190 - - [25/Feb/2011:20:54:42 +0100] "GET /what-is-acheron-lisp" 200 - - "Mozilla/5.0 (X11; U; Linux i686; en-US; rv:1.9.2.13) Gecko/20101206 Ubuntu/10.04 (lucid) Firefox/3.6.13"
67.153.70.18 - - [25/Feb/2011:20:59:41 +0100] "GET /what-is-acheron-lisp" 200 - "http://news.ycombinator.com/x?fnid=Wdpm4mlEi7" "Mozilla/5.0 (Windows; U; Windows NT 5.1; en-US) AppleWebKit/534.13 (KHTML, like Gecko) Chrome/9.0.597.98 Safari/534.13"
204.236.221.246 - - [25/Feb/2011:21:34:57 +0100] "GET /what-is-acheron-lisp" 200 - - "PostRank/2.0 (postrank.com; 1 subscribers)"
216.39.58.18 - - [25/Feb/2011:21:43:55 +0100] "GET /what-is-acheron-lisp" 200 - - "Mozilla/5.0 (compatible; Yahoo Pipes 2.0; +http://developer.yahoo.com/yql/provider) Gecko/20090729 Firefox/3.5.2"
84.120.98.139 - - [25/Feb/2011:22:02:22 +0100] "GET /" 200 - - "Java/1.6.0_24"
84.120.98.139 - - [25/Feb/2011:22:02:23 +0100] "GET /replyToBlogEntry.action?entry=1296676224366" 200 - - "Java/1.6.0_24"
84.120.98.139 - - [25/Feb/2011:22:02:24 +0100] "GET /rss.xml" 200 - - "Java/1.6.0_24"
216.39.58.18 - - [25/Feb/2011:22:09:53 +0100] "GET /what-is-acheron-lisp" 200 - - "Mozilla/5.0 (compatible; Yahoo Pipes 2.0; +http://developer.yahoo.com/yql/provider) Gecko/20090729 Firefox/3.5.2"
72.14.199.244 - - [25/Feb/2011:22:34:31 +0100] "GET /rss.xml" 304 - - "Feedfetcher-Google; (+http://www.google.com/feedfetcher.html; 1 subscribers; feed-id=11916054194069086820)"
216.39.58.78 - - [25/Feb/2011:22:42:52 +0100] "GET /what-is-acheron-lisp" 200 - - "Mozilla/5.0 (compatible; Yahoo Pipes 2.0; +http://developer.yahoo.com/yql/provider) Gecko/20090729 Firefox/3.5.2"
148.244.43.170 - - [25/Feb/2011:22:56:32 +0100] "GET /what-is-acheron-lisp" 200 - "http://news.ycombinator.com/x?fnid=heaLt3akaB" "Mozilla/5.0 (Windows; U; Windows NT 5.1; es-MX; rv:1.9.2.13) Gecko/20101203 Firefox/3.6.13 ( .NET CLR 3.5.30729; .NET4.0E)"
148.244.43.170 - - [25/Feb/2011:22:56:32 +0100] "GET /atom.xml" 200 - "http://www.lispnyc.org/blog/acheron/what-is-acheron-lisp" "Mozilla/5.0 (Windows; U; Windows NT 5.1; es-MX; rv:1.9.2.13) Gecko/20101203 Firefox/3.6.13 ( .NET CLR 3.5.30729; .NET4.0E)"
148.244.43.170 - - [25/Feb/2011:22:56:32 +0100] "GET /rss.xml" 200 - "http://www.lispnyc.org/blog/acheron/what-is-acheron-lisp" "Mozilla/5.0 (Windows; U; Windows NT 5.1; es-MX; rv:1.9.2.13) Gecko/20101203 Firefox/3.6.13 ( .NET CLR 3.5.30729; .NET4.0E)"
148.244.43.170 - - [25/Feb/2011:22:56:32 +0100] "GET /rdf.xml" 200 - "http://www.lispnyc.org/blog/acheron/what-is-acheron-lisp" "Mozilla/5.0 (Windows; U; Windows NT 5.1; es-MX; rv:1.9.2.13) Gecko/20101203 Firefox/3.6.13 ( .NET CLR 3.5.30729; .NET4.0E)"
69.200.232.219 - - [25/Feb/2011:23:27:43 +0100] "GET /using-the-repl" 200 - - "Mozilla/5.0 (iPhone; U; CPU iPhone OS 4_2_1 like Mac OS X; en-us) AppleWebKit/533.17.9 (KHTML, like Gecko) Version/5.0.2 Mobile/8C148 Safari/6533.18.5"
216.39.58.78 - - [25/Feb/2011:23:39:40 +0100] "GET /what-is-acheron-lisp" 200 - - "Mozilla/5.0 (compatible; Yahoo Pipes 2.0; +http://developer.yahoo.com/yql/provider) Gecko/20090729 Firefox/3.5.2"
