67.195.114.220 - - [07/Mar/2011:00:02:56 +0100] "GET /rdf.xml" 200 - - "Mozilla/5.0 (compatible; Yahoo! Slurp; http://help.yahoo.com/help/us/ysearch/slurp)"
216.39.58.18 - - [07/Mar/2011:00:03:15 +0100] "GET /what-is-acheron-lisp" 200 - - "Mozilla/5.0 (compatible; Yahoo Pipes 2.0; +http://developer.yahoo.com/yql/provider) Gecko/20090729 Firefox/3.5.2"
216.39.58.78 - - [07/Mar/2011:00:37:27 +0100] "GET /what-is-acheron-lisp" 200 - - "Mozilla/5.0 (compatible; Yahoo Pipes 2.0; +http://developer.yahoo.com/yql/provider) Gecko/20090729 Firefox/3.5.2"
209.131.41.48 - - [07/Mar/2011:01:17:29 +0100] "GET /what-is-acheron-lisp" 200 - - "Mozilla/5.0 (compatible; Yahoo Pipes 2.0; +http://developer.yahoo.com/yql/provider) Gecko/20090729 Firefox/3.5.2"
67.195.114.220 - - [07/Mar/2011:01:36:22 +0100] "GET /search.action" 200 - - "Mozilla/5.0 (compatible; Yahoo! Slurp; http://help.yahoo.com/help/us/ysearch/slurp)"
72.14.199.244 - - [07/Mar/2011:02:17:13 +0100] "GET /rss.xml" 200 - - "Feedfetcher-Google; (+http://www.google.com/feedfetcher.html; 1 subscribers; feed-id=11916054194069086820)"
216.39.58.17 - - [07/Mar/2011:02:30:22 +0100] "GET /what-is-acheron-lisp" 200 - - "Mozilla/5.0 (compatible; Yahoo Pipes 2.0; +http://developer.yahoo.com/yql/provider) Gecko/20090729 Firefox/3.5.2"
216.39.58.18 - - [07/Mar/2011:03:06:21 +0100] "GET /what-is-acheron-lisp" 200 - - "Mozilla/5.0 (compatible; Yahoo Pipes 2.0; +http://developer.yahoo.com/yql/provider) Gecko/20090729 Firefox/3.5.2"
216.39.58.17 - - [07/Mar/2011:03:50:02 +0100] "GET /what-is-acheron-lisp" 200 - - "Mozilla/5.0 (compatible; Yahoo Pipes 2.0; +http://developer.yahoo.com/yql/provider) Gecko/20090729 Firefox/3.5.2"
99.157.106.84 - - [07/Mar/2011:04:47:01 +0100] "GET /what-is-acheron-lisp" 200 - "http://news.ycombinator.com/x?fnid=8cbxKZeSkW" "Mozilla/5.0 (X11; U; Linux i686; en-US; rv:1.9.2.13) Gecko/20101206 Ubuntu/10.10 (maverick) Firefox/3.6.13"
216.39.58.18 - - [07/Mar/2011:05:05:54 +0100] "GET /what-is-acheron-lisp" 200 - - "Mozilla/5.0 (compatible; Yahoo Pipes 2.0; +http://developer.yahoo.com/yql/provider) Gecko/20090729 Firefox/3.5.2"
72.14.199.244 - - [07/Mar/2011:05:12:42 +0100] "GET /rss.xml" 304 - - "Feedfetcher-Google; (+http://www.google.com/feedfetcher.html; 1 subscribers; feed-id=11916054194069086820)"
216.39.58.18 - - [07/Mar/2011:05:43:00 +0100] "GET /what-is-acheron-lisp" 200 - - "Mozilla/5.0 (compatible; Yahoo Pipes 2.0; +http://developer.yahoo.com/yql/provider) Gecko/20090729 Firefox/3.5.2"
216.39.58.18 - - [07/Mar/2011:06:29:43 +0100] "GET /what-is-acheron-lisp" 200 - - "Mozilla/5.0 (compatible; Yahoo Pipes 2.0; +http://developer.yahoo.com/yql/provider) Gecko/20090729 Firefox/3.5.2"
89.149.208.197 - - [07/Mar/2011:06:46:42 +0100] "GET /rss.xml" 304 - - "rss2email/2.65 +http://www.aaronsw.com/2002/rss2email/"
67.195.114.220 - - [07/Mar/2011:07:36:25 +0100] "GET /2011/02/02" 200 - - "Mozilla/5.0 (compatible; Yahoo! Slurp; http://help.yahoo.com/help/us/ysearch/slurp)"
216.39.58.17 - - [07/Mar/2011:07:44:52 +0100] "GET /what-is-acheron-lisp" 200 - - "Mozilla/5.0 (compatible; Yahoo Pipes 2.0; +http://developer.yahoo.com/yql/provider) Gecko/20090729 Firefox/3.5.2"
209.131.41.48 - - [07/Mar/2011:08:16:17 +0100] "GET /what-is-acheron-lisp" 200 - - "Mozilla/5.0 (compatible; Yahoo Pipes 2.0; +http://developer.yahoo.com/yql/provider) Gecko/20090729 Firefox/3.5.2"
67.195.114.220 - - [07/Mar/2011:08:16:59 +0100] "GET /rdf.xml" 304 - - "Mozilla/5.0 (compatible; Yahoo! Slurp; http://help.yahoo.com/help/us/ysearch/slurp)"
72.14.199.244 - - [07/Mar/2011:08:18:32 +0100] "GET /rss.xml" 200 - - "Feedfetcher-Google; (+http://www.google.com/feedfetcher.html; 1 subscribers; feed-id=11916054194069086820)"
216.39.58.78 - - [07/Mar/2011:08:55:23 +0100] "GET /what-is-acheron-lisp" 200 - - "Mozilla/5.0 (compatible; Yahoo Pipes 2.0; +http://developer.yahoo.com/yql/provider) Gecko/20090729 Firefox/3.5.2"
80.13.38.155 - - [07/Mar/2011:09:41:17 +0100] "GET /" 200 - - "Mozilla/5.0 (Windows; U; Windows NT 6.1; en-US) AppleWebKit/534.13 (KHTML, like Gecko) Chrome/9.0.597.107 Safari/534.13"
67.195.114.220 - - [07/Mar/2011:09:41:24 +0100] "GET /subscribe.action" 200 - - "Mozilla/5.0 (compatible; Yahoo! Slurp; http://help.yahoo.com/help/us/ysearch/slurp)"
216.39.58.18 - - [07/Mar/2011:09:59:40 +0100] "GET /what-is-acheron-lisp" 200 - - "Mozilla/5.0 (compatible; Yahoo Pipes 2.0; +http://developer.yahoo.com/yql/provider) Gecko/20090729 Firefox/3.5.2"
207.46.204.177 - - [07/Mar/2011:10:00:08 +0100] "GET /using-the-repl" 200 - - "Mozilla/5.0 (compatible; bingbot/2.0; +http://www.bing.com/bingbot.htm)"
72.14.199.244 - - [07/Mar/2011:10:25:07 +0100] "GET /rss.xml" 304 - - "Feedfetcher-Google; (+http://www.google.com/feedfetcher.html; 1 subscribers; feed-id=11916054194069086820)"
216.39.58.17 - - [07/Mar/2011:10:30:56 +0100] "GET /what-is-acheron-lisp" 200 - - "Mozilla/5.0 (compatible; Yahoo Pipes 2.0; +http://developer.yahoo.com/yql/provider) Gecko/20090729 Firefox/3.5.2"
216.39.58.78 - - [07/Mar/2011:11:08:21 +0100] "GET /what-is-acheron-lisp" 200 - - "Mozilla/5.0 (compatible; Yahoo Pipes 2.0; +http://developer.yahoo.com/yql/provider) Gecko/20090729 Firefox/3.5.2"
216.39.58.18 - - [07/Mar/2011:12:14:23 +0100] "GET /what-is-acheron-lisp" 200 - - "Mozilla/5.0 (compatible; Yahoo Pipes 2.0; +http://developer.yahoo.com/yql/provider) Gecko/20090729 Firefox/3.5.2"
216.39.58.78 - - [07/Mar/2011:12:46:30 +0100] "GET /what-is-acheron-lisp" 200 - - "Mozilla/5.0 (compatible; Yahoo Pipes 2.0; +http://developer.yahoo.com/yql/provider) Gecko/20090729 Firefox/3.5.2"
66.249.72.8 - - [07/Mar/2011:13:22:16 +0100] "GET /2011/03/03" 200 - - "Mozilla/5.0 (compatible; Googlebot/2.1; +http://www.google.com/bot.html)"
216.39.58.78 - - [07/Mar/2011:13:25:07 +0100] "GET /what-is-acheron-lisp" 200 - - "Mozilla/5.0 (compatible; Yahoo Pipes 2.0; +http://developer.yahoo.com/yql/provider) Gecko/20090729 Firefox/3.5.2"
72.14.199.244 - - [07/Mar/2011:13:27:07 +0100] "GET /rss.xml" 200 - - "Feedfetcher-Google; (+http://www.google.com/feedfetcher.html; 1 subscribers; feed-id=11916054194069086820)"
66.249.72.8 - - [07/Mar/2011:13:29:02 +0100] "GET /2011/03/03" 200 - - "Mozilla/5.0 (compatible; Googlebot/2.1; +http://www.google.com/bot.html)"
66.249.72.8 - - [07/Mar/2011:13:37:16 +0100] "GET /2011/03/05" 200 - - "Mozilla/5.0 (compatible; Googlebot/2.1; +http://www.google.com/bot.html)"
216.39.58.78 - - [07/Mar/2011:14:32:12 +0100] "GET /what-is-acheron-lisp" 200 - - "Mozilla/5.0 (compatible; Yahoo Pipes 2.0; +http://developer.yahoo.com/yql/provider) Gecko/20090729 Firefox/3.5.2"
216.39.58.17 - - [07/Mar/2011:15:06:12 +0100] "GET /what-is-acheron-lisp" 200 - - "Mozilla/5.0 (compatible; Yahoo Pipes 2.0; +http://developer.yahoo.com/yql/provider) Gecko/20090729 Firefox/3.5.2"
66.249.72.8 - - [07/Mar/2011:15:22:01 +0100] "GET /2011/03/07" 200 - - "Mozilla/5.0 (compatible; Googlebot/2.1; +http://www.google.com/bot.html)"
209.131.41.48 - - [07/Mar/2011:15:48:44 +0100] "GET /what-is-acheron-lisp" 200 - - "Mozilla/5.0 (compatible; Yahoo Pipes 2.0; +http://developer.yahoo.com/yql/provider) Gecko/20090729 Firefox/3.5.2"
198.151.13.15 - - [07/Mar/2011:15:59:48 +0100] "GET /" 200 - "http://news.ycombinator.com/item?id=2289727" "Mozilla/5.0 (Macintosh; U; Intel Mac OS X 10_6_6; en-US) AppleWebKit/534.13 (KHTML, like Gecko) Chrome/9.0.597.107 Safari/534.13"
72.14.199.244 - - [07/Mar/2011:16:36:27 +0100] "GET /rss.xml" 200 - - "Feedfetcher-Google; (+http://www.google.com/feedfetcher.html; 1 subscribers; feed-id=11916054194069086820)"
216.39.58.18 - - [07/Mar/2011:17:05:27 +0100] "GET /what-is-acheron-lisp" 200 - - "Mozilla/5.0 (compatible; Yahoo Pipes 2.0; +http://developer.yahoo.com/yql/provider) Gecko/20090729 Firefox/3.5.2"
216.39.58.17 - - [07/Mar/2011:17:42:54 +0100] "GET /what-is-acheron-lisp" 200 - - "Mozilla/5.0 (compatible; Yahoo Pipes 2.0; +http://developer.yahoo.com/yql/provider) Gecko/20090729 Firefox/3.5.2"
99.157.106.84 - - [07/Mar/2011:18:06:01 +0100] "GET /what-is-acheron-lisp" 200 - "http://news.ycombinator.com/x?fnid=8cbxKZeSkW" "Mozilla/5.0 (X11; U; Linux i686; en-US; rv:1.9.2.13) Gecko/20101206 Ubuntu/10.10 (maverick) Firefox/3.6.13"
216.39.58.78 - - [07/Mar/2011:18:25:25 +0100] "GET /what-is-acheron-lisp" 200 - - "Mozilla/5.0 (compatible; Yahoo Pipes 2.0; +http://developer.yahoo.com/yql/provider) Gecko/20090729 Firefox/3.5.2"
24.210.33.80 - - [07/Mar/2011:18:49:03 +0100] "GET /using-the-repl" 200 - "http://lispnyc.org/blog/" "Mozilla/5.0 (Macintosh; U; Intel Mac OS X 10.6; en-US; rv:1.9.2.15) Gecko/20110303 Firefox/3.6.15"
66.249.71.244 - - [07/Mar/2011:18:52:32 +0100] "GET /2011/02/22" 200 - - "Mozilla/5.0 (compatible; Googlebot/2.1; +http://www.google.com/bot.html)"
72.14.199.107 - - [07/Mar/2011:19:27:29 +0100] "GET /rss.xml" 200 - - "Feedfetcher-Google; (+http://www.google.com/feedfetcher.html; 1 subscribers; feed-id=11916054194069086820)"
209.131.41.48 - - [07/Mar/2011:19:41:54 +0100] "GET /what-is-acheron-lisp" 200 - - "Mozilla/5.0 (compatible; Yahoo Pipes 2.0; +http://developer.yahoo.com/yql/provider) Gecko/20090729 Firefox/3.5.2"
216.39.58.17 - - [07/Mar/2011:20:18:12 +0100] "GET /what-is-acheron-lisp" 200 - - "Mozilla/5.0 (compatible; Yahoo Pipes 2.0; +http://developer.yahoo.com/yql/provider) Gecko/20090729 Firefox/3.5.2"
209.131.41.48 - - [07/Mar/2011:21:05:19 +0100] "GET /what-is-acheron-lisp" 200 - - "Mozilla/5.0 (compatible; Yahoo Pipes 2.0; +http://developer.yahoo.com/yql/provider) Gecko/20090729 Firefox/3.5.2"
67.195.114.220 - - [07/Mar/2011:21:55:41 +0100] "GET /2011/03/07" 200 - - "Mozilla/5.0 (compatible; Yahoo! Slurp; http://help.yahoo.com/help/us/ysearch/slurp)"
72.14.199.107 - - [07/Mar/2011:22:20:20 +0100] "GET /rss.xml" 304 - - "Feedfetcher-Google; (+http://www.google.com/feedfetcher.html; 1 subscribers; feed-id=11916054194069086820)"
216.39.58.17 - - [07/Mar/2011:22:25:05 +0100] "GET /what-is-acheron-lisp" 200 - - "Mozilla/5.0 (compatible; Yahoo Pipes 2.0; +http://developer.yahoo.com/yql/provider) Gecko/20090729 Firefox/3.5.2"
