204.236.221.246 - - [23/Feb/2011:00:02:56 +0100] "GET /what-is-acheron-lisp" 200 - - "PostRank/2.0 (postrank.com; 1 subscribers)"
184.73.239.99 - - [23/Feb/2011:00:03:00 +0100] "HEAD /what-is-acheron-lisp" 200 - - "Mozilla/5.0 (compatible; woriobot support [at] worio [dot] com +http://worio.com)"
216.39.58.18 - - [23/Feb/2011:00:08:58 +0100] "GET /what-is-acheron-lisp" 200 - - "Mozilla/5.0 (compatible; Yahoo Pipes 2.0; +http://developer.yahoo.com/yql/provider) Gecko/20090729 Firefox/3.5.2"
184.73.239.99 - - [23/Feb/2011:00:16:25 +0100] "HEAD /what-is-acheron-lisp" 200 - - "Mozilla/5.0 (compatible; woriobot support [at] worio [dot] com +http://worio.com)"
66.127.71.42 - - [23/Feb/2011:00:19:18 +0100] "GET /what-is-acheron-lisp" 200 - - "Mozilla/5.0 (Windows; U; Windows NT 6.1; en-US) AppleWebKit/534.13 (KHTML, like Gecko) Chrome/9.0.597.98 Safari/534.13"
216.39.58.17 - - [23/Feb/2011:00:20:07 +0100] "GET /what-is-acheron-lisp" 200 - - "Mozilla/5.0 (compatible; Yahoo Pipes 2.0; +http://developer.yahoo.com/yql/provider) Gecko/20090729 Firefox/3.5.2"
64.235.97.218 - - [23/Feb/2011:00:23:44 +0100] "GET /what-is-acheron-lisp" 200 - "http://news.ycombinator.com/x?fnid=HI3ztPwp7N" "Mozilla/5.0 (X11; U; Linux x86_64; en-US) AppleWebKit/533.4 (KHTML, like Gecko) Chrome/5.0.375.29 Safari/533.4"
184.73.239.99 - - [23/Feb/2011:00:29:48 +0100] "HEAD /what-is-acheron-lisp" 200 - - "Mozilla/5.0 (compatible; woriobot support [at] worio [dot] com +http://worio.com)"
64.235.97.218 - - [23/Feb/2011:00:35:09 +0100] "GET /using-the-repl" 200 - "http://www.lispnyc.org/blog/acheron/what-is-acheron-lisp" "Mozilla/5.0 (X11; U; Linux x86_64; en-US) AppleWebKit/533.4 (KHTML, like Gecko) Chrome/5.0.375.29 Safari/533.4"
116.125.141.11 - - [23/Feb/2011:00:35:19 +0100] "GET /what-is-acheron-lisp" 200 - "http://www.lispnyc.org" "Mozilla/5.0 (compatible; Firefox compatible; MS IE compatible; not on Windows server; +http://cs.daum.net/faq/site/15.html) Daumoa-feedfetcher/2.0"
216.39.58.18 - - [23/Feb/2011:00:38:36 +0100] "GET /what-is-acheron-lisp" 200 - - "Mozilla/5.0 (compatible; Yahoo Pipes 2.0; +http://developer.yahoo.com/yql/provider) Gecko/20090729 Firefox/3.5.2"
184.73.239.99 - - [23/Feb/2011:00:43:07 +0100] "HEAD /what-is-acheron-lisp" 200 - - "Mozilla/5.0 (compatible; woriobot support [at] worio [dot] com +http://worio.com)"
184.73.239.99 - - [23/Feb/2011:00:56:29 +0100] "HEAD /what-is-acheron-lisp" 200 - - "Mozilla/5.0 (compatible; woriobot support [at] worio [dot] com +http://worio.com)"
184.73.239.99 - - [23/Feb/2011:01:09:57 +0100] "HEAD /what-is-acheron-lisp" 200 - - "Mozilla/5.0 (compatible; woriobot support [at] worio [dot] com +http://worio.com)"
189.33.59.168 - - [23/Feb/2011:01:14:23 +0100] "GET /what-is-acheron-lisp" 200 - - "Mozilla/5.0 (Macintosh; U; Intel Mac OS X 10_6_6; en-us) AppleWebKit/533.19.4 (KHTML, like Gecko) Version/5.0.3 Safari/533.19.4"
98.163.247.62 - - [23/Feb/2011:01:21:54 +0100] "GET /using-the-repl" 200 - - "Mozilla/5.0 (X11; U; Linux x86_64; en-US; rv:1.9.2.13) Gecko/20101211 Gentoo Firefox/3.6.13"
184.73.239.99 - - [23/Feb/2011:01:23:34 +0100] "HEAD /what-is-acheron-lisp" 200 - - "Mozilla/5.0 (compatible; woriobot support [at] worio [dot] com +http://worio.com)"
184.73.239.99 - - [23/Feb/2011:01:36:48 +0100] "HEAD /what-is-acheron-lisp" 200 - - "Mozilla/5.0 (compatible; woriobot support [at] worio [dot] com +http://worio.com)"
207.237.162.49 - - [23/Feb/2011:01:44:24 +0100] "GET /using-the-repl" 200 - - "Mozilla/5.0 (X11; U; Linux i686; en-US; rv:1.9.2.13) Gecko/20101206 Linux Mint/8 (Helena) Firefox/3.6.13"
184.73.239.99 - - [23/Feb/2011:01:50:50 +0100] "HEAD /what-is-acheron-lisp" 200 - - "Mozilla/5.0 (compatible; woriobot support [at] worio [dot] com +http://worio.com)"
72.14.199.8 - - [23/Feb/2011:01:50:52 +0100] "GET /rss.xml" 304 - - "Feedfetcher-Google; (+http://www.google.com/feedfetcher.html; 1 subscribers; feed-id=11916054194069086820)"
98.116.23.242 - - [23/Feb/2011:01:59:21 +0100] "GET /using-the-repl" 200 - - "Mozilla/5.0 (X11; U; Linux i686; en-US) AppleWebKit/534.13 (KHTML, like Gecko) Chrome/9.0.597.98 Safari/534.13"
184.73.239.99 - - [23/Feb/2011:02:04:45 +0100] "HEAD /what-is-acheron-lisp" 200 - - "Mozilla/5.0 (compatible; woriobot support [at] worio [dot] com +http://worio.com)"
204.236.221.246 - - [23/Feb/2011:02:09:32 +0100] "GET /what-is-acheron-lisp" 200 - - "PostRank/2.0 (postrank.com; 1 subscribers)"
216.39.58.17 - - [23/Feb/2011:02:13:42 +0100] "GET /what-is-acheron-lisp" 200 - - "Mozilla/5.0 (compatible; Yahoo Pipes 2.0; +http://developer.yahoo.com/yql/provider) Gecko/20090729 Firefox/3.5.2"
66.249.71.247 - - [23/Feb/2011:02:14:24 +0100] "GET /using-the-repl" 200 - - "Mozilla/5.0 (compatible; Googlebot/2.1; +http://www.google.com/bot.html)"
184.73.239.99 - - [23/Feb/2011:02:18:42 +0100] "HEAD /what-is-acheron-lisp" 200 - - "Mozilla/5.0 (compatible; woriobot support [at] worio [dot] com +http://worio.com)"
66.249.71.247 - - [23/Feb/2011:02:22:09 +0100] "GET /responses/rss.xml" 200 - - "Mozilla/5.0 (compatible; Googlebot/2.1; +http://www.google.com/bot.html)"
66.249.71.247 - - [23/Feb/2011:02:29:57 +0100] "GET /2011/02/21" 200 - - "Mozilla/5.0 (compatible; Googlebot/2.1; +http://www.google.com/bot.html)"
209.131.41.48 - - [23/Feb/2011:02:31:38 +0100] "GET /what-is-acheron-lisp" 200 - - "Mozilla/5.0 (compatible; Yahoo Pipes 2.0; +http://developer.yahoo.com/yql/provider) Gecko/20090729 Firefox/3.5.2"
184.73.239.99 - - [23/Feb/2011:02:31:52 +0100] "HEAD /what-is-acheron-lisp" 200 - - "Mozilla/5.0 (compatible; woriobot support [at] worio [dot] com +http://worio.com)"
204.108.96.91 - - [23/Feb/2011:02:34:02 +0100] "GET /what-is-acheron-lisp" 200 - "http://news.ycombinator.com/x?fnid=Ndw7KLDElY" "Mozilla/5.0 (Windows; U; Windows NT 5.1; en-US) AppleWebKit/534.13 (KHTML, like Gecko) Chrome/9.0.597.98 Safari/534.13"
66.249.71.247 - - [23/Feb/2011:02:37:39 +0100] "GET /2011/02/22" 200 - - "Mozilla/5.0 (compatible; Googlebot/2.1; +http://www.google.com/bot.html)"
65.87.18.86 - - [23/Feb/2011:02:40:51 +0100] "GET /what-is-acheron-lisp" 200 - "http://news.ycombinator.com/x?fnid=SBjHWi1FS2" "Mozilla/5.0 (Windows; U; Windows NT 6.1; en-US; rv:1.9.2.13) Gecko/20101203 Firefox/3.6.13"
92.40.237.157 - - [23/Feb/2011:02:44:08 +0100] "GET /what-is-acheron-lisp" 200 - "http://news.ycombinator.net/x?fnid=4aQNPPxpAk" "Mozilla/5.0 (Macintosh; U; PPC Mac OS X 10.5; en-US; rv:1.9.2.13) Gecko/20101203 Firefox/3.6.13"
184.73.239.99 - - [23/Feb/2011:02:45:22 +0100] "HEAD /what-is-acheron-lisp" 200 - - "Mozilla/5.0 (compatible; woriobot support [at] worio [dot] com +http://worio.com)"
66.249.71.247 - - [23/Feb/2011:02:45:50 +0100] "GET /responses/rss.xml?entry=1298323140000" 200 - - "Mozilla/5.0 (compatible; Googlebot/2.1; +http://www.google.com/bot.html)"
216.39.58.78 - - [23/Feb/2011:02:56:20 +0100] "GET /what-is-acheron-lisp" 200 - - "Mozilla/5.0 (compatible; Yahoo Pipes 2.0; +http://developer.yahoo.com/yql/provider) Gecko/20090729 Firefox/3.5.2"
150.101.154.212 - - [23/Feb/2011:02:57:44 +0100] "GET /what-is-acheron-lisp" 200 - "http://news.ycombinator.com/x?fnid=OlIFWYeesJ" "Mozilla/5.0 (Windows; U; Windows NT 6.0; en-US; rv:1.9.2.13) Gecko/20101203 Firefox/3.6.13 ( .NET CLR 3.5.30729; .NET4.0C)"
184.73.239.99 - - [23/Feb/2011:02:58:54 +0100] "HEAD /what-is-acheron-lisp" 200 - - "Mozilla/5.0 (compatible; woriobot support [at] worio [dot] com +http://worio.com)"
189.33.59.168 - - [23/Feb/2011:02:59:41 +0100] "GET /what-is-acheron-lisp" 200 - - "Mozilla/5.0 (Macintosh; U; Intel Mac OS X 10_6_6; en-us) AppleWebKit/533.19.4 (KHTML, like Gecko) Version/5.0.3 Safari/533.19.4"
184.73.239.99 - - [23/Feb/2011:03:12:30 +0100] "HEAD /what-is-acheron-lisp" 200 - - "Mozilla/5.0 (compatible; woriobot support [at] worio [dot] com +http://worio.com)"
184.73.239.99 - - [23/Feb/2011:03:26:11 +0100] "HEAD /what-is-acheron-lisp" 200 - - "Mozilla/5.0 (compatible; woriobot support [at] worio [dot] com +http://worio.com)"
66.249.71.244 - - [23/Feb/2011:03:33:41 +0100] "GET /2011/02/18" 200 - - "Mozilla/5.0 (compatible; Googlebot/2.1; +http://www.google.com/bot.html)"
67.175.180.110 - - [23/Feb/2011:03:34:06 +0100] "GET /what-is-acheron-lisp" 200 - "http://news.ycombinator.com/x?fnid=xfIzmz2TEu" "Mozilla/5.0 (X11; Linux i686; rv:2.0b11) Gecko/20100101 Firefox/4.0b11"
184.73.239.99 - - [23/Feb/2011:03:39:33 +0100] "HEAD /what-is-acheron-lisp" 200 - - "Mozilla/5.0 (compatible; woriobot support [at] worio [dot] com +http://worio.com)"
174.129.42.87 - - [23/Feb/2011:03:47:32 +0100] "GET /what-is-acheron-lisp" 200 - - "Python-urllib/2.6"
174.129.42.87 - - [23/Feb/2011:03:48:03 +0100] "GET /what-is-acheron-lisp" 200 - - "Python-urllib/2.6"
203.206.162.25 - - [23/Feb/2011:03:49:50 +0100] "GET /what-is-acheron-lisp" 200 - - "Mozilla/5.0 (X11; U; Linux x86_64; en-US) AppleWebKit/534.13 (KHTML, like Gecko) Ubuntu/10.04 Chromium/9.0.597.94 Chrome/9.0.597.94 Safari/534.13"
72.14.194.18 - - [23/Feb/2011:03:49:54 +0100] "GET /atom.xml" 200 - - "Feedfetcher-Google; (+http://www.google.com/feedfetcher.html; feed-id=10174748503996998634)"
98.210.156.221 - - [23/Feb/2011:03:51:37 +0100] "GET /what-is-acheron-lisp" 200 - "http://news.ycombinator.com/x?fnid=q6fT8nOScg" "Mozilla/5.0 (X11; U; Linux x86_64; en-US) AppleWebKit/534.13 (KHTML, like Gecko) Chrome/9.0.597.84 Safari/534.13"
12.130.119.99 - - [23/Feb/2011:03:52:01 +0100] "GET /using-the-repl" 200 - - "Mozilla/5.0 (Macintosh; U; Intel Mac OS X 10_6_6; en-US) AppleWebKit/534.13 (KHTML, like Gecko) Chrome/9.0.597.84 Safari/534.13"
184.73.239.99 - - [23/Feb/2011:03:52:53 +0100] "HEAD /what-is-acheron-lisp" 200 - - "Mozilla/5.0 (compatible; woriobot support [at] worio [dot] com +http://worio.com)"
189.33.59.168 - - [23/Feb/2011:03:54:17 +0100] "GET /what-is-acheron-lisp" 200 - - "Mozilla/5.0 (Macintosh; U; Intel Mac OS X 10_6_6; en-us) AppleWebKit/533.19.4 (KHTML, like Gecko) Version/5.0.3 Safari/533.19.4"
184.73.239.99 - - [23/Feb/2011:04:06:48 +0100] "HEAD /what-is-acheron-lisp" 200 - - "Mozilla/5.0 (compatible; woriobot support [at] worio [dot] com +http://worio.com)"
216.39.58.18 - - [23/Feb/2011:04:06:54 +0100] "GET /what-is-acheron-lisp" 200 - - "Mozilla/5.0 (compatible; Yahoo Pipes 2.0; +http://developer.yahoo.com/yql/provider) Gecko/20090729 Firefox/3.5.2"
173.164.173.34 - - [23/Feb/2011:04:07:47 +0100] "GET /what-is-acheron-lisp" 200 - - "Mozilla/5.0 (Windows; U; Windows NT 6.0; ru; rv:1.9.0.11) Gecko/2009060215 Firefox/3.0.11 (.NET CLR 3.5.30729)"
216.39.58.17 - - [23/Feb/2011:04:08:27 +0100] "GET /what-is-acheron-lisp" 200 - - "Mozilla/5.0 (compatible; Yahoo Pipes 2.0; +http://developer.yahoo.com/yql/provider) Gecko/20090729 Firefox/3.5.2"
184.73.239.99 - - [23/Feb/2011:04:20:59 +0100] "HEAD /what-is-acheron-lisp" 200 - - "Mozilla/5.0 (compatible; woriobot support [at] worio [dot] com +http://worio.com)"
216.39.58.17 - - [23/Feb/2011:04:22:06 +0100] "GET /what-is-acheron-lisp" 200 - - "Mozilla/5.0 (compatible; Yahoo Pipes 2.0; +http://developer.yahoo.com/yql/provider) Gecko/20090729 Firefox/3.5.2"
66.249.71.247 - - [23/Feb/2011:04:31:49 +0100] "GET /2011/02/23" 200 - - "Mozilla/5.0 (compatible; Googlebot/2.1; +http://www.google.com/bot.html)"
184.73.239.99 - - [23/Feb/2011:04:35:07 +0100] "HEAD /what-is-acheron-lisp" 200 - - "Mozilla/5.0 (compatible; woriobot support [at] worio [dot] com +http://worio.com)"
184.73.239.99 - - [23/Feb/2011:04:49:02 +0100] "HEAD /what-is-acheron-lisp" 200 - - "Mozilla/5.0 (compatible; woriobot support [at] worio [dot] com +http://worio.com)"
72.14.199.8 - - [23/Feb/2011:04:56:29 +0100] "GET /rss.xml" 200 - - "Feedfetcher-Google; (+http://www.google.com/feedfetcher.html; 1 subscribers; feed-id=11916054194069086820)"
123.125.71.94 - - [23/Feb/2011:04:57:14 +0100] "GET /what-is-acheron-lisp" 200 - - "Baiduspider+(+http://www.baidu.com/search/spider.htm)"
50.16.45.108 - - [23/Feb/2011:05:00:08 +0100] "GET /what-is-acheron-lisp" 200 - - "PostRank/2.0 (postrank.com; 1 subscribers)"
67.195.114.220 - - [23/Feb/2011:05:00:13 +0100] "GET /rss.xml" 200 - - "Mozilla/5.0 (compatible; Yahoo! Slurp; http://help.yahoo.com/help/us/ysearch/slurp)"
66.249.71.247 - - [23/Feb/2011:05:01:49 +0100] "GET /replyToBlogEntry.action?entry=1298323140000&comment=1298414860886" 200 - - "Mozilla/5.0 (compatible; Googlebot/2.1; +http://www.google.com/bot.html)"
184.73.239.99 - - [23/Feb/2011:05:02:29 +0100] "HEAD /what-is-acheron-lisp" 200 - - "Mozilla/5.0 (compatible; woriobot support [at] worio [dot] com +http://worio.com)"
208.90.212.79 - - [23/Feb/2011:05:06:56 +0100] "GET /what-is-acheron-lisp" 200 - - "Mozilla/5.0 (Macintosh; U; Intel Mac OS X 10_6_6; en-us) AppleWebKit/533.19.4 (KHTML, like Gecko) Version/5.0.3 Safari/533.19.4"
94.245.156.33 - - [23/Feb/2011:05:08:07 +0100] "GET /what-is-acheron-lisp" 200 - - "Mozilla/5.0 (X11; U; Linux i686; en-US) AppleWebKit/534.13 (KHTML, like Gecko) Chrome/9.0.597.84 Safari/534.13"
189.33.59.168 - - [23/Feb/2011:05:11:54 +0100] "GET /what-is-acheron-lisp" 200 - - "Mozilla/5.0 (Macintosh; U; Intel Mac OS X 10_6_6; en-us) AppleWebKit/533.19.4 (KHTML, like Gecko) Version/5.0.3 Safari/533.19.4"
184.73.239.99 - - [23/Feb/2011:05:16:00 +0100] "HEAD /what-is-acheron-lisp" 200 - - "Mozilla/5.0 (compatible; woriobot support [at] worio [dot] com +http://worio.com)"
216.39.58.17 - - [23/Feb/2011:05:18:04 +0100] "GET /what-is-acheron-lisp" 200 - - "Mozilla/5.0 (compatible; Yahoo Pipes 2.0; +http://developer.yahoo.com/yql/provider) Gecko/20090729 Firefox/3.5.2"
184.73.239.99 - - [23/Feb/2011:05:29:38 +0100] "HEAD /what-is-acheron-lisp" 200 - - "Mozilla/5.0 (compatible; woriobot support [at] worio [dot] com +http://worio.com)"
24.239.167.187 - - [23/Feb/2011:05:30:17 +0100] "GET /using-the-repl" 200 - - "Mozilla/5.0 (iPhone; U; CPU iPhone OS 4_2_1 like Mac OS X; en-us) AppleWebKit/533.17.9 (KHTML, like Gecko) Version/5.0.2 Mobile/8C148 Safari/6533.18.5"
216.39.58.17 - - [23/Feb/2011:05:31:26 +0100] "GET /what-is-acheron-lisp" 200 - - "Mozilla/5.0 (compatible; Yahoo Pipes 2.0; +http://developer.yahoo.com/yql/provider) Gecko/20090729 Firefox/3.5.2"
184.73.239.99 - - [23/Feb/2011:05:43:11 +0100] "HEAD /what-is-acheron-lisp" 200 - - "Mozilla/5.0 (compatible; woriobot support [at] worio [dot] com +http://worio.com)"
184.73.239.99 - - [23/Feb/2011:05:56:34 +0100] "HEAD /what-is-acheron-lisp" 200 - - "Mozilla/5.0 (compatible; woriobot support [at] worio [dot] com +http://worio.com)"
184.73.239.99 - - [23/Feb/2011:06:10:21 +0100] "HEAD /what-is-acheron-lisp" 200 - - "Mozilla/5.0 (compatible; woriobot support [at] worio [dot] com +http://worio.com)"
66.249.71.247 - - [23/Feb/2011:06:11:40 +0100] "GET /responses/rss.xml" 200 - - "Mozilla/5.0 (compatible; Googlebot/2.1; +http://www.google.com/bot.html)"
216.39.58.78 - - [23/Feb/2011:06:16:02 +0100] "GET /what-is-acheron-lisp" 200 - - "Mozilla/5.0 (compatible; Yahoo Pipes 2.0; +http://developer.yahoo.com/yql/provider) Gecko/20090729 Firefox/3.5.2"
184.73.239.99 - - [23/Feb/2011:06:23:59 +0100] "HEAD /what-is-acheron-lisp" 200 - - "Mozilla/5.0 (compatible; woriobot support [at] worio [dot] com +http://worio.com)"
216.39.58.18 - - [23/Feb/2011:06:28:46 +0100] "GET /what-is-acheron-lisp" 200 - - "Mozilla/5.0 (compatible; Yahoo Pipes 2.0; +http://developer.yahoo.com/yql/provider) Gecko/20090729 Firefox/3.5.2"
66.249.71.247 - - [23/Feb/2011:06:33:29 +0100] "GET /2011/02/17" 200 - - "Mozilla/5.0 (compatible; Googlebot/2.1; +http://www.google.com/bot.html)"
184.73.239.99 - - [23/Feb/2011:06:37:20 +0100] "HEAD /what-is-acheron-lisp" 200 - - "Mozilla/5.0 (compatible; woriobot support [at] worio [dot] com +http://worio.com)"
202.84.59.35 - - [23/Feb/2011:06:41:02 +0100] "GET /what-is-acheron-lisp" 200 - - "Mozilla/5.0 (Macintosh; U; Intel Mac OS X 10_6_6; en-US) AppleWebKit/534.20 (KHTML, like Gecko) Chrome/11.0.672.2 Safari/534.20"
202.84.59.35 - - [23/Feb/2011:06:41:03 +0100] "HEAD /what-is-acheron-lisp" 200 - - "Mozilla/5.0 (Macintosh; U; Intel Mac OS X 10_6_6; en-US) AppleWebKit/534.20 (KHTML, like Gecko) Chrome/11.0.672.2 Safari/534.20"
75.36.188.10 - - [23/Feb/2011:06:41:47 +0100] "GET /what-is-acheron-lisp" 200 - "http://news.ycombinator.com/x?fnid=6HAPn2yeIC" "Mozilla/5.0 (Macintosh; U; Intel Mac OS X 10_6_6; en-us) AppleWebKit/533.19.4 (KHTML, like Gecko) Version/5.0.3 Safari/533.19.4"
216.39.58.78 - - [23/Feb/2011:06:47:24 +0100] "GET /what-is-acheron-lisp" 200 - - "Mozilla/5.0 (compatible; Yahoo Pipes 2.0; +http://developer.yahoo.com/yql/provider) Gecko/20090729 Firefox/3.5.2"
89.149.208.197 - - [23/Feb/2011:06:47:38 +0100] "GET /rss.xml" 304 - - "rss2email/2.65 +http://www.aaronsw.com/2002/rss2email/"
184.73.239.99 - - [23/Feb/2011:06:51:00 +0100] "HEAD /what-is-acheron-lisp" 200 - - "Mozilla/5.0 (compatible; woriobot support [at] worio [dot] com +http://worio.com)"
117.86.14.131 - - [23/Feb/2011:07:00:40 +0100] "GET /what-is-acheron-lisp" 200 - "http://news.ycombinator.com/x?fnid=jRupp9TlX0" "Mozilla/5.0 (Windows; U; Windows NT 5.1; zh-CN; rv:1.9.2.13) Gecko/20101203 Firefox/3.6.13"
184.73.239.99 - - [23/Feb/2011:07:04:20 +0100] "HEAD /what-is-acheron-lisp" 200 - - "Mozilla/5.0 (compatible; woriobot support [at] worio [dot] com +http://worio.com)"
99.225.169.126 - - [23/Feb/2011:07:06:39 +0100] "GET /what-is-acheron-lisp" 200 - "http://news.ycombinator.com/x?fnid=LGW603ByTo" "Mozilla/5.0 (Macintosh; U; Intel Mac OS X 10_6_6; en-ca) AppleWebKit/533.19.4 (KHTML, like Gecko) Version/5.0.3 Safari/533.19.4"
184.73.239.99 - - [23/Feb/2011:07:17:40 +0100] "HEAD /what-is-acheron-lisp" 200 - - "Mozilla/5.0 (compatible; woriobot support [at] worio [dot] com +http://worio.com)"
184.73.239.99 - - [23/Feb/2011:07:31:00 +0100] "HEAD /what-is-acheron-lisp" 200 - - "Mozilla/5.0 (compatible; woriobot support [at] worio [dot] com +http://worio.com)"
208.94.147.190 - - [23/Feb/2011:07:31:21 +0100] "HEAD /what-is-acheron-lisp" 200 - "http://longurl.org" "LongURL API"
208.94.147.190 - - [23/Feb/2011:07:31:21 +0100] "GET /what-is-acheron-lisp" 200 - "http://longurl.org" "LongURL API"
216.39.58.18 - - [23/Feb/2011:07:42:28 +0100] "GET /what-is-acheron-lisp" 200 - - "Mozilla/5.0 (compatible; Yahoo Pipes 2.0; +http://developer.yahoo.com/yql/provider) Gecko/20090729 Firefox/3.5.2"
66.249.71.244 - - [23/Feb/2011:07:43:52 +0100] "GET /2011/02/20" 200 - - "Mozilla/5.0 (compatible; Googlebot/2.1; +http://www.google.com/bot.html)"
184.73.239.99 - - [23/Feb/2011:07:45:17 +0100] "HEAD /what-is-acheron-lisp" 200 - - "Mozilla/5.0 (compatible; woriobot support [at] worio [dot] com +http://worio.com)"
72.14.199.8 - - [23/Feb/2011:07:47:19 +0100] "GET /rss.xml" 200 - - "Feedfetcher-Google; (+http://www.google.com/feedfetcher.html; 1 subscribers; feed-id=11916054194069086820)"
184.73.239.99 - - [23/Feb/2011:07:59:15 +0100] "HEAD /what-is-acheron-lisp" 200 - - "Mozilla/5.0 (compatible; woriobot support [at] worio [dot] com +http://worio.com)"
216.39.58.78 - - [23/Feb/2011:08:00:46 +0100] "GET /what-is-acheron-lisp" 200 - - "Mozilla/5.0 (compatible; Yahoo Pipes 2.0; +http://developer.yahoo.com/yql/provider) Gecko/20090729 Firefox/3.5.2"
184.73.239.99 - - [23/Feb/2011:08:12:38 +0100] "HEAD /what-is-acheron-lisp" 200 - - "Mozilla/5.0 (compatible; woriobot support [at] worio [dot] com +http://worio.com)"
184.73.239.99 - - [23/Feb/2011:08:25:57 +0100] "HEAD /what-is-acheron-lisp" 200 - - "Mozilla/5.0 (compatible; woriobot support [at] worio [dot] com +http://worio.com)"
216.39.58.78 - - [23/Feb/2011:08:26:04 +0100] "GET /what-is-acheron-lisp" 200 - - "Mozilla/5.0 (compatible; Yahoo Pipes 2.0; +http://developer.yahoo.com/yql/provider) Gecko/20090729 Firefox/3.5.2"
194.8.214.170 - - [23/Feb/2011:08:28:24 +0100] "GET /what-is-acheron-lisp" 200 - "http://news.ycombinator.com/x?fnid=wp45PcB3v3" "Mozilla/5.0 (Macintosh; U; Intel Mac OS X 10.5; de; rv:1.9.2.13) Gecko/20101203 Firefox/3.6.13"
184.73.239.99 - - [23/Feb/2011:08:39:15 +0100] "HEAD /what-is-acheron-lisp" 200 - - "Mozilla/5.0 (compatible; woriobot support [at] worio [dot] com +http://worio.com)"
123.125.71.111 - - [23/Feb/2011:08:43:33 +0100] "GET /using-the-repl" 200 - - "Baiduspider+(+http://www.baidu.com/search/spider.htm)"
204.236.221.246 - - [23/Feb/2011:08:52:46 +0100] "GET /what-is-acheron-lisp" 200 - - "PostRank/2.0 (postrank.com; 1 subscribers)"
184.73.239.99 - - [23/Feb/2011:08:53:11 +0100] "HEAD /what-is-acheron-lisp" 200 - - "Mozilla/5.0 (compatible; woriobot support [at] worio [dot] com +http://worio.com)"
117.195.39.224 - - [23/Feb/2011:08:58:36 +0100] "GET /using-the-repl" 200 - "http://64o9hcdgj4eb4.yom.mail.yahoo.net/om/api/1.0/openmail.app.invoke?view=main.html&app=64o9hcdgj4eb4&format=raw&type=text/html&ver=28&bn=1.0.32&.intl=us&.lang=en-US" "Mozilla/5.0 (X11; U; Linux x86_64; en-US; rv:1.9.2.13) Gecko/20101206 Ubuntu/10.10 (maverick) Firefox/3.6.13"
184.73.239.99 - - [23/Feb/2011:09:06:47 +0100] "HEAD /what-is-acheron-lisp" 200 - - "Mozilla/5.0 (compatible; woriobot support [at] worio [dot] com +http://worio.com)"
216.39.58.18 - - [23/Feb/2011:09:12:52 +0100] "GET /what-is-acheron-lisp" 200 - - "Mozilla/5.0 (compatible; Yahoo Pipes 2.0; +http://developer.yahoo.com/yql/provider) Gecko/20090729 Firefox/3.5.2"
184.73.239.99 - - [23/Feb/2011:09:20:03 +0100] "HEAD /what-is-acheron-lisp" 200 - - "Mozilla/5.0 (compatible; woriobot support [at] worio [dot] com +http://worio.com)"
212.40.136.51 - - [23/Feb/2011:09:23:28 +0100] "GET /using-the-repl" 200 - "http://www.lispnyc.org/blog/acheron/what-is-acheron-lisp" "Mozilla/5.0 (X11; U; Linux i686; en-US; rv:1.9.2.13) Gecko/20101206 Ubuntu/10.10 (maverick) Firefox/3.6.13"
216.39.58.78 - - [23/Feb/2011:09:31:40 +0100] "GET /what-is-acheron-lisp" 200 - - "Mozilla/5.0 (compatible; Yahoo Pipes 2.0; +http://developer.yahoo.com/yql/provider) Gecko/20090729 Firefox/3.5.2"
184.73.239.99 - - [23/Feb/2011:09:33:17 +0100] "HEAD /what-is-acheron-lisp" 200 - - "Mozilla/5.0 (compatible; woriobot support [at] worio [dot] com +http://worio.com)"
184.73.239.99 - - [23/Feb/2011:09:46:49 +0100] "HEAD /what-is-acheron-lisp" 200 - - "Mozilla/5.0 (compatible; woriobot support [at] worio [dot] com +http://worio.com)"
216.39.58.78 - - [23/Feb/2011:09:57:23 +0100] "GET /what-is-acheron-lisp" 200 - - "Mozilla/5.0 (compatible; Yahoo Pipes 2.0; +http://developer.yahoo.com/yql/provider) Gecko/20090729 Firefox/3.5.2"
184.73.239.99 - - [23/Feb/2011:10:00:22 +0100] "HEAD /what-is-acheron-lisp" 200 - - "Mozilla/5.0 (compatible; woriobot support [at] worio [dot] com +http://worio.com)"
184.73.239.99 - - [23/Feb/2011:10:13:38 +0100] "HEAD /what-is-acheron-lisp" 200 - - "Mozilla/5.0 (compatible; woriobot support [at] worio [dot] com +http://worio.com)"
184.73.239.99 - - [23/Feb/2011:10:26:43 +0100] "HEAD /what-is-acheron-lisp" 200 - - "Mozilla/5.0 (compatible; woriobot support [at] worio [dot] com +http://worio.com)"
184.73.239.99 - - [23/Feb/2011:10:39:52 +0100] "HEAD /what-is-acheron-lisp" 200 - - "Mozilla/5.0 (compatible; woriobot support [at] worio [dot] com +http://worio.com)"
216.39.58.18 - - [23/Feb/2011:10:46:40 +0100] "GET /what-is-acheron-lisp" 200 - - "Mozilla/5.0 (compatible; Yahoo Pipes 2.0; +http://developer.yahoo.com/yql/provider) Gecko/20090729 Firefox/3.5.2"
72.14.199.8 - - [23/Feb/2011:10:49:58 +0100] "GET /rss.xml" 304 - - "Feedfetcher-Google; (+http://www.google.com/feedfetcher.html; 1 subscribers; feed-id=11916054194069086820)"
184.73.239.99 - - [23/Feb/2011:10:52:50 +0100] "HEAD /what-is-acheron-lisp" 200 - - "Mozilla/5.0 (compatible; woriobot support [at] worio [dot] com +http://worio.com)"
184.73.239.99 - - [23/Feb/2011:11:05:46 +0100] "HEAD /what-is-acheron-lisp" 200 - - "Mozilla/5.0 (compatible; woriobot support [at] worio [dot] com +http://worio.com)"
216.67.81.75 - - [23/Feb/2011:11:10:29 +0100] "GET /using-the-repl" 200 - - "Mozilla/5.0 (Linux; U; Android 2.2.1; en-us; DROIDX Build/VZW) AppleWebKit/533.1 (KHTML, like Gecko) Version/4.0 Mobile Safari/533.1 854X480 motorola DROIDX"
216.39.58.18 - - [23/Feb/2011:11:11:42 +0100] "GET /what-is-acheron-lisp" 200 - - "Mozilla/5.0 (compatible; Yahoo Pipes 2.0; +http://developer.yahoo.com/yql/provider) Gecko/20090729 Firefox/3.5.2"
184.73.239.99 - - [23/Feb/2011:11:18:42 +0100] "HEAD /what-is-acheron-lisp" 200 - - "Mozilla/5.0 (compatible; woriobot support [at] worio [dot] com +http://worio.com)"
184.73.239.99 - - [23/Feb/2011:11:32:15 +0100] "HEAD /what-is-acheron-lisp" 200 - - "Mozilla/5.0 (compatible; woriobot support [at] worio [dot] com +http://worio.com)"
66.249.71.244 - - [23/Feb/2011:11:34:26 +0100] "GET /2011/02/20" 200 - - "Mozilla/5.0 (compatible; Googlebot/2.1; +http://www.google.com/bot.html)"
218.213.130.199 - - [23/Feb/2011:11:35:34 +0100] "GET /replyToBlogEntry.action?entry=1296676224366" 200 - - "ichiro/4.0 (http://help.goo.ne.jp/door/crawler.html)"
209.131.41.48 - - [23/Feb/2011:11:42:16 +0100] "GET /what-is-acheron-lisp" 200 - - "Mozilla/5.0 (compatible; Yahoo Pipes 2.0; +http://developer.yahoo.com/yql/provider) Gecko/20090729 Firefox/3.5.2"
184.73.239.99 - - [23/Feb/2011:11:45:18 +0100] "HEAD /what-is-acheron-lisp" 200 - - "Mozilla/5.0 (compatible; woriobot support [at] worio [dot] com +http://worio.com)"
116.125.141.11 - - [23/Feb/2011:11:55:39 +0100] "GET /what-is-acheron-lisp" 200 - "http://www.lispnyc.org" "Mozilla/5.0 (compatible; Firefox compatible; MS IE compatible; not on Windows server; +http://cs.daum.net/faq/site/15.html) Daumoa-feedfetcher/2.0"
184.73.239.99 - - [23/Feb/2011:11:58:16 +0100] "HEAD /what-is-acheron-lisp" 200 - - "Mozilla/5.0 (compatible; woriobot support [at] worio [dot] com +http://worio.com)"
184.73.239.99 - - [23/Feb/2011:12:11:17 +0100] "HEAD /what-is-acheron-lisp" 200 - - "Mozilla/5.0 (compatible; woriobot support [at] worio [dot] com +http://worio.com)"
184.73.239.99 - - [23/Feb/2011:12:24:11 +0100] "HEAD /what-is-acheron-lisp" 200 - - "Mozilla/5.0 (compatible; woriobot support [at] worio [dot] com +http://worio.com)"
216.39.58.18 - - [23/Feb/2011:12:30:26 +0100] "GET /what-is-acheron-lisp" 200 - - "Mozilla/5.0 (compatible; Yahoo Pipes 2.0; +http://developer.yahoo.com/yql/provider) Gecko/20090729 Firefox/3.5.2"
121.44.146.107 - - [23/Feb/2011:12:31:37 +0100] "GET /what-is-acheron-lisp" 200 - "http://news.ycombinator.com/x?fnid=pn3TtOhoap" "Mozilla/5.0 (Macintosh; U; Intel Mac OS X 10_6_6; en-US) AppleWebKit/534.13 (KHTML, like Gecko) Chrome/9.0.597.102 Safari/534.13"
218.213.130.199 - - [23/Feb/2011:12:34:37 +0100] "GET /using-the-repl" 200 - - "ichiro/4.0 (http://help.goo.ne.jp/door/crawler.html)"
184.73.239.99 - - [23/Feb/2011:12:36:57 +0100] "HEAD /what-is-acheron-lisp" 200 - - "Mozilla/5.0 (compatible; woriobot support [at] worio [dot] com +http://worio.com)"
184.73.239.99 - - [23/Feb/2011:12:49:48 +0100] "HEAD /what-is-acheron-lisp" 200 - - "Mozilla/5.0 (compatible; woriobot support [at] worio [dot] com +http://worio.com)"
216.39.58.17 - - [23/Feb/2011:12:53:14 +0100] "GET /what-is-acheron-lisp" 200 - - "Mozilla/5.0 (compatible; Yahoo Pipes 2.0; +http://developer.yahoo.com/yql/provider) Gecko/20090729 Firefox/3.5.2"
184.73.239.99 - - [23/Feb/2011:13:02:27 +0100] "HEAD /what-is-acheron-lisp" 200 - - "Mozilla/5.0 (compatible; woriobot support [at] worio [dot] com +http://worio.com)"
184.73.239.99 - - [23/Feb/2011:13:15:20 +0100] "HEAD /what-is-acheron-lisp" 200 - - "Mozilla/5.0 (compatible; woriobot support [at] worio [dot] com +http://worio.com)"
216.39.58.18 - - [23/Feb/2011:13:23:22 +0100] "GET /what-is-acheron-lisp" 200 - - "Mozilla/5.0 (compatible; Yahoo Pipes 2.0; +http://developer.yahoo.com/yql/provider) Gecko/20090729 Firefox/3.5.2"
184.73.239.99 - - [23/Feb/2011:13:28:18 +0100] "HEAD /what-is-acheron-lisp" 200 - - "Mozilla/5.0 (compatible; woriobot support [at] worio [dot] com +http://worio.com)"
72.14.199.8 - - [23/Feb/2011:13:41:08 +0100] "GET /rss.xml" 304 - - "Feedfetcher-Google; (+http://www.google.com/feedfetcher.html; 1 subscribers; feed-id=11916054194069086820)"
184.73.239.99 - - [23/Feb/2011:13:41:12 +0100] "HEAD /what-is-acheron-lisp" 200 - - "Mozilla/5.0 (compatible; woriobot support [at] worio [dot] com +http://worio.com)"
184.73.239.99 - - [23/Feb/2011:13:53:58 +0100] "HEAD /what-is-acheron-lisp" 200 - - "Mozilla/5.0 (compatible; woriobot support [at] worio [dot] com +http://worio.com)"
216.39.58.17 - - [23/Feb/2011:14:12:34 +0100] "GET /what-is-acheron-lisp" 200 - - "Mozilla/5.0 (compatible; Yahoo Pipes 2.0; +http://developer.yahoo.com/yql/provider) Gecko/20090729 Firefox/3.5.2"
50.16.45.108 - - [23/Feb/2011:14:18:09 +0100] "GET /what-is-acheron-lisp" 200 - - "PostRank/2.0 (postrank.com; 1 subscribers)"
64.7.132.78 - - [23/Feb/2011:14:19:07 +0100] "GET /what-is-acheron-lisp" 200 - - "Opera/9.80 (Windows NT 5.1; U; en) Presto/2.7.62 Version/11.01"
64.7.132.78 - - [23/Feb/2011:14:19:08 +0100] "GET /pebble.css" 500 - "http://www.lispnyc.org/blog/acheron/what-is-acheron-lisp" "Opera/9.80 (Windows NT 5.1; U; en) Presto/2.7.62 Version/11.01"
64.7.132.78 - - [23/Feb/2011:14:19:08 +0100] "GET /themes/lisp-nyc-mit/screen.css" 500 - "http://www.lispnyc.org/blog/acheron/what-is-acheron-lisp" "Opera/9.80 (Windows NT 5.1; U; en) Presto/2.7.62 Version/11.01"
64.7.132.78 - - [23/Feb/2011:14:19:08 +0100] "GET /themes/lisp-nyc-mit/print.css" 500 - "http://www.lispnyc.org/blog/acheron/what-is-acheron-lisp" "Opera/9.80 (Windows NT 5.1; U; en) Presto/2.7.62 Version/11.01"
64.7.132.78 - - [23/Feb/2011:14:19:09 +0100] "GET /themes/_pebble/handheld.css" 500 - "http://www.lispnyc.org/blog/acheron/what-is-acheron-lisp" "Opera/9.80 (Windows NT 5.1; U; en) Presto/2.7.62 Version/11.01"
189.33.59.168 - - [23/Feb/2011:14:22:57 +0100] "GET /what-is-acheron-lisp" 200 - - "Mozilla/5.0 (Macintosh; U; Intel Mac OS X 10_6_6; en-us) AppleWebKit/533.19.4 (KHTML, like Gecko) Version/5.0.3 Safari/533.19.4"
66.249.71.247 - - [23/Feb/2011:14:24:56 +0100] "GET /2011/02/03" 200 - - "Mozilla/5.0 (compatible; Googlebot/2.1; +http://www.google.com/bot.html)"
99.157.106.84 - - [23/Feb/2011:14:27:08 +0100] "GET /what-is-acheron-lisp" 200 - "http://news.ycombinator.com/x?fnid=8cbxKZeSkW" "Mozilla/5.0 (X11; U; Linux i686; en-US; rv:1.9.2.13) Gecko/20101206 Ubuntu/10.10 (maverick) Firefox/3.6.13"
216.39.58.17 - - [23/Feb/2011:14:34:52 +0100] "GET /what-is-acheron-lisp" 200 - - "Mozilla/5.0 (compatible; Yahoo Pipes 2.0; +http://developer.yahoo.com/yql/provider) Gecko/20090729 Firefox/3.5.2"
64.7.132.78 - - [23/Feb/2011:14:43:25 +0100] "GET /what-is-acheron-lisp" 200 - - "Opera/9.80 (Windows NT 5.1; U; en) Presto/2.7.62 Version/11.01"
64.7.132.78 - - [23/Feb/2011:14:43:34 +0100] "GET /themes/lisp-nyc-mit/screen.css" 500 - "http://www.lispnyc.org/blog/acheron/what-is-acheron-lisp" "Opera/9.80 (Windows NT 5.1; U; en) Presto/2.7.62 Version/11.01"
64.7.132.78 - - [23/Feb/2011:14:43:34 +0100] "GET /themes/lisp-nyc-mit/print.css" 500 - "http://www.lispnyc.org/blog/acheron/what-is-acheron-lisp" "Opera/9.80 (Windows NT 5.1; U; en) Presto/2.7.62 Version/11.01"
64.7.132.78 - - [23/Feb/2011:14:43:34 +0100] "GET /themes/_pebble/handheld.css" 500 - "http://www.lispnyc.org/blog/acheron/what-is-acheron-lisp" "Opera/9.80 (Windows NT 5.1; U; en) Presto/2.7.62 Version/11.01"
64.7.132.78 - - [23/Feb/2011:14:43:34 +0100] "GET /pebble.css" 500 - "http://www.lispnyc.org/blog/acheron/what-is-acheron-lisp" "Opera/9.80 (Windows NT 5.1; U; en) Presto/2.7.62 Version/11.01"
75.101.204.5 - - [23/Feb/2011:14:47:15 +0100] "HEAD /what-is-acheron-lisp" 200 - "http://bit.ly/f602uW" "Mozilla/5.0 (compatible; PaperLiBot/2.1)"
216.39.58.18 - - [23/Feb/2011:15:04:25 +0100] "GET /what-is-acheron-lisp" 200 - - "Mozilla/5.0 (compatible; Yahoo Pipes 2.0; +http://developer.yahoo.com/yql/provider) Gecko/20090729 Firefox/3.5.2"
66.249.71.247 - - [23/Feb/2011:15:34:51 +0100] "GET /2011/02/01" 200 - - "Mozilla/5.0 (compatible; Googlebot/2.1; +http://www.google.com/bot.html)"
209.131.41.49 - - [23/Feb/2011:16:01:49 +0100] "GET /what-is-acheron-lisp" 200 - - "Mozilla/5.0 (compatible; Yahoo Pipes 2.0; +http://developer.yahoo.com/yql/provider) Gecko/20090729 Firefox/3.5.2"
218.213.130.199 - - [23/Feb/2011:16:06:34 +0100] "GET /rss.xml" 200 - - "DoCoMo/2.0 P901i(c100;TB;W24H11) (compatible; ichiro/mobile goo; +http://help.goo.ne.jp/door/crawler.html)"
218.213.130.199 - - [23/Feb/2011:16:14:04 +0100] "GET /" 200 - - "DoCoMo/2.0 P901i(c100;TB;W24H11) (compatible; ichiro/mobile goo; +http://help.goo.ne.jp/door/crawler.html)"
66.249.71.247 - - [23/Feb/2011:16:25:54 +0100] "GET /2011/02/01" 200 - - "Mozilla/5.0 (compatible; Googlebot/2.1; +http://www.google.com/bot.html)"
216.39.58.17 - - [23/Feb/2011:16:26:33 +0100] "GET /what-is-acheron-lisp" 200 - - "Mozilla/5.0 (compatible; Yahoo Pipes 2.0; +http://developer.yahoo.com/yql/provider) Gecko/20090729 Firefox/3.5.2"
168.24.82.34 - - [23/Feb/2011:16:31:59 +0100] "GET /what-is-acheron-lisp" 200 - "http://news.ycombinator.com/x?fnid=ZqY6bUZ11R" "Mozilla/5.0 (Macintosh; U; Intel Mac OS X 10_6_6; en-US) AppleWebKit/534.13 (KHTML, like Gecko) Chrome/9.0.597.102 Safari/534.13"
218.213.130.199 - - [23/Feb/2011:16:39:07 +0100] "GET /using-the-repl" 200 - - "ichiro/4.0 (http://help.goo.ne.jp/door/crawler.html)"
216.39.58.78 - - [23/Feb/2011:16:58:07 +0100] "GET /what-is-acheron-lisp" 200 - - "Mozilla/5.0 (compatible; Yahoo Pipes 2.0; +http://developer.yahoo.com/yql/provider) Gecko/20090729 Firefox/3.5.2"
94.223.222.122 - - [23/Feb/2011:16:58:41 +0100] "GET /what-is-acheron-lisp" 200 - "http://news.ycombinator.com/x?fnid=f8N0my2cAL" "Mozilla/5.0 (Windows; U; Windows NT 5.1; de; rv:1.9.2.13) Gecko/20101203 Firefox/3.6.13 ( .NET CLR 3.0.4506.2152)"
130.221.145.5 - - [23/Feb/2011:17:02:35 +0100] "GET /using-the-repl" 200 - "http://lispnyc.org/home" "Mozilla/5.0 (Windows NT 5.1; rv:2.0b12pre) Gecko/20110221 Firefox/4.0b12pre"
130.221.145.5 - - [23/Feb/2011:17:02:35 +0100] "GET /rss.xml" 200 - - "Mozilla/4.0 (compatible;)"
130.221.145.5 - - [23/Feb/2011:17:02:35 +0100] "GET /atom.xml" 200 - - "Mozilla/4.0 (compatible;)"
208.115.138.254 - - [23/Feb/2011:17:02:35 +0100] "GET /rss.xml" 200 - - "Mozilla/4.0 (compatible; MSIE 7.0; Windows NT 5.1; InfoPath.1; .NET CLR 2.0.50727; .NET CLR 1.1.4322; MS-RTC LM 8; .NET CLR 3.0.4506.2152; .NET CLR 3.5.30729)"
208.115.138.254 - - [23/Feb/2011:17:02:35 +0100] "GET /rdf.xml" 200 - - "Mozilla/4.0 (compatible; MSIE 7.0; Windows NT 5.1; InfoPath.1; .NET CLR 2.0.50727; .NET CLR 1.1.4322; MS-RTC LM 8; .NET CLR 3.0.4506.2152; .NET CLR 3.5.30729)"
130.221.145.5 - - [23/Feb/2011:17:02:35 +0100] "GET /rdf.xml" 200 - - "Mozilla/4.0 (compatible;)"
208.115.138.254 - - [23/Feb/2011:17:02:35 +0100] "GET /atom.xml" 200 - - "Mozilla/4.0 (compatible; MSIE 7.0; Windows NT 5.1; InfoPath.1; .NET CLR 2.0.50727; .NET CLR 1.1.4322; MS-RTC LM 8; .NET CLR 3.0.4506.2152; .NET CLR 3.5.30729)"
208.115.138.254 - - [23/Feb/2011:17:02:35 +0100] "GET /using-the-repl" 200 - - "Mozilla/4.0 (compatible; MSIE 7.0; Windows NT 5.1; InfoPath.1; .NET CLR 2.0.50727; .NET CLR 1.1.4322; MS-RTC LM 8; .NET CLR 3.0.4506.2152; .NET CLR 3.5.30729)"
208.70.99.57 - - [23/Feb/2011:17:22:00 +0100] "GET /what-is-acheron-lisp" 200 - - "Mozilla/5.0 (Windows; U; Windows NT 6.1; en-US) AppleWebKit/534.16 (KHTML, like Gecko) Chrome/10.0.648.82 Safari/534.16"
72.14.199.8 - - [23/Feb/2011:17:46:43 +0100] "GET /rss.xml" 304 - - "Feedfetcher-Google; (+http://www.google.com/feedfetcher.html; 1 subscribers; feed-id=11916054194069086820)"
216.39.58.17 - - [23/Feb/2011:17:59:53 +0100] "GET /what-is-acheron-lisp" 200 - - "Mozilla/5.0 (compatible; Yahoo Pipes 2.0; +http://developer.yahoo.com/yql/provider) Gecko/20090729 Firefox/3.5.2"
67.195.114.220 - - [23/Feb/2011:18:09:29 +0100] "GET /" 200 - - "Mozilla/5.0 (compatible; Yahoo! Slurp; http://help.yahoo.com/help/us/ysearch/slurp)"
67.195.114.220 - - [23/Feb/2011:18:10:42 +0100] "GET /responses/rss.xml" 200 - - "Mozilla/5.0 (compatible; Yahoo! Slurp; http://help.yahoo.com/help/us/ysearch/slurp)"
67.195.114.220 - - [23/Feb/2011:18:11:14 +0100] "GET /2011/02/21" 200 - - "Mozilla/5.0 (compatible; Yahoo! Slurp; http://help.yahoo.com/help/us/ysearch/slurp)"
67.195.114.220 - - [23/Feb/2011:18:11:52 +0100] "GET /2011/02/23" 200 - - "Mozilla/5.0 (compatible; Yahoo! Slurp; http://help.yahoo.com/help/us/ysearch/slurp)"
216.39.58.78 - - [23/Feb/2011:18:24:44 +0100] "GET /what-is-acheron-lisp" 200 - - "Mozilla/5.0 (compatible; Yahoo Pipes 2.0; +http://developer.yahoo.com/yql/provider) Gecko/20090729 Firefox/3.5.2"
218.213.130.199 - - [23/Feb/2011:18:27:27 +0100] "GET /rdf.xml" 200 - - "DoCoMo/2.0 P901i(c100;TB;W24H11) (compatible; ichiro/mobile goo; +http://help.goo.ne.jp/door/crawler.html)"
218.213.130.199 - - [23/Feb/2011:18:37:22 +0100] "GET /atom.xml" 200 - - "DoCoMo/2.0 P901i(c100;TB;W24H11) (compatible; ichiro/mobile goo; +http://help.goo.ne.jp/door/crawler.html)"
218.213.130.199 - - [23/Feb/2011:18:48:42 +0100] "GET /themes/lisp-nyc-mit/screen.css" 500 - - "ichiro/4.0 (http://help.goo.ne.jp/door/crawler.html)"
216.39.58.78 - - [23/Feb/2011:18:55:04 +0100] "GET /what-is-acheron-lisp" 200 - - "Mozilla/5.0 (compatible; Yahoo Pipes 2.0; +http://developer.yahoo.com/yql/provider) Gecko/20090729 Firefox/3.5.2"
66.249.71.247 - - [23/Feb/2011:18:55:24 +0100] "GET /2011/02/13" 200 - - "Mozilla/5.0 (compatible; Googlebot/2.1; +http://www.google.com/bot.html)"
218.213.130.199 - - [23/Feb/2011:18:59:11 +0100] "GET /pebble.css" 500 - - "ichiro/4.0 (http://help.goo.ne.jp/door/crawler.html)"
66.249.71.247 - - [23/Feb/2011:19:07:56 +0100] "GET /2011/02/13" 200 - - "Mozilla/5.0 (compatible; Googlebot/2.1; +http://www.google.com/bot.html)"
218.213.130.199 - - [23/Feb/2011:19:09:10 +0100] "GET /themes/_pebble/handheld.css" 500 - - "ichiro/4.0 (http://help.goo.ne.jp/door/crawler.html)"
218.213.130.199 - - [23/Feb/2011:19:19:00 +0100] "GET /themes/lisp-nyc-mit/print.css" 500 - - "ichiro/4.0 (http://help.goo.ne.jp/door/crawler.html)"
77.88.28.246 - - [23/Feb/2011:19:23:46 +0100] "GET /using-the-repl" 200 - - "Mozilla/5.0 (compatible; YandexBot/3.0; +http://yandex.com/bots)"
218.213.130.199 - - [23/Feb/2011:19:39:24 +0100] "GET /subscribe.action" 200 - - "ichiro/4.0 (http://help.goo.ne.jp/door/crawler.html)"
89.149.208.197 - - [23/Feb/2011:19:40:21 +0100] "GET /rss.xml" 304 - - "rss2email/2.65 +http://www.aaronsw.com/2002/rss2email/"
218.213.130.199 - - [23/Feb/2011:19:48:47 +0100] "GET /2011/02" 200 - - "ichiro/4.0 (http://help.goo.ne.jp/door/crawler.html)"
209.131.41.48 - - [23/Feb/2011:19:49:01 +0100] "GET /what-is-acheron-lisp" 200 - - "Mozilla/5.0 (compatible; Yahoo Pipes 2.0; +http://developer.yahoo.com/yql/provider) Gecko/20090729 Firefox/3.5.2"
218.213.130.199 - - [23/Feb/2011:19:59:08 +0100] "GET /2011/02/02" 200 - - "ichiro/4.0 (http://help.goo.ne.jp/door/crawler.html)"
218.213.130.199 - - [23/Feb/2011:20:09:17 +0100] "GET /2011/02/21" 200 - - "ichiro/4.0 (http://help.goo.ne.jp/door/crawler.html)"
216.39.58.78 - - [23/Feb/2011:20:11:38 +0100] "GET /what-is-acheron-lisp" 200 - - "Mozilla/5.0 (compatible; Yahoo Pipes 2.0; +http://developer.yahoo.com/yql/provider) Gecko/20090729 Firefox/3.5.2"
218.213.130.199 - - [23/Feb/2011:20:19:00 +0100] "GET /2011/02/23" 200 - - "ichiro/4.0 (http://help.goo.ne.jp/door/crawler.html)"
91.12.89.10 - - [23/Feb/2011:20:24:36 +0100] "GET /" 200 - - "Mozilla/5.0 (Macintosh; Intel Mac OS X 10.6; rv:2.0b11) Gecko/20100101 Firefox/4.0b11"
91.12.89.10 - - [23/Feb/2011:20:24:42 +0100] "GET /" 200 - "http://lispnyc.org/blog/acheron/" "Mozilla/5.0 (Macintosh; Intel Mac OS X 10.6; rv:2.0b11) Gecko/20100101 Firefox/4.0b11"
91.12.89.10 - - [23/Feb/2011:20:24:51 +0100] "GET /viewResponses.secureaction" 200 - "http://lispnyc.org/blog/acheron/" "Mozilla/5.0 (Macintosh; Intel Mac OS X 10.6; rv:2.0b11) Gecko/20100101 Firefox/4.0b11"
91.12.89.10 - - [23/Feb/2011:20:24:54 +0100] "GET /using-the-repl" 200 - "http://lispnyc.org/blog/acheron/viewResponses.secureaction" "Mozilla/5.0 (Macintosh; Intel Mac OS X 10.6; rv:2.0b11) Gecko/20100101 Firefox/4.0b11"
218.213.130.199 - - [23/Feb/2011:20:29:01 +0100] "GET /search.action" 200 - - "ichiro/4.0 (http://help.goo.ne.jp/door/crawler.html)"
72.14.199.8 - - [23/Feb/2011:20:39:02 +0100] "GET /rss.xml" 304 - - "Feedfetcher-Google; (+http://www.google.com/feedfetcher.html; 1 subscribers; feed-id=11916054194069086820)"
218.213.130.199 - - [23/Feb/2011:20:39:20 +0100] "GET /using-the-repl" 200 - - "ichiro/4.0 (http://help.goo.ne.jp/door/crawler.html)"
216.39.58.78 - - [23/Feb/2011:20:41:25 +0100] "GET /what-is-acheron-lisp" 200 - - "Mozilla/5.0 (compatible; Yahoo Pipes 2.0; +http://developer.yahoo.com/yql/provider) Gecko/20090729 Firefox/3.5.2"
218.213.130.199 - - [23/Feb/2011:20:49:16 +0100] "GET /what-is-acheron-lisp" 200 - - "ichiro/4.0 (http://help.goo.ne.jp/door/crawler.html)"
218.213.130.199 - - [23/Feb/2011:20:59:11 +0100] "GET /responses/rss.xml" 200 - - "DoCoMo/2.0 P901i(c100;TB;W24H11) (compatible; ichiro/mobile goo; +http://help.goo.ne.jp/door/crawler.html)"
216.39.58.78 - - [23/Feb/2011:21:38:51 +0100] "GET /what-is-acheron-lisp" 200 - - "Mozilla/5.0 (compatible; Yahoo Pipes 2.0; +http://developer.yahoo.com/yql/provider) Gecko/20090729 Firefox/3.5.2"
216.39.58.17 - - [23/Feb/2011:22:03:22 +0100] "GET /what-is-acheron-lisp" 200 - - "Mozilla/5.0 (compatible; Yahoo Pipes 2.0; +http://developer.yahoo.com/yql/provider) Gecko/20090729 Firefox/3.5.2"
204.236.221.246 - - [23/Feb/2011:22:03:48 +0100] "GET /what-is-acheron-lisp" 200 - - "PostRank/2.0 (postrank.com; 1 subscribers)"
67.195.114.220 - - [23/Feb/2011:22:13:23 +0100] "GET /using-the-repl" 200 - - "Mozilla/5.0 (compatible; Yahoo! Slurp; http://help.yahoo.com/help/us/ysearch/slurp)"
216.39.58.18 - - [23/Feb/2011:22:35:51 +0100] "GET /what-is-acheron-lisp" 200 - - "Mozilla/5.0 (compatible; Yahoo Pipes 2.0; +http://developer.yahoo.com/yql/provider) Gecko/20090729 Firefox/3.5.2"
72.14.199.8 - - [23/Feb/2011:23:30:42 +0100] "GET /rss.xml" 200 - - "Feedfetcher-Google; (+http://www.google.com/feedfetcher.html; 1 subscribers; feed-id=11916054194069086820)"
209.131.41.49 - - [23/Feb/2011:23:34:43 +0100] "GET /what-is-acheron-lisp" 200 - - "Mozilla/5.0 (compatible; Yahoo Pipes 2.0; +http://developer.yahoo.com/yql/provider) Gecko/20090729 Firefox/3.5.2"
217.162.73.113 - - [23/Feb/2011:23:58:53 +0100] "GET /using-the-repl" 200 - "http://lispnyc.org/blog/" "Mozilla/5.0 (X11; U; Linux x86_64; en-US; rv:1.9.2.13) Gecko/20110103 Fedora/3.6.13-1.fc14 Firefox/3.6.13"
217.162.73.113 - - [23/Feb/2011:23:59:02 +0100] "GET /using-the-repl" 200 - "http://lispnyc.org/blog/" "Mozilla/5.0 (X11; U; Linux x86_64; en-US; rv:1.9.2.13) Gecko/20110103 Fedora/3.6.13-1.fc14 Firefox/3.6.13"
216.39.58.17 - - [23/Feb/2011:23:59:06 +0100] "GET /what-is-acheron-lisp" 200 - - "Mozilla/5.0 (compatible; Yahoo Pipes 2.0; +http://developer.yahoo.com/yql/provider) Gecko/20090729 Firefox/3.5.2"
217.162.73.113 - - [23/Feb/2011:23:59:31 +0100] "GET /what-is-acheron-lisp" 200 - "http://lispnyc.org/blog/acheron/using-the-repl" "Mozilla/5.0 (X11; U; Linux x86_64; en-US; rv:1.9.2.13) Gecko/20110103 Fedora/3.6.13-1.fc14 Firefox/3.6.13"
