210.173.180.160 - - [04/Feb/2011:00:18:12 -0500] "GET /rdf.xml" 200 - - "ichiro/3.0 (http://help.goo.ne.jp/door/crawler.html)"
210.173.180.160 - - [04/Feb/2011:00:18:22 -0500] "GET /atom.xml" 200 - - "ichiro/3.0 (http://help.goo.ne.jp/door/crawler.html)"
210.173.180.160 - - [04/Feb/2011:00:18:42 -0500] "GET /subscribe.action" 200 - - "ichiro/3.0 (http://help.goo.ne.jp/door/crawler.html)"
210.173.180.160 - - [04/Feb/2011:00:18:53 -0500] "GET /2011/02" 200 - - "ichiro/3.0 (http://help.goo.ne.jp/door/crawler.html)"
210.173.180.160 - - [04/Feb/2011:00:19:07 -0500] "GET /2011/02/03" 200 - - "ichiro/3.0 (http://help.goo.ne.jp/door/crawler.html)"
210.173.180.160 - - [04/Feb/2011:00:19:19 -0500] "GET /search.action" 200 - - "ichiro/3.0 (http://help.goo.ne.jp/door/crawler.html)"
67.195.114.224 - - [04/Feb/2011:00:22:09 -0500] "GET /rdf.xml" 200 - - "Mozilla/5.0 (compatible; Yahoo! Slurp; http://help.yahoo.com/help/us/ysearch/slurp)"
210.173.180.160 - - [04/Feb/2011:00:51:15 -0500] "GET /the-inverse-of-a-famous-equation" 200 - - "ichiro/3.0 (http://help.goo.ne.jp/door/crawler.html)"
210.173.180.160 - - [04/Feb/2011:00:51:33 -0500] "GET /2011/02/04" 200 - - "ichiro/3.0 (http://help.goo.ne.jp/door/crawler.html)"
210.173.180.160 - - [04/Feb/2011:00:51:49 -0500] "GET /replyToBlogEntry.action?entry=1296790637453" 200 - - "ichiro/3.0 (http://help.goo.ne.jp/door/crawler.html)"
210.173.180.160 - - [04/Feb/2011:00:52:00 -0500] "GET /authors/van/" 200 - - "ichiro/3.0 (http://help.goo.ne.jp/door/crawler.html)"
210.173.180.160 - - [04/Feb/2011:00:52:11 -0500] "GET /2011/02/02" 200 - - "ichiro/3.0 (http://help.goo.ne.jp/door/crawler.html)"
210.173.180.160 - - [04/Feb/2011:00:55:40 -0500] "GET /generateTrackBackLink.action?entry=1296790637453" 200 - - "ichiro/3.0 (http://help.goo.ne.jp/door/crawler.html)"
210.173.180.160 - - [04/Feb/2011:00:56:04 -0500] "GET /authors/van/rss.xml" 200 - - "ichiro/3.0 (http://help.goo.ne.jp/door/crawler.html)"
210.173.180.160 - - [04/Feb/2011:00:56:14 -0500] "GET /2011/02/01" 200 - - "ichiro/3.0 (http://help.goo.ne.jp/door/crawler.html)"
91.12.122.205 - - [04/Feb/2011:00:57:03 -0500] "GET /the-inverse-of-a-famous-equation" 200 - - "Mozilla/5.0 (Macintosh; Intel Mac OS X 10.6; rv:2.0b10) Gecko/20100101 Firefox/4.0b10"
143.93.53.41 - - [04/Feb/2011:05:04:04 -0500] "GET /" 200 - "http://www.lispnyc.org/blog/" "Mozilla/5.0 (Macintosh; Intel Mac OS X 10.6; rv:2.0b10) Gecko/20100101 Firefox/4.0b10"
66.249.72.43 - - [04/Feb/2011:05:31:10 -0500] "GET /the-inverse-of-a-famous-equation" 200 - - "Mozilla/5.0 (compatible; Googlebot/2.1; +http://www.google.com/bot.html)"
66.249.72.43 - - [04/Feb/2011:05:36:53 -0500] "GET /replyToBlogEntry.action?entry=1296790637453" 200 - - "Mozilla/5.0 (compatible; Googlebot/2.1; +http://www.google.com/bot.html)"
141.150.23.150 - - [04/Feb/2011:05:38:39 -0500] "GET /" 200 - - "Mozilla/5.0 (X11; U; Linux x86_64; en-US; rv:1.8.1.19) Gecko/20081216 Ubuntu/7.10 (gutsy) Firefox/2.0.0.19"
141.150.23.150 - - [04/Feb/2011:05:39:39 -0500] "GET /the-inverse-of-a-famous-equation" 200 - "http://lispnyc.org/blog/lisppets/" "Mozilla/5.0 (X11; U; Linux x86_64; en-US; rv:1.8.1.19) Gecko/20081216 Ubuntu/7.10 (gutsy) Firefox/2.0.0.19"
66.249.72.43 - - [04/Feb/2011:05:42:52 -0500] "GET /responses/rss.xml?entry=1296790637453" 200 - - "Mozilla/5.0 (compatible; Googlebot/2.1; +http://www.google.com/bot.html)"
141.150.23.150 - - [04/Feb/2011:05:52:10 -0500] "GET /" 200 - - "Mozilla/5.0 (X11; U; Linux x86_64; en-US; rv:1.8.1.19) Gecko/20081216 Ubuntu/7.10 (gutsy) Firefox/2.0.0.19"
141.150.23.150 - - [04/Feb/2011:05:52:53 -0500] "GET /" 200 - "http://lispnyc.org/blog/lisppets/" "Mozilla/5.0 (X11; U; Linux x86_64; en-US; rv:1.8.1.19) Gecko/20081216 Ubuntu/7.10 (gutsy) Firefox/2.0.0.19"
141.150.23.150 - - [04/Feb/2011:05:53:16 -0500] "POST /manageBlogEntry.secureaction" 200 - "http://lispnyc.org/blog/lisppets/" "Mozilla/5.0 (X11; U; Linux x86_64; en-US; rv:1.8.1.19) Gecko/20081216 Ubuntu/7.10 (gutsy) Firefox/2.0.0.19"
141.150.23.150 - - [04/Feb/2011:05:55:24 -0500] "POST /saveBlogEntry.secureaction" 200 - "http://lispnyc.org/blog/lisppets/manageBlogEntry.secureaction" "Mozilla/5.0 (X11; U; Linux x86_64; en-US; rv:1.8.1.19) Gecko/20081216 Ubuntu/7.10 (gutsy) Firefox/2.0.0.19"
141.150.23.150 - - [04/Feb/2011:05:55:40 -0500] "GET /the-inverse-of-a-famous-equation" 200 - "http://lispnyc.org/blog/lisppets/saveBlogEntry.secureaction" "Mozilla/5.0 (X11; U; Linux x86_64; en-US; rv:1.8.1.19) Gecko/20081216 Ubuntu/7.10 (gutsy) Firefox/2.0.0.19"
66.249.72.43 - - [04/Feb/2011:06:30:01 -0500] "GET /2011/02/04" 200 - - "Mozilla/5.0 (compatible; Googlebot/2.1; +http://www.google.com/bot.html)"
66.249.72.43 - - [04/Feb/2011:06:30:02 -0500] "GET /generateTrackBackLink.action?entry=1296790637453" 200 - - "Mozilla/5.0 (compatible; Googlebot/2.1; +http://www.google.com/bot.html)"
66.249.72.43 - - [04/Feb/2011:06:30:02 -0500] "GET /authors/van/" 200 - - "Mozilla/5.0 (compatible; Googlebot/2.1; +http://www.google.com/bot.html)"
58.93.34.139 - - [04/Feb/2011:07:08:31 -0500] "GET /" 200 - "http://lispnyc.org/blog/" "Mozilla/5.0 (X11; U; Linux i686; en-US; rv:1.9.2.13) Gecko/20101230 Firefox/3.6.13"
66.249.72.43 - - [04/Feb/2011:07:17:41 -0500] "GET /authors/van/rss.xml" 200 - - "Mozilla/5.0 (compatible; Googlebot/2.1; +http://www.google.com/bot.html)"
67.195.114.224 - - [04/Feb/2011:07:22:20 -0500] "GET /generateTrackBackLink.action?entry=1296790637453" 200 - - "Mozilla/5.0 (compatible; Yahoo! Slurp; http://help.yahoo.com/help/us/ysearch/slurp)"
141.150.23.150 - - [04/Feb/2011:07:30:44 -0500] "GET /" 200 - - "Mozilla/5.0 (X11; U; Linux x86_64; en-US; rv:1.8.1.19) Gecko/20081216 Ubuntu/7.10 (gutsy) Firefox/2.0.0.19"
143.93.53.41 - - [04/Feb/2011:07:34:20 -0500] "GET /" 200 - "http://www.lispnyc.org/blog/" "Mozilla/5.0 (Macintosh; Intel Mac OS X 10.6; rv:2.0b10) Gecko/20100101 Firefox/4.0b10"
143.93.63.6 - - [04/Feb/2011:07:40:52 -0500] "GET /" 200 - - "Mozilla/5.0 (Windows; U; Windows NT 6.1; en-US) AppleWebKit/534.10 (KHTML, like Gecko) Chrome/8.0.552.237 Safari/534.10"
143.93.63.6 - - [04/Feb/2011:07:46:37 -0500] "GET /the-inverse-of-a-famous-equation" 200 - "http://lispnyc.org/blog/lisppets/" "Mozilla/5.0 (Windows; U; Windows NT 6.1; en-US) AppleWebKit/534.10 (KHTML, like Gecko) Chrome/8.0.552.237 Safari/534.10"
58.93.34.139 - - [04/Feb/2011:09:18:40 -0500] "GET /" 200 - "http://lispnyc.org/blog/euske/viewReferers.secureaction" "Mozilla/5.0 (X11; U; Linux i686; en-US; rv:1.9.2.13) Gecko/20101230 Firefox/3.6.13"
58.93.34.139 - - [04/Feb/2011:09:18:45 -0500] "GET /authors/van/" 200 - "http://lispnyc.org/blog/lisppets/" "Mozilla/5.0 (X11; U; Linux i686; en-US; rv:1.9.2.13) Gecko/20101230 Firefox/3.6.13"
67.195.114.224 - - [04/Feb/2011:12:04:52 -0500] "GET /atom.xml" 200 - - "Mozilla/5.0 (compatible; Yahoo! Slurp; http://help.yahoo.com/help/us/ysearch/slurp)"
62.67.240.165 - - [04/Feb/2011:12:11:51 -0500] "GET /" 200 - "http://www.lispnyc.org/blog/" "Mozilla/5.0 (Windows; U; Windows NT 5.2; de; rv:1.9.2.13) Gecko/20101203 Firefox/3.0.5 fs/terminalserver GTB7.1 ( .NET CLR 3.5.30729; .NET4.0E)"
68.175.66.95 - - [04/Feb/2011:13:54:19 -0500] "GET /the-inverse-of-a-famous-equation" 200 - "http://lispnyc.org/blog/" "Mozilla/5.0 (X11; U; Linux x86_64; en-US; rv:1.9.2.13) Gecko/20101206 Ubuntu/10.04 (lucid) Firefox/3.6.13"
68.175.66.95 - - [04/Feb/2011:13:54:34 -0500] "GET /" 200 - "http://lispnyc.org/blog/lisppets/the-inverse-of-a-famous-equation" "Mozilla/5.0 (X11; U; Linux x86_64; en-US; rv:1.9.2.13) Gecko/20101206 Ubuntu/10.04 (lucid) Firefox/3.6.13"
68.175.66.95 - - [04/Feb/2011:13:54:40 -0500] "GET /viewBlogSecurity.secureaction" 200 - "http://lispnyc.org/blog/lisppets/" "Mozilla/5.0 (X11; U; Linux x86_64; en-US; rv:1.9.2.13) Gecko/20101206 Ubuntu/10.04 (lucid) Firefox/3.6.13"
68.175.66.95 - - [04/Feb/2011:13:54:49 -0500] "GET /viewBlogSecurity.secureaction" 200 - "http://lispnyc.org/blog/lisppets/viewBlogSecurity.secureaction" "Mozilla/5.0 (X11; U; Linux x86_64; en-US; rv:1.9.2.13) Gecko/20101206 Ubuntu/10.04 (lucid) Firefox/3.6.13"
68.175.66.95 - - [04/Feb/2011:13:55:15 -0500] "GET /replyToBlogEntry.action?entry=1296790637453" 200 - "http://lispnyc.org/blog/" "Mozilla/5.0 (X11; U; Linux x86_64; en-US; rv:1.9.2.13) Gecko/20101206 Ubuntu/10.04 (lucid) Firefox/3.6.13"
68.175.66.95 - - [04/Feb/2011:13:59:08 -0500] "POST /saveComment.action" 200 - "http://lispnyc.org/blog/lisppets/replyToBlogEntry.action?entry=1296790637453" "Mozilla/5.0 (X11; U; Linux x86_64; en-US; rv:1.9.2.13) Gecko/20101206 Ubuntu/10.04 (lucid) Firefox/3.6.13"
68.175.66.95 - - [04/Feb/2011:13:59:11 -0500] "POST /confirmComment.action" 200 - "http://lispnyc.org/blog/lisppets/saveComment.action" "Mozilla/5.0 (X11; U; Linux x86_64; en-US; rv:1.9.2.13) Gecko/20101206 Ubuntu/10.04 (lucid) Firefox/3.6.13"
68.175.66.95 - - [04/Feb/2011:13:59:14 -0500] "GET /the-inverse-of-a-famous-equation" 200 - "http://lispnyc.org/blog/lisppets/confirmComment.action" "Mozilla/5.0 (X11; U; Linux x86_64; en-US; rv:1.9.2.13) Gecko/20101206 Ubuntu/10.04 (lucid) Firefox/3.6.13"
67.195.114.224 - - [04/Feb/2011:18:02:28 -0500] "GET /2011/02" 200 - - "Mozilla/5.0 (compatible; Yahoo! Slurp; http://help.yahoo.com/help/us/ysearch/slurp)"
67.195.114.224 - - [04/Feb/2011:21:51:53 -0500] "GET /authors/van/" 200 - - "Mozilla/5.0 (compatible; Yahoo! Slurp; http://help.yahoo.com/help/us/ysearch/slurp)"
67.195.114.224 - - [04/Feb/2011:22:27:22 -0500] "GET /" 200 - - "Mozilla/5.0 (compatible; Yahoo! Slurp; http://help.yahoo.com/help/us/ysearch/slurp)"
67.195.114.224 - - [04/Feb/2011:22:27:33 -0500] "GET /rss.xml" 200 - - "Mozilla/5.0 (compatible; Yahoo! Slurp; http://help.yahoo.com/help/us/ysearch/slurp)"
67.195.114.224 - - [04/Feb/2011:22:29:05 -0500] "GET /2011/02/04" 200 - - "Mozilla/5.0 (compatible; Yahoo! Slurp; http://help.yahoo.com/help/us/ysearch/slurp)"
67.195.114.224 - - [04/Feb/2011:22:30:27 -0500] "GET /search.action" 200 - - "Mozilla/5.0 (compatible; Yahoo! Slurp; http://help.yahoo.com/help/us/ysearch/slurp)"
67.195.114.224 - - [04/Feb/2011:22:44:18 -0500] "GET /2011/02/03" 200 - - "Mozilla/5.0 (compatible; Yahoo! Slurp; http://help.yahoo.com/help/us/ysearch/slurp)"
141.153.217.57 - - [04/Feb/2011:23:32:28 -0500] "GET /" 200 - - "Mozilla/5.0 (X11; U; Linux x86_64; en-US; rv:1.8.1.19) Gecko/20081216 Ubuntu/7.10 (gutsy) Firefox/2.0.0.19"
