68.175.66.95 - - [03/Feb/2011:13:37:58 +0000] "GET /viewPlugins.secureaction" 200 - "http://lispnyc.org/blog/viewBlogs.secureaction" "Mozilla/5.0 (X11; U; Linux x86_64; en-US; rv:1.9.2.13) Gecko/20101206 Ubuntu/10.04 (lucid) Firefox/3.6.13"
68.175.66.95 - - [03/Feb/2011:13:38:09 +0000] "GET /aboutBlog.secureaction" 200 - "http://lispnyc.org/blog/lisppets/viewPlugins.secureaction" "Mozilla/5.0 (X11; U; Linux x86_64; en-US; rv:1.9.2.13) Gecko/20101206 Ubuntu/10.04 (lucid) Firefox/3.6.13"
68.175.66.95 - - [03/Feb/2011:13:38:15 +0000] "GET /viewBlogProperties.secureaction" 200 - "http://lispnyc.org/blog/lisppets/aboutBlog.secureaction" "Mozilla/5.0 (X11; U; Linux x86_64; en-US; rv:1.9.2.13) Gecko/20101206 Ubuntu/10.04 (lucid) Firefox/3.6.13"
68.175.66.95 - - [03/Feb/2011:13:38:21 +0000] "GET /viewBlogSecurity.secureaction" 200 - "http://lispnyc.org/blog/lisppets/viewBlogProperties.secureaction" "Mozilla/5.0 (X11; U; Linux x86_64; en-US; rv:1.9.2.13) Gecko/20101206 Ubuntu/10.04 (lucid) Firefox/3.6.13"
68.175.66.95 - - [03/Feb/2011:13:38:34 +0000] "GET /viewBlogSecurity.secureaction" 200 - "http://lispnyc.org/blog/lisppets/viewBlogSecurity.secureaction" "Mozilla/5.0 (X11; U; Linux x86_64; en-US; rv:1.9.2.13) Gecko/20101206 Ubuntu/10.04 (lucid) Firefox/3.6.13"
68.175.66.95 - - [03/Feb/2011:13:38:53 +0000] "GET /viewBlogProperties.secureaction" 200 - "http://lispnyc.org/blog/viewBlogs.secureaction" "Mozilla/5.0 (X11; U; Linux x86_64; en-US; rv:1.9.2.13) Gecko/20101206 Ubuntu/10.04 (lucid) Firefox/3.6.13"
68.175.66.95 - - [03/Feb/2011:08:40:07 -0500] "GET /" 200 - "http://lispnyc.org/blog/lisppets/viewBlogProperties.secureaction" "Mozilla/5.0 (X11; U; Linux x86_64; en-US; rv:1.9.2.13) Gecko/20101206 Ubuntu/10.04 (lucid) Firefox/3.6.13"
68.175.66.95 - - [03/Feb/2011:08:41:08 -0500] "GET /" 200 - "http://lispnyc.org/blog/lisppets/" "Mozilla/5.0 (X11; U; Linux x86_64; en-US; rv:1.9.2.13) Gecko/20101206 Ubuntu/10.04 (lucid) Firefox/3.6.13"
58.93.34.139 - - [03/Feb/2011:08:53:36 -0500] "GET /" 200 - "http://www.lispnyc.org/blog/" "Mozilla/5.0 (X11; U; Linux i686; en-US; rv:1.9.2.13) Gecko/20101230 Firefox/3.6.13"
58.93.34.139 - - [03/Feb/2011:09:33:52 -0500] "GET /" 200 - "http://lispnyc.org/blog/" "Mozilla/5.0 (X11; U; Linux i686; en-US; rv:1.9.2.13) Gecko/20101230 Firefox/3.6.13"
68.175.66.95 - - [03/Feb/2011:09:36:35 -0500] "GET /" 200 - "http://lispnyc.org/blog/lisppets/" "Mozilla/5.0 (X11; U; Linux x86_64; en-US; rv:1.9.2.13) Gecko/20101206 Ubuntu/10.04 (lucid) Firefox/3.6.13"
68.175.66.95 - - [03/Feb/2011:09:36:41 -0500] "GET /viewBlogProperties.secureaction" 200 - "http://lispnyc.org/blog/lisppets/" "Mozilla/5.0 (X11; U; Linux x86_64; en-US; rv:1.9.2.13) Gecko/20101206 Ubuntu/10.04 (lucid) Firefox/3.6.13"
68.175.66.95 - - [03/Feb/2011:09:36:53 -0500] "GET /viewBlogProperties.secureaction" 200 - "http://lispnyc.org/blog/lisppets/viewBlogProperties.secureaction" "Mozilla/5.0 (X11; U; Linux x86_64; en-US; rv:1.9.2.13) Gecko/20101206 Ubuntu/10.04 (lucid) Firefox/3.6.13"
68.175.66.95 - - [03/Feb/2011:09:36:53 -0500] "GET /themes/lisp-nyc-mit/images/header.jpg" 404 - "http://lispnyc.org/blog/lisppets/themes/lisp-nyc-mit/screen.css" "Mozilla/5.0 (X11; U; Linux x86_64; en-US; rv:1.9.2.13) Gecko/20101206 Ubuntu/10.04 (lucid) Firefox/3.6.13"
68.175.66.95 - - [03/Feb/2011:09:37:09 -0500] "GET /viewBlogProperties.secureaction" 200 - "http://lispnyc.org/blog/lisppets/viewBlogProperties.secureaction" "Mozilla/5.0 (X11; U; Linux x86_64; en-US; rv:1.9.2.13) Gecko/20101206 Ubuntu/10.04 (lucid) Firefox/3.6.13"
68.175.66.95 - - [03/Feb/2011:09:39:07 -0500] "GET /viewBlogProperties.secureaction" 200 - "http://lispnyc.org/blog/lisppets/viewBlogProperties.secureaction" "Mozilla/5.0 (X11; U; Linux x86_64; en-US; rv:1.9.2.13) Gecko/20101206 Ubuntu/10.04 (lucid) Firefox/3.6.13"
68.175.66.95 - - [03/Feb/2011:09:39:16 -0500] "GET /viewBlogProperties.secureaction" 200 - "http://lispnyc.org/blog/lisppets/viewBlogProperties.secureaction" "Mozilla/5.0 (X11; U; Linux x86_64; en-US; rv:1.9.2.13) Gecko/20101206 Ubuntu/10.04 (lucid) Firefox/3.6.13"
68.175.66.95 - - [03/Feb/2011:09:43:11 -0500] "GET /welcome" 200 - "http://lispnyc.org/blog/" "Mozilla/5.0 (X11; U; Linux x86_64; en-US; rv:1.9.2.13) Gecko/20101206 Ubuntu/10.04 (lucid) Firefox/3.6.13"
68.175.66.95 - - [03/Feb/2011:09:43:14 -0500] "GET /welcome" 200 - "http://lispnyc.org/blog/" "Mozilla/5.0 (X11; U; Linux x86_64; en-US; rv:1.9.2.13) Gecko/20101206 Ubuntu/10.04 (lucid) Firefox/3.6.13"
68.175.66.95 - - [03/Feb/2011:09:43:16 -0500] "POST /manageBlogEntry.secureaction" 200 - "http://lispnyc.org/blog/lisppets/welcome" "Mozilla/5.0 (X11; U; Linux x86_64; en-US; rv:1.9.2.13) Gecko/20101206 Ubuntu/10.04 (lucid) Firefox/3.6.13"
68.175.66.95 - - [03/Feb/2011:09:43:19 -0500] "GET /welcome" 200 - "http://lispnyc.org/blog/lisppets/manageBlogEntry.secureaction" "Mozilla/5.0 (X11; U; Linux x86_64; en-US; rv:1.9.2.13) Gecko/20101206 Ubuntu/10.04 (lucid) Firefox/3.6.13"
68.175.66.95 - - [03/Feb/2011:09:44:07 -0500] "GET /" 200 - "http://lispnyc.org/blog/ericlavigne/" "Mozilla/5.0 (X11; U; Linux x86_64; en-US; rv:1.9.2.13) Gecko/20101206 Ubuntu/10.04 (lucid) Firefox/3.6.13"
68.175.66.95 - - [03/Feb/2011:09:48:20 -0500] "GET /" 200 - "http://lispnyc.org/blog/ericlavigne/" "Mozilla/5.0 (X11; U; Linux x86_64; en-US; rv:1.9.2.13) Gecko/20101206 Ubuntu/10.04 (lucid) Firefox/3.6.13"
68.175.66.95 - - [03/Feb/2011:09:48:24 -0500] "GET /" 200 - "http://lispnyc.org/blog/ericlavigne/" "Mozilla/5.0 (X11; U; Linux x86_64; en-US; rv:1.9.2.13) Gecko/20101206 Ubuntu/10.04 (lucid) Firefox/3.6.13"
68.175.66.95 - - [03/Feb/2011:10:10:25 -0500] "GET /" 200 - "http://lispnyc.org/blog/ericlavigne/viewBlogSecurity.secureaction" "Mozilla/5.0 (X11; U; Linux x86_64; en-US; rv:1.9.2.13) Gecko/20101206 Ubuntu/10.04 (lucid) Firefox/3.6.13"
68.175.66.95 - - [03/Feb/2011:10:10:43 -0500] "GET /viewBlogSecurity.secureaction" 200 - "http://lispnyc.org/blog/lisppets/" "Mozilla/5.0 (X11; U; Linux x86_64; en-US; rv:1.9.2.13) Gecko/20101206 Ubuntu/10.04 (lucid) Firefox/3.6.13"
66.249.72.43 - - [03/Feb/2011:12:04:06 -0500] "GET /rss.xml" 200 - - "Mozilla/5.0 (compatible; Googlebot/2.1; +http://www.google.com/bot.html)"
66.249.72.43 - - [03/Feb/2011:12:04:07 -0500] "GET /" 200 - - "Mozilla/5.0 (compatible; Googlebot/2.1; +http://www.google.com/bot.html)"
66.249.72.43 - - [03/Feb/2011:14:47:59 -0500] "GET /subscribe.action" 200 - - "Mozilla/5.0 (compatible; Googlebot/2.1; +http://www.google.com/bot.html)"
66.249.72.43 - - [03/Feb/2011:14:47:59 -0500] "GET /search.action" 200 - - "Mozilla/5.0 (compatible; Googlebot/2.1; +http://www.google.com/bot.html)"
66.249.72.43 - - [03/Feb/2011:14:47:59 -0500] "GET /2011/02/03" 200 - - "Mozilla/5.0 (compatible; Googlebot/2.1; +http://www.google.com/bot.html)"
66.249.72.43 - - [03/Feb/2011:14:48:00 -0500] "GET /2011/02" 200 - - "Mozilla/5.0 (compatible; Googlebot/2.1; +http://www.google.com/bot.html)"
66.249.72.43 - - [03/Feb/2011:15:40:01 -0500] "GET /atom.xml" 200 - - "Mozilla/5.0 (compatible; Googlebot/2.1; +http://www.google.com/bot.html)"
66.249.72.43 - - [03/Feb/2011:15:41:08 -0500] "GET /2011/02/03" 200 - - "Mozilla/5.0 (compatible; Googlebot/2.1; +http://www.google.com/bot.html)"
66.249.72.43 - - [03/Feb/2011:16:42:51 -0500] "GET /2011/02/02" 200 - - "Mozilla/5.0 (compatible; Googlebot/2.1; +http://www.google.com/bot.html)"
66.249.72.43 - - [03/Feb/2011:18:16:21 -0500] "GET /2011/02/01" 200 - - "Mozilla/5.0 (compatible; Googlebot/2.1; +http://www.google.com/bot.html)"
210.173.180.160 - - [03/Feb/2011:18:56:45 -0500] "GET /" 200 - - "ichiro/3.0 (http://help.goo.ne.jp/door/crawler.html)"
210.173.180.160 - - [03/Feb/2011:18:56:57 -0500] "GET /rss.xml" 200 - - "ichiro/3.0 (http://help.goo.ne.jp/door/crawler.html)"
141.150.23.150 - - [03/Feb/2011:22:19:33 -0500] "GET /" 200 - - "Mozilla/5.0 (X11; U; Linux x86_64; en-US; rv:1.8.1.19) Gecko/20081216 Ubuntu/7.10 (gutsy) Firefox/2.0.0.19"
141.150.23.150 - - [03/Feb/2011:22:21:36 -0500] "GET /" 200 - "http://lispnyc.org/blog/lisppets/" "Mozilla/5.0 (X11; U; Linux x86_64; en-US; rv:1.8.1.19) Gecko/20081216 Ubuntu/7.10 (gutsy) Firefox/2.0.0.19"
141.150.23.150 - - [03/Feb/2011:22:24:04 -0500] "GET /viewMessages.secureaction" 200 - "http://lispnyc.org/blog/lisppets/" "Mozilla/5.0 (X11; U; Linux x86_64; en-US; rv:1.8.1.19) Gecko/20081216 Ubuntu/7.10 (gutsy) Firefox/2.0.0.19"
141.150.23.150 - - [03/Feb/2011:22:24:33 -0500] "GET /viewBlogProperties.secureaction" 200 - "http://lispnyc.org/blog/lisppets/" "Mozilla/5.0 (X11; U; Linux x86_64; en-US; rv:1.8.1.19) Gecko/20081216 Ubuntu/7.10 (gutsy) Firefox/2.0.0.19"
67.195.114.224 - - [03/Feb/2011:22:24:40 -0500] "GET /rss.xml" 200 - - "Mozilla/5.0 (compatible; Yahoo! Slurp; http://help.yahoo.com/help/us/ysearch/slurp)"
141.150.23.150 - - [03/Feb/2011:22:26:09 -0500] "GET /viewBlogProperties.secureaction" 200 - "http://lispnyc.org/blog/lisppets/viewBlogProperties.secureaction" "Mozilla/5.0 (X11; U; Linux x86_64; en-US; rv:1.8.1.19) Gecko/20081216 Ubuntu/7.10 (gutsy) Firefox/2.0.0.19"
141.150.23.150 - - [03/Feb/2011:22:26:31 -0500] "GET /" 200 - "http://lispnyc.org/blog/lisppets/viewBlogProperties.secureaction" "Mozilla/5.0 (X11; U; Linux x86_64; en-US; rv:1.8.1.19) Gecko/20081216 Ubuntu/7.10 (gutsy) Firefox/2.0.0.19"
67.195.114.224 - - [03/Feb/2011:22:26:32 -0500] "GET /" 200 - - "Mozilla/5.0 (compatible; Yahoo! Slurp; http://help.yahoo.com/help/us/ysearch/slurp)"
141.150.23.150 - - [03/Feb/2011:22:26:47 -0500] "GET /addBlogEntry.secureaction" 200 - "http://lispnyc.org/blog/lisppets/" "Mozilla/5.0 (X11; U; Linux x86_64; en-US; rv:1.8.1.19) Gecko/20081216 Ubuntu/7.10 (gutsy) Firefox/2.0.0.19"
67.195.114.224 - - [03/Feb/2011:22:29:01 -0500] "GET /subscribe.action" 200 - - "Mozilla/5.0 (compatible; Yahoo! Slurp; http://help.yahoo.com/help/us/ysearch/slurp)"
141.150.23.150 - - [03/Feb/2011:22:35:04 -0500] "POST /saveBlogEntry.secureaction" 200 - "http://lispnyc.org/blog/lisppets/addBlogEntry.secureaction" "Mozilla/5.0 (X11; U; Linux x86_64; en-US; rv:1.8.1.19) Gecko/20081216 Ubuntu/7.10 (gutsy) Firefox/2.0.0.19"
141.150.23.150 - - [03/Feb/2011:22:36:20 -0500] "GET /the-inverse-of-a-famous-equation" 200 - "http://lispnyc.org/blog/lisppets/saveBlogEntry.secureaction" "Mozilla/5.0 (X11; U; Linux x86_64; en-US; rv:1.8.1.19) Gecko/20081216 Ubuntu/7.10 (gutsy) Firefox/2.0.0.19"
141.150.23.150 - - [03/Feb/2011:22:36:45 -0500] "POST /manageBlogEntry.secureaction" 200 - "http://lispnyc.org/blog/lisppets/the-inverse-of-a-famous-equation" "Mozilla/5.0 (X11; U; Linux x86_64; en-US; rv:1.8.1.19) Gecko/20081216 Ubuntu/7.10 (gutsy) Firefox/2.0.0.19"
141.150.23.150 - - [03/Feb/2011:22:37:17 -0500] "GET /the-inverse-of-a-famous-equation" 200 - "http://lispnyc.org/blog/lisppets/manageBlogEntry.secureaction" "Mozilla/5.0 (X11; U; Linux x86_64; en-US; rv:1.8.1.19) Gecko/20081216 Ubuntu/7.10 (gutsy) Firefox/2.0.0.19"
141.150.23.150 - - [03/Feb/2011:22:39:14 -0500] "GET /" 200 - "http://lispnyc.org/blog/lisppets/" "Mozilla/5.0 (X11; U; Linux x86_64; en-US; rv:1.8.1.19) Gecko/20081216 Ubuntu/7.10 (gutsy) Firefox/2.0.0.19"
67.195.114.224 - - [03/Feb/2011:22:41:29 -0500] "GET /the-inverse-of-a-famous-equation" 200 - - "Mozilla/5.0 (compatible; Yahoo! Slurp; http://help.yahoo.com/help/us/ysearch/slurp)"
141.150.23.150 - - [03/Feb/2011:22:42:03 -0500] "GET /" 200 - - "Mozilla/5.0 (X11; U; Linux x86_64; en-US; rv:1.8.1.19) Gecko/20081216 Ubuntu/7.10 (gutsy) Firefox/2.0.0.19"
141.150.23.150 - - [03/Feb/2011:22:42:27 -0500] "GET /the-inverse-of-a-famous-equation" 200 - "http://lispnyc.org/blog/lisppets/" "Mozilla/5.0 (X11; U; Linux x86_64; en-US; rv:1.8.1.19) Gecko/20081216 Ubuntu/7.10 (gutsy) Firefox/2.0.0.19"
67.195.114.224 - - [03/Feb/2011:22:42:45 -0500] "GET /replyToBlogEntry.action?entry=1296790637453" 200 - - "Mozilla/5.0 (compatible; Yahoo! Slurp; http://help.yahoo.com/help/us/ysearch/slurp)"
67.195.114.224 - - [03/Feb/2011:22:43:26 -0500] "GET /responses/rss.xml?entry=1296790637453" 200 - - "Mozilla/5.0 (compatible; Yahoo! Slurp; http://help.yahoo.com/help/us/ysearch/slurp)"
141.150.23.150 - - [03/Feb/2011:22:50:50 -0500] "GET /the-inverse-of-a-famous-equation" 200 - "http://lispnyc.org/blog/" "Mozilla/5.0 (X11; U; Linux x86_64; en-US; rv:1.8.1.19) Gecko/20081216 Ubuntu/7.10 (gutsy) Firefox/2.0.0.19"
