203.124.183.211 - - [25/Feb/2011:00:33:22 -0500] "GET /replyToBlogEntry.action?entry=1297606740000" 200 - - "Mozilla/4.0 (compatible; MSIE 6.0; Windows NT 5.1; SV1)"
203.124.183.211 - - [25/Feb/2011:00:33:24 -0500] "POST /saveComment.action" 403 - "http://www.lispnyc.org/blog/cfield/replyToBlogEntry.action?entry=1297606740000" "Mozilla/4.0 (compatible; MSIE 6.0; Windows NT 5.1; SV1)"
203.124.183.211 - - [25/Feb/2011:00:33:26 -0500] "GET /" 200 - - "Mozilla/4.0 (compatible; MSIE 6.0; Windows NT 5.1; SV1)"
203.124.183.211 - - [25/Feb/2011:00:33:27 -0500] "GET /replyToBlogEntry.action?entry=1297606740000" 200 - - "Mozilla/4.0 (compatible; MSIE 6.0; Windows NT 5.1; SV1)"
203.124.183.211 - - [25/Feb/2011:00:33:29 -0500] "GET /" 200 - - "Mozilla/4.0 (compatible; MSIE 6.0; Windows NT 5.1; SV1)"
74.68.127.59 - - [25/Feb/2011:02:18:04 -0500] "GET /rss.xml" 200 - - "Opera/9.80 (Windows NT 6.0; U; en) Presto/2.7.62 Version/11.01"
66.249.71.206 - - [25/Feb/2011:03:43:25 -0500] "GET /2011/02/24" 200 - - "Mozilla/5.0 (compatible; Googlebot/2.1; +http://www.google.com/bot.html)"
66.249.71.206 - - [25/Feb/2011:04:19:54 -0500] "GET /2011/02/16" 200 - - "Mozilla/5.0 (compatible; Googlebot/2.1; +http://www.google.com/bot.html)"
74.68.127.59 - - [25/Feb/2011:05:18:05 -0500] "GET /rss.xml" 200 - - "Opera/9.80 (Windows NT 6.0; U; en) Presto/2.7.62 Version/11.01"
208.115.111.75 - - [25/Feb/2011:05:20:08 -0500] "GET /" 200 - - "Mozilla/5.0 (compatible; Ezooms/1.0; ezooms.bot@gmail.com)"
38.99.98.18 - - [25/Feb/2011:05:32:44 -0500] "GET /" 200 - - "Mozilla/5.0 (compatible; ScoutJet; +http://www.scoutjet.com/)"
66.249.71.206 - - [25/Feb/2011:06:48:05 -0500] "GET /2011/02/15" 200 - - "Mozilla/5.0 (compatible; Googlebot/2.1; +http://www.google.com/bot.html)"
77.250.37.148 - - [25/Feb/2011:07:10:17 -0500] "GET /" 200 - - "Java/1.6.0_22"
74.68.127.59 - - [25/Feb/2011:08:18:05 -0500] "GET /rss.xml" 200 - - "Opera/9.80 (Windows NT 6.0; U; en) Presto/2.7.62 Version/11.01"
66.249.71.206 - - [25/Feb/2011:08:43:46 -0500] "GET /2011/02/25" 200 - - "Mozilla/5.0 (compatible; Googlebot/2.1; +http://www.google.com/bot.html)"
66.249.71.206 - - [25/Feb/2011:08:58:47 -0500] "GET /2011/02/23" 200 - - "Mozilla/5.0 (compatible; Googlebot/2.1; +http://www.google.com/bot.html)"
66.249.71.244 - - [25/Feb/2011:09:33:38 -0500] "GET /2011/02/20" 200 - - "Mozilla/5.0 (compatible; Googlebot/2.1; +http://www.google.com/bot.html)"
74.68.127.59 - - [25/Feb/2011:11:18:05 -0500] "GET /rss.xml" 200 - - "Opera/9.80 (Windows NT 6.0; U; en) Presto/2.7.62 Version/11.01"
67.195.112.43 - - [25/Feb/2011:11:56:39 -0500] "GET /" 200 - - "Mozilla/5.0 (compatible; Yahoo! Slurp; http://help.yahoo.com/help/us/ysearch/slurp)"
66.249.72.8 - - [25/Feb/2011:12:02:32 -0500] "GET /2011/02/25" 200 - - "Mozilla/5.0 (compatible; Googlebot/2.1; +http://www.google.com/bot.html)"
67.195.112.43 - - [25/Feb/2011:12:17:19 -0500] "GET /replyToBlogEntry.action?entry=1297606740000" 200 - - "Mozilla/5.0 (compatible; Yahoo! Slurp; http://help.yahoo.com/help/us/ysearch/slurp)"
67.195.112.43 - - [25/Feb/2011:12:18:03 -0500] "GET /expected-blog-contents" 200 - - "Mozilla/5.0 (compatible; Yahoo! Slurp; http://help.yahoo.com/help/us/ysearch/slurp)"
67.195.112.43 - - [25/Feb/2011:12:27:38 -0500] "GET /search.action" 200 - - "Mozilla/5.0 (compatible; Yahoo! Slurp; http://help.yahoo.com/help/us/ysearch/slurp)"
67.195.112.43 - - [25/Feb/2011:13:00:53 -0500] "GET /rss.xml" 200 - - "Mozilla/5.0 (compatible; Yahoo! Slurp; http://help.yahoo.com/help/us/ysearch/slurp)"
74.68.127.59 - - [25/Feb/2011:14:18:05 -0500] "GET /rss.xml" 200 - - "Opera/9.80 (Windows NT 6.0; U; en) Presto/2.7.62 Version/11.01"
84.120.98.139 - - [25/Feb/2011:16:02:26 -0500] "GET /" 200 - - "Java/1.6.0_24"
74.68.127.59 - - [25/Feb/2011:17:23:05 -0500] "GET /rss.xml" 200 - - "Opera/9.80 (Windows NT 6.0; U; en) Presto/2.7.62 Version/11.01"
67.195.112.43 - - [25/Feb/2011:19:44:01 -0500] "GET /responses/rss.xml?entry=1297606740000" 200 - - "Mozilla/5.0 (compatible; Yahoo! Slurp; http://help.yahoo.com/help/us/ysearch/slurp)"
74.68.127.59 - - [25/Feb/2011:20:23:07 -0500] "GET /rss.xml" 200 - - "Opera/9.80 (Windows NT 6.0; U; en) Presto/2.7.62 Version/11.01"
74.68.127.59 - - [25/Feb/2011:23:28:06 -0500] "GET /rss.xml" 200 - - "Opera/9.80 (Windows NT 6.0; U; en) Presto/2.7.62 Version/11.01"
