74.68.127.59 - - [01/Mar/2011:00:03:11 -0500] "GET /rss.xml" 200 - - "Opera/9.80 (Windows NT 6.0; U; en) Presto/2.7.62 Version/11.01"
66.249.72.8 - - [01/Mar/2011:00:21:14 -0500] "GET /2011/02/24" 200 - - "Mozilla/5.0 (compatible; Googlebot/2.1; +http://www.google.com/bot.html)"
66.249.72.8 - - [01/Mar/2011:00:22:26 -0500] "GET /2011/02/27" 200 - - "Mozilla/5.0 (compatible; Googlebot/2.1; +http://www.google.com/bot.html)"
67.195.114.220 - - [01/Mar/2011:01:01:07 -0500] "GET /atom.xml" 200 - - "Mozilla/5.0 (compatible; Yahoo! Slurp; http://help.yahoo.com/help/us/ysearch/slurp)"
66.249.72.8 - - [01/Mar/2011:01:06:07 -0500] "GET /2011/02/12" 200 - - "Mozilla/5.0 (compatible; Googlebot/2.1; +http://www.google.com/bot.html)"
67.195.114.220 - - [01/Mar/2011:01:18:10 -0500] "GET /2011/02" 200 - - "Mozilla/5.0 (compatible; Yahoo! Slurp; http://help.yahoo.com/help/us/ysearch/slurp)"
67.195.114.220 - - [01/Mar/2011:01:29:41 -0500] "GET /2011/03" 200 - - "Mozilla/5.0 (compatible; Yahoo! Slurp; http://help.yahoo.com/help/us/ysearch/slurp)"
66.249.72.8 - - [01/Mar/2011:01:30:48 -0500] "GET /2011/03" 200 - - "Mozilla/5.0 (compatible; Googlebot/2.1; +http://www.google.com/bot.html)"
67.195.114.220 - - [01/Mar/2011:01:54:32 -0500] "GET /authors/cfield/" 200 - - "Mozilla/5.0 (compatible; Yahoo! Slurp; http://help.yahoo.com/help/us/ysearch/slurp)"
67.195.114.220 - - [01/Mar/2011:01:56:11 -0500] "GET /2011/03/01" 200 - - "Mozilla/5.0 (compatible; Yahoo! Slurp; http://help.yahoo.com/help/us/ysearch/slurp)"
66.249.72.8 - - [01/Mar/2011:02:02:07 -0500] "GET /2011/03/01" 200 - - "Mozilla/5.0 (compatible; Googlebot/2.1; +http://www.google.com/bot.html)"
67.195.114.220 - - [01/Mar/2011:02:34:42 -0500] "GET /responses/rss.xml?entry=1297606740000" 200 - - "Mozilla/5.0 (compatible; Yahoo! Slurp; http://help.yahoo.com/help/us/ysearch/slurp)"
67.195.114.220 - - [01/Mar/2011:02:46:06 -0500] "GET /replyToBlogEntry.action?entry=1297606740000" 200 - - "Mozilla/5.0 (compatible; Yahoo! Slurp; http://help.yahoo.com/help/us/ysearch/slurp)"
74.68.127.59 - - [01/Mar/2011:03:03:11 -0500] "GET /rss.xml" 200 - - "Opera/9.80 (Windows NT 6.0; U; en) Presto/2.7.62 Version/11.01"
66.249.72.46 - - [01/Mar/2011:03:22:34 -0500] "GET /" 200 - - "Mozilla/5.0 (compatible; Googlebot/2.1; +http://www.google.com/bot.html)"
74.68.127.59 - - [01/Mar/2011:06:03:11 -0500] "GET /rss.xml" 200 - - "Opera/9.80 (Windows NT 6.0; U; en) Presto/2.7.62 Version/11.01"
74.68.127.59 - - [01/Mar/2011:09:08:11 -0500] "GET /rss.xml" 200 - - "Opera/9.80 (Windows NT 6.0; U; en) Presto/2.7.62 Version/11.01"
67.195.114.220 - - [01/Mar/2011:09:20:54 -0500] "GET /subscribe.action" 200 - - "Mozilla/5.0 (compatible; Yahoo! Slurp; http://help.yahoo.com/help/us/ysearch/slurp)"
67.195.114.220 - - [01/Mar/2011:11:49:53 -0500] "GET /authors/cfield/rss.xml" 200 - - "Mozilla/5.0 (compatible; Yahoo! Slurp; http://help.yahoo.com/help/us/ysearch/slurp)"
74.68.127.59 - - [01/Mar/2011:12:08:11 -0500] "GET /rss.xml" 200 - - "Opera/9.80 (Windows NT 6.0; U; en) Presto/2.7.62 Version/11.01"
66.249.72.8 - - [01/Mar/2011:13:30:40 -0500] "GET /2011/02/26" 200 - - "Mozilla/5.0 (compatible; Googlebot/2.1; +http://www.google.com/bot.html)"
66.249.72.8 - - [01/Mar/2011:14:54:12 -0500] "GET /2011/02/26" 200 - - "Mozilla/5.0 (compatible; Googlebot/2.1; +http://www.google.com/bot.html)"
74.68.127.59 - - [01/Mar/2011:15:08:12 -0500] "GET /rss.xml" 200 - - "Opera/9.80 (Windows NT 6.0; U; en) Presto/2.7.62 Version/11.01"
74.68.127.59 - - [01/Mar/2011:18:08:14 -0500] "GET /rss.xml" 200 - - "Opera/9.80 (Windows NT 6.0; U; en) Presto/2.7.62 Version/11.01"
66.249.72.8 - - [01/Mar/2011:19:06:41 -0500] "GET /2011/02/11" 200 - - "Mozilla/5.0 (compatible; Googlebot/2.1; +http://www.google.com/bot.html)"
66.249.72.8 - - [01/Mar/2011:20:25:22 -0500] "GET /2011/02/23" 200 - - "Mozilla/5.0 (compatible; Googlebot/2.1; +http://www.google.com/bot.html)"
74.68.127.59 - - [01/Mar/2011:21:13:10 -0500] "GET /rss.xml" 200 - - "Opera/9.80 (Windows NT 6.0; U; en) Presto/2.7.62 Version/11.01"
66.249.72.8 - - [01/Mar/2011:22:18:41 -0500] "GET /2011/02/23" 200 - - "Mozilla/5.0 (compatible; Googlebot/2.1; +http://www.google.com/bot.html)"
66.249.72.8 - - [01/Mar/2011:22:45:22 -0500] "GET /2011/02/10" 200 - - "Mozilla/5.0 (compatible; Googlebot/2.1; +http://www.google.com/bot.html)"
67.195.114.220 - - [01/Mar/2011:22:57:06 -0500] "GET /expected-blog-contents" 200 - - "Mozilla/5.0 (compatible; Yahoo! Slurp; http://help.yahoo.com/help/us/ysearch/slurp)"
