68.175.66.95 - - [13/Feb/2011:04:30:36 +0000] "GET /viewBlogProperties.secureaction" 200 - "http://lispnyc.org/blog/viewBlogs.secureaction" "Mozilla/5.0 (X11; U; Linux x86_64; en-US; rv:1.9.2.13) Gecko/20101206 Ubuntu/10.04 (lucid) Firefox/3.6.13"
68.175.66.95 - - [13/Feb/2011:04:30:43 +0000] "GET /viewPlugins.secureaction" 200 - "http://lispnyc.org/blog/viewBlogs.secureaction" "Mozilla/5.0 (X11; U; Linux x86_64; en-US; rv:1.9.2.13) Gecko/20101206 Ubuntu/10.04 (lucid) Firefox/3.6.13"
68.175.66.95 - - [13/Feb/2011:04:31:14 +0000] "GET /aboutBlog.secureaction" 200 - "http://lispnyc.org/blog/cfield/viewPlugins.secureaction" "Mozilla/5.0 (X11; U; Linux x86_64; en-US; rv:1.9.2.13) Gecko/20101206 Ubuntu/10.04 (lucid) Firefox/3.6.13"
68.175.66.95 - - [13/Feb/2011:04:31:31 +0000] "GET /viewBlogProperties.secureaction" 200 - "http://lispnyc.org/blog/viewBlogs.secureaction" "Mozilla/5.0 (X11; U; Linux x86_64; en-US; rv:1.9.2.13) Gecko/20101206 Ubuntu/10.04 (lucid) Firefox/3.6.13"
67.195.114.220 - - [13/Feb/2011:02:30:10 -0500] "GET /rss.xml" 200 - - "Mozilla/5.0 (compatible; Yahoo! Slurp; http://help.yahoo.com/help/us/ysearch/slurp)"
67.195.114.220 - - [13/Feb/2011:02:30:19 -0500] "GET /" 200 - - "Mozilla/5.0 (compatible; Yahoo! Slurp; http://help.yahoo.com/help/us/ysearch/slurp)"
66.249.72.43 - - [13/Feb/2011:02:44:55 -0500] "GET /" 200 - - "Mozilla/5.0 (compatible; Googlebot/2.1; +http://www.google.com/bot.html)"
66.249.72.43 - - [13/Feb/2011:02:44:56 -0500] "GET /rss.xml" 200 - - "Mozilla/5.0 (compatible; Googlebot/2.1; +http://www.google.com/bot.html)"
66.249.72.43 - - [13/Feb/2011:04:33:57 -0500] "GET /atom.xml" 200 - - "Mozilla/5.0 (compatible; Googlebot/2.1; +http://www.google.com/bot.html)"
66.249.72.43 - - [13/Feb/2011:04:33:57 -0500] "GET /2011/02/13" 200 - - "Mozilla/5.0 (compatible; Googlebot/2.1; +http://www.google.com/bot.html)"
66.249.72.43 - - [13/Feb/2011:04:33:58 -0500] "GET /subscribe.action" 200 - - "Mozilla/5.0 (compatible; Googlebot/2.1; +http://www.google.com/bot.html)"
66.249.72.43 - - [13/Feb/2011:04:33:58 -0500] "GET /2011/02" 200 - - "Mozilla/5.0 (compatible; Googlebot/2.1; +http://www.google.com/bot.html)"
66.249.72.43 - - [13/Feb/2011:04:33:58 -0500] "GET /search.action" 200 - - "Mozilla/5.0 (compatible; Googlebot/2.1; +http://www.google.com/bot.html)"
66.249.72.43 - - [13/Feb/2011:05:17:01 -0500] "GET /" 200 - - "Mozilla/5.0 (compatible; Googlebot/2.1; +http://www.google.com/bot.html)"
67.195.114.220 - - [13/Feb/2011:06:21:30 -0500] "GET /search.action" 200 - - "Mozilla/5.0 (compatible; Yahoo! Slurp; http://help.yahoo.com/help/us/ysearch/slurp)"
66.249.72.43 - - [13/Feb/2011:07:11:25 -0500] "GET /2011/02/12" 200 - - "Mozilla/5.0 (compatible; Googlebot/2.1; +http://www.google.com/bot.html)"
68.196.101.44 - - [13/Feb/2011:09:13:55 -0500] "GET /" 200 - "http://lispnyc.org/blog/" "Mozilla/5.0 (Windows; U; Windows NT 6.1; en-US; rv:1.9.2.13) Gecko/20101203 Firefox/3.6.13"
68.196.101.44 - - [13/Feb/2011:09:15:16 -0500] "GET /" 200 - "http://lispnyc.org/blog/cfield/" "Mozilla/5.0 (Windows; U; Windows NT 6.1; en-US; rv:1.9.2.13) Gecko/20101203 Firefox/3.6.13"
68.196.101.44 - - [13/Feb/2011:09:15:24 -0500] "GET /viewMessages.secureaction" 200 - "http://lispnyc.org/blog/cfield/" "Mozilla/5.0 (Windows; U; Windows NT 6.1; en-US; rv:1.9.2.13) Gecko/20101203 Firefox/3.6.13"
68.196.101.44 - - [13/Feb/2011:09:15:37 -0500] "GET /viewBlogProperties.secureaction" 200 - "http://lispnyc.org/blog/cfield/viewMessages.secureaction" "Mozilla/5.0 (Windows; U; Windows NT 6.1; en-US; rv:1.9.2.13) Gecko/20101203 Firefox/3.6.13"
68.196.101.44 - - [13/Feb/2011:09:16:12 -0500] "GET /viewBlogProperties.secureaction" 200 - "http://lispnyc.org/blog/cfield/viewBlogProperties.secureaction" "Mozilla/5.0 (Windows; U; Windows NT 6.1; en-US; rv:1.9.2.13) Gecko/20101203 Firefox/3.6.13"
68.196.101.44 - - [13/Feb/2011:09:17:03 -0500] "GET /viewBlogProperties.secureaction" 200 - "http://lispnyc.org/blog/cfield/viewBlogProperties.secureaction" "Mozilla/5.0 (Windows; U; Windows NT 6.1; en-US; rv:1.9.2.13) Gecko/20101203 Firefox/3.6.13"
68.196.101.44 - - [13/Feb/2011:09:17:39 -0500] "GET /viewBlogProperties.secureaction" 200 - "http://lispnyc.org/blog/cfield/viewBlogProperties.secureaction" "Mozilla/5.0 (Windows; U; Windows NT 6.1; en-US; rv:1.9.2.13) Gecko/20101203 Firefox/3.6.13"
68.196.101.44 - - [13/Feb/2011:09:18:45 -0500] "GET /" 200 - "http://lispnyc.org/blog/" "Mozilla/5.0 (Windows; U; Windows NT 6.1; en-US; rv:1.9.2.13) Gecko/20101203 Firefox/3.6.13"
68.196.101.44 - - [13/Feb/2011:09:19:20 -0500] "GET /" 200 - "http://lispnyc.org/blog/" "Mozilla/5.0 (Windows; U; Windows NT 6.1; en-US; rv:1.9.2.13) Gecko/20101203 Firefox/3.6.13"
68.196.101.44 - - [13/Feb/2011:09:19:27 -0500] "GET /addBlogEntry.secureaction" 200 - "http://lispnyc.org/blog/cfield/" "Mozilla/5.0 (Windows; U; Windows NT 6.1; en-US; rv:1.9.2.13) Gecko/20101203 Firefox/3.6.13"
66.249.72.43 - - [13/Feb/2011:09:38:13 -0500] "GET /2011/02/11" 200 - - "Mozilla/5.0 (compatible; Googlebot/2.1; +http://www.google.com/bot.html)"
141.153.215.89 - - [13/Feb/2011:09:45:10 -0500] "GET /" 200 - "http://lispnyc.org/blog/euske/what-if-lisp-was-invented-by-the-japanese" "Mozilla/5.0 (X11; U; Linux x86_64; en-US; rv:1.8.1.19) Gecko/20081216 Ubuntu/7.10 (gutsy) Firefox/2.0.0.19"
141.153.215.89 - - [13/Feb/2011:09:45:21 -0500] "GET /" 200 - "http://lispnyc.org/blog/euske/what-if-lisp-was-invented-by-the-japanese" "Mozilla/5.0 (X11; U; Linux x86_64; en-US; rv:1.8.1.19) Gecko/20081216 Ubuntu/7.10 (gutsy) Firefox/2.0.0.19"
68.196.101.44 - - [13/Feb/2011:09:47:11 -0500] "POST /saveBlogEntry.secureaction" 200 - "http://lispnyc.org/blog/cfield/addBlogEntry.secureaction" "Mozilla/5.0 (Windows; U; Windows NT 6.1; en-US; rv:1.9.2.13) Gecko/20101203 Firefox/3.6.13"
68.196.101.44 - - [13/Feb/2011:09:48:59 -0500] "POST /saveBlogEntry.secureaction" 200 - "http://lispnyc.org/blog/cfield/saveBlogEntry.secureaction" "Mozilla/5.0 (Windows; U; Windows NT 6.1; en-US; rv:1.9.2.13) Gecko/20101203 Firefox/3.6.13"
68.196.101.44 - - [13/Feb/2011:09:49:05 -0500] "GET /" 200 - "http://lispnyc.org/blog/cfield/saveBlogEntry.secureaction" "Mozilla/5.0 (Windows; U; Windows NT 6.1; en-US; rv:1.9.2.13) Gecko/20101203 Firefox/3.6.13"
68.196.101.44 - - [13/Feb/2011:09:49:12 -0500] "POST /saveBlogEntry.secureaction" 200 - "http://lispnyc.org/blog/cfield/saveBlogEntry.secureaction" "Mozilla/5.0 (Windows; U; Windows NT 6.1; en-US; rv:1.9.2.13) Gecko/20101203 Firefox/3.6.13"
68.196.101.44 - - [13/Feb/2011:09:49:27 -0500] "GET /expected-blog-contents" 200 - "http://lispnyc.org/blog/cfield/saveBlogEntry.secureaction" "Mozilla/5.0 (Windows; U; Windows NT 6.1; en-US; rv:1.9.2.13) Gecko/20101203 Firefox/3.6.13"
68.196.101.44 - - [13/Feb/2011:09:49:42 -0500] "POST /manageBlogEntry.secureaction" 200 - "http://lispnyc.org/blog/cfield/expected-blog-contents" "Mozilla/5.0 (Windows; U; Windows NT 6.1; en-US; rv:1.9.2.13) Gecko/20101203 Firefox/3.6.13"
68.196.101.44 - - [13/Feb/2011:09:51:50 -0500] "GET /expected-blog-contents" 200 - "http://lispnyc.org/blog/cfield/manageBlogEntry.secureaction" "Mozilla/5.0 (Windows; U; Windows NT 6.1; en-US; rv:1.9.2.13) Gecko/20101203 Firefox/3.6.13"
68.196.101.44 - - [13/Feb/2011:09:51:51 -0500] "POST /manageBlogEntry.secureaction" 200 - "http://lispnyc.org/blog/cfield/expected-blog-contents" "Mozilla/5.0 (Windows; U; Windows NT 6.1; en-US; rv:1.9.2.13) Gecko/20101203 Firefox/3.6.13"
68.196.101.44 - - [13/Feb/2011:10:22:10 -0500] "POST /saveBlogEntry.secureaction" 200 - "http://lispnyc.org/blog/cfield/manageBlogEntry.secureaction" "Mozilla/5.0 (Windows; U; Windows NT 6.1; en-US; rv:1.9.2.13) Gecko/20101203 Firefox/3.6.13"
68.196.101.44 - - [13/Feb/2011:10:29:36 -0500] "GET /expected-blog-contents" 200 - "http://lispnyc.org/blog/cfield/saveBlogEntry.secureaction" "Mozilla/5.0 (Windows; U; Windows NT 6.1; en-US; rv:1.9.2.13) Gecko/20101203 Firefox/3.6.13"
68.196.101.44 - - [13/Feb/2011:10:29:38 -0500] "POST /manageBlogEntry.secureaction" 200 - "http://lispnyc.org/blog/cfield/expected-blog-contents" "Mozilla/5.0 (Windows; U; Windows NT 6.1; en-US; rv:1.9.2.13) Gecko/20101203 Firefox/3.6.13"
68.196.101.44 - - [13/Feb/2011:10:30:36 -0500] "POST /saveBlogEntry.secureaction" 200 - "http://lispnyc.org/blog/cfield/manageBlogEntry.secureaction" "Mozilla/5.0 (Windows; U; Windows NT 6.1; en-US; rv:1.9.2.13) Gecko/20101203 Firefox/3.6.13"
66.249.72.43 - - [13/Feb/2011:10:36:22 -0500] "GET /" 200 - - "Mozilla/5.0 (compatible; Googlebot/2.1; +http://www.google.com/bot.html)"
66.249.72.43 - - [13/Feb/2011:10:36:48 -0500] "GET /rss.xml" 304 - - "Mozilla/5.0 (compatible; Googlebot/2.1; +http://www.google.com/bot.html)"
68.196.101.44 - - [13/Feb/2011:10:40:46 -0500] "GET /expected-blog-contents" 200 - "http://lispnyc.org/blog/cfield/saveBlogEntry.secureaction" "Mozilla/5.0 (Windows; U; Windows NT 6.1; en-US; rv:1.9.2.13) Gecko/20101203 Firefox/3.6.13"
68.196.101.44 - - [13/Feb/2011:10:40:48 -0500] "POST /manageBlogEntry.secureaction" 200 - "http://lispnyc.org/blog/cfield/expected-blog-contents" "Mozilla/5.0 (Windows; U; Windows NT 6.1; en-US; rv:1.9.2.13) Gecko/20101203 Firefox/3.6.13"
68.196.101.44 - - [13/Feb/2011:10:43:27 -0500] "POST /saveBlogEntry.secureaction" 200 - "http://lispnyc.org/blog/cfield/manageBlogEntry.secureaction" "Mozilla/5.0 (Windows; U; Windows NT 6.1; en-US; rv:1.9.2.13) Gecko/20101203 Firefox/3.6.13"
68.196.101.44 - - [13/Feb/2011:10:43:32 -0500] "GET /expected-blog-contents" 200 - "http://lispnyc.org/blog/cfield/saveBlogEntry.secureaction" "Mozilla/5.0 (Windows; U; Windows NT 6.1; en-US; rv:1.9.2.13) Gecko/20101203 Firefox/3.6.13"
68.196.101.44 - - [13/Feb/2011:10:43:34 -0500] "POST /manageBlogEntry.secureaction" 200 - "http://lispnyc.org/blog/cfield/expected-blog-contents" "Mozilla/5.0 (Windows; U; Windows NT 6.1; en-US; rv:1.9.2.13) Gecko/20101203 Firefox/3.6.13"
68.196.101.44 - - [13/Feb/2011:10:45:08 -0500] "GET /expected-blog-contents" 200 - "http://lispnyc.org/blog/cfield/manageBlogEntry.secureaction" "Mozilla/5.0 (Windows; U; Windows NT 6.1; en-US; rv:1.9.2.13) Gecko/20101203 Firefox/3.6.13"
68.196.101.44 - - [13/Feb/2011:10:45:09 -0500] "POST /manageBlogEntry.secureaction" 200 - "http://lispnyc.org/blog/cfield/expected-blog-contents" "Mozilla/5.0 (Windows; U; Windows NT 6.1; en-US; rv:1.9.2.13) Gecko/20101203 Firefox/3.6.13"
68.196.101.44 - - [13/Feb/2011:10:46:27 -0500] "GET /expected-blog-contents" 200 - "http://lispnyc.org/blog/cfield/manageBlogEntry.secureaction" "Mozilla/5.0 (Windows; U; Windows NT 6.1; en-US; rv:1.9.2.13) Gecko/20101203 Firefox/3.6.13"
68.196.101.44 - - [13/Feb/2011:10:46:28 -0500] "POST /manageBlogEntry.secureaction" 200 - "http://lispnyc.org/blog/cfield/expected-blog-contents" "Mozilla/5.0 (Windows; U; Windows NT 6.1; en-US; rv:1.9.2.13) Gecko/20101203 Firefox/3.6.13"
68.196.101.44 - - [13/Feb/2011:10:49:57 -0500] "GET /expected-blog-contents" 200 - "http://lispnyc.org/blog/cfield/manageBlogEntry.secureaction" "Mozilla/5.0 (Windows; U; Windows NT 6.1; en-US; rv:1.9.2.13) Gecko/20101203 Firefox/3.6.13"
68.196.101.44 - - [13/Feb/2011:10:49:59 -0500] "POST /manageBlogEntry.secureaction" 200 - "http://lispnyc.org/blog/cfield/expected-blog-contents" "Mozilla/5.0 (Windows; U; Windows NT 6.1; en-US; rv:1.9.2.13) Gecko/20101203 Firefox/3.6.13"
68.196.101.44 - - [13/Feb/2011:10:51:16 -0500] "GET /expected-blog-contents" 200 - "http://lispnyc.org/blog/cfield/manageBlogEntry.secureaction" "Mozilla/5.0 (Windows; U; Windows NT 6.1; en-US; rv:1.9.2.13) Gecko/20101203 Firefox/3.6.13"
68.196.101.44 - - [13/Feb/2011:10:51:17 -0500] "POST /manageBlogEntry.secureaction" 200 - "http://lispnyc.org/blog/cfield/expected-blog-contents" "Mozilla/5.0 (Windows; U; Windows NT 6.1; en-US; rv:1.9.2.13) Gecko/20101203 Firefox/3.6.13"
68.196.101.44 - - [13/Feb/2011:10:51:37 -0500] "GET /expected-blog-contents" 200 - "http://lispnyc.org/blog/cfield/manageBlogEntry.secureaction" "Mozilla/5.0 (Windows; U; Windows NT 6.1; en-US; rv:1.9.2.13) Gecko/20101203 Firefox/3.6.13"
68.196.101.44 - - [13/Feb/2011:10:51:39 -0500] "POST /manageBlogEntry.secureaction" 200 - "http://lispnyc.org/blog/cfield/expected-blog-contents" "Mozilla/5.0 (Windows; U; Windows NT 6.1; en-US; rv:1.9.2.13) Gecko/20101203 Firefox/3.6.13"
68.196.101.44 - - [13/Feb/2011:10:52:11 -0500] "GET /expected-blog-contents" 200 - "http://lispnyc.org/blog/cfield/manageBlogEntry.secureaction" "Mozilla/5.0 (Windows; U; Windows NT 6.1; en-US; rv:1.9.2.13) Gecko/20101203 Firefox/3.6.13"
68.196.101.44 - - [13/Feb/2011:10:52:13 -0500] "POST /manageBlogEntry.secureaction" 200 - "http://lispnyc.org/blog/cfield/expected-blog-contents" "Mozilla/5.0 (Windows; U; Windows NT 6.1; en-US; rv:1.9.2.13) Gecko/20101203 Firefox/3.6.13"
68.196.101.44 - - [13/Feb/2011:10:56:24 -0500] "GET /expected-blog-contents" 200 - "http://lispnyc.org/blog/cfield/manageBlogEntry.secureaction" "Mozilla/5.0 (Windows; U; Windows NT 6.1; en-US; rv:1.9.2.13) Gecko/20101203 Firefox/3.6.13"
68.196.101.44 - - [13/Feb/2011:10:56:28 -0500] "POST /manageBlogEntry.secureaction" 200 - "http://lispnyc.org/blog/cfield/expected-blog-contents" "Mozilla/5.0 (Windows; U; Windows NT 6.1; en-US; rv:1.9.2.13) Gecko/20101203 Firefox/3.6.13"
68.196.101.44 - - [13/Feb/2011:10:56:43 -0500] "GET /expected-blog-contents" 200 - "http://lispnyc.org/blog/cfield/manageBlogEntry.secureaction" "Mozilla/5.0 (Windows; U; Windows NT 6.1; en-US; rv:1.9.2.13) Gecko/20101203 Firefox/3.6.13"
66.249.72.43 - - [13/Feb/2011:11:30:18 -0500] "GET /2011/02/10" 200 - - "Mozilla/5.0 (compatible; Googlebot/2.1; +http://www.google.com/bot.html)"
166.137.137.138 - - [13/Feb/2011:12:06:07 -0500] "GET /" 200 - "http://lispnyc.org:80/blog/marc/" "Mozilla/5.0 (iPhone; U; CPU iPhone OS 4_2_1 like Mac OS X; en-us) AppleWebKit/533.17.9 (KHTML, like Gecko) Version/5.0.2 Mobile/8C148 Safari/6533.18.5"
166.137.137.138 - - [13/Feb/2011:12:06:23 -0500] "GET /expected-blog-contents" 200 - "http://lispnyc.org:80/blog/cfield/" "Mozilla/5.0 (iPhone; U; CPU iPhone OS 4_2_1 like Mac OS X; en-us) AppleWebKit/533.17.9 (KHTML, like Gecko) Version/5.0.2 Mobile/8C148 Safari/6533.18.5"
75.22.46.65 - - [13/Feb/2011:12:12:08 -0500] "GET /expected-blog-contents" 200 - "http://lispnyc.org/blog/" "Mozilla/5.0 (X11; U; CrOS i686 0.9.130; en-US) AppleWebKit/534.10 (KHTML, like Gecko) Chrome/8.0.552.344 Safari/534.10"
75.22.46.65 - - [13/Feb/2011:12:12:25 -0500] "GET /" 200 - - "Mozilla/5.0 (X11; U; CrOS i686 0.9.130; en-US) AppleWebKit/534.10 (KHTML, like Gecko) Chrome/8.0.552.344 Safari/534.10"
75.22.46.65 - - [13/Feb/2011:12:15:43 -0500] "GET /subscribe.action" 200 - "http://lispnyc.org/blog/cfield/expected-blog-contents" "Mozilla/5.0 (X11; U; CrOS i686 0.9.130; en-US) AppleWebKit/534.10 (KHTML, like Gecko) Chrome/8.0.552.344 Safari/534.10"
75.22.46.65 - - [13/Feb/2011:12:15:51 -0500] "POST /subscribe.action" 200 - "http://lispnyc.org/blog/cfield/subscribe.action" "Mozilla/5.0 (X11; U; CrOS i686 0.9.130; en-US) AppleWebKit/534.10 (KHTML, like Gecko) Chrome/8.0.552.344 Safari/534.10"
67.250.2.83 - - [13/Feb/2011:12:39:19 -0500] "GET /expected-blog-contents" 200 - "http://www.lispnyc.org/blog/" "Mozilla/5.0 (Macintosh; U; Intel Mac OS X 10_6_6; en-US) AppleWebKit/534.13 (KHTML, like Gecko) Chrome/9.0.597.94 Safari/534.13"
72.234.119.139 - - [13/Feb/2011:13:02:22 -0500] "GET /" 200 - - "Midori/0.3 (X11; Linux; U; en-us) WebKit/534.16+"
72.234.119.139 - - [13/Feb/2011:13:02:43 -0500] "GET /expected-blog-contents" 200 - "http://lispnyc.org/blog/cfield/" "Midori/0.3 (X11; Linux; U; en-us) WebKit/534.16+"
141.153.215.89 - - [13/Feb/2011:13:13:07 -0500] "GET /expected-blog-contents" 200 - "http://lispnyc.org/blog/" "Mozilla/5.0 (X11; U; Linux x86_64; en-US; rv:1.8.1.19) Gecko/20081216 Ubuntu/7.10 (gutsy) Firefox/2.0.0.19"
66.249.72.43 - - [13/Feb/2011:13:27:19 -0500] "GET /2011/02/09" 200 - - "Mozilla/5.0 (compatible; Googlebot/2.1; +http://www.google.com/bot.html)"
66.249.72.43 - - [13/Feb/2011:13:27:20 -0500] "GET /expected-blog-contents" 200 - - "Mozilla/5.0 (compatible; Googlebot/2.1; +http://www.google.com/bot.html)"
66.249.72.43 - - [13/Feb/2011:13:37:10 -0500] "GET /atom.xml" 200 - - "Mozilla/5.0 (compatible; Googlebot/2.1; +http://www.google.com/bot.html)"
66.249.72.43 - - [13/Feb/2011:13:37:11 -0500] "GET /2011/02" 200 - - "Mozilla/5.0 (compatible; Googlebot/2.1; +http://www.google.com/bot.html)"
67.195.114.220 - - [13/Feb/2011:13:38:00 -0500] "GET /" 200 - - "Mozilla/5.0 (compatible; Yahoo! Slurp; http://help.yahoo.com/help/us/ysearch/slurp)"
46.42.25.29 - - [13/Feb/2011:13:43:39 -0500] "GET /" 200 - "http://lispnyc.org/blog/ericlavigne/a-tour-of-the-clojure-landscape" "Mozilla/5.0 (Windows; U; Windows NT 5.1; ru; rv:1.9.2.13) Gecko/20101203 Firefox/3.6.13 GTB7.1"
68.175.66.95 - - [13/Feb/2011:13:49:49 -0500] "GET /expected-blog-contents" 200 - "http://lispnyc.org/blog/" "Mozilla/5.0 (X11; U; Linux x86_64; en-US; rv:1.9.2.13) Gecko/20101206 Ubuntu/10.04 (lucid) Firefox/3.6.13"
67.195.114.220 - - [13/Feb/2011:13:49:55 -0500] "GET /expected-blog-contents" 200 - - "Mozilla/5.0 (compatible; Yahoo! Slurp; http://help.yahoo.com/help/us/ysearch/slurp)"
67.195.114.220 - - [13/Feb/2011:13:55:01 -0500] "GET /rss.xml" 200 - - "Mozilla/5.0 (compatible; Yahoo! Slurp; http://help.yahoo.com/help/us/ysearch/slurp)"
75.204.167.114 - - [13/Feb/2011:14:22:23 -0500] "GET /" 200 - "http://lispnyc.org/blog/ericlavigne/a-tour-of-the-clojure-landscape" "Mozilla/5.0 (Windows; U; Windows NT 6.0; en-US; rv:1.9.2.13) Gecko/20101203 Firefox/3.5.3 NET_mmhpset ( .NET CLR 3.5.30729; .NET4.0E)"
75.204.167.114 - - [13/Feb/2011:14:22:35 -0500] "GET /expected-blog-contents" 200 - "http://lispnyc.org/blog/cfield/" "Mozilla/5.0 (Windows; U; Windows NT 6.0; en-US; rv:1.9.2.13) Gecko/20101203 Firefox/3.5.3 NET_mmhpset ( .NET CLR 3.5.30729; .NET4.0E)"
75.204.167.114 - - [13/Feb/2011:14:22:46 -0500] "GET /" 200 - "http://lispnyc.org/blog/cfield/expected-blog-contents" "Mozilla/5.0 (Windows; U; Windows NT 6.0; en-US; rv:1.9.2.13) Gecko/20101203 Firefox/3.5.3 NET_mmhpset ( .NET CLR 3.5.30729; .NET4.0E)"
75.204.167.114 - - [13/Feb/2011:14:22:59 -0500] "GET /expected-blog-contents" 200 - "http://lispnyc.org/blog/cfield/" "Mozilla/5.0 (Windows; U; Windows NT 6.0; en-US; rv:1.9.2.13) Gecko/20101203 Firefox/3.5.3 NET_mmhpset ( .NET CLR 3.5.30729; .NET4.0E)"
91.12.39.139 - - [13/Feb/2011:14:25:49 -0500] "GET /expected-blog-contents" 200 - - "Mozilla/5.0 (Macintosh; Intel Mac OS X 10.6; rv:2.0b11) Gecko/20100101 Firefox/4.0b11"
67.195.114.220 - - [13/Feb/2011:14:33:56 -0500] "GET /rdf.xml" 200 - - "Mozilla/5.0 (compatible; Yahoo! Slurp; http://help.yahoo.com/help/us/ysearch/slurp)"
66.249.72.43 - - [13/Feb/2011:14:34:48 -0500] "GET /2011/02/13" 200 - - "Mozilla/5.0 (compatible; Googlebot/2.1; +http://www.google.com/bot.html)"
95.235.215.240 - - [13/Feb/2011:14:45:45 -0500] "GET /expected-blog-contents" 200 - "http://lispnyc.org/blog/" "Mozilla/5.0 (X11; U; Linux i686; en-US; rv:1.9.2.13) Gecko/20101211 Conkeror/0.9.3"
75.204.167.114 - - [13/Feb/2011:14:56:15 -0500] "GET /expected-blog-contents" 200 - "http://lispnyc.org/blog/cfield/" "Mozilla/5.0 (Windows; U; Windows NT 6.0; en-US; rv:1.9.2.13) Gecko/20101203 Firefox/3.5.3 NET_mmhpset ( .NET CLR 3.5.30729; .NET4.0E)"
75.204.167.114 - - [13/Feb/2011:14:57:33 -0500] "GET /" 200 - "http://lispnyc.org/blog/ericlavigne/a-tour-of-the-clojure-landscape" "Mozilla/5.0 (Windows; U; Windows NT 6.0; en-US; rv:1.9.2.13) Gecko/20101203 Firefox/3.5.3 NET_mmhpset ( .NET CLR 3.5.30729; .NET4.0E)"
75.204.167.114 - - [13/Feb/2011:14:57:39 -0500] "GET /expected-blog-contents" 200 - "http://lispnyc.org/blog/cfield/" "Mozilla/5.0 (Windows; U; Windows NT 6.0; en-US; rv:1.9.2.13) Gecko/20101203 Firefox/3.5.3 NET_mmhpset ( .NET CLR 3.5.30729; .NET4.0E)"
75.204.167.114 - - [13/Feb/2011:14:58:07 -0500] "GET /expected-blog-contents" 200 - "http://lispnyc.org/blog/cfield/" "Mozilla/5.0 (Windows; U; Windows NT 6.0; en-US; rv:1.9.2.13) Gecko/20101203 Firefox/3.5.3 NET_mmhpset ( .NET CLR 3.5.30729; .NET4.0E)"
75.204.167.114 - - [13/Feb/2011:14:58:29 -0500] "GET /expected-blog-contents" 200 - "http://lispnyc.org/blog/cfield/" "Mozilla/5.0 (Windows; U; Windows NT 6.0; en-US; rv:1.9.2.13) Gecko/20101203 Firefox/3.5.3 NET_mmhpset ( .NET CLR 3.5.30729; .NET4.0E)"
75.204.167.114 - - [13/Feb/2011:14:59:48 -0500] "GET /expected-blog-contents" 200 - "http://lispnyc.org/blog/cfield/" "Mozilla/5.0 (Windows; U; Windows NT 6.0; en-US; rv:1.9.2.13) Gecko/20101203 Firefox/3.5.3 NET_mmhpset ( .NET CLR 3.5.30729; .NET4.0E)"
75.204.167.114 - - [13/Feb/2011:15:01:03 -0500] "GET /expected-blog-contents" 200 - "http://lispnyc.org/blog/cfield/" "Mozilla/5.0 (Windows; U; Windows NT 6.0; en-US; rv:1.9.2.13) Gecko/20101203 Firefox/3.5.3 NET_mmhpset ( .NET CLR 3.5.30729; .NET4.0E)"
75.204.167.114 - - [13/Feb/2011:15:01:13 -0500] "GET /expected-blog-contents" 200 - "http://lispnyc.org/blog/cfield/" "Mozilla/5.0 (Windows; U; Windows NT 6.0; en-US; rv:1.9.2.13) Gecko/20101203 Firefox/3.5.3 NET_mmhpset ( .NET CLR 3.5.30729; .NET4.0E)"
75.204.167.114 - - [13/Feb/2011:15:01:21 -0500] "GET /expected-blog-contents" 200 - "http://lispnyc.org/blog/cfield/" "Mozilla/5.0 (Windows; U; Windows NT 6.0; en-US; rv:1.9.2.13) Gecko/20101203 Firefox/3.5.3 NET_mmhpset ( .NET CLR 3.5.30729; .NET4.0E)"
75.204.167.114 - - [13/Feb/2011:15:01:27 -0500] "GET /expected-blog-contents" 200 - "http://lispnyc.org/blog/cfield/" "Mozilla/5.0 (Windows; U; Windows NT 6.0; en-US; rv:1.9.2.13) Gecko/20101203 Firefox/3.5.3 NET_mmhpset ( .NET CLR 3.5.30729; .NET4.0E)"
75.204.167.114 - - [13/Feb/2011:15:01:33 -0500] "GET /expected-blog-contents" 200 - "http://lispnyc.org/blog/cfield/" "Mozilla/5.0 (Windows; U; Windows NT 6.0; en-US; rv:1.9.2.13) Gecko/20101203 Firefox/3.5.3 NET_mmhpset ( .NET CLR 3.5.30729; .NET4.0E)"
75.204.167.114 - - [13/Feb/2011:15:01:39 -0500] "GET /expected-blog-contents" 200 - "http://lispnyc.org/blog/cfield/" "Mozilla/5.0 (Windows; U; Windows NT 6.0; en-US; rv:1.9.2.13) Gecko/20101203 Firefox/3.5.3 NET_mmhpset ( .NET CLR 3.5.30729; .NET4.0E)"
75.204.167.114 - - [13/Feb/2011:15:01:45 -0500] "GET /expected-blog-contents" 200 - "http://lispnyc.org/blog/cfield/" "Mozilla/5.0 (Windows; U; Windows NT 6.0; en-US; rv:1.9.2.13) Gecko/20101203 Firefox/3.5.3 NET_mmhpset ( .NET CLR 3.5.30729; .NET4.0E)"
75.204.167.114 - - [13/Feb/2011:15:01:47 -0500] "GET /" 200 - "http://lispnyc.org/blog/ericlavigne/a-tour-of-the-clojure-landscape" "Mozilla/5.0 (Windows; U; Windows NT 6.0; en-US; rv:1.9.2.13) Gecko/20101203 Firefox/3.5.3 NET_mmhpset ( .NET CLR 3.5.30729; .NET4.0E)"
66.249.72.43 - - [13/Feb/2011:15:12:41 -0500] "GET /authors/cfield/" 200 - - "Mozilla/5.0 (compatible; Googlebot/2.1; +http://www.google.com/bot.html)"
66.249.72.43 - - [13/Feb/2011:15:12:42 -0500] "GET /replyToBlogEntry.action?entry=1297606740000" 200 - - "Mozilla/5.0 (compatible; Googlebot/2.1; +http://www.google.com/bot.html)"
66.249.72.43 - - [13/Feb/2011:15:12:42 -0500] "GET /generateTrackBackLink.action?entry=1297606740000" 200 - - "Mozilla/5.0 (compatible; Googlebot/2.1; +http://www.google.com/bot.html)"
66.249.72.43 - - [13/Feb/2011:15:12:42 -0500] "GET /2011/02/08" 200 - - "Mozilla/5.0 (compatible; Googlebot/2.1; +http://www.google.com/bot.html)"
66.249.72.43 - - [13/Feb/2011:15:12:43 -0500] "GET /responses/rss.xml?entry=1297606740000" 200 - - "Mozilla/5.0 (compatible; Googlebot/2.1; +http://www.google.com/bot.html)"
70.187.162.19 - - [13/Feb/2011:15:27:27 -0500] "GET /" 200 - "http://lispnyc.org/blog/heow/" "Mozilla/5.0 (X11; U; Linux i686; en-US) AppleWebKit/534.13 (KHTML, like Gecko) Ubuntu/10.04 Chromium/9.0.597.84 Chrome/9.0.597.84 Safari/534.13"
68.175.66.95 - - [13/Feb/2011:16:37:39 -0500] "GET /expected-blog-contents" 200 - "http://lispnyc.org/blog/" "Mozilla/5.0 (X11; U; Linux x86_64; en-US; rv:1.9.2.13) Gecko/20101206 Ubuntu/10.04 (lucid) Firefox/3.6.13"
80.176.135.62 - - [13/Feb/2011:17:02:19 -0500] "GET /expected-blog-contents" 200 - "http://lispnyc.org:80/blog/" "Mozilla/5.0 (iPhone; U; CPU iPhone OS 4_1 like Mac OS X; en-us) AppleWebKit/532.9 (KHTML, like Gecko) Version/4.0.5 Mobile/8B117 Safari/6531.22.7"
66.249.72.43 - - [13/Feb/2011:17:12:52 -0500] "GET /authors/cfield/rss.xml" 200 - - "Mozilla/5.0 (compatible; Googlebot/2.1; +http://www.google.com/bot.html)"
66.249.72.43 - - [13/Feb/2011:17:12:53 -0500] "GET /2011/02/07" 200 - - "Mozilla/5.0 (compatible; Googlebot/2.1; +http://www.google.com/bot.html)"
125.203.120.52 - - [13/Feb/2011:17:38:56 -0500] "GET /" 200 - "http://lispnyc.org/blog/euske/what-if-lisp-was-invented-by-the-japanese" "Mozilla/5.0 (X11; U; Linux i686; en-US; rv:1.9.2.13) Gecko/20110207 Firefox/3.6.13"
125.203.120.52 - - [13/Feb/2011:17:39:08 -0500] "GET /expected-blog-contents" 200 - "http://lispnyc.org/blog/" "Mozilla/5.0 (X11; U; Linux i686; en-US; rv:1.9.2.13) Gecko/20110207 Firefox/3.6.13"
125.203.120.52 - - [13/Feb/2011:17:39:47 -0500] "GET /viewMessages.secureaction" 403 - "http://lispnyc.org/blog/cfield/expected-blog-contents" "Mozilla/5.0 (X11; U; Linux i686; en-US; rv:1.9.2.13) Gecko/20110207 Firefox/3.6.13"
125.203.120.52 - - [13/Feb/2011:17:39:59 -0500] "GET /viewMessages.secureaction" 403 - "http://lispnyc.org/blog/cfield/viewMessages.secureaction" "Mozilla/5.0 (X11; U; Linux i686; en-US; rv:1.9.2.13) Gecko/20110207 Firefox/3.6.13"
210.196.127.227 - - [13/Feb/2011:19:10:07 -0500] "GET /expected-blog-contents" 200 - - "Mozilla/5.0 (Windows; U; Windows NT 6.0; en-US; rv:1.9.2.13) Gecko/20101203 Firefox/3.6.13 (.NET CLR 3.5.30729)"
66.249.72.43 - - [13/Feb/2011:19:32:14 -0500] "GET /2011/02/12" 200 - - "Mozilla/5.0 (compatible; Googlebot/2.1; +http://www.google.com/bot.html)"
66.249.72.43 - - [13/Feb/2011:19:47:22 -0500] "GET /2011/02/06" 200 - - "Mozilla/5.0 (compatible; Googlebot/2.1; +http://www.google.com/bot.html)"
66.249.72.43 - - [13/Feb/2011:19:51:52 -0500] "GET /replyToBlogEntry.action?entry=1297606740000" 200 - - "Mozilla/5.0 (compatible; Googlebot/2.1; +http://www.google.com/bot.html)"
77.88.28.246 - - [13/Feb/2011:20:35:53 -0500] "GET /" 200 - - "Mozilla/5.0 (compatible; YandexBot/3.0; +http://yandex.com/bots)"
24.119.243.247 - - [13/Feb/2011:20:37:22 -0500] "GET /" 200 - "http://lispnyc.org/blog/ericlavigne/a-tour-of-the-clojure-landscape" "Mozilla/5.0 (Windows; U; Windows NT 5.1; en-US) AppleWebKit/534.13 (KHTML, like Gecko) Chrome/9.0.597.94 Safari/534.13"
24.119.243.247 - - [13/Feb/2011:20:37:32 -0500] "GET /expected-blog-contents" 200 - "http://lispnyc.org/blog/cfield/" "Mozilla/5.0 (Windows; U; Windows NT 5.1; en-US) AppleWebKit/534.13 (KHTML, like Gecko) Chrome/9.0.597.94 Safari/534.13"
24.119.243.247 - - [13/Feb/2011:20:37:48 -0500] "GET /expected-blog-contents" 200 - "http://lispnyc.org/blog/cfield/" "Mozilla/5.0 (Windows; U; Windows NT 5.1; en-US) AppleWebKit/534.13 (KHTML, like Gecko) Chrome/9.0.597.94 Safari/534.13"
24.119.243.247 - - [13/Feb/2011:20:37:52 -0500] "GET /" 200 - "http://lispnyc.org/blog/ericlavigne/a-tour-of-the-clojure-landscape" "Mozilla/5.0 (Windows; U; Windows NT 5.1; en-US) AppleWebKit/534.13 (KHTML, like Gecko) Chrome/9.0.597.94 Safari/534.13"
24.119.243.247 - - [13/Feb/2011:20:38:15 -0500] "GET /" 200 - "http://lispnyc.org/blog/ericlavigne/a-tour-of-the-clojure-landscape" "Mozilla/5.0 (Windows; U; Windows NT 5.1; en-US) AppleWebKit/534.13 (KHTML, like Gecko) Chrome/9.0.597.98 Safari/534.13"
77.88.28.246 - - [13/Feb/2011:20:41:34 -0500] "GET /rss.xml" 200 - - "Mozilla/5.0 (compatible; YandexBot/3.0; +http://yandex.com/bots)"
221.251.16.45 - - [13/Feb/2011:21:43:13 -0500] "GET /expected-blog-contents" 200 - "http://lispnyc.org:80/blog/" "Mozilla/5.0 (Macintosh; U; Intel Mac OS X 10_6_6; en-us) AppleWebKit/533.19.4 (KHTML, like Gecko) Version/5.0.3 Safari/533.19.4"
66.249.72.43 - - [13/Feb/2011:22:28:55 -0500] "GET /2011/02/05" 200 - - "Mozilla/5.0 (compatible; Googlebot/2.1; +http://www.google.com/bot.html)"
