89.123.24.49 - - [22/Feb/2011:00:09:48 -0500] "GET /" 200 - - "Java/1.6.0_04"
66.249.72.43 - - [22/Feb/2011:00:22:49 -0500] "GET /2011/02/15" 200 - - "Mozilla/5.0 (compatible; Googlebot/2.1; +http://www.google.com/bot.html)"
67.195.114.220 - - [22/Feb/2011:00:38:06 -0500] "GET /atom.xml" 200 - - "Mozilla/5.0 (compatible; Yahoo! Slurp; http://help.yahoo.com/help/us/ysearch/slurp)"
66.249.72.87 - - [22/Feb/2011:00:54:32 -0500] "GET /2011/02/21" 200 - - "Mozilla/5.0 (compatible; Googlebot/2.1; +http://www.google.com/bot.html)"
66.249.72.43 - - [22/Feb/2011:01:04:40 -0500] "GET /2011/02/15" 200 - - "Mozilla/5.0 (compatible; Googlebot/2.1; +http://www.google.com/bot.html)"
67.195.114.220 - - [22/Feb/2011:01:16:04 -0500] "GET /2011/02" 200 - - "Mozilla/5.0 (compatible; Yahoo! Slurp; http://help.yahoo.com/help/us/ysearch/slurp)"
67.195.114.220 - - [22/Feb/2011:01:52:18 -0500] "GET /authors/cfield/" 200 - - "Mozilla/5.0 (compatible; Yahoo! Slurp; http://help.yahoo.com/help/us/ysearch/slurp)"
66.249.72.87 - - [22/Feb/2011:01:55:20 -0500] "GET /2011/02/22" 200 - - "Mozilla/5.0 (compatible; Googlebot/2.1; +http://www.google.com/bot.html)"
67.195.114.220 - - [22/Feb/2011:02:32:59 -0500] "GET /responses/rss.xml?entry=1297606740000" 200 - - "Mozilla/5.0 (compatible; Yahoo! Slurp; http://help.yahoo.com/help/us/ysearch/slurp)"
67.195.114.220 - - [22/Feb/2011:02:45:16 -0500] "GET /replyToBlogEntry.action?entry=1297606740000" 200 - - "Mozilla/5.0 (compatible; Yahoo! Slurp; http://help.yahoo.com/help/us/ysearch/slurp)"
67.195.112.43 - - [22/Feb/2011:02:47:47 -0500] "GET /atom.xml" 200 - - "Mozilla/5.0 (compatible; Yahoo! Slurp; http://help.yahoo.com/help/us/ysearch/slurp)"
66.249.72.87 - - [22/Feb/2011:03:01:57 -0500] "GET /2011/02/21" 200 - - "Mozilla/5.0 (compatible; Googlebot/2.1; +http://www.google.com/bot.html)"
66.249.72.87 - - [22/Feb/2011:04:33:44 -0500] "GET /2011/02/20" 200 - - "Mozilla/5.0 (compatible; Googlebot/2.1; +http://www.google.com/bot.html)"
66.249.72.87 - - [22/Feb/2011:04:40:41 -0500] "GET /2011/02/04" 200 - - "Mozilla/5.0 (compatible; Googlebot/2.1; +http://www.google.com/bot.html)"
218.213.130.199 - - [22/Feb/2011:08:18:36 -0500] "GET /expected-blog-contents" 200 - - "ichiro/4.0 (http://help.goo.ne.jp/door/crawler.html)"
218.213.130.199 - - [22/Feb/2011:08:27:12 -0500] "GET /replyToBlogEntry.action?entry=1297606740000" 200 - - "ichiro/4.0 (http://help.goo.ne.jp/door/crawler.html)"
66.249.72.87 - - [22/Feb/2011:08:54:47 -0500] "GET /" 200 - - "Mozilla/5.0 (compatible; Googlebot/2.1; +http://www.google.com/bot.html)"
66.249.72.87 - - [22/Feb/2011:08:55:07 -0500] "GET /rss.xml" 200 - - "Mozilla/5.0 (compatible; Googlebot/2.1; +http://www.google.com/bot.html)"
67.195.114.220 - - [22/Feb/2011:09:19:10 -0500] "GET /subscribe.action" 200 - - "Mozilla/5.0 (compatible; Yahoo! Slurp; http://help.yahoo.com/help/us/ysearch/slurp)"
84.14.112.202 - - [22/Feb/2011:09:53:32 -0500] "GET /" 200 - "http://www.lispnyc.org/blog/acheron/what-is-acheron-lisp" "Mozilla/5.0 (Windows; U; Windows NT 5.1; en-GB; rv:1.9.0.19) Gecko/2010031422 Firefox/3.0.19 ( .NET CLR 3.5.30729)"
84.14.112.202 - - [22/Feb/2011:09:53:33 -0500] "GET /pebble.css" 500 - "http://www.lispnyc.org/blog/cfield/" "Mozilla/5.0 (Windows; U; Windows NT 5.1; en-GB; rv:1.9.0.19) Gecko/2010031422 Firefox/3.0.19 ( .NET CLR 3.5.30729)"
84.14.112.202 - - [22/Feb/2011:09:53:33 -0500] "GET /themes/lisp-nyc-barsky1/screen.css" 500 - "http://www.lispnyc.org/blog/cfield/" "Mozilla/5.0 (Windows; U; Windows NT 5.1; en-GB; rv:1.9.0.19) Gecko/2010031422 Firefox/3.0.19 ( .NET CLR 3.5.30729)"
84.14.112.202 - - [22/Feb/2011:09:53:33 -0500] "GET /themes/lisp-nyc-barsky1/print.css" 500 - "http://www.lispnyc.org/blog/cfield/" "Mozilla/5.0 (Windows; U; Windows NT 5.1; en-GB; rv:1.9.0.19) Gecko/2010031422 Firefox/3.0.19 ( .NET CLR 3.5.30729)"
84.14.112.202 - - [22/Feb/2011:09:53:33 -0500] "GET /themes/_pebble/handheld.css" 500 - "http://www.lispnyc.org/blog/cfield/" "Mozilla/5.0 (Windows; U; Windows NT 5.1; en-GB; rv:1.9.0.19) Gecko/2010031422 Firefox/3.0.19 ( .NET CLR 3.5.30729)"
84.14.112.202 - - [22/Feb/2011:09:53:47 -0500] "GET /expected-blog-contents" 200 - "http://www.lispnyc.org/blog/cfield/" "Mozilla/5.0 (Windows; U; Windows NT 5.1; en-GB; rv:1.9.0.19) Gecko/2010031422 Firefox/3.0.19 ( .NET CLR 3.5.30729)"
84.14.112.202 - - [22/Feb/2011:09:53:48 -0500] "GET /themes/lisp-nyc-barsky1/screen.css" 500 - "http://www.lispnyc.org/blog/cfield/expected-blog-contents" "Mozilla/5.0 (Windows; U; Windows NT 5.1; en-GB; rv:1.9.0.19) Gecko/2010031422 Firefox/3.0.19 ( .NET CLR 3.5.30729)"
84.14.112.202 - - [22/Feb/2011:09:53:49 -0500] "GET /themes/lisp-nyc-barsky1/print.css" 500 - "http://www.lispnyc.org/blog/cfield/expected-blog-contents" "Mozilla/5.0 (Windows; U; Windows NT 5.1; en-GB; rv:1.9.0.19) Gecko/2010031422 Firefox/3.0.19 ( .NET CLR 3.5.30729)"
84.14.112.202 - - [22/Feb/2011:09:53:49 -0500] "GET /pebble.css" 500 - "http://www.lispnyc.org/blog/cfield/expected-blog-contents" "Mozilla/5.0 (Windows; U; Windows NT 5.1; en-GB; rv:1.9.0.19) Gecko/2010031422 Firefox/3.0.19 ( .NET CLR 3.5.30729)"
84.14.112.202 - - [22/Feb/2011:09:53:49 -0500] "GET /themes/_pebble/handheld.css" 500 - "http://www.lispnyc.org/blog/cfield/expected-blog-contents" "Mozilla/5.0 (Windows; U; Windows NT 5.1; en-GB; rv:1.9.0.19) Gecko/2010031422 Firefox/3.0.19 ( .NET CLR 3.5.30729)"
66.249.72.43 - - [22/Feb/2011:09:55:26 -0500] "GET /" 200 - - "Mozilla/5.0 (compatible; Googlebot/2.1; +http://www.google.com/bot.html)"
66.249.71.247 - - [22/Feb/2011:10:41:34 -0500] "GET /replyToBlogEntry.action?entry=1297606740000" 200 - - "Mozilla/5.0 (compatible; Googlebot/2.1; +http://www.google.com/bot.html)"
67.195.112.43 - - [22/Feb/2011:12:45:44 -0500] "GET /subscribe.action" 200 - - "Mozilla/5.0 (compatible; Yahoo! Slurp; http://help.yahoo.com/help/us/ysearch/slurp)"
66.249.71.247 - - [22/Feb/2011:14:16:29 -0500] "GET /2011/02/18" 200 - - "Mozilla/5.0 (compatible; Googlebot/2.1; +http://www.google.com/bot.html)"
66.249.71.244 - - [22/Feb/2011:15:25:02 -0500] "GET /2011/02/22" 200 - - "Mozilla/5.0 (compatible; Googlebot/2.1; +http://www.google.com/bot.html)"
66.249.71.244 - - [22/Feb/2011:15:25:09 -0500] "GET /2011/02/03" 200 - - "Mozilla/5.0 (compatible; Googlebot/2.1; +http://www.google.com/bot.html)"
66.249.71.244 - - [22/Feb/2011:15:25:10 -0500] "GET /2011/02/21" 200 - - "Mozilla/5.0 (compatible; Googlebot/2.1; +http://www.google.com/bot.html)"
67.195.114.220 - - [22/Feb/2011:16:09:44 -0500] "GET /2011/02/15" 200 - - "Mozilla/5.0 (compatible; Yahoo! Slurp; http://help.yahoo.com/help/us/ysearch/slurp)"
66.249.71.244 - - [22/Feb/2011:19:13:38 -0500] "GET /2011/02/20" 200 - - "Mozilla/5.0 (compatible; Googlebot/2.1; +http://www.google.com/bot.html)"
218.213.130.199 - - [22/Feb/2011:19:49:28 -0500] "GET /expected-blog-contents" 200 - - "ichiro/4.0 (http://help.goo.ne.jp/door/crawler.html)"
218.213.130.199 - - [22/Feb/2011:20:12:52 -0500] "GET /replyToBlogEntry.action?entry=1297606740000" 200 - - "ichiro/4.0 (http://help.goo.ne.jp/door/crawler.html)"
66.249.71.247 - - [22/Feb/2011:20:16:23 -0500] "GET /2011/02/17" 200 - - "Mozilla/5.0 (compatible; Googlebot/2.1; +http://www.google.com/bot.html)"
66.249.71.244 - - [22/Feb/2011:22:23:06 -0500] "GET /2011/02/20" 200 - - "Mozilla/5.0 (compatible; Googlebot/2.1; +http://www.google.com/bot.html)"
67.195.112.43 - - [22/Feb/2011:22:40:17 -0500] "GET /2011/02/13" 200 - - "Mozilla/5.0 (compatible; Yahoo! Slurp; http://help.yahoo.com/help/us/ysearch/slurp)"
67.195.114.220 - - [22/Feb/2011:22:56:43 -0500] "GET /expected-blog-contents" 200 - - "Mozilla/5.0 (compatible; Yahoo! Slurp; http://help.yahoo.com/help/us/ysearch/slurp)"
67.195.114.220 - - [22/Feb/2011:23:22:32 -0500] "GET /generateTrackBackLink.action?entry=1297606740000" 200 - - "Mozilla/5.0 (compatible; Yahoo! Slurp; http://help.yahoo.com/help/us/ysearch/slurp)"
