211.43.152.49 - - [24/Feb/2011:00:00:22 -0500] "GET /atom.xml" 200 - - "Mozilla/5.0 Firefox/3.0.5"
66.249.71.247 - - [24/Feb/2011:00:37:45 -0500] "GET /replyToBlogEntry.action?entry=1298241840000&comment=1297976184495" 200 - - "Mozilla/5.0 (compatible; Googlebot/2.1; +http://www.google.com/bot.html)"
75.36.141.183 - - [24/Feb/2011:00:42:24 -0500] "GET /programming-power-font" 200 - "http://www.reddit.com/r/programming/new/?sort=new&count=250&after=t3_fnia2" "Mozilla/5.0 (X11; U; Linux i686; en-US; rv:1.9.2.13) Gecko/20101206 Ubuntu/10.10 (maverick) Firefox/3.6.13"
66.249.71.247 - - [24/Feb/2011:00:48:15 -0500] "GET /generateTrackBackLink.action?entry=1298241840000" 200 - - "Mozilla/5.0 (compatible; Googlebot/2.1; +http://www.google.com/bot.html)"
66.249.71.247 - - [24/Feb/2011:01:01:45 -0500] "GET /replyToBlogEntry.action?entry=1298241840000&comment=1297979215282" 200 - - "Mozilla/5.0 (compatible; Googlebot/2.1; +http://www.google.com/bot.html)"
66.249.71.247 - - [24/Feb/2011:01:15:13 -0500] "GET /replyToBlogEntry.action?entry=1298241840000&comment=1298385662550" 200 - - "Mozilla/5.0 (compatible; Googlebot/2.1; +http://www.google.com/bot.html)"
212.113.37.106 - - [24/Feb/2011:01:33:42 -0500] "GET /" 200 - - "Mozilla/5.0 (compatible; SiteBot/0.1; +http://www.sitebot.org/robot/)"
212.113.37.106 - - [24/Feb/2011:01:33:43 -0500] "GET /rss.xml" 200 - - "Mozilla/5.0 (compatible; SiteBot/0.1; +http://www.sitebot.org/robot/)"
66.249.71.247 - - [24/Feb/2011:01:59:22 -0500] "GET /responses/rss.xml" 200 - - "Mozilla/5.0 (compatible; Googlebot/2.1; +http://www.google.com/bot.html)"
66.249.71.247 - - [24/Feb/2011:02:18:54 -0500] "GET /2011/02/23" 200 - - "Mozilla/5.0 (compatible; Googlebot/2.1; +http://www.google.com/bot.html)"
66.249.71.247 - - [24/Feb/2011:02:30:04 -0500] "GET /replyToBlogEntry.action?entry=1297973280000" 404 - - "Mozilla/5.0 (compatible; Googlebot/2.1; +http://www.google.com/bot.html)"
66.249.71.247 - - [24/Feb/2011:02:30:04 -0500] "GET /replyToBlogEntry.action?entry=1297973280000" 404 - - "Mozilla/5.0 (compatible; Googlebot/2.1; +http://www.google.com/bot.html)"
66.249.71.247 - - [24/Feb/2011:02:30:09 -0500] "GET /2011/02/24" 200 - - "Mozilla/5.0 (compatible; Googlebot/2.1; +http://www.google.com/bot.html)"
66.249.71.247 - - [24/Feb/2011:02:52:29 -0500] "GET /2011/01/22" 200 - - "Mozilla/5.0 (compatible; Googlebot/2.1; +http://www.google.com/bot.html)"
66.249.71.247 - - [24/Feb/2011:03:13:31 -0500] "GET /2011/02/04" 200 - - "Mozilla/5.0 (compatible; Googlebot/2.1; +http://www.google.com/bot.html)"
66.249.71.247 - - [24/Feb/2011:03:13:59 -0500] "GET /2011/02/17" 200 - - "Mozilla/5.0 (compatible; Googlebot/2.1; +http://www.google.com/bot.html)"
67.195.114.220 - - [24/Feb/2011:04:17:26 -0500] "GET /responses/rss.xml?entry=1298241840000" 200 - - "Mozilla/5.0 (compatible; Yahoo! Slurp; http://help.yahoo.com/help/us/ysearch/slurp)"
66.249.71.247 - - [24/Feb/2011:05:10:04 -0500] "GET /generateTrackBackLink.action?entry=1298241840000" 200 - - "Mozilla/5.0 (compatible; Googlebot/2.1; +http://www.google.com/bot.html)"
157.193.206.16 - - [24/Feb/2011:05:42:42 -0500] "GET /programming-power-font" 200 - "http://www.reddit.com/r/programming/search?q=font&restrict_sr=on" "Mozilla/5.0 (X11; U; Linux i686; en-US; rv:1.9.2.13) Gecko/20101203 SUSE/3.6.13-0.2.1 Firefox/3.6.13"
66.249.71.247 - - [24/Feb/2011:07:04:08 -0500] "GET /2011/02/17" 200 - - "Mozilla/5.0 (compatible; Googlebot/2.1; +http://www.google.com/bot.html)"
67.195.114.220 - - [24/Feb/2011:07:26:49 -0500] "GET /replyToBlogEntry.action?entry=1294763820000" 200 - - "Mozilla/5.0 (compatible; Yahoo! Slurp; http://help.yahoo.com/help/us/ysearch/slurp)"
67.195.114.220 - - [24/Feb/2011:07:28:25 -0500] "GET /2011/02/24" 200 - - "Mozilla/5.0 (compatible; Yahoo! Slurp; http://help.yahoo.com/help/us/ysearch/slurp)"
218.213.130.199 - - [24/Feb/2011:07:30:35 -0500] "GET /" 200 - - "DoCoMo/2.0 P901i(c100;TB;W24H11) (compatible; ichiro/mobile goo; +http://help.goo.ne.jp/door/crawler.html)"
67.249.225.84 - - [24/Feb/2011:07:31:16 -0500] "GET /programming-power-font" 200 - "http://www.reddit.com/r/programming/comments/fng5a/programming_font_inconsolata_bold_punct/" "Mozilla/5.0 (iPad; U; CPU OS 4_2_1 like Mac OS X; en-us) AppleWebKit/533.17.9 (KHTML, like Gecko) Mobile/8C148"
218.213.130.199 - - [24/Feb/2011:07:41:07 -0500] "GET /rss.xml" 200 - - "DoCoMo/2.0 P901i(c100;TB;W24H11) (compatible; ichiro/mobile goo; +http://help.goo.ne.jp/door/crawler.html)"
66.249.71.247 - - [24/Feb/2011:09:01:34 -0500] "GET /2011/01" 200 - - "Mozilla/5.0 (compatible; Googlebot/2.1; +http://www.google.com/bot.html)"
66.249.71.247 - - [24/Feb/2011:12:32:09 -0500] "GET /atom.xml" 200 - - "Mozilla/5.0 (compatible; Googlebot/2.1; +http://www.google.com/bot.html)"
66.249.71.247 - - [24/Feb/2011:12:56:31 -0500] "GET /2011/02/16" 200 - - "Mozilla/5.0 (compatible; Googlebot/2.1; +http://www.google.com/bot.html)"
218.213.130.199 - - [24/Feb/2011:13:09:10 -0500] "GET /templating-enlive" 200 - - "ichiro/4.0 (http://help.goo.ne.jp/door/crawler.html)"
218.213.130.199 - - [24/Feb/2011:13:30:05 -0500] "GET /replyToBlogEntry.action?entry=1294763820000" 200 - - "ichiro/4.0 (http://help.goo.ne.jp/door/crawler.html)"
68.175.66.95 - - [24/Feb/2011:13:51:34 -0500] "GET /programming-power-font" 200 - "http://lispnyc.org/blog/" "Mozilla/5.0 (X11; U; Linux x86_64; en-US; rv:1.9.2.13) Gecko/20101206 Ubuntu/10.04 (lucid) Firefox/3.6.13"
66.249.71.247 - - [24/Feb/2011:14:00:20 -0500] "GET /authors/heow/rss.xml" 200 - - "Mozilla/5.0 (compatible; Googlebot/2.1; +http://www.google.com/bot.html)"
72.36.94.10 - - [24/Feb/2011:14:22:01 -0500] "GET /programming-power-font" 200 - "http://www.reddit.com/r/programming/comments/fng5a/programming_font_inconsolata_bold_punct/" "Mozilla/5.0 (Macintosh; U; Intel Mac OS X 10_6_6; en-US) AppleWebKit/534.13 (KHTML, like Gecko) Chrome/9.0.597.102 Safari/534.13"
67.195.114.220 - - [24/Feb/2011:14:43:04 -0500] "GET /" 200 - - "Mozilla/5.0 (compatible; Yahoo! Slurp; http://help.yahoo.com/help/us/ysearch/slurp)"
68.175.66.95 - - [24/Feb/2011:16:08:27 -0500] "GET /" 200 - "http://lispnyc.org/blog/heow/programming-power-font" "Mozilla/5.0 (X11; U; Linux x86_64; en-US; rv:1.9.2.13) Gecko/20101206 Ubuntu/10.04 (lucid) Firefox/3.6.13"
68.175.66.95 - - [24/Feb/2011:16:08:34 -0500] "GET /programming-power-font" 200 - "http://lispnyc.org/blog/heow/" "Mozilla/5.0 (X11; U; Linux x86_64; en-US; rv:1.9.2.13) Gecko/20101206 Ubuntu/10.04 (lucid) Firefox/3.6.13"
68.175.66.95 - - [24/Feb/2011:16:08:42 -0500] "GET /replyToBlogEntry.action?entry=1298241840000&comment=1298385662550" 200 - "http://lispnyc.org/blog/heow/programming-power-font" "Mozilla/5.0 (X11; U; Linux x86_64; en-US; rv:1.9.2.13) Gecko/20101206 Ubuntu/10.04 (lucid) Firefox/3.6.13"
68.175.66.95 - - [24/Feb/2011:16:08:53 -0500] "POST /saveComment.action" 200 - "http://lispnyc.org/blog/heow/replyToBlogEntry.action?entry=1298241840000&comment=1298385662550" "Mozilla/5.0 (X11; U; Linux x86_64; en-US; rv:1.9.2.13) Gecko/20101206 Ubuntu/10.04 (lucid) Firefox/3.6.13"
68.175.66.95 - - [24/Feb/2011:16:08:57 -0500] "GET /" 200 - "http://lispnyc.org/blog/heow/saveComment.action" "Mozilla/5.0 (X11; U; Linux x86_64; en-US; rv:1.9.2.13) Gecko/20101206 Ubuntu/10.04 (lucid) Firefox/3.6.13"
68.175.66.95 - - [24/Feb/2011:16:09:02 -0500] "GET /programming-power-font" 200 - "http://lispnyc.org/blog/heow/" "Mozilla/5.0 (X11; U; Linux x86_64; en-US; rv:1.9.2.13) Gecko/20101206 Ubuntu/10.04 (lucid) Firefox/3.6.13"
68.175.66.95 - - [24/Feb/2011:16:09:25 -0500] "GET /" 200 - "http://lispnyc.org/blog/heow/programming-power-font" "Mozilla/5.0 (X11; U; Linux x86_64; en-US; rv:1.9.2.13) Gecko/20101206 Ubuntu/10.04 (lucid) Firefox/3.6.13"
68.175.66.95 - - [24/Feb/2011:16:09:30 -0500] "GET /programming-power-font" 200 - "http://lispnyc.org/blog/heow/" "Mozilla/5.0 (X11; U; Linux x86_64; en-US; rv:1.9.2.13) Gecko/20101206 Ubuntu/10.04 (lucid) Firefox/3.6.13"
68.175.66.95 - - [24/Feb/2011:16:09:35 -0500] "GET /programming-power-font" 200 - "http://lispnyc.org/blog/heow/programming-power-font" "Mozilla/5.0 (X11; U; Linux x86_64; en-US; rv:1.9.2.13) Gecko/20101206 Ubuntu/10.04 (lucid) Firefox/3.6.13"
68.175.66.95 - - [24/Feb/2011:16:09:43 -0500] "GET /programming-power-font" 200 - "http://lispnyc.org/blog/heow/programming-power-font" "Mozilla/5.0 (X11; U; Linux x86_64; en-US; rv:1.9.2.13) Gecko/20101206 Ubuntu/10.04 (lucid) Firefox/3.6.13"
68.175.66.95 - - [24/Feb/2011:16:12:51 -0500] "GET /replyToBlogEntry.action?entry=1298241840000&comment=1298509852636" 200 - "http://lispnyc.org/blog/heow/programming-power-font" "Mozilla/5.0 (X11; U; Linux x86_64; en-US; rv:1.9.2.13) Gecko/20101206 Ubuntu/10.04 (lucid) Firefox/3.6.13"
68.175.66.95 - - [24/Feb/2011:16:13:21 -0500] "POST /saveComment.action" 200 - "http://lispnyc.org/blog/heow/replyToBlogEntry.action?entry=1298241840000&comment=1298509852636" "Mozilla/5.0 (X11; U; Linux x86_64; en-US; rv:1.9.2.13) Gecko/20101206 Ubuntu/10.04 (lucid) Firefox/3.6.13"
68.175.66.95 - - [24/Feb/2011:16:13:24 -0500] "GET /programming-power-font" 200 - "http://lispnyc.org/blog/heow/saveComment.action" "Mozilla/5.0 (X11; U; Linux x86_64; en-US; rv:1.9.2.13) Gecko/20101206 Ubuntu/10.04 (lucid) Firefox/3.6.13"
72.28.23.186 - - [24/Feb/2011:16:27:48 -0500] "GET /programming-power-font" 200 - "http://www.google.com/url?sa=t&source=web&cd=1&ved=0CBQQFjAA&url=http%3A%2F%2Flispnyc.org%2Fblog%2Fheow%2Fprogramming-power-font&rct=j&q=e%20power%20font&ei=S9JmTarHIoK88gb37cmaCw&usg=AFQjCNGp6ePTW-SzIedFCdRXRW3sTJarog&sig2=-Rv2kiLFlK98upsiFDd4ng" "Mozilla/4.0 (compatible; MSIE 8.0; Windows NT 6.0; Trident/4.0; SLCC1; .NET CLR 2.0.50727; .NET CLR 3.5.30729; .NET CLR 3.0.30729; .NET4.0C; AskTbARS/5.8.0.12304)"
66.249.71.206 - - [24/Feb/2011:16:37:20 -0500] "GET /generateTrackBackLink.action?entry=1297973280000" 404 - - "Mozilla/5.0 (compatible; Googlebot/2.1; +http://www.google.com/bot.html)"
66.249.71.206 - - [24/Feb/2011:16:37:20 -0500] "GET /generateTrackBackLink.action?entry=1297973280000" 404 - - "Mozilla/5.0 (compatible; Googlebot/2.1; +http://www.google.com/bot.html)"
66.249.71.206 - - [24/Feb/2011:17:10:35 -0500] "GET /generateTrackBackLink.action?entry=1297973280000" 404 - - "Mozilla/5.0 (compatible; Googlebot/2.1; +http://www.google.com/bot.html)"
66.249.71.206 - - [24/Feb/2011:17:10:35 -0500] "GET /generateTrackBackLink.action?entry=1297973280000" 404 - - "Mozilla/5.0 (compatible; Googlebot/2.1; +http://www.google.com/bot.html)"
218.213.130.199 - - [24/Feb/2011:18:19:07 -0500] "GET /programming-power-font" 200 - - "ichiro/4.0 (http://help.goo.ne.jp/door/crawler.html)"
175.206.32.22 - - [24/Feb/2011:21:00:35 -0500] "GET /templating-enlive" 200 - - "Mozilla/5.0 (Windows; U; Windows NT 5.1; en-US; rv:1.9.0.10) Gecko/2009042316 Firefox/3.0.10"
175.206.32.22 - - [24/Feb/2011:21:00:38 -0500] "POST /saveComment.action" 403 - "http://www.lispnyc.org/blog/heow/templating-enlive" "Mozilla/5.0 (Windows; U; Windows NT 5.1; en-US; rv:1.9.0.10) Gecko/2009042316 Firefox/3.0.10"
175.206.32.22 - - [24/Feb/2011:21:00:39 -0500] "GET /saveComment.action" 403 - - "Mozilla/5.0 (Windows; U; Windows NT 5.1; en-US; rv:1.9.0.10) Gecko/2009042316 Firefox/3.0.10"
175.206.32.22 - - [24/Feb/2011:21:00:41 -0500] "GET /templating-enlive" 200 - - "Mozilla/5.0 (Windows; U; Windows NT 5.1; en-US; rv:1.9.0.10) Gecko/2009042316 Firefox/3.0.10"
175.206.32.22 - - [24/Feb/2011:21:00:44 -0500] "GET /" 200 - - "Mozilla/5.0 (Windows; U; Windows NT 5.1; en-US; rv:1.9.0.10) Gecko/2009042316 Firefox/3.0.10"
81.16.224.153 - - [24/Feb/2011:21:43:17 -0500] "GET /replyToBlogEntry.action?entry=1297973280000" 404 - - "Mozilla/5.0 (Windows NT 5.1; U; en) Opera 8.01"
81.16.224.153 - - [24/Feb/2011:21:43:17 -0500] "GET /replyToBlogEntry.action?entry=1297973280000" 404 - - "Mozilla/5.0 (Windows NT 5.1; U; en) Opera 8.01"
212.28.240.98 - - [24/Feb/2011:21:43:19 -0500] "GET /replyToBlogEntry.action?entry=1297973280000" 404 - - "Mozilla/5.0 (Windows NT 5.1; U; en) Opera 8.01"
212.28.240.98 - - [24/Feb/2011:21:43:19 -0500] "GET /replyToBlogEntry.action?entry=1297973280000" 404 - - "Mozilla/5.0 (Windows NT 5.1; U; en) Opera 8.01"
199.19.249.196 - - [24/Feb/2011:21:43:25 -0500] "GET /replyToBlogEntry.action?entry=1297973280000" 404 - - "Mozilla/4.0 (compatible; MSIE 7.0; Windows NT 5.1; InfoPath.1; .NET CLR 2.0.50727; .NET CLR 1.1.4322; MS-RTC LM 8; .NET CLR 3.0.4506.2152; .NET CLR 3.5.30729)"
199.19.249.196 - - [24/Feb/2011:21:43:25 -0500] "GET /replyToBlogEntry.action?entry=1297973280000" 404 - - "Mozilla/4.0 (compatible; MSIE 7.0; Windows NT 5.1; InfoPath.1; .NET CLR 2.0.50727; .NET CLR 1.1.4322; MS-RTC LM 8; .NET CLR 3.0.4506.2152; .NET CLR 3.5.30729)"
192.41.140.3 - - [24/Feb/2011:21:43:25 -0500] "GET /replyToBlogEntry.action?entry=1297973280000" 404 - - "Mozilla/5.0 (Windows NT 5.1; U; en) Opera 8.01"
192.41.140.3 - - [24/Feb/2011:21:43:25 -0500] "GET /replyToBlogEntry.action?entry=1297973280000" 404 - - "Mozilla/5.0 (Windows NT 5.1; U; en) Opera 8.01"
64.37.54.10 - - [24/Feb/2011:22:15:35 -0500] "GET /replyToBlogEntry.action?entry=1294763820000" 200 - - "Mozilla/4.0 (compatible; MSIE 6.0; Windows NT 5.1; SV1)"
64.37.54.10 - - [24/Feb/2011:22:15:38 -0500] "POST /saveComment.action" 403 - "http://www.lispnyc.org/blog/heow/replyToBlogEntry.action?entry=1294763820000" "Mozilla/4.0 (compatible; MSIE 6.0; Windows NT 5.1; SV1)"
64.37.54.10 - - [24/Feb/2011:22:15:39 -0500] "GET /" 200 - - "Mozilla/4.0 (compatible; MSIE 6.0; Windows NT 5.1; SV1)"
64.37.54.10 - - [24/Feb/2011:22:15:39 -0500] "GET /replyToBlogEntry.action?entry=1294763820000" 200 - - "Mozilla/4.0 (compatible; MSIE 6.0; Windows NT 5.1; SV1)"
64.37.54.10 - - [24/Feb/2011:22:15:40 -0500] "GET /" 200 - - "Mozilla/4.0 (compatible; MSIE 6.0; Windows NT 5.1; SV1)"
174.5.79.195 - - [24/Feb/2011:23:23:10 -0500] "GET /programming-power-font" 200 - "http://twitter.com/stungeye/" "Mozilla/5.0 (Windows; U; Windows NT 6.1; en-US) AppleWebKit/534.16 (KHTML, like Gecko) Chrome/10.0.648.45 Safari/534.16"
