211.43.152.49 - - [01/Mar/2011:01:13:07 -0500] "GET /atom.xml" 200 - - "Mozilla/5.0 Firefox/3.0.5"
67.195.114.220 - - [01/Mar/2011:01:58:46 -0500] "GET /rss.xml" 200 - - "Mozilla/5.0 (compatible; Yahoo! Slurp; http://help.yahoo.com/help/us/ysearch/slurp)"
66.249.72.8 - - [01/Mar/2011:04:35:52 -0500] "GET /2011/02/12" 200 - - "Mozilla/5.0 (compatible; Googlebot/2.1; +http://www.google.com/bot.html)"
66.249.72.8 - - [01/Mar/2011:06:16:29 -0500] "GET /2011/02/13" 200 - - "Mozilla/5.0 (compatible; Googlebot/2.1; +http://www.google.com/bot.html)"
66.249.72.46 - - [01/Mar/2011:07:07:47 -0500] "GET /2011/02/20" 200 - - "Mozilla/5.0 (compatible; Googlebot/2.1; +http://www.google.com/bot.html)"
67.195.114.220 - - [01/Mar/2011:07:16:27 -0500] "GET /responses/rss.xml?entry=1294763820000" 200 - - "Mozilla/5.0 (compatible; Yahoo! Slurp; http://help.yahoo.com/help/us/ysearch/slurp)"
66.249.72.8 - - [01/Mar/2011:08:03:00 -0500] "GET /replyToBlogEntry.action?entry=1298241840000&comment=1298582001699" 200 - - "Mozilla/5.0 (compatible; Googlebot/2.1; +http://www.google.com/bot.html)"
66.249.72.46 - - [01/Mar/2011:08:14:33 -0500] "GET /2011/02/20" 200 - - "Mozilla/5.0 (compatible; Googlebot/2.1; +http://www.google.com/bot.html)"
66.249.72.8 - - [01/Mar/2011:08:24:48 -0500] "GET /2011/03/01" 200 - - "Mozilla/5.0 (compatible; Googlebot/2.1; +http://www.google.com/bot.html)"
66.249.72.8 - - [01/Mar/2011:08:24:49 -0500] "GET /2011/03" 200 - - "Mozilla/5.0 (compatible; Googlebot/2.1; +http://www.google.com/bot.html)"
66.249.72.8 - - [01/Mar/2011:08:37:37 -0500] "GET /replyToBlogEntry.action?entry=1298241840000&comment=1298581733747" 200 - - "Mozilla/5.0 (compatible; Googlebot/2.1; +http://www.google.com/bot.html)"
66.249.72.8 - - [01/Mar/2011:08:49:10 -0500] "GET /replyToBlogEntry.action?entry=1298241840000&comment=1297976184495" 200 - - "Mozilla/5.0 (compatible; Googlebot/2.1; +http://www.google.com/bot.html)"
66.249.72.8 - - [01/Mar/2011:09:00:43 -0500] "GET /replyToBlogEntry.action?entry=1298241840000&comment=1298509852636" 200 - - "Mozilla/5.0 (compatible; Googlebot/2.1; +http://www.google.com/bot.html)"
84.168.176.101 - - [01/Mar/2011:09:02:53 -0500] "GET /programming-power-font" 200 - - "Mozilla/5.0 (compatible; MJ12bot/v1.3.3; http://www.majestic12.co.uk/bot.php?+)"
66.249.72.8 - - [01/Mar/2011:09:58:25 -0500] "GET /replyToBlogEntry.action?entry=1298241840000&comment=1298385662550" 200 - - "Mozilla/5.0 (compatible; Googlebot/2.1; +http://www.google.com/bot.html)"
82.197.210.162 - - [01/Mar/2011:10:00:10 -0500] "GET /programming-power-font" 200 - "http://www.reddit.com/r/programming/comments/fng5a/programming_font_inconsolata_bold_punct/" "Mozilla/5.0 (Windows; U; Windows NT 6.1; en-US) AppleWebKit/534.13 (KHTML, like Gecko) Chrome/9.0.597.98 Safari/534.13"
82.197.210.162 - - [01/Mar/2011:10:00:10 -0500] "GET /themes/lisp-nyc-barsky2/print.css" 500 - "http://lispnyc.org/blog/heow/programming-power-font" "Mozilla/5.0 (Windows; U; Windows NT 6.1; en-US) AppleWebKit/534.13 (KHTML, like Gecko) Chrome/9.0.597.98 Safari/534.13"
66.249.72.8 - - [01/Mar/2011:12:11:49 -0500] "GET /2011/02/23" 200 - - "Mozilla/5.0 (compatible; Googlebot/2.1; +http://www.google.com/bot.html)"
66.249.72.8 - - [01/Mar/2011:12:56:51 -0500] "GET /2011/02/27" 200 - - "Mozilla/5.0 (compatible; Googlebot/2.1; +http://www.google.com/bot.html)"
66.249.72.8 - - [01/Mar/2011:13:08:08 -0500] "GET /2011/02/25" 200 - - "Mozilla/5.0 (compatible; Googlebot/2.1; +http://www.google.com/bot.html)"
212.95.54.211 - - [01/Mar/2011:13:57:28 -0500] "GET /replyToBlogEntry.action?entry=1294763820000" 200 - - "Mozilla/4.0 (compatible; MSIE 6.0; Windows NT 5.1; SV1)"
66.249.72.8 - - [01/Mar/2011:14:14:36 -0500] "GET /2011/03/01" 200 - - "Mozilla/5.0 (compatible; Googlebot/2.1; +http://www.google.com/bot.html)"
66.249.72.8 - - [01/Mar/2011:14:27:00 -0500] "GET /2011/02/24" 200 - - "Mozilla/5.0 (compatible; Googlebot/2.1; +http://www.google.com/bot.html)"
144.183.31.2 - - [01/Mar/2011:14:43:35 -0500] "GET /programming-power-font" 200 - - "Mozilla/4.0 (compatible; MSIE 7.0; Windows NT 5.1; SV1; .NET CLR 1.0.3705; .NET CLR 1.1.4322; .NET CLR 2.0.50727; .NET CLR 3.0.04506.30; .NET CLR 3.0.04506.648; .NET CLR 3.0.4506.2152; .NET CLR 3.5.30729; InfoPath.2)"
144.183.31.2 - - [01/Mar/2011:14:43:36 -0500] "GET /themes/lisp-nyc-barsky2/print.css" 500 - "http://lispnyc.org/blog/heow/programming-power-font" "Mozilla/4.0 (compatible; MSIE 7.0; Windows NT 5.1; SV1; .NET CLR 1.0.3705; .NET CLR 1.1.4322; .NET CLR 2.0.50727; .NET CLR 3.0.04506.30; .NET CLR 3.0.04506.648; .NET CLR 3.0.4506.2152; .NET CLR 3.5.30729; InfoPath.2)"
67.195.114.220 - - [01/Mar/2011:15:00:30 -0500] "GET /" 200 - - "Mozilla/5.0 (compatible; Yahoo! Slurp; http://help.yahoo.com/help/us/ysearch/slurp)"
67.195.114.220 - - [01/Mar/2011:15:00:33 -0500] "GET /themes/lisp-nyc-barsky2/print.css" 500 - "http://lispnyc.org/blog/heow/" "Mozilla/5.0 (compatible; Yahoo! Slurp; http://help.yahoo.com/help/us/ysearch/slurp)"
66.249.72.8 - - [01/Mar/2011:15:08:11 -0500] "GET /replyToBlogEntry.action?entry=1298241840000&comment=1297979215282" 200 - - "Mozilla/5.0 (compatible; Googlebot/2.1; +http://www.google.com/bot.html)"
67.195.114.220 - - [01/Mar/2011:15:27:22 -0500] "GET /2011/03/01" 200 - - "Mozilla/5.0 (compatible; Yahoo! Slurp; http://help.yahoo.com/help/us/ysearch/slurp)"
67.195.114.220 - - [01/Mar/2011:16:26:34 -0500] "GET /2011/03" 200 - - "Mozilla/5.0 (compatible; Yahoo! Slurp; http://help.yahoo.com/help/us/ysearch/slurp)"
221.214.27.252 - - [01/Mar/2011:16:38:21 -0500] "GET /replyToBlogEntry.action?entry=1294763820000" 200 - - "Mozilla/4.0 (compatible; MSIE 6.0; Windows NT 5.1; SV1)"
221.214.27.252 - - [01/Mar/2011:16:38:24 -0500] "POST /saveComment.action" 200 - "http://lispnyc.org/blog/heow/replyToBlogEntry.action?entry=1294763820000" "Mozilla/4.0 (compatible; MSIE 6.0; Windows NT 5.1; SV1)"
212.95.54.211 - - [01/Mar/2011:16:38:26 -0500] "GET /" 200 - - "Mozilla/4.0 (compatible; MSIE 6.0; Windows NT 5.1; SV1)"
212.95.54.211 - - [01/Mar/2011:16:38:27 -0500] "GET /replyToBlogEntry.action?entry=1294763820000" 200 - - "Mozilla/4.0 (compatible; MSIE 6.0; Windows NT 5.1; SV1)"
212.95.54.211 - - [01/Mar/2011:16:38:28 -0500] "GET /" 200 - - "Mozilla/4.0 (compatible; MSIE 6.0; Windows NT 5.1; SV1)"
66.249.72.8 - - [01/Mar/2011:19:34:37 -0500] "GET /2011/02/14" 200 - - "Mozilla/5.0 (compatible; Googlebot/2.1; +http://www.google.com/bot.html)"
66.249.72.8 - - [01/Mar/2011:20:26:10 -0500] "GET /2011/02/09" 200 - - "Mozilla/5.0 (compatible; Googlebot/2.1; +http://www.google.com/bot.html)"
85.238.110.21 - - [01/Mar/2011:20:49:07 -0500] "GET /" 200 - "http://lispnyc.org/blog/heow/" "Mozilla/5.0 (Windows NT 5.1; U; en) Opera 8.01"
66.249.72.8 - - [01/Mar/2011:21:45:45 -0500] "GET /2011/02/01" 200 - - "Mozilla/5.0 (compatible; Googlebot/2.1; +http://www.google.com/bot.html)"
66.249.72.8 - - [01/Mar/2011:22:10:06 -0500] "GET /2011/02/14" 200 - - "Mozilla/5.0 (compatible; Googlebot/2.1; +http://www.google.com/bot.html)"
66.249.72.46 - - [01/Mar/2011:22:57:38 -0500] "GET /2011/02/20" 200 - - "Mozilla/5.0 (compatible; Googlebot/2.1; +http://www.google.com/bot.html)"
66.249.72.46 - - [01/Mar/2011:23:07:47 -0500] "GET /2011/02/22" 200 - - "Mozilla/5.0 (compatible; Googlebot/2.1; +http://www.google.com/bot.html)"
66.249.72.46 - - [01/Mar/2011:23:17:56 -0500] "GET /2011/02/21" 200 - - "Mozilla/5.0 (compatible; Googlebot/2.1; +http://www.google.com/bot.html)"
66.249.72.46 - - [01/Mar/2011:23:28:07 -0500] "GET /2011/02/19" 200 - - "Mozilla/5.0 (compatible; Googlebot/2.1; +http://www.google.com/bot.html)"
67.195.114.220 - - [01/Mar/2011:23:36:21 -0500] "GET /2011/03/01" 200 - - "Mozilla/5.0 (compatible; Yahoo! Slurp; http://help.yahoo.com/help/us/ysearch/slurp)"
67.195.114.220 - - [01/Mar/2011:23:36:33 -0500] "GET /themes/lisp-nyc-barsky2/print.css" 500 - "http://lispnyc.org/blog/heow/2011/03/01" "Mozilla/5.0 (compatible; Yahoo! Slurp; http://help.yahoo.com/help/us/ysearch/slurp)"
66.249.72.8 - - [01/Mar/2011:23:48:24 -0500] "GET /2011/02/06" 200 - - "Mozilla/5.0 (compatible; Googlebot/2.1; +http://www.google.com/bot.html)"
