66.249.71.247 - - [23/Feb/2011:00:16:49 -0500] "GET /2011/02/17" 200 - - "Mozilla/5.0 (compatible; Googlebot/2.1; +http://www.google.com/bot.html)"
66.249.71.244 - - [23/Feb/2011:00:26:55 -0500] "GET /2011/02/05" 200 - - "Mozilla/5.0 (compatible; Googlebot/2.1; +http://www.google.com/bot.html)"
66.249.71.244 - - [23/Feb/2011:00:30:25 -0500] "GET /2011/01/21" 200 - - "Mozilla/5.0 (compatible; Googlebot/2.1; +http://www.google.com/bot.html)"
66.249.71.244 - - [23/Feb/2011:00:39:21 -0500] "GET /2011/01/01" 200 - - "Mozilla/5.0 (compatible; Googlebot/2.1; +http://www.google.com/bot.html)"
208.86.202.10 - - [23/Feb/2011:01:21:11 -0500] "GET /programming-power-font" 200 - "http://www.reddit.com/r/programming/comments/fng5a/programming_font_inconsolata_bold_punct/" "Mozilla/5.0 (Windows; U; Windows NT 5.1; en-US) AppleWebKit/534.16 (KHTML, like Gecko) Chrome/10.0.648.82 Safari/534.16"
66.249.71.247 - - [23/Feb/2011:01:36:07 -0500] "GET /responses/rss.xml" 200 - - "Mozilla/5.0 (compatible; Googlebot/2.1; +http://www.google.com/bot.html)"
208.115.111.75 - - [23/Feb/2011:01:38:35 -0500] "GET /responses/rss.xml?entry=1294763820000" 200 - - "Mozilla/5.0 (compatible; Ezooms/1.0; ezooms.bot@gmail.com)"
66.249.71.247 - - [23/Feb/2011:01:46:53 -0500] "GET /2011/02/23" 200 - - "Mozilla/5.0 (compatible; Googlebot/2.1; +http://www.google.com/bot.html)"
66.249.71.247 - - [23/Feb/2011:03:32:36 -0500] "GET /2011/01" 200 - - "Mozilla/5.0 (compatible; Googlebot/2.1; +http://www.google.com/bot.html)"
66.249.71.247 - - [23/Feb/2011:03:43:29 -0500] "GET /search.action" 200 - - "Mozilla/5.0 (compatible; Googlebot/2.1; +http://www.google.com/bot.html)"
66.249.71.244 - - [23/Feb/2011:03:54:21 -0500] "GET /2011/02/18" 200 - - "Mozilla/5.0 (compatible; Googlebot/2.1; +http://www.google.com/bot.html)"
66.249.71.244 - - [23/Feb/2011:04:16:06 -0500] "GET /2011/02/19" 200 - - "Mozilla/5.0 (compatible; Googlebot/2.1; +http://www.google.com/bot.html)"
66.249.71.247 - - [23/Feb/2011:04:24:10 -0500] "GET /generateTrackBackLink.action?entry=1294763820000" 200 - - "Mozilla/5.0 (compatible; Googlebot/2.1; +http://www.google.com/bot.html)"
218.213.130.199 - - [23/Feb/2011:05:58:00 -0500] "GET /replyToBlogEntry.action?entry=1294763820000" 200 - - "ichiro/4.0 (http://help.goo.ne.jp/door/crawler.html)"
66.249.71.247 - - [23/Feb/2011:07:24:44 -0500] "GET /2011/02/16" 200 - - "Mozilla/5.0 (compatible; Googlebot/2.1; +http://www.google.com/bot.html)"
62.70.27.104 - - [23/Feb/2011:07:53:43 -0500] "GET /programming-power-font" 200 - - "Mozilla/5.0 (Macintosh; U; Intel Mac OS X 10_6_6; en-us) AppleWebKit/533.19.4 (KHTML, like Gecko) Version/5.0.3 Safari/533.19.4"
66.249.71.244 - - [23/Feb/2011:09:05:00 -0500] "GET /2011/02/18" 200 - - "Mozilla/5.0 (compatible; Googlebot/2.1; +http://www.google.com/bot.html)"
218.213.130.199 - - [23/Feb/2011:09:51:29 -0500] "GET /rss.xml" 200 - - "DoCoMo/2.0 P901i(c100;TB;W24H11) (compatible; ichiro/mobile goo; +http://help.goo.ne.jp/door/crawler.html)"
218.213.130.199 - - [23/Feb/2011:09:59:09 -0500] "GET /" 200 - - "DoCoMo/2.0 P901i(c100;TB;W24H11) (compatible; ichiro/mobile goo; +http://help.goo.ne.jp/door/crawler.html)"
82.170.47.159 - - [23/Feb/2011:10:22:36 -0500] "GET /" 200 - "http://www.google.nl/url?sa=t&source=web&cd=5&ved=0CDwQFjAE&url=http%3A%2F%2Flispnyc.org%2Fblog%2Fheow%2F&rct=j&q=css%20when%20%23%20or%20*&ei=LCtlTcPgCIXpOZi-ndAF&usg=AFQjCNFqNhI7Rtuvg4TYVGpQ96mzBd_kFQ" "Mozilla/5.0 (Windows; U; Windows NT 5.1; nl; rv:1.9.2.13) Gecko/20101203 Firefox/3.6.13"
66.249.71.247 - - [23/Feb/2011:10:34:47 -0500] "GET /2011/01/13" 200 - - "Mozilla/5.0 (compatible; Googlebot/2.1; +http://www.google.com/bot.html)"
66.249.71.247 - - [23/Feb/2011:10:44:47 -0500] "GET /2011/01/09" 200 - - "Mozilla/5.0 (compatible; Googlebot/2.1; +http://www.google.com/bot.html)"
130.221.145.5 - - [23/Feb/2011:11:01:40 -0500] "GET /programming-power-font" 200 - - "Mozilla/5.0 (Windows NT 5.1; rv:2.0b12pre) Gecko/20110221 Firefox/4.0b12pre"
208.115.138.254 - - [23/Feb/2011:11:01:40 -0500] "GET /programming-power-font" 200 - - "Mozilla/4.0 (compatible; MSIE 7.0; Windows NT 5.1; InfoPath.1; .NET CLR 2.0.50727; .NET CLR 1.1.4322; MS-RTC LM 8; .NET CLR 3.0.4506.2152; .NET CLR 3.5.30729)"
130.221.145.5 - - [23/Feb/2011:11:01:40 -0500] "GET /rdf.xml" 200 - - "Mozilla/4.0 (compatible;)"
208.115.138.254 - - [23/Feb/2011:11:01:41 -0500] "GET /rdf.xml" 200 - - "Mozilla/4.0 (compatible; MSIE 7.0; Windows NT 5.1; InfoPath.1; .NET CLR 2.0.50727; .NET CLR 1.1.4322; MS-RTC LM 8; .NET CLR 3.0.4506.2152; .NET CLR 3.5.30729)"
130.221.145.5 - - [23/Feb/2011:11:01:41 -0500] "GET /atom.xml" 200 - - "Mozilla/4.0 (compatible;)"
208.115.138.254 - - [23/Feb/2011:11:01:41 -0500] "GET /atom.xml" 200 - - "Mozilla/4.0 (compatible; MSIE 7.0; Windows NT 5.1; InfoPath.1; .NET CLR 2.0.50727; .NET CLR 1.1.4322; MS-RTC LM 8; .NET CLR 3.0.4506.2152; .NET CLR 3.5.30729)"
130.221.145.5 - - [23/Feb/2011:11:01:41 -0500] "GET /rss.xml" 200 - - "Mozilla/4.0 (compatible;)"
208.115.138.254 - - [23/Feb/2011:11:01:41 -0500] "GET /rss.xml" 200 - - "Mozilla/4.0 (compatible; MSIE 7.0; Windows NT 5.1; InfoPath.1; .NET CLR 2.0.50727; .NET CLR 1.1.4322; MS-RTC LM 8; .NET CLR 3.0.4506.2152; .NET CLR 3.5.30729)"
67.195.114.220 - - [23/Feb/2011:11:34:46 -0500] "GET /2011/01/12" 200 - - "Mozilla/5.0 (compatible; Yahoo! Slurp; http://help.yahoo.com/help/us/ysearch/slurp)"
66.249.71.247 - - [23/Feb/2011:12:46:00 -0500] "GET /2011/02/02" 200 - - "Mozilla/5.0 (compatible; Googlebot/2.1; +http://www.google.com/bot.html)"
66.249.71.247 - - [23/Feb/2011:13:15:28 -0500] "GET /2011/01/05" 200 - - "Mozilla/5.0 (compatible; Googlebot/2.1; +http://www.google.com/bot.html)"
66.249.71.247 - - [23/Feb/2011:13:25:28 -0500] "GET /2011/01/17" 200 - - "Mozilla/5.0 (compatible; Googlebot/2.1; +http://www.google.com/bot.html)"
67.195.114.220 - - [23/Feb/2011:13:28:03 -0500] "GET /" 200 - - "Mozilla/5.0 (compatible; Yahoo! Slurp; http://help.yahoo.com/help/us/ysearch/slurp)"
67.195.114.220 - - [23/Feb/2011:13:28:49 -0500] "GET /2011/02/23" 200 - - "Mozilla/5.0 (compatible; Yahoo! Slurp; http://help.yahoo.com/help/us/ysearch/slurp)"
67.195.114.220 - - [23/Feb/2011:13:29:26 -0500] "GET /responses/rss.xml" 200 - - "Mozilla/5.0 (compatible; Yahoo! Slurp; http://help.yahoo.com/help/us/ysearch/slurp)"
67.195.114.220 - - [23/Feb/2011:13:38:48 -0500] "GET /2011/02/20" 200 - - "Mozilla/5.0 (compatible; Yahoo! Slurp; http://help.yahoo.com/help/us/ysearch/slurp)"
67.195.114.220 - - [23/Feb/2011:14:13:48 -0500] "GET /rss.xml" 200 - - "Mozilla/5.0 (compatible; Yahoo! Slurp; http://help.yahoo.com/help/us/ysearch/slurp)"
66.249.71.247 - - [23/Feb/2011:14:35:15 -0500] "GET /2011/02/06" 200 - - "Mozilla/5.0 (compatible; Googlebot/2.1; +http://www.google.com/bot.html)"
66.249.71.247 - - [23/Feb/2011:14:53:49 -0500] "GET /2011/01/26" 200 - - "Mozilla/5.0 (compatible; Googlebot/2.1; +http://www.google.com/bot.html)"
173.63.114.8 - - [23/Feb/2011:15:04:11 -0500] "GET /programming-power-font" 200 - - "Mozilla/5.0 (Windows; U; Windows NT 6.0; en-US; rv:1.9.1.6) Gecko/20091201 Firefox/3.5.6 (.NET CLR 3.5.30729)"
66.249.71.247 - - [23/Feb/2011:15:29:54 -0500] "GET /2011/02/07" 200 - - "Mozilla/5.0 (compatible; Googlebot/2.1; +http://www.google.com/bot.html)"
67.195.114.220 - - [23/Feb/2011:18:44:04 -0500] "GET /templating-enlive" 200 - - "Mozilla/5.0 (compatible; Yahoo! Slurp; http://help.yahoo.com/help/us/ysearch/slurp)"
66.249.71.247 - - [23/Feb/2011:19:42:30 -0500] "GET /responses/rss.xml?entry=1297973280000" 200 - - "Mozilla/5.0 (compatible; Googlebot/2.1; +http://www.google.com/bot.html)"
99.157.49.95 - - [23/Feb/2011:20:00:40 -0500] "GET /programming-power-font" 200 - "http://www.reddit.com/r/programming/comments/fng5a/programming_font_inconsolata_bold_punct/" "Mozilla/5.0 (Macintosh; U; Intel Mac OS X 10.6; en-US; rv:1.9.2.13) Gecko/20101203 Firefox/3.6.13"
99.157.49.95 - - [23/Feb/2011:20:01:03 -0500] "GET /programming-power-font" 200 - "http://www.reddit.com/r/programming/comments/fng5a/programming_font_inconsolata_bold_punct/" "Mozilla/5.0 (Macintosh; U; Intel Mac OS X 10.6; en-US; rv:1.9.2.13) Gecko/20101203 Firefox/3.6.13"
67.195.114.220 - - [23/Feb/2011:20:04:44 -0500] "GET /2011/01/11" 200 - - "Mozilla/5.0 (compatible; Yahoo! Slurp; http://help.yahoo.com/help/us/ysearch/slurp)"
99.157.49.95 - - [23/Feb/2011:20:10:52 -0500] "POST /saveComment.action" 200 - "http://lispnyc.org/blog/heow/programming-power-font" "Mozilla/5.0 (Macintosh; U; Intel Mac OS X 10.6; en-US; rv:1.9.2.13) Gecko/20101203 Firefox/3.6.13"
66.249.71.247 - - [23/Feb/2011:20:12:23 -0500] "GET /responses/rss.xml?entry=1298241840000" 200 - - "Mozilla/5.0 (compatible; Googlebot/2.1; +http://www.google.com/bot.html)"
99.157.49.95 - - [23/Feb/2011:20:13:49 -0500] "POST /confirmComment.action" 200 - "http://lispnyc.org/blog/heow/saveComment.action" "Mozilla/5.0 (Macintosh; U; Intel Mac OS X 10.6; en-US; rv:1.9.2.13) Gecko/20101203 Firefox/3.6.13"
218.213.130.199 - - [23/Feb/2011:20:19:27 -0500] "GET /templating-enlive" 200 - - "ichiro/4.0 (http://help.goo.ne.jp/door/crawler.html)"
218.213.130.199 - - [23/Feb/2011:20:29:44 -0500] "GET /programming-power-font" 200 - - "ichiro/4.0 (http://help.goo.ne.jp/door/crawler.html)"
218.213.130.199 - - [23/Feb/2011:20:39:55 -0500] "GET /responses/rss.xml" 200 - - "DoCoMo/2.0 P901i(c100;TB;W24H11) (compatible; ichiro/mobile goo; +http://help.goo.ne.jp/door/crawler.html)"
218.213.130.199 - - [23/Feb/2011:20:57:17 -0500] "GET /2011/01" 200 - - "ichiro/4.0 (http://help.goo.ne.jp/door/crawler.html)"
218.213.130.199 - - [23/Feb/2011:21:12:49 -0500] "GET /2011/02" 200 - - "ichiro/4.0 (http://help.goo.ne.jp/door/crawler.html)"
218.213.130.199 - - [23/Feb/2011:21:30:11 -0500] "GET /search.action" 200 - - "ichiro/4.0 (http://help.goo.ne.jp/door/crawler.html)"
218.213.130.199 - - [23/Feb/2011:21:44:14 -0500] "GET /2011/02/23" 200 - - "ichiro/4.0 (http://help.goo.ne.jp/door/crawler.html)"
66.249.71.244 - - [23/Feb/2011:21:50:04 -0500] "GET /" 200 - - "Mozilla/5.0 (compatible; Googlebot/2.1; +http://www.google.com/bot.html)"
218.213.130.199 - - [23/Feb/2011:21:59:40 -0500] "GET /2011/02/20" 200 - - "ichiro/4.0 (http://help.goo.ne.jp/door/crawler.html)"
218.213.130.199 - - [23/Feb/2011:22:14:23 -0500] "GET /subscribe.action" 200 - - "ichiro/4.0 (http://help.goo.ne.jp/door/crawler.html)"
218.213.130.199 - - [23/Feb/2011:22:29:55 -0500] "GET /atom.xml" 200 - - "DoCoMo/2.0 P901i(c100;TB;W24H11) (compatible; ichiro/mobile goo; +http://help.goo.ne.jp/door/crawler.html)"
66.249.71.247 - - [23/Feb/2011:22:48:50 -0500] "GET /programming-power-font" 200 - - "Mozilla/5.0 (compatible; Googlebot/2.1; +http://www.google.com/bot.html)"
66.249.71.247 - - [23/Feb/2011:23:19:38 -0500] "GET /replyToBlogEntry.action?entry=1297973280000" 404 - - "Mozilla/5.0 (compatible; Googlebot/2.1; +http://www.google.com/bot.html)"
66.249.71.247 - - [23/Feb/2011:23:19:38 -0500] "GET /replyToBlogEntry.action?entry=1297973280000" 404 - - "Mozilla/5.0 (compatible; Googlebot/2.1; +http://www.google.com/bot.html)"
66.249.71.247 - - [23/Feb/2011:23:57:35 -0500] "GET /replyToBlogEntry.action?entry=1294763820000" 200 - - "Mozilla/5.0 (compatible; Googlebot/2.1; +http://www.google.com/bot.html)"
