66.249.72.43 - - [15/Feb/2011:01:16:30 -0500] "GET /2011/02/04" 200 - - "Mozilla/5.0 (compatible; Googlebot/2.1; +http://www.google.com/bot.html)"
66.249.72.43 - - [15/Feb/2011:04:23:59 -0500] "GET /2011/02/15" 200 - - "Mozilla/5.0 (compatible; Googlebot/2.1; +http://www.google.com/bot.html)"
66.249.72.43 - - [15/Feb/2011:04:27:13 -0500] "GET /2011/02/15" 200 - - "Mozilla/5.0 (compatible; Googlebot/2.1; +http://www.google.com/bot.html)"
67.195.114.220 - - [15/Feb/2011:05:06:11 -0500] "GET /" 200 - - "Mozilla/5.0 (compatible; Yahoo! Slurp; http://help.yahoo.com/help/us/ysearch/slurp)"
67.195.114.220 - - [15/Feb/2011:05:25:01 -0500] "GET /templating-enlive" 200 - - "Mozilla/5.0 (compatible; Yahoo! Slurp; http://help.yahoo.com/help/us/ysearch/slurp)"
66.249.72.43 - - [15/Feb/2011:05:43:55 -0500] "GET /" 200 - - "Mozilla/5.0 (compatible; Googlebot/2.1; +http://www.google.com/bot.html)"
67.195.114.220 - - [15/Feb/2011:06:17:58 -0500] "GET /2011/02/15" 200 - - "Mozilla/5.0 (compatible; Yahoo! Slurp; http://help.yahoo.com/help/us/ysearch/slurp)"
67.195.114.220 - - [15/Feb/2011:07:14:59 -0500] "GET /responses/rss.xml?entry=1294763820000" 200 - - "Mozilla/5.0 (compatible; Yahoo! Slurp; http://help.yahoo.com/help/us/ysearch/slurp)"
66.249.72.43 - - [15/Feb/2011:07:26:36 -0500] "GET /templating-enlive" 200 - - "Mozilla/5.0 (compatible; Googlebot/2.1; +http://www.google.com/bot.html)"
66.249.72.43 - - [15/Feb/2011:09:09:22 -0500] "GET /replyToBlogEntry.action?entry=1294763820000" 200 - - "Mozilla/5.0 (compatible; Googlebot/2.1; +http://www.google.com/bot.html)"
66.249.72.43 - - [15/Feb/2011:09:24:50 -0500] "GET /templating-enlive" 200 - - "Mozilla/5.0 (compatible; Googlebot/2.1; +http://www.google.com/bot.html)"
67.195.114.220 - - [15/Feb/2011:09:51:44 -0500] "GET /generateTrackBackLink.action?entry=1294763820000" 200 - - "Mozilla/5.0 (compatible; Yahoo! Slurp; http://help.yahoo.com/help/us/ysearch/slurp)"
190.174.222.24 - - [15/Feb/2011:11:06:02 -0500] "GET /rss.xml" 200 - - "Mozilla/5.0 (Windows; U; Windows NT 5.1; es-AR; rv:1.9.2.10) Gecko/20100914 Firefox/3.6.10 (.NET CLR 3.5.30729)"
66.249.72.43 - - [15/Feb/2011:11:56:58 -0500] "GET /2011/01/31" 200 - - "Mozilla/5.0 (compatible; Googlebot/2.1; +http://www.google.com/bot.html)"
72.30.161.246 - - [15/Feb/2011:13:34:45 -0500] "GET /" 200 - - "Mozilla/5.0 (compatible; Yahoo! Slurp; http://help.yahoo.com/help/us/ysearch/slurp)"
66.249.67.196 - - [15/Feb/2011:14:25:22 -0500] "GET /2011/01/31" 200 - - "Mozilla/5.0 (compatible; Googlebot/2.1; +http://www.google.com/bot.html)"
66.249.67.196 - - [15/Feb/2011:14:32:11 -0500] "GET /2011/02" 200 - - "Mozilla/5.0 (compatible; Googlebot/2.1; +http://www.google.com/bot.html)"
66.249.67.196 - - [15/Feb/2011:15:23:39 -0500] "GET /2011/02" 200 - - "Mozilla/5.0 (compatible; Googlebot/2.1; +http://www.google.com/bot.html)"
66.249.72.133 - - [15/Feb/2011:15:30:51 -0500] "GET /search.action" 200 - - "Mozilla/5.0 (compatible; Googlebot/2.1; +http://www.google.com/bot.html)"
66.249.67.196 - - [15/Feb/2011:15:45:43 -0500] "GET /subscribe.action" 200 - - "Mozilla/5.0 (compatible; Googlebot/2.1; +http://www.google.com/bot.html)"
66.249.67.196 - - [15/Feb/2011:16:00:23 -0500] "GET /2011/01" 200 - - "Mozilla/5.0 (compatible; Googlebot/2.1; +http://www.google.com/bot.html)"
66.249.67.196 - - [15/Feb/2011:16:44:25 -0500] "GET /rss.xml" 200 - - "Mozilla/5.0 (compatible; Googlebot/2.1; +http://www.google.com/bot.html)"
218.213.130.199 - - [15/Feb/2011:18:06:06 -0500] "GET /templating-enlive" 200 - - "ichiro/4.0 (http://help.goo.ne.jp/door/crawler.html)"
218.213.130.199 - - [15/Feb/2011:18:27:49 -0500] "GET /replyToBlogEntry.action?entry=1294763820000" 200 - - "ichiro/4.0 (http://help.goo.ne.jp/door/crawler.html)"
66.249.67.196 - - [15/Feb/2011:19:26:13 -0500] "GET /atom.xml" 200 - - "Mozilla/5.0 (compatible; Googlebot/2.1; +http://www.google.com/bot.html)"
218.213.130.199 - - [15/Feb/2011:19:34:53 -0500] "GET /rss.xml" 200 - - "DoCoMo/2.0 P901i(c100;TB;W24H11) (compatible; ichiro/mobile goo; +http://help.goo.ne.jp/door/crawler.html)"
66.249.67.196 - - [15/Feb/2011:19:45:07 -0500] "GET /2011/01/10" 200 - - "Mozilla/5.0 (compatible; Googlebot/2.1; +http://www.google.com/bot.html)"
66.249.67.196 - - [15/Feb/2011:20:10:08 -0500] "GET /authors/heow/rss.xml" 200 - - "Mozilla/5.0 (compatible; Googlebot/2.1; +http://www.google.com/bot.html)"
66.249.67.196 - - [15/Feb/2011:20:33:02 -0500] "GET /authors/heow/rss.xml" 200 - - "Mozilla/5.0 (compatible; Googlebot/2.1; +http://www.google.com/bot.html)"
72.30.161.246 - - [15/Feb/2011:21:01:52 -0500] "GET /rss.xml" 200 - - "Mozilla/5.0 (compatible; Yahoo! Slurp; http://help.yahoo.com/help/us/ysearch/slurp)"
66.249.67.196 - - [15/Feb/2011:21:30:56 -0500] "GET /2011/01/12" 200 - - "Mozilla/5.0 (compatible; Googlebot/2.1; +http://www.google.com/bot.html)"
66.249.67.196 - - [15/Feb/2011:22:02:06 -0500] "GET /2011/01/12" 200 - - "Mozilla/5.0 (compatible; Googlebot/2.1; +http://www.google.com/bot.html)"
66.249.67.196 - - [15/Feb/2011:23:46:45 -0500] "GET /2011/01/30" 200 - - "Mozilla/5.0 (compatible; Googlebot/2.1; +http://www.google.com/bot.html)"
