66.249.72.43 - - [20/Feb/2011:00:00:03 -0500] "GET /" 200 - - "Mozilla/5.0 (compatible; Googlebot/2.1; +http://www.google.com/bot.html)"
66.249.72.43 - - [20/Feb/2011:00:08:39 -0500] "GET /" 200 - - "Mozilla/5.0 (compatible; Googlebot/2.1; +http://www.google.com/bot.html)"
122.167.88.128 - - [20/Feb/2011:00:12:49 -0500] "GET /programming-power-font" 200 - "http://www.reddit.com/r/programming/comments/fng5a/programming_font_inconsolata_bold_punct/" "Mozilla/5.0 (X11; U; Linux x86_64; en-US; rv:1.9.2.13) Gecko/20101206 Ubuntu/10.10 (maverick) Firefox/3.6.13"
68.172.226.44 - - [20/Feb/2011:00:20:26 -0500] "GET /programming-power-font" 200 - - "Mozilla/5.0 (Macintosh; U; Intel Mac OS X 10_5_8; en-US) AppleWebKit/534.10 (KHTML, like Gecko) Chrome/8.0.552.237 Safari/534.10"
68.172.226.44 - - [20/Feb/2011:00:20:57 -0500] "GET /programming-power-font" 200 - - "Mozilla/5.0 (Macintosh; U; Intel Mac OS X 10_5_8; en-US) AppleWebKit/534.10 (KHTML, like Gecko) Chrome/8.0.552.237 Safari/534.10"
212.235.26.177 - - [20/Feb/2011:01:01:01 -0500] "GET /programming-power-font" 200 - - "Mozilla/5.0 (Windows; U; Windows NT 5.1; en-US) AppleWebKit/534.13 (KHTML, like Gecko) Chrome/9.0.597.67 Safari/534.13"
76.126.148.240 - - [20/Feb/2011:01:09:07 -0500] "GET /templating-enlive" 200 - "http://www.google.com/search?sourceid=chrome&ie=UTF-8&q=enlive+selector+meta" "Mozilla/5.0 (Macintosh; U; Intel Mac OS X 10_6_6; en-US) AppleWebKit/534.13 (KHTML, like Gecko) Chrome/9.0.597.102 Safari/534.13"
76.126.148.240 - - [20/Feb/2011:01:09:19 -0500] "GET /" 200 - "http://lispnyc.org/blog/heow/templating-enlive" "Mozilla/5.0 (Macintosh; U; Intel Mac OS X 10_6_6; en-US) AppleWebKit/534.13 (KHTML, like Gecko) Chrome/9.0.597.102 Safari/534.13"
92.243.105.219 - - [20/Feb/2011:01:12:55 -0500] "GET /programming-power-font" 200 - "http://www.reddit.com/r/programming/comments/fng5a/programming_font_inconsolata_bold_punct/" "Mozilla/5.0 (Windows; U; Windows NT 6.1; en-US) AppleWebKit/534.13 (KHTML, like Gecko) Chrome/9.0.597.98 Safari/534.13"
198.36.39.1 - - [20/Feb/2011:01:19:12 -0500] "GET /programming-power-font" 200 - "http://www.reddit.com/r/programming/comments/fng5a/programming_font_inconsolata_bold_punct/" "Mozilla/5.0 (Windows; U; Windows NT 6.0; en-US; rv:1.9.2.13) Gecko/20101203 Firefox/3.6.13 ( .NET CLR 3.5.30729; .NET4.0E)"
198.36.39.1 - - [20/Feb/2011:01:19:17 -0500] "GET /programming-power-font" 200 - "http://www.reddit.com/r/programming/comments/fng5a/programming_font_inconsolata_bold_punct/" "Mozilla/5.0 (Windows; U; Windows NT 6.0; en-US; rv:1.9.2.13) Gecko/20101203 Firefox/3.6.13 ( .NET CLR 3.5.30729; .NET4.0E)"
194.75.128.200 - - [20/Feb/2011:01:26:17 -0500] "GET /programming-power-font" 200 - "http://www.reddit.com/r/programming/comments/fng5a/programming_font_inconsolata_bold_punct/" "Mozilla/5.0 (Windows NT 5.1; rv:2.0b11) Gecko/20100101 Firefox/4.0b11"
66.249.72.43 - - [20/Feb/2011:01:30:20 -0500] "GET /2011/01/05" 200 - - "Mozilla/5.0 (compatible; Googlebot/2.1; +http://www.google.com/bot.html)"
66.249.72.87 - - [20/Feb/2011:01:34:36 -0500] "GET /2011/02/18" 200 - - "Mozilla/5.0 (compatible; Googlebot/2.1; +http://www.google.com/bot.html)"
66.249.72.87 - - [20/Feb/2011:01:43:54 -0500] "GET /2011/02/20" 200 - - "Mozilla/5.0 (compatible; Googlebot/2.1; +http://www.google.com/bot.html)"
66.249.72.43 - - [20/Feb/2011:01:45:58 -0500] "GET /2011/02/02" 200 - - "Mozilla/5.0 (compatible; Googlebot/2.1; +http://www.google.com/bot.html)"
83.234.62.254 - - [20/Feb/2011:02:01:26 -0500] "GET /programming-power-font" 200 - - "Mozilla/5.0 (X11; U; Linux i686; ru; rv:1.9.2.13) Gecko/20101206 Ubuntu/10.10 (maverick) Firefox/3.6.13"
59.86.107.239 - - [20/Feb/2011:02:39:23 -0500] "GET /programming-power-font" 200 - "http://www.reddit.com/r/programming/comments/fng5a/programming_font_inconsolata_bold_punct/" "Mozilla/5.0 (Macintosh; U; Intel Mac OS X 10_6_6; ja-jp) AppleWebKit/533.19.4 (KHTML, like Gecko) Version/5.0.3 Safari/533.19.4"
66.249.72.87 - - [20/Feb/2011:03:11:08 -0500] "GET /2011/02/19" 200 - - "Mozilla/5.0 (compatible; Googlebot/2.1; +http://www.google.com/bot.html)"
66.249.72.43 - - [20/Feb/2011:03:18:38 -0500] "GET /2011/01/17" 200 - - "Mozilla/5.0 (compatible; Googlebot/2.1; +http://www.google.com/bot.html)"
66.249.72.43 - - [20/Feb/2011:03:34:40 -0500] "GET /2011/01/17" 200 - - "Mozilla/5.0 (compatible; Googlebot/2.1; +http://www.google.com/bot.html)"
218.213.130.199 - - [20/Feb/2011:04:19:53 -0500] "GET /programming-power-font" 200 - - "ichiro/4.0 (http://help.goo.ne.jp/door/crawler.html)"
66.249.72.43 - - [20/Feb/2011:04:30:44 -0500] "GET /replyToBlogEntry.action?entry=1294763820000" 200 - - "Mozilla/5.0 (compatible; Googlebot/2.1; +http://www.google.com/bot.html)"
195.42.102.25 - - [20/Feb/2011:04:38:57 -0500] "GET /rss.xml" 200 - - "Mozilla/5.0 (compatible; Purebot/1.1; +http://www.puritysearch.net/)"
195.42.102.25 - - [20/Feb/2011:04:39:11 -0500] "GET /"http://del.icio.us/post?url=http://www.lispnyc.org:80/blog/heow/programming-power-font&amp;title=Programming+Power+Font"" 404 - - "Mozilla/5.0 (compatible; Purebot/1.1; +http://www.puritysearch.net/)"
195.42.102.25 - - [20/Feb/2011:04:39:15 -0500] "GET /programming-power-font" 200 - - "Mozilla/5.0 (compatible; Purebot/1.1; +http://www.puritysearch.net/)"
195.42.102.25 - - [20/Feb/2011:04:39:28 -0500] "GET /2011/02/20" 200 - - "Mozilla/5.0 (compatible; Purebot/1.1; +http://www.puritysearch.net/)"
195.42.102.25 - - [20/Feb/2011:04:39:48 -0500] "GET /"http://www.google.com/bookmarks/mark?op=edit&amp;bkmk=http://www.lispnyc.org:80/blog/heow/programming-power-font&amp;title=Programming+Power+Font"" 404 - - "Mozilla/5.0 (compatible; Purebot/1.1; +http://www.puritysearch.net/)"
195.42.102.25 - - [20/Feb/2011:04:39:57 -0500] "GET /atom.xml" 200 - - "Mozilla/5.0 (compatible; Purebot/1.1; +http://www.puritysearch.net/)"
195.42.102.25 - - [20/Feb/2011:04:40:18 -0500] "GET /"http://www.stumbleupon.com/submit?url=http://www.lispnyc.org:80/blog/heow/programming-power-font&amp;title=Programming+Power+Font"" 404 - - "Mozilla/5.0 (compatible; Purebot/1.1; +http://www.puritysearch.net/)"
195.42.102.25 - - [20/Feb/2011:04:40:20 -0500] "GET /"http://www.furl.net/storeIt.jsp?u=http://www.lispnyc.org:80/blog/heow/programming-power-font&amp;t=Programming+Power+Font"" 404 - - "Mozilla/5.0 (compatible; Purebot/1.1; +http://www.puritysearch.net/)"
195.42.102.25 - - [20/Feb/2011:04:40:25 -0500] "GET /subscribe.action" 200 - - "Mozilla/5.0 (compatible; Purebot/1.1; +http://www.puritysearch.net/)"
218.213.130.199 - - [20/Feb/2011:04:40:26 -0500] "GET /replyToBlogEntry.action?entry=1297973280000" 200 - - "ichiro/4.0 (http://help.goo.ne.jp/door/crawler.html)"
195.42.102.25 - - [20/Feb/2011:04:40:26 -0500] "GET /"http://bookmarks.yahoo.com/toolbar/savebm?opener=tb&amp;u=http://www.lispnyc.org:80/blog/heow/templating-enlive&amp;t=Templating+Enlive"" 404 - - "Mozilla/5.0 (compatible; Purebot/1.1; +http://www.puritysearch.net/)"
195.42.102.25 - - [20/Feb/2011:04:40:35 -0500] "GET /"http://reddit.com/submit?url=http://www.lispnyc.org:80/blog/heow/programming-power-font&amp;title=Programming+Power+Font"" 404 - - "Mozilla/5.0 (compatible; Purebot/1.1; +http://www.puritysearch.net/)"
195.42.102.25 - - [20/Feb/2011:04:40:43 -0500] "GET /"http://bookmarks.yahoo.com/toolbar/savebm?opener=tb&amp;u=http://www.lispnyc.org:80/blog/heow/programming-power-font&amp;t=Programming+Power+Font"" 404 - - "Mozilla/5.0 (compatible; Purebot/1.1; +http://www.puritysearch.net/)"
195.42.102.25 - - [20/Feb/2011:04:40:47 -0500] "GET /2011/02" 200 - - "Mozilla/5.0 (compatible; Purebot/1.1; +http://www.puritysearch.net/)"
195.42.102.25 - - [20/Feb/2011:04:40:50 -0500] "GET /2011/02/search.action" 200 - - "Mozilla/5.0 (compatible; Purebot/1.1; +http://www.puritysearch.net/)"
195.42.102.25 - - [20/Feb/2011:04:41:06 -0500] "GET /2011/authors/heow/" 404 - - "Mozilla/5.0 (compatible; Purebot/1.1; +http://www.puritysearch.net/)"
195.42.102.25 - - [20/Feb/2011:04:41:16 -0500] "GET /"http://reddit.com/rss.xml" 404 - - "Mozilla/5.0 (compatible; Purebot/1.1; +http://www.puritysearch.net/)"
195.42.102.25 - - [20/Feb/2011:04:41:35 -0500] "GET /"http://bookmarks.yahoo.com/toolbar/search.action" 200 - - "Mozilla/5.0 (compatible; Purebot/1.1; +http://www.puritysearch.net/)"
195.42.102.25 - - [20/Feb/2011:04:41:41 -0500] "GET /"http://www.google.com/bookmarks/rss.xml" 404 - - "Mozilla/5.0 (compatible; Purebot/1.1; +http://www.puritysearch.net/)"
195.42.102.25 - - [20/Feb/2011:04:42:35 -0500] "GET /2011/search.action" 200 - - "Mozilla/5.0 (compatible; Purebot/1.1; +http://www.puritysearch.net/)"
195.42.102.25 - - [20/Feb/2011:04:42:59 -0500] "GET /"http://del.icio.us/post?url=http://www.lispnyc.org:80/blog/heow/templating-enlive&amp;title=Templating+Enlive"" 404 - - "Mozilla/5.0 (compatible; Purebot/1.1; +http://www.puritysearch.net/)"
195.42.102.25 - - [20/Feb/2011:04:43:14 -0500] "GET /2011/02/19" 200 - - "Mozilla/5.0 (compatible; Purebot/1.1; +http://www.puritysearch.net/)"
195.42.102.25 - - [20/Feb/2011:04:43:17 -0500] "GET /"http://reddit.com/search.action" 200 - - "Mozilla/5.0 (compatible; Purebot/1.1; +http://www.puritysearch.net/)"
195.42.102.25 - - [20/Feb/2011:04:43:20 -0500] "GET /replyToBlogEntry.action?entry=1297973280000" 200 - - "Mozilla/5.0 (compatible; Purebot/1.1; +http://www.puritysearch.net/)"
195.42.102.25 - - [20/Feb/2011:04:43:32 -0500] "GET /" 200 - - "Mozilla/5.0 (compatible; Purebot/1.1; +http://www.puritysearch.net/)"
195.42.102.25 - - [20/Feb/2011:04:43:35 -0500] "GET /"http://technorati.com/faves?add=http://www.lispnyc.org:80/blog/heow/templating-enlive"" 404 - - "Mozilla/5.0 (compatible; Purebot/1.1; +http://www.puritysearch.net/)"
195.42.102.25 - - [20/Feb/2011:04:43:51 -0500] "GET /"http://www.facebook.com/share.php?u=http://www.lispnyc.org:80/blog/heow/programming-power-font"" 404 - - "Mozilla/5.0 (compatible; Purebot/1.1; +http://www.puritysearch.net/)"
195.42.102.25 - - [20/Feb/2011:04:45:12 -0500] "GET /"http://www.facebook.com/rss.xml" 404 - - "Mozilla/5.0 (compatible; Purebot/1.1; +http://www.puritysearch.net/)"
195.42.102.25 - - [20/Feb/2011:04:46:11 -0500] "GET /2011/01" 200 - - "Mozilla/5.0 (compatible; Purebot/1.1; +http://www.puritysearch.net/)"
195.42.102.25 - - [20/Feb/2011:04:46:13 -0500] "GET /"http://www.stumbleupon.com/search.action" 200 - - "Mozilla/5.0 (compatible; Purebot/1.1; +http://www.puritysearch.net/)"
195.42.102.25 - - [20/Feb/2011:04:46:39 -0500] "GET /"https://github.com/heow/inconsolata-boldpunct/raw/master/Inconsolata-BoldPunct.ttf">Grab" 404 - - "Mozilla/5.0 (compatible; Purebot/1.1; +http://www.puritysearch.net/)"
195.42.102.25 - - [20/Feb/2011:04:46:41 -0500] "GET /"https://github.com/heow/inconsolata-boldpunct/raw/master/rss.xml" 404 - - "Mozilla/5.0 (compatible; Purebot/1.1; +http://www.puritysearch.net/)"
195.42.102.25 - - [20/Feb/2011:04:47:38 -0500] "GET /"https://github.com/heow/inconsolata-boldpunct/raw/master/search.action" 200 - - "Mozilla/5.0 (compatible; Purebot/1.1; +http://www.puritysearch.net/)"
195.42.102.25 - - [20/Feb/2011:04:47:45 -0500] "GET /"http://www.furl.net/rss.xml" 404 - - "Mozilla/5.0 (compatible; Purebot/1.1; +http://www.puritysearch.net/)"
195.42.102.25 - - [20/Feb/2011:04:48:41 -0500] "GET /"https://favorites.live.com/quickadd.aspx?mkt=en-us&amp;url=http://www.lispnyc.org:80/blog/heow/templating-enlive&amp;title=Templating+Enlive"" 404 - - "Mozilla/5.0 (compatible; Purebot/1.1; +http://www.puritysearch.net/)"
195.42.102.25 - - [20/Feb/2011:04:50:26 -0500] "GET /"http://www.google.com/bookmarks/search.action" 200 - - "Mozilla/5.0 (compatible; Purebot/1.1; +http://www.puritysearch.net/)"
195.42.102.25 - - [20/Feb/2011:04:51:14 -0500] "GET /"http://bookmarks.yahoo.com/toolbar/rss.xml" 404 - - "Mozilla/5.0 (compatible; Purebot/1.1; +http://www.puritysearch.net/)"
195.42.102.25 - - [20/Feb/2011:04:52:59 -0500] "GET /"http://www.stumbleupon.com/submit?url=http://www.lispnyc.org:80/blog/heow/templating-enlive&amp;title=Templating+Enlive"" 404 - - "Mozilla/5.0 (compatible; Purebot/1.1; +http://www.puritysearch.net/)"
195.42.102.25 - - [20/Feb/2011:04:53:00 -0500] "GET /"http://www.stumbleupon.com/rss.xml" 404 - - "Mozilla/5.0 (compatible; Purebot/1.1; +http://www.puritysearch.net/)"
195.42.102.25 - - [20/Feb/2011:04:53:30 -0500] "GET /"http://technorati.com/rss.xml" 404 - - "Mozilla/5.0 (compatible; Purebot/1.1; +http://www.puritysearch.net/)"
195.42.102.25 - - [20/Feb/2011:04:53:55 -0500] "GET /"http://www.bloglines.com/sub/http://www.lispnyc.org:80/blog/heow/programming-power-font"" 404 - - "Mozilla/5.0 (compatible; Purebot/1.1; +http://www.puritysearch.net/)"
195.42.102.25 - - [20/Feb/2011:04:54:10 -0500] "GET /responses/rss.xml?entry=1294763820000" 200 - - "Mozilla/5.0 (compatible; Purebot/1.1; +http://www.puritysearch.net/)"
195.42.102.25 - - [20/Feb/2011:04:54:20 -0500] "GET /"http://www.google.com/bookmarks/mark?op=edit&amp;bkmk=http://www.lispnyc.org:80/blog/heow/templating-enlive&amp;title=Templating+Enlive"" 404 - - "Mozilla/5.0 (compatible; Purebot/1.1; +http://www.puritysearch.net/)"
195.42.102.25 - - [20/Feb/2011:04:54:24 -0500] "GET /rdf.xml" 200 - - "Mozilla/5.0 (compatible; Purebot/1.1; +http://www.puritysearch.net/)"
195.42.102.25 - - [20/Feb/2011:04:54:51 -0500] "GET /"http://www.bloglines.com/sub/http://www.lispnyc.org:80/blog/heow/rss.xml" 404 - - "Mozilla/5.0 (compatible; Purebot/1.1; +http://www.puritysearch.net/)"
195.42.102.25 - - [20/Feb/2011:04:55:27 -0500] "GET /"http://del.icio.us/search.action" 200 - - "Mozilla/5.0 (compatible; Purebot/1.1; +http://www.puritysearch.net/)"
195.42.102.25 - - [20/Feb/2011:04:55:36 -0500] "GET /"http://www.furl.net/search.action" 200 - - "Mozilla/5.0 (compatible; Purebot/1.1; +http://www.puritysearch.net/)"
195.42.102.25 - - [20/Feb/2011:04:55:39 -0500] "GET /replyToBlogEntry.action?entry=1294763820000" 200 - - "Mozilla/5.0 (compatible; Purebot/1.1; +http://www.puritysearch.net/)"
195.42.102.25 - - [20/Feb/2011:04:55:51 -0500] "GET /2011/02/18" 200 - - "Mozilla/5.0 (compatible; Purebot/1.1; +http://www.puritysearch.net/)"
195.42.102.25 - - [20/Feb/2011:04:56:18 -0500] "GET /"http://technorati.com/faves?add=http://www.lispnyc.org:80/blog/heow/programming-power-font"" 404 - - "Mozilla/5.0 (compatible; Purebot/1.1; +http://www.puritysearch.net/)"
195.42.102.25 - - [20/Feb/2011:04:56:25 -0500] "GET /"http://technorati.com/search.action" 200 - - "Mozilla/5.0 (compatible; Purebot/1.1; +http://www.puritysearch.net/)"
195.42.102.25 - - [20/Feb/2011:04:56:34 -0500] "GET /"http://www.bloglines.com/sub/http://www.lispnyc.org:80/blog/heow/search.action" 200 - - "Mozilla/5.0 (compatible; Purebot/1.1; +http://www.puritysearch.net/)"
195.42.102.25 - - [20/Feb/2011:04:56:39 -0500] "GET /"https://favorites.live.com/quickadd.aspx?mkt=en-us&amp;url=http://www.lispnyc.org:80/blog/heow/programming-power-font&amp;title=Programming+Power+Font"" 404 - - "Mozilla/5.0 (compatible; Purebot/1.1; +http://www.puritysearch.net/)"
195.42.102.25 - - [20/Feb/2011:04:56:46 -0500] "GET /"http://del.icio.us/rss.xml" 404 - - "Mozilla/5.0 (compatible; Purebot/1.1; +http://www.puritysearch.net/)"
195.42.102.25 - - [20/Feb/2011:04:56:47 -0500] "GET /"https://favorites.live.com/rss.xml" 404 - - "Mozilla/5.0 (compatible; Purebot/1.1; +http://www.puritysearch.net/)"
195.42.102.25 - - [20/Feb/2011:05:00:43 -0500] "GET /2011/02/rss.xml" 404 - - "Mozilla/5.0 (compatible; Purebot/1.1; +http://www.puritysearch.net/)"
195.42.102.25 - - [20/Feb/2011:05:01:00 -0500] "GET /templating-enlive" 200 - - "Mozilla/5.0 (compatible; Purebot/1.1; +http://www.puritysearch.net/)"
195.42.102.25 - - [20/Feb/2011:05:01:03 -0500] "GET /2011/authors/heow/search.action" 200 - - "Mozilla/5.0 (compatible; Purebot/1.1; +http://www.puritysearch.net/)"
195.42.102.25 - - [20/Feb/2011:05:01:41 -0500] "GET /"https://github.com/cgrand/enlive">Enlive</a>" 404 - - "Mozilla/5.0 (compatible; Purebot/1.1; +http://www.puritysearch.net/)"
195.42.102.25 - - [20/Feb/2011:05:02:01 -0500] "GET /"http://www.furl.net/storeIt.jsp?u=http://www.lispnyc.org:80/blog/heow/templating-enlive&amp;t=Templating+Enlive"" 404 - - "Mozilla/5.0 (compatible; Purebot/1.1; +http://www.puritysearch.net/)"
195.42.102.25 - - [20/Feb/2011:05:02:06 -0500] "GET /"http://slashdot.org/bookmark.pl?url=http://www.lispnyc.org:80/blog/heow/programming-power-font&amp;title=Programming+Power+Font"" 404 - - "Mozilla/5.0 (compatible; Purebot/1.1; +http://www.puritysearch.net/)"
195.42.102.25 - - [20/Feb/2011:05:02:15 -0500] "GET /search.action" 200 - - "Mozilla/5.0 (compatible; Purebot/1.1; +http://www.puritysearch.net/)"
195.42.102.25 - - [20/Feb/2011:05:02:26 -0500] "GET /2011/authors/heow/rss.xml" 404 - - "Mozilla/5.0 (compatible; Purebot/1.1; +http://www.puritysearch.net/)"
195.42.102.25 - - [20/Feb/2011:05:05:52 -0500] "GET /authors/heow/" 200 - - "Mozilla/5.0 (compatible; Purebot/1.1; +http://www.puritysearch.net/)"
195.42.102.25 - - [20/Feb/2011:05:06:02 -0500] "GET /responses/rss.xml?entry=1297973280000" 200 - - "Mozilla/5.0 (compatible; Purebot/1.1; +http://www.puritysearch.net/)"
195.42.102.25 - - [20/Feb/2011:05:06:13 -0500] "GET /authors/heow/authors/heow/rss.xml" 200 - - "Mozilla/5.0 (compatible; Purebot/1.1; +http://www.puritysearch.net/)"
195.42.102.25 - - [20/Feb/2011:05:06:33 -0500] "GET /"http://digg.com/submit?url=http://www.lispnyc.org:80/blog/heow/programming-power-font&amp;title=Programming+Power+Font"" 404 - - "Mozilla/5.0 (compatible; Purebot/1.1; +http://www.puritysearch.net/)"
195.42.102.25 - - [20/Feb/2011:05:07:14 -0500] "GET /2011/rss.xml" 404 - - "Mozilla/5.0 (compatible; Purebot/1.1; +http://www.puritysearch.net/)"
195.42.102.25 - - [20/Feb/2011:05:08:11 -0500] "GET /"http://digg.com/submit?url=http://www.lispnyc.org:80/blog/heow/templating-enlive&amp;title=Templating+Enlive"" 404 - - "Mozilla/5.0 (compatible; Purebot/1.1; +http://www.puritysearch.net/)"
195.42.102.25 - - [20/Feb/2011:05:08:13 -0500] "GET /"http://www.facebook.com/search.action" 200 - - "Mozilla/5.0 (compatible; Purebot/1.1; +http://www.puritysearch.net/)"
195.42.102.25 - - [20/Feb/2011:05:09:01 -0500] "GET /"http://www.facebook.com/share.php?u=http://www.lispnyc.org:80/blog/heow/templating-enlive"" 404 - - "Mozilla/5.0 (compatible; Purebot/1.1; +http://www.puritysearch.net/)"
195.42.102.25 - - [20/Feb/2011:05:09:48 -0500] "GET /"https://favorites.live.com/search.action" 200 - - "Mozilla/5.0 (compatible; Purebot/1.1; +http://www.puritysearch.net/)"
195.42.102.25 - - [20/Feb/2011:05:10:22 -0500] "GET /"https://github.com/cgrand/enlive">Enlive</search.action" 200 - - "Mozilla/5.0 (compatible; Purebot/1.1; +http://www.puritysearch.net/)"
195.42.102.25 - - [20/Feb/2011:05:10:52 -0500] "GET /"http://digg.com/rss.xml" 404 - - "Mozilla/5.0 (compatible; Purebot/1.1; +http://www.puritysearch.net/)"
66.249.72.43 - - [20/Feb/2011:05:39:44 -0500] "GET /2011/02/17" 200 - - "Mozilla/5.0 (compatible; Googlebot/2.1; +http://www.google.com/bot.html)"
211.43.152.49 - - [20/Feb/2011:05:47:56 -0500] "GET /atom.xml" 200 - - "Mozilla/5.0 Firefox/3.0.5"
82.131.68.143 - - [20/Feb/2011:06:02:39 -0500] "GET /programming-power-font" 200 - "http://www.reddit.com/r/programming/comments/fng5a/programming_font_inconsolata_bold_punct/" "Mozilla/5.0 (Macintosh; U; PPC Mac OS X 10.4; en; rv:1.9.0.19) Gecko/2010111021 Camino/2.0.6 (like Firefox/3.0.19)"
66.249.72.43 - - [20/Feb/2011:06:03:14 -0500] "GET /2011/02/17" 200 - - "Mozilla/5.0 (compatible; Googlebot/2.1; +http://www.google.com/bot.html)"
195.168.129.60 - - [20/Feb/2011:06:11:51 -0500] "GET /programming-power-font" 200 - "http://www.reddit.com/r/programming/comments/fng5a/programming_font_inconsolata_bold_punct/" "Mozilla/5.0 (X11; U; Linux i686; en-US) AppleWebKit/534.10 (KHTML, like Gecko) Chrome/8.0.552.237 Safari/534.10"
178.83.229.5 - - [20/Feb/2011:07:34:07 -0500] "GET /programming-power-font" 200 - "http://www.reddit.com/r/programming/comments/fng5a/programming_font_inconsolata_bold_punct/" "Mozilla/5.0 (X11; U; Linux i686; en-US; rv:1.9.2.13) Gecko/20101213 Gentoo Firefox/3.6.13"
218.213.130.199 - - [20/Feb/2011:09:28:17 -0500] "GET /templating-enlive" 200 - - "ichiro/4.0 (http://help.goo.ne.jp/door/crawler.html)"
66.249.72.43 - - [20/Feb/2011:09:52:37 -0500] "GET /2011/01" 200 - - "Mozilla/5.0 (compatible; Googlebot/2.1; +http://www.google.com/bot.html)"
81.210.225.63 - - [20/Feb/2011:10:41:45 -0500] "GET /programming-power-font" 200 - - "Mozilla/5.0 (X11; U; Linux i686; en-US; rv:1.9.2.13) Gecko/20101206 Ubuntu/10.10 (maverick) Firefox/3.6.13"
81.210.225.63 - - [20/Feb/2011:10:42:32 -0500] "GET /programming-power-font" 200 - - "Mozilla/5.0 (X11; U; Linux i686; en-US; rv:1.9.2.13) Gecko/20101206 Ubuntu/10.10 (maverick) Firefox/3.6.13"
218.213.130.199 - - [20/Feb/2011:10:44:27 -0500] "GET /replyToBlogEntry.action?entry=1294763820000" 200 - - "ichiro/4.0 (http://help.goo.ne.jp/door/crawler.html)"
178.212.44.192 - - [20/Feb/2011:11:03:39 -0500] "GET /programming-power-font" 200 - "http://www.reddit.com/r/programming/comments/fng5a/programming_font_inconsolata_bold_punct/" "Mozilla/5.0 (Windows NT 6.0; rv:2.0b12pre) Gecko/20110219 Firefox/4.0b12pre"
66.249.72.43 - - [20/Feb/2011:14:40:11 -0500] "GET /search.action" 200 - - "Mozilla/5.0 (compatible; Googlebot/2.1; +http://www.google.com/bot.html)"
173.73.156.26 - - [20/Feb/2011:15:04:34 -0500] "GET /programming-power-font" 200 - - "Mozilla/5.0 (iPhone; U; CPU iPhone OS 4_2_1 like Mac OS X; en-us) AppleWebKit/533.17.9 (KHTML, like Gecko) Mobile/8C148"
108.23.88.225 - - [20/Feb/2011:15:32:04 -0500] "GET /programming-power-font" 200 - "http://www.facebook.com/l.php?u=http%3A%2F%2Flispnyc.org%2Fblog%2Fheow%2Fprogramming-power-font&h=400b5" "Mozilla/5.0 (X11; U; Linux i686; en-US) AppleWebKit/534.13 (KHTML, like Gecko) Chrome/9.0.597.98 Safari/534.13"
66.220.147.246 - - [20/Feb/2011:15:32:04 -0500] "GET /programming-power-font" 200 - - "facebookexternalhit/1.1 (+http://www.facebook.com/externalhit_uatext.php)"
24.15.212.19 - - [20/Feb/2011:15:37:32 -0500] "GET /programming-power-font" 200 - "http://www.reddit.com/controversial/?count=625&after=t3_fnp14" "Mozilla/5.0 (Macintosh; U; Intel Mac OS X 10_6_4; en-US) AppleWebKit/534.13 (KHTML, like Gecko) Chrome/9.0.597.102 Safari/534.13"
66.249.72.87 - - [20/Feb/2011:15:55:15 -0500] "GET /2011/02/08" 200 - - "Mozilla/5.0 (compatible; Googlebot/2.1; +http://www.google.com/bot.html)"
66.249.72.87 - - [20/Feb/2011:15:55:16 -0500] "GET /2011/01/18" 200 - - "Mozilla/5.0 (compatible; Googlebot/2.1; +http://www.google.com/bot.html)"
66.249.72.87 - - [20/Feb/2011:15:57:57 -0500] "GET /2011/01/04" 200 - - "Mozilla/5.0 (compatible; Googlebot/2.1; +http://www.google.com/bot.html)"
148.87.67.133 - - [20/Feb/2011:17:33:34 -0500] "GET /programming-power-font" 200 - - "Mozilla/5.0 (X11; U; Linux x86_64; en-US) AppleWebKit/534.13 (KHTML, like Gecko) Ubuntu/10.10 Chromium/9.0.597.94 Chrome/9.0.597.94 Safari/534.13"
66.249.72.43 - - [20/Feb/2011:17:36:59 -0500] "GET /2011/02/07" 200 - - "Mozilla/5.0 (compatible; Googlebot/2.1; +http://www.google.com/bot.html)"
108.23.88.225 - - [20/Feb/2011:17:43:37 -0500] "GET /templating-enlive" 200 - "http://lispnyc.org/blog/" "Mozilla/5.0 (X11; U; Linux i686; en-US) AppleWebKit/534.13 (KHTML, like Gecko) Chrome/9.0.597.98 Safari/534.13"
67.195.114.220 - - [20/Feb/2011:17:50:50 -0500] "GET /search.action" 200 - - "Mozilla/5.0 (compatible; Yahoo! Slurp; http://help.yahoo.com/help/us/ysearch/slurp)"
134.130.4.243 - - [20/Feb/2011:17:53:54 -0500] "GET /programming-power-font" 200 - "http://www.reddit.com/toolbar/inner?id=t3_fng5a" "Mozilla/5.0 (X11; U; Linux x86_64; en-US; rv:1.9.2.13) Gecko/20101206 Ubuntu/10.10 (maverick) Firefox/3.6.13"
108.21.101.159 - - [20/Feb/2011:18:55:07 -0500] "GET /programming-power-font" 200 - "http://www.google.com/url?sa=t&source=web&cd=2&sqi=2&ved=0CBoQFjAB&url=http%3A%2F%2Flispnyc.org%2Fblog%2Fheow%2Fprogramming-power-font&rct=j&q=lisp%20font%20proggy&ei=zq5hTbCbOsPLgQeG4Jj4AQ&usg=AFQjCNGp6ePTW-SzIedFCdRXRW3sTJarog" "Mozilla/5.0 (Macintosh; U; Intel Mac OS X 10_6_6; en-US) AppleWebKit/534.16 (KHTML, like Gecko) Chrome/10.0.648.82 Safari/534.16"
218.213.130.199 - - [20/Feb/2011:19:15:45 -0500] "GET /rss.xml" 200 - - "ichiro/4.0 (http://help.goo.ne.jp/door/crawler.html)"
121.45.213.137 - - [20/Feb/2011:19:24:03 -0500] "GET /programming-power-font" 200 - "http://www.reddit.com/r/programming/comments/fng5a/programming_font_inconsolata_bold_punct/" "Mozilla/5.0 (Macintosh; U; Intel Mac OS X 10_6_6; en-US) AppleWebKit/534.13 (KHTML, like Gecko) Chrome/9.0.597.102 Safari/534.13"
71.239.32.113 - - [20/Feb/2011:19:50:11 -0500] "GET /programming-power-font" 200 - "http://www.reddit.com/r/programming/comments/fng5a/programming_font_inconsolata_bold_punct/" "Mozilla/5.0 (Macintosh; U; Intel Mac OS X 10.6; en-US; rv:1.9.2.10) Gecko/20100914 Firefox/3.6.10"
220.231.13.82 - - [20/Feb/2011:20:07:31 -0500] "GET /programming-power-font" 200 - "http://www.reddit.com/r/programming/new/?count=100&after=t3_fnia2" "Mozilla/5.0 (Macintosh; U; Intel Mac OS X 10.6; zh-CN; rv:1.9.2.13) Gecko/20101203 Firefox/3.6.13"
186.45.115.29 - - [20/Feb/2011:21:39:52 -0500] "GET /programming-power-font" 200 - "http://www.reddit.com/r/programming/comments/fng5a/programming_font_inconsolata_bold_punct/" "Mozilla/5.0 (Windows; U; Windows NT 6.1; en-US) AppleWebKit/534.13 (KHTML, like Gecko) Chrome/9.0.597.98 Safari/534.13"
66.249.72.43 - - [20/Feb/2011:22:08:01 -0500] "GET /programming-power-font" 200 - - "Mozilla/5.0 (compatible; Googlebot/2.1; +http://www.google.com/bot.html)"
66.249.72.43 - - [20/Feb/2011:22:33:09 -0500] "GET /replyToBlogEntry.action?entry=1297973280000" 200 - - "Mozilla/5.0 (compatible; Googlebot/2.1; +http://www.google.com/bot.html)"
66.249.72.43 - - [20/Feb/2011:23:48:37 -0500] "GET /generateTrackBackLink.action?entry=1297973280000" 200 - - "Mozilla/5.0 (compatible; Googlebot/2.1; +http://www.google.com/bot.html)"
