66.249.72.43 - - [22/Feb/2011:01:21:18 -0500] "GET /2011/01/14" 200 - - "Mozilla/5.0 (compatible; Googlebot/2.1; +http://www.google.com/bot.html)"
66.249.72.43 - - [22/Feb/2011:01:44:44 -0500] "GET /2011/01/08" 200 - - "Mozilla/5.0 (compatible; Googlebot/2.1; +http://www.google.com/bot.html)"
66.249.72.43 - - [22/Feb/2011:02:23:52 -0500] "GET /2011/01/14" 200 - - "Mozilla/5.0 (compatible; Googlebot/2.1; +http://www.google.com/bot.html)"
66.249.72.87 - - [22/Feb/2011:02:29:10 -0500] "GET /2011/02/22" 200 - - "Mozilla/5.0 (compatible; Googlebot/2.1; +http://www.google.com/bot.html)"
81.218.193.39 - - [22/Feb/2011:03:40:28 -0500] "GET /programming-power-font" 200 - "http://www.reddit.com/r/programming/comments/fng5a/programming_font_inconsolata_bold_punct/" "Mozilla/5.0 (Windows; U; Windows NT 6.1; en-US) AppleWebKit/534.20 (KHTML, like Gecko) Chrome/11.0.672.2 Safari/534.20"
81.218.193.39 - - [22/Feb/2011:03:40:35 -0500] "GET /programming-power-font" 200 - "http://www.reddit.com/r/programming/comments/fng5a/programming_font_inconsolata_bold_punct/" "Mozilla/5.0 (Windows; U; Windows NT 6.1; en-US) AppleWebKit/534.20 (KHTML, like Gecko) Chrome/11.0.672.2 Safari/534.20"
81.218.193.39 - - [22/Feb/2011:03:41:27 -0500] "GET /programming-power-font" 200 - "http://www.reddit.com/r/programming/comments/fng5a/programming_font_inconsolata_bold_punct/" "Mozilla/5.0 (Windows; U; Windows NT 6.1; en-US) AppleWebKit/534.20 (KHTML, like Gecko) Chrome/11.0.672.2 Safari/534.20"
66.249.72.87 - - [22/Feb/2011:04:15:52 -0500] "GET /2011/02/20" 200 - - "Mozilla/5.0 (compatible; Googlebot/2.1; +http://www.google.com/bot.html)"
66.249.72.43 - - [22/Feb/2011:04:16:58 -0500] "GET /2011/01/28" 200 - - "Mozilla/5.0 (compatible; Googlebot/2.1; +http://www.google.com/bot.html)"
66.249.72.87 - - [22/Feb/2011:04:19:56 -0500] "GET /2011/01/19" 200 - - "Mozilla/5.0 (compatible; Googlebot/2.1; +http://www.google.com/bot.html)"
66.249.72.87 - - [22/Feb/2011:04:22:13 -0500] "GET /2011/02/07" 200 - - "Mozilla/5.0 (compatible; Googlebot/2.1; +http://www.google.com/bot.html)"
66.249.72.87 - - [22/Feb/2011:05:37:29 -0500] "GET /2011/01/03" 200 - - "Mozilla/5.0 (compatible; Googlebot/2.1; +http://www.google.com/bot.html)"
218.213.130.199 - - [22/Feb/2011:05:39:51 -0500] "GET /" 200 - - "ichiro/4.0 (http://help.goo.ne.jp/door/crawler.html)"
218.213.130.199 - - [22/Feb/2011:05:47:51 -0500] "GET /rss.xml" 200 - - "ichiro/4.0 (http://help.goo.ne.jp/door/crawler.html)"
193.84.175.150 - - [22/Feb/2011:05:59:22 -0500] "GET /programming-power-font" 200 - "http://www.reddit.com/r/programming/comments/fng5a/programming_font_inconsolata_bold_punct/" "Mozilla/4.0 (compatible; MSIE 8.0; Windows NT 6.0; Trident/4.0; SLCC1; .NET CLR 2.0.50727; .NET CLR 3.5.30729; InfoPath.2; .NET CLR 3.0.30729)"
193.84.175.150 - - [22/Feb/2011:05:59:23 -0500] "GET /pebble.css" 500 - "http://lispnyc.org/blog/heow/programming-power-font" "Mozilla/4.0 (compatible; MSIE 8.0; Windows NT 6.0; Trident/4.0; SLCC1; .NET CLR 2.0.50727; .NET CLR 3.5.30729; InfoPath.2; .NET CLR 3.0.30729)"
193.84.175.150 - - [22/Feb/2011:05:59:23 -0500] "GET /themes/lisp-nyc-barsky2/screen.css" 500 - "http://lispnyc.org/blog/heow/programming-power-font" "Mozilla/4.0 (compatible; MSIE 8.0; Windows NT 6.0; Trident/4.0; SLCC1; .NET CLR 2.0.50727; .NET CLR 3.5.30729; InfoPath.2; .NET CLR 3.0.30729)"
193.84.175.150 - - [22/Feb/2011:05:59:23 -0500] "GET /themes/_pebble/handheld.css" 500 - "http://lispnyc.org/blog/heow/programming-power-font" "Mozilla/4.0 (compatible; MSIE 8.0; Windows NT 6.0; Trident/4.0; SLCC1; .NET CLR 2.0.50727; .NET CLR 3.5.30729; InfoPath.2; .NET CLR 3.0.30729)"
193.84.175.150 - - [22/Feb/2011:05:59:23 -0500] "GET /themes/lisp-nyc-barsky2/print.css" 500 - "http://lispnyc.org/blog/heow/programming-power-font" "Mozilla/4.0 (compatible; MSIE 8.0; Windows NT 6.0; Trident/4.0; SLCC1; .NET CLR 2.0.50727; .NET CLR 3.5.30729; InfoPath.2; .NET CLR 3.0.30729)"
193.84.175.150 - - [22/Feb/2011:06:01:02 -0500] "GET /programming-power-font" 200 - "http://www.reddit.com/r/programming/comments/fng5a/programming_font_inconsolata_bold_punct/" "Mozilla/4.0 (compatible; MSIE 8.0; Windows NT 6.0; Trident/4.0; SLCC1; .NET CLR 2.0.50727; .NET CLR 3.5.30729; InfoPath.2; .NET CLR 3.0.30729)"
193.84.175.150 - - [22/Feb/2011:06:01:02 -0500] "GET /pebble.css" 500 - "http://lispnyc.org/blog/heow/programming-power-font" "Mozilla/4.0 (compatible; MSIE 8.0; Windows NT 6.0; Trident/4.0; SLCC1; .NET CLR 2.0.50727; .NET CLR 3.5.30729; InfoPath.2; .NET CLR 3.0.30729)"
193.84.175.150 - - [22/Feb/2011:06:01:02 -0500] "GET /themes/lisp-nyc-barsky2/screen.css" 500 - "http://lispnyc.org/blog/heow/programming-power-font" "Mozilla/4.0 (compatible; MSIE 8.0; Windows NT 6.0; Trident/4.0; SLCC1; .NET CLR 2.0.50727; .NET CLR 3.5.30729; InfoPath.2; .NET CLR 3.0.30729)"
193.84.175.150 - - [22/Feb/2011:06:01:02 -0500] "GET /themes/_pebble/handheld.css" 500 - "http://lispnyc.org/blog/heow/programming-power-font" "Mozilla/4.0 (compatible; MSIE 8.0; Windows NT 6.0; Trident/4.0; SLCC1; .NET CLR 2.0.50727; .NET CLR 3.5.30729; InfoPath.2; .NET CLR 3.0.30729)"
193.84.175.150 - - [22/Feb/2011:06:01:03 -0500] "GET /themes/lisp-nyc-barsky2/print.css" 500 - "http://lispnyc.org/blog/heow/programming-power-font" "Mozilla/4.0 (compatible; MSIE 8.0; Windows NT 6.0; Trident/4.0; SLCC1; .NET CLR 2.0.50727; .NET CLR 3.5.30729; InfoPath.2; .NET CLR 3.0.30729)"
129.240.6.71 - - [22/Feb/2011:06:44:20 -0500] "GET /programming-power-font" 200 - "http://www.reddit.com/r/programming/search?q=font&restrict_sr=on&sort=relevance" "Mozilla/5.0 (Windows; U; Windows NT 6.1; en-US) AppleWebKit/534.13 (KHTML, like Gecko) Chrome/9.0.597.98 Safari/534.13"
67.195.114.220 - - [22/Feb/2011:07:16:06 -0500] "GET /responses/rss.xml?entry=1294763820000" 200 - - "Mozilla/5.0 (compatible; Yahoo! Slurp; http://help.yahoo.com/help/us/ysearch/slurp)"
66.249.72.43 - - [22/Feb/2011:07:17:56 -0500] "GET /templating-enlive" 200 - - "Mozilla/5.0 (compatible; Googlebot/2.1; +http://www.google.com/bot.html)"
218.213.130.199 - - [22/Feb/2011:07:55:17 -0500] "GET /programming-power-font" 200 - - "ichiro/4.0 (http://help.goo.ne.jp/door/crawler.html)"
218.213.130.199 - - [22/Feb/2011:08:02:42 -0500] "GET /replyToBlogEntry.action?entry=1297973280000" 200 - - "ichiro/4.0 (http://help.goo.ne.jp/door/crawler.html)"
66.249.72.87 - - [22/Feb/2011:08:54:40 -0500] "GET /" 200 - - "Mozilla/5.0 (compatible; Googlebot/2.1; +http://www.google.com/bot.html)"
66.249.72.87 - - [22/Feb/2011:08:54:59 -0500] "GET /rss.xml" 200 - - "Mozilla/5.0 (compatible; Googlebot/2.1; +http://www.google.com/bot.html)"
89.28.124.238 - - [22/Feb/2011:09:17:35 -0500] "GET /replyToBlogEntry.action?entry=1294763820000" 200 - "http://lispnyc.org/blog/heow/replyToBlogEntry.action?entry=1294763820000" "Mozilla/4.0 (compatible; MSIE 6.0; Windows NT 5.1) Netscape/8.0.4"
89.28.124.238 - - [22/Feb/2011:09:17:38 -0500] "POST /saveComment.action" 200 - "http://lispnyc.org/blog/heow/replyToBlogEntry.action?entry=1294763820000" "Mozilla/4.0 (compatible; MSIE 6.0; Windows NT 5.1) Netscape/8.0.4"
208.54.45.59 - - [22/Feb/2011:09:34:53 -0500] "GET /" 200 - "http://www.lispnyc.org/blog/acheron/what-is-acheron-lisp" "Mozilla/5.0 (X11; U; Linux armv7l; en-US; rv:1.9.2.3pre) Gecko/20100723 Firefox/3.5 Maemo Browser 1.7.4.8 RX-51 N900"
81.218.193.39 - - [22/Feb/2011:09:36:31 -0500] "GET /programming-power-font" 200 - "http://www.reddit.com/r/programming/comments/fng5a/programming_font_inconsolata_bold_punct/" "Mozilla/5.0 (Windows; U; Windows NT 6.1; en-US) AppleWebKit/534.20 (KHTML, like Gecko) Chrome/11.0.672.2 Safari/534.20"
81.218.193.39 - - [22/Feb/2011:09:37:34 -0500] "GET /programming-power-font" 200 - - "Mozilla/4.0 (compatible; MSIE 7.0; Windows NT 6.1; WOW64; Trident/4.0; SLCC2; .NET CLR 2.0.50727; .NET CLR 3.5.30729; .NET CLR 3.0.30729; Media Center PC 6.0; .NET4.0C)"
81.218.193.39 - - [22/Feb/2011:09:41:02 -0500] "POST /saveComment.action" 200 - "http://lispnyc.org/blog/heow/programming-power-font" "Mozilla/4.0 (compatible; MSIE 7.0; Windows NT 6.1; WOW64; Trident/4.0; SLCC2; .NET CLR 2.0.50727; .NET CLR 3.5.30729; .NET CLR 3.0.30729; Media Center PC 6.0; .NET4.0C)"
81.218.193.39 - - [22/Feb/2011:09:41:07 -0500] "POST /confirmComment.action" 200 - "http://www.lispnyc.org/blog/heow/saveComment.action" "Mozilla/4.0 (compatible; MSIE 7.0; Windows NT 6.1; WOW64; Trident/4.0; SLCC2; .NET CLR 2.0.50727; .NET CLR 3.5.30729; .NET CLR 3.0.30729; Media Center PC 6.0; .NET4.0C)"
195.254.168.244 - - [22/Feb/2011:10:24:58 -0500] "GET /" 200 - "http://lispnyc.org/blog/acheron/using-the-repl" "Mozilla/5.0 (Windows; U; Windows NT 6.1; en-US) AppleWebKit/534.13 (KHTML, like Gecko) Chrome/9.0.597.98 Safari/534.13"
195.254.168.244 - - [22/Feb/2011:10:24:58 -0500] "GET /themes/lisp-nyc-barsky2/screen.css" 500 - "http://www.lispnyc.org/blog/heow/" "Mozilla/5.0 (Windows; U; Windows NT 6.1; en-US) AppleWebKit/534.13 (KHTML, like Gecko) Chrome/9.0.597.98 Safari/534.13"
195.254.168.244 - - [22/Feb/2011:10:24:58 -0500] "GET /themes/lisp-nyc-barsky2/print.css" 500 - "http://www.lispnyc.org/blog/heow/" "Mozilla/5.0 (Windows; U; Windows NT 6.1; en-US) AppleWebKit/534.13 (KHTML, like Gecko) Chrome/9.0.597.98 Safari/534.13"
195.254.168.244 - - [22/Feb/2011:10:24:59 -0500] "GET /themes/_pebble/handheld.css" 500 - "http://www.lispnyc.org/blog/heow/" "Mozilla/5.0 (Windows; U; Windows NT 6.1; en-US) AppleWebKit/534.13 (KHTML, like Gecko) Chrome/9.0.597.98 Safari/534.13"
195.254.168.244 - - [22/Feb/2011:10:24:59 -0500] "GET /pebble.css" 500 - "http://www.lispnyc.org/blog/heow/" "Mozilla/5.0 (Windows; U; Windows NT 6.1; en-US) AppleWebKit/534.13 (KHTML, like Gecko) Chrome/9.0.597.98 Safari/534.13"
218.213.130.199 - - [22/Feb/2011:11:12:23 -0500] "GET /templating-enlive" 200 - - "ichiro/4.0 (http://help.goo.ne.jp/door/crawler.html)"
68.111.69.122 - - [22/Feb/2011:11:16:41 -0500] "GET /programming-power-font" 200 - "http://www.reddit.com/r/programming/comments/fng5a/programming_font_inconsolata_bold_punct/" "Mozilla/5.0 (X11; U; Linux i686; en-US) AppleWebKit/534.13 (KHTML, like Gecko) Chrome/9.0.597.94 Safari/534.13"
218.213.130.199 - - [22/Feb/2011:11:22:20 -0500] "GET /replyToBlogEntry.action?entry=1294763820000" 200 - - "ichiro/4.0 (http://help.goo.ne.jp/door/crawler.html)"
66.249.71.247 - - [22/Feb/2011:11:29:10 -0500] "GET /replyToBlogEntry.action?entry=1297973280000" 200 - - "Mozilla/5.0 (compatible; Googlebot/2.1; +http://www.google.com/bot.html)"
66.249.71.247 - - [22/Feb/2011:12:00:44 -0500] "GET /replyToBlogEntry.action?entry=1297973280000" 200 - - "Mozilla/5.0 (compatible; Googlebot/2.1; +http://www.google.com/bot.html)"
66.249.71.247 - - [22/Feb/2011:12:34:40 -0500] "GET /programming-power-font" 200 - - "Mozilla/5.0 (compatible; Googlebot/2.1; +http://www.google.com/bot.html)"
78.57.87.125 - - [22/Feb/2011:12:46:45 -0500] "GET /programming-power-font" 200 - - "Mozilla/5.0 (X11; U; Linux i686; en-US) AppleWebKit/534.20 (KHTML, like Gecko) Chrome/11.0.672.2 Safari/534.20"
66.249.71.247 - - [22/Feb/2011:12:57:18 -0500] "GET /replyToBlogEntry.action?entry=1294763820000" 200 - - "Mozilla/5.0 (compatible; Googlebot/2.1; +http://www.google.com/bot.html)"
66.249.71.244 - - [22/Feb/2011:13:02:54 -0500] "GET /2011/02/20" 200 - - "Mozilla/5.0 (compatible; Googlebot/2.1; +http://www.google.com/bot.html)"
218.213.130.199 - - [22/Feb/2011:13:32:22 -0500] "GET /rss.xml" 200 - - "ichiro/4.0 (http://help.goo.ne.jp/door/crawler.html)"
80.50.137.118 - - [22/Feb/2011:13:39:58 -0500] "GET /templating-enlive" 200 - - "Mozilla/5.0 (X11; Linux x86_64; rv:2.0b7) Gecko/20100101 Firefox/4.0b7"
66.249.71.244 - - [22/Feb/2011:13:42:33 -0500] "GET /2011/02/20" 200 - - "Mozilla/5.0 (compatible; Googlebot/2.1; +http://www.google.com/bot.html)"
218.213.130.199 - - [22/Feb/2011:13:55:08 -0500] "GET /" 200 - - "ichiro/4.0 (http://help.goo.ne.jp/door/crawler.html)"
66.249.71.244 - - [22/Feb/2011:15:25:03 -0500] "GET /2011/01/02" 200 - - "Mozilla/5.0 (compatible; Googlebot/2.1; +http://www.google.com/bot.html)"
66.249.71.244 - - [22/Feb/2011:15:25:04 -0500] "GET /2011/02/22" 200 - - "Mozilla/5.0 (compatible; Googlebot/2.1; +http://www.google.com/bot.html)"
66.249.71.244 - - [22/Feb/2011:15:25:04 -0500] "GET /2011/02/06" 200 - - "Mozilla/5.0 (compatible; Googlebot/2.1; +http://www.google.com/bot.html)"
66.249.71.244 - - [22/Feb/2011:15:25:05 -0500] "GET /2011/02/21" 200 - - "Mozilla/5.0 (compatible; Googlebot/2.1; +http://www.google.com/bot.html)"
66.249.71.244 - - [22/Feb/2011:15:25:05 -0500] "GET /2011/01/20" 200 - - "Mozilla/5.0 (compatible; Googlebot/2.1; +http://www.google.com/bot.html)"
76.169.51.179 - - [22/Feb/2011:15:27:18 -0500] "GET /programming-power-font" 200 - "http://www.reddit.com/r/programming/new/?sort=new&count=150&after=t3_fnq4j" "Mozilla/5.0 (Macintosh; U; Intel Mac OS X 10_6_6; en-US) AppleWebKit/534.13 (KHTML, like Gecko) Chrome/9.0.597.102 Safari/534.13"
138.89.173.25 - - [22/Feb/2011:16:10:43 -0500] "GET /" 200 - "http://www.lispnyc.org/blog/acheron/using-the-repl" "Mozilla/5.0 (X11; U; Linux i686; en-US; rv:1.9.1.13) Gecko/20101005 SeaMonkey/2.0.9"
68.175.66.95 - - [22/Feb/2011:16:12:29 -0500] "GET /replyToBlogEntry.action?entry=1297973280000" 200 - "http://lispnyc.org/blog/" "Mozilla/5.0 (X11; U; Linux x86_64; en-US; rv:1.9.2.13) Gecko/20101206 Ubuntu/10.04 (lucid) Firefox/3.6.13"
68.175.66.95 - - [22/Feb/2011:17:44:34 -0500] "GET /programming-power-font" 200 - "http://lispnyc.org/blog/" "Mozilla/5.0 (X11; U; Linux x86_64; en-US; rv:1.9.2.13) Gecko/20101206 Ubuntu/10.04 (lucid) Firefox/3.6.13"
68.175.66.95 - - [22/Feb/2011:17:44:40 -0500] "POST /manageBlogEntry.secureaction" 200 - "http://lispnyc.org/blog/heow/programming-power-font" "Mozilla/5.0 (X11; U; Linux x86_64; en-US; rv:1.9.2.13) Gecko/20101206 Ubuntu/10.04 (lucid) Firefox/3.6.13"
68.175.66.95 - - [22/Feb/2011:17:44:44 -0500] "GET /programming-power-font" 200 - "http://lispnyc.org/blog/heow/manageBlogEntry.secureaction" "Mozilla/5.0 (X11; U; Linux x86_64; en-US; rv:1.9.2.13) Gecko/20101206 Ubuntu/10.04 (lucid) Firefox/3.6.13"
68.175.66.95 - - [22/Feb/2011:17:44:47 -0500] "POST /manageBlogEntry.secureaction" 200 - "http://lispnyc.org/blog/heow/programming-power-font" "Mozilla/5.0 (X11; U; Linux x86_64; en-US; rv:1.9.2.13) Gecko/20101206 Ubuntu/10.04 (lucid) Firefox/3.6.13"
68.175.66.95 - - [22/Feb/2011:17:44:57 -0500] "GET /programming-power-font" 200 - "http://lispnyc.org/blog/heow/manageBlogEntry.secureaction" "Mozilla/5.0 (X11; U; Linux x86_64; en-US; rv:1.9.2.13) Gecko/20101206 Ubuntu/10.04 (lucid) Firefox/3.6.13"
64.244.34.246 - - [22/Feb/2011:18:27:30 -0500] "GET /programming-power-font" 200 - - "Mozilla/5.0 (Windows; U; Windows NT 6.1; en-US; rv:1.9.2.10) Gecko/20100914 Firefox/3.6.10"
218.213.130.199 - - [22/Feb/2011:18:46:06 -0500] "GET /programming-power-font" 200 - - "ichiro/4.0 (http://help.goo.ne.jp/door/crawler.html)"
218.213.130.199 - - [22/Feb/2011:19:05:41 -0500] "GET /replyToBlogEntry.action?entry=1297973280000" 404 - - "ichiro/4.0 (http://help.goo.ne.jp/door/crawler.html)"
218.213.130.199 - - [22/Feb/2011:19:05:41 -0500] "GET /replyToBlogEntry.action?entry=1297973280000" 404 - - "ichiro/4.0 (http://help.goo.ne.jp/door/crawler.html)"
67.195.114.220 - - [22/Feb/2011:19:33:54 -0500] "GET /generateTrackBackLink.action?entry=1294763820000" 200 - - "Mozilla/5.0 (compatible; Yahoo! Slurp; http://help.yahoo.com/help/us/ysearch/slurp)"
66.249.71.247 - - [22/Feb/2011:22:33:08 -0500] "GET /replyToBlogEntry.action?entry=1297973280000" 404 - - "Mozilla/5.0 (compatible; Googlebot/2.1; +http://www.google.com/bot.html)"
66.249.71.247 - - [22/Feb/2011:22:33:08 -0500] "GET /replyToBlogEntry.action?entry=1297973280000" 404 - - "Mozilla/5.0 (compatible; Googlebot/2.1; +http://www.google.com/bot.html)"
211.43.152.49 - - [22/Feb/2011:23:39:11 -0500] "GET /atom.xml" 200 - - "Mozilla/5.0 Firefox/3.0.5"
216.231.38.147 - - [22/Feb/2011:23:40:27 -0500] "GET /programming-power-font" 200 - "http://www.reddit.com/r/programming/comments/fng5a/programming_font_inconsolata_bold_punct/" "Mozilla/5.0 (Macintosh; U; Intel Mac OS X 10_6_6; en-US) AppleWebKit/534.13 (KHTML, like Gecko) Chrome/9.0.597.102 Safari/534.13"
216.231.38.147 - - [22/Feb/2011:23:41:09 -0500] "GET /programming-power-font" 200 - "http://www.reddit.com/r/programming/comments/fng5a/programming_font_inconsolata_bold_punct/" "Mozilla/5.0 (Macintosh; U; Intel Mac OS X 10_6_6; en-US) AppleWebKit/534.13 (KHTML, like Gecko) Chrome/9.0.597.102 Safari/534.13"
